[2026-07-30 15:35:01] ==============================================
[2026-07-30 15:35:01] 🚀 STOCK INTELLIGENCE COLLECTOR
[2026-07-30 15:35:01] ==============================================
2026-07-30 15:35:01,757 - INFO - ============================================================
2026-07-30 15:35:01,757 - INFO - 🚀 STOCK INTELLIGENCE COLLECTOR
2026-07-30 15:35:01,757 - INFO - 📅 Date: 2026-07-30
2026-07-30 15:35:01,757 - INFO - ============================================================
2026-07-30 15:35:01,757 - INFO - ============================================================
2026-07-30 15:35:01,757 - INFO - STEP 1: Collecting Option Chains
2026-07-30 15:35:01,757 - INFO - ============================================================
2026-07-30 15:35:01,757 - INFO - [1/10] Fetching RELIANCE...
2026-07-30 15:35:01,758 - INFO - Initializing NSE session...
2026-07-30 15:35:01,761 - ERROR - Session init error: HTTPSConnectionPool(host='www.nseindia.com', port=443): Max retries exceeded with url: / (Caused by NameResolutionError("<urllib3.connection.HTTPSConnection object at 0x70d7a7a79160>: Failed to resolve 'www.nseindia.com' ([Errno -3] Temporary failure in name resolution)"))
2026-07-30 15:35:01,761 - WARNING -   ❌ RELIANCE: Failed
2026-07-30 15:35:03,761 - INFO - [2/10] Fetching HDFCBANK...
2026-07-30 15:35:03,761 - INFO - Initializing NSE session...
2026-07-30 15:35:03,764 - ERROR - Session init error: HTTPSConnectionPool(host='www.nseindia.com', port=443): Max retries exceeded with url: / (Caused by NameResolutionError("<urllib3.connection.HTTPSConnection object at 0x70d7a7a80f50>: Failed to resolve 'www.nseindia.com' ([Errno -3] Temporary failure in name resolution)"))
2026-07-30 15:35:03,764 - WARNING -   ❌ HDFCBANK: Failed
2026-07-30 15:35:05,764 - INFO - [3/10] Fetching ICICIBANK...
2026-07-30 15:35:05,764 - INFO - Initializing NSE session...
2026-07-30 15:35:05,767 - ERROR - Session init error: HTTPSConnectionPool(host='www.nseindia.com', port=443): Max retries exceeded with url: / (Caused by NameResolutionError("<urllib3.connection.HTTPSConnection object at 0x70d7a7a81590>: Failed to resolve 'www.nseindia.com' ([Errno -3] Temporary failure in name resolution)"))
2026-07-30 15:35:05,767 - WARNING -   ❌ ICICIBANK: Failed
2026-07-30 15:35:07,768 - INFO - [4/10] Fetching INFY...
2026-07-30 15:35:07,768 - INFO - Initializing NSE session...
2026-07-30 15:35:07,770 - ERROR - Session init error: HTTPSConnectionPool(host='www.nseindia.com', port=443): Max retries exceeded with url: / (Caused by NameResolutionError("<urllib3.connection.HTTPSConnection object at 0x70d7a7a81810>: Failed to resolve 'www.nseindia.com' ([Errno -3] Temporary failure in name resolution)"))
2026-07-30 15:35:07,771 - WARNING -   ❌ INFY: Failed
2026-07-30 15:35:09,771 - INFO - [5/10] Fetching TCS...
2026-07-30 15:35:09,771 - INFO - Initializing NSE session...
2026-07-30 15:35:09,775 - ERROR - Session init error: HTTPSConnectionPool(host='www.nseindia.com', port=443): Max retries exceeded with url: / (Caused by NameResolutionError("<urllib3.connection.HTTPSConnection object at 0x70d7a7a81d10>: Failed to resolve 'www.nseindia.com' ([Errno -3] Temporary failure in name resolution)"))
2026-07-30 15:35:09,775 - WARNING -   ❌ TCS: Failed
2026-07-30 15:35:11,775 - INFO - [6/10] Fetching SBIN...
2026-07-30 15:35:11,775 - INFO - Initializing NSE session...
2026-07-30 15:35:11,778 - ERROR - Session init error: HTTPSConnectionPool(host='www.nseindia.com', port=443): Max retries exceeded with url: / (Caused by NameResolutionError("<urllib3.connection.HTTPSConnection object at 0x70d7a7a81a90>: Failed to resolve 'www.nseindia.com' ([Errno -3] Temporary failure in name resolution)"))
2026-07-30 15:35:11,778 - WARNING -   ❌ SBIN: Failed
2026-07-30 15:35:13,778 - INFO - [7/10] Fetching AXISBANK...
2026-07-30 15:35:13,779 - INFO - Initializing NSE session...
2026-07-30 15:35:13,781 - ERROR - Session init error: HTTPSConnectionPool(host='www.nseindia.com', port=443): Max retries exceeded with url: / (Caused by NameResolutionError("<urllib3.connection.HTTPSConnection object at 0x70d7a7a811d0>: Failed to resolve 'www.nseindia.com' ([Errno -3] Temporary failure in name resolution)"))
2026-07-30 15:35:13,782 - WARNING -   ❌ AXISBANK: Failed
2026-07-30 15:35:15,782 - INFO - [8/10] Fetching KOTAKBANK...
2026-07-30 15:35:15,782 - INFO - Initializing NSE session...
2026-07-30 15:35:15,785 - ERROR - Session init error: HTTPSConnectionPool(host='www.nseindia.com', port=443): Max retries exceeded with url: / (Caused by NameResolutionError("<urllib3.connection.HTTPSConnection object at 0x70d7a7a81310>: Failed to resolve 'www.nseindia.com' ([Errno -3] Temporary failure in name resolution)"))
2026-07-30 15:35:15,785 - WARNING -   ❌ KOTAKBANK: Failed
2026-07-30 15:35:17,785 - INFO - [9/10] Fetching BAJFINANCE...
2026-07-30 15:35:17,785 - INFO - Initializing NSE session...
2026-07-30 15:35:17,788 - ERROR - Session init error: HTTPSConnectionPool(host='www.nseindia.com', port=443): Max retries exceeded with url: / (Caused by NameResolutionError("<urllib3.connection.HTTPSConnection object at 0x70d7a7a80f50>: Failed to resolve 'www.nseindia.com' ([Errno -3] Temporary failure in name resolution)"))
2026-07-30 15:35:17,788 - WARNING -   ❌ BAJFINANCE: Failed
2026-07-30 15:35:19,789 - INFO - [10/10] Fetching TATAMOTORS...
2026-07-30 15:35:19,789 - INFO - Initializing NSE session...
2026-07-30 15:35:19,792 - ERROR - Session init error: HTTPSConnectionPool(host='www.nseindia.com', port=443): Max retries exceeded with url: / (Caused by NameResolutionError("<urllib3.connection.HTTPSConnection object at 0x70d7a7a80550>: Failed to resolve 'www.nseindia.com' ([Errno -3] Temporary failure in name resolution)"))
2026-07-30 15:35:19,792 - WARNING -   ❌ TATAMOTORS: Failed
2026-07-30 15:35:21,792 - INFO - Collected: 0, Failed: 10
2026-07-30 15:35:21,792 - INFO - ============================================================
2026-07-30 15:35:21,792 - INFO - STEP 2: Collecting Gainers/Losers
2026-07-30 15:35:21,793 - INFO - ============================================================
2026-07-30 15:35:21,793 - INFO - Initializing NSE session...
2026-07-30 15:35:21,795 - ERROR - Session init error: HTTPSConnectionPool(host='www.nseindia.com', port=443): Max retries exceeded with url: / (Caused by NameResolutionError("<urllib3.connection.HTTPSConnection object at 0x70d7a7a80190>: Failed to resolve 'www.nseindia.com' ([Errno -3] Temporary failure in name resolution)"))
2026-07-30 15:35:22,796 - INFO - Initializing NSE session...
2026-07-30 15:35:22,799 - ERROR - Session init error: HTTPSConnectionPool(host='www.nseindia.com', port=443): Max retries exceeded with url: / (Caused by NameResolutionError("<urllib3.connection.HTTPSConnection object at 0x70d7a7a81e50>: Failed to resolve 'www.nseindia.com' ([Errno -3] Temporary failure in name resolution)"))
2026-07-30 15:35:22,800 - INFO -   Gainers: 0
2026-07-30 15:35:22,800 - INFO -   Losers: 0
2026-07-30 15:35:22,800 - INFO - ============================================================
2026-07-30 15:35:22,800 - INFO - STEP 3: Detecting OI Spurts
2026-07-30 15:35:22,800 - INFO - ============================================================
2026-07-30 15:35:22,801 - INFO -   Total Spurts: 0
2026-07-30 15:35:22,801 - INFO -   Long Buildups: 0
2026-07-30 15:35:22,802 - INFO -   Short Buildups: 0
2026-07-30 15:35:22,802 - INFO -   Market Sentiment: NEUTRAL
2026-07-30 15:35:22,802 - INFO - ============================================================
2026-07-30 15:35:22,802 - INFO - STEP 4: Generating Predictions
2026-07-30 15:35:22,802 - INFO - ============================================================
2026-07-30 15:35:22,803 - INFO -   Total Predictions: 0
2026-07-30 15:35:22,803 - INFO -   Top Bullish: []
2026-07-30 15:35:22,803 - INFO -   Top Bearish: []
2026-07-30 15:35:22,803 - INFO - ============================================================
2026-07-30 15:35:22,803 - INFO - STEP 5: Generating Daily Report
2026-07-30 15:35:22,803 - INFO - ============================================================
2026-07-30 15:35:22,804 - INFO -   Report generated successfully
2026-07-30 15:35:22,805 - INFO - ============================================================
2026-07-30 15:35:22,805 - INFO - ✅ ALL STEPS COMPLETED SUCCESSFULLY
2026-07-30 15:35:22,805 - INFO - 📁 Data saved to: stock_intelligence/2026-07-30/
2026-07-30 15:35:22,805 - INFO - ============================================================

📊 Collection Summary:
  • Option chains: 0 stocks
  • Gainers: 0
  • Losers: 0
  • OI Spurts: 0
  • Predictions: 0

📁 Data saved to: stock_intelligence/2026-07-30/
[2026-07-30 15:35:22] ==============================================
[2026-07-30 15:35:22] ✅ COLLECTION COMPLETED
[2026-07-30 15:35:22] ==============================================
