[2026-03-02 15:25:01] ==============================================
[2026-03-02 15:25:01] 🚀 STOCK INTELLIGENCE COLLECTOR
[2026-03-02 15:25:01] ==============================================
2026-03-02 15:25:01,777 - INFO - ============================================================
2026-03-02 15:25:01,777 - INFO - 🚀 STOCK INTELLIGENCE COLLECTOR
2026-03-02 15:25:01,777 - INFO - 📅 Date: 2026-03-02
2026-03-02 15:25:01,777 - INFO - ============================================================
2026-03-02 15:25:01,777 - INFO - ============================================================
2026-03-02 15:25:01,777 - INFO - STEP 1: Collecting Option Chains
2026-03-02 15:25:01,778 - INFO - ============================================================
2026-03-02 15:25:01,780 - INFO - [1/10] Fetching RELIANCE...
2026-03-02 15:25:01,780 - INFO - Initializing NSE session...
2026-03-02 15:25:01,787 - ERROR - Session init error: HTTPSConnectionPool(host='www.nseindia.com', port=443): Max retries exceeded with url: / (Caused by NameResolutionError("<urllib3.connection.HTTPSConnection object at 0x7627aa191160>: Failed to resolve 'www.nseindia.com' ([Errno -3] Temporary failure in name resolution)"))
2026-03-02 15:25:01,788 - WARNING -   ❌ RELIANCE: Failed
2026-03-02 15:25:03,788 - INFO - [2/10] Fetching HDFCBANK...
2026-03-02 15:25:03,788 - INFO - Initializing NSE session...
2026-03-02 15:25:03,791 - ERROR - Session init error: HTTPSConnectionPool(host='www.nseindia.com', port=443): Max retries exceeded with url: / (Caused by NameResolutionError("<urllib3.connection.HTTPSConnection object at 0x7627aa194e10>: Failed to resolve 'www.nseindia.com' ([Errno -3] Temporary failure in name resolution)"))
2026-03-02 15:25:03,791 - WARNING -   ❌ HDFCBANK: Failed
2026-03-02 15:25:05,791 - INFO - [3/10] Fetching ICICIBANK...
2026-03-02 15:25:05,792 - INFO - Initializing NSE session...
2026-03-02 15:25:05,795 - ERROR - Session init error: HTTPSConnectionPool(host='www.nseindia.com', port=443): Max retries exceeded with url: / (Caused by NameResolutionError("<urllib3.connection.HTTPSConnection object at 0x7627aa195450>: Failed to resolve 'www.nseindia.com' ([Errno -3] Temporary failure in name resolution)"))
2026-03-02 15:25:05,795 - WARNING -   ❌ ICICIBANK: Failed
2026-03-02 15:25:07,796 - INFO - [4/10] Fetching INFY...
2026-03-02 15:25:07,796 - INFO - Initializing NSE session...
2026-03-02 15:25:07,799 - ERROR - Session init error: HTTPSConnectionPool(host='www.nseindia.com', port=443): Max retries exceeded with url: / (Caused by NameResolutionError("<urllib3.connection.HTTPSConnection object at 0x7627aa1956d0>: Failed to resolve 'www.nseindia.com' ([Errno -3] Temporary failure in name resolution)"))
2026-03-02 15:25:07,799 - WARNING -   ❌ INFY: Failed
2026-03-02 15:25:09,800 - INFO - [5/10] Fetching TCS...
2026-03-02 15:25:09,800 - INFO - Initializing NSE session...
2026-03-02 15:25:09,804 - ERROR - Session init error: HTTPSConnectionPool(host='www.nseindia.com', port=443): Max retries exceeded with url: / (Caused by NameResolutionError("<urllib3.connection.HTTPSConnection object at 0x7627aa453ed0>: Failed to resolve 'www.nseindia.com' ([Errno -3] Temporary failure in name resolution)"))
2026-03-02 15:25:09,804 - WARNING -   ❌ TCS: Failed
2026-03-02 15:25:11,804 - INFO - [6/10] Fetching SBIN...
2026-03-02 15:25:11,804 - INFO - Initializing NSE session...
2026-03-02 15:25:11,807 - ERROR - Session init error: HTTPSConnectionPool(host='www.nseindia.com', port=443): Max retries exceeded with url: / (Caused by NameResolutionError("<urllib3.connection.HTTPSConnection object at 0x7627aa1956d0>: Failed to resolve 'www.nseindia.com' ([Errno -3] Temporary failure in name resolution)"))
2026-03-02 15:25:11,808 - WARNING -   ❌ SBIN: Failed
2026-03-02 15:25:13,808 - INFO - [7/10] Fetching AXISBANK...
2026-03-02 15:25:13,808 - INFO - Initializing NSE session...
2026-03-02 15:25:13,811 - ERROR - Session init error: HTTPSConnectionPool(host='www.nseindia.com', port=443): Max retries exceeded with url: / (Caused by NameResolutionError("<urllib3.connection.HTTPSConnection object at 0x7627aa195310>: Failed to resolve 'www.nseindia.com' ([Errno -3] Temporary failure in name resolution)"))
2026-03-02 15:25:13,811 - WARNING -   ❌ AXISBANK: Failed
2026-03-02 15:25:15,812 - INFO - [8/10] Fetching KOTAKBANK...
2026-03-02 15:25:15,812 - INFO - Initializing NSE session...
2026-03-02 15:25:15,815 - ERROR - Session init error: HTTPSConnectionPool(host='www.nseindia.com', port=443): Max retries exceeded with url: / (Caused by NameResolutionError("<urllib3.connection.HTTPSConnection object at 0x7627aa195590>: Failed to resolve 'www.nseindia.com' ([Errno -3] Temporary failure in name resolution)"))
2026-03-02 15:25:15,815 - WARNING -   ❌ KOTAKBANK: Failed
2026-03-02 15:25:17,816 - INFO - [9/10] Fetching BAJFINANCE...
2026-03-02 15:25:17,816 - INFO - Initializing NSE session...
2026-03-02 15:25:17,819 - ERROR - Session init error: HTTPSConnectionPool(host='www.nseindia.com', port=443): Max retries exceeded with url: / (Caused by NameResolutionError("<urllib3.connection.HTTPSConnection object at 0x7627aa194a50>: Failed to resolve 'www.nseindia.com' ([Errno -3] Temporary failure in name resolution)"))
2026-03-02 15:25:17,819 - WARNING -   ❌ BAJFINANCE: Failed
2026-03-02 15:25:19,819 - INFO - [10/10] Fetching TATAMOTORS...
2026-03-02 15:25:19,820 - INFO - Initializing NSE session...
2026-03-02 15:25:19,823 - ERROR - Session init error: HTTPSConnectionPool(host='www.nseindia.com', port=443): Max retries exceeded with url: / (Caused by NameResolutionError("<urllib3.connection.HTTPSConnection object at 0x7627aa194b90>: Failed to resolve 'www.nseindia.com' ([Errno -3] Temporary failure in name resolution)"))
2026-03-02 15:25:19,823 - WARNING -   ❌ TATAMOTORS: Failed
2026-03-02 15:25:21,823 - INFO - Collected: 0, Failed: 10
2026-03-02 15:25:21,823 - INFO - ============================================================
2026-03-02 15:25:21,824 - INFO - STEP 2: Collecting Gainers/Losers
2026-03-02 15:25:21,824 - INFO - ============================================================
2026-03-02 15:25:21,824 - INFO - Initializing NSE session...
2026-03-02 15:25:21,827 - ERROR - Session init error: HTTPSConnectionPool(host='www.nseindia.com', port=443): Max retries exceeded with url: / (Caused by NameResolutionError("<urllib3.connection.HTTPSConnection object at 0x7627aa194050>: Failed to resolve 'www.nseindia.com' ([Errno -3] Temporary failure in name resolution)"))
2026-03-02 15:25:22,827 - INFO - Initializing NSE session...
2026-03-02 15:25:22,830 - ERROR - Session init error: HTTPSConnectionPool(host='www.nseindia.com', port=443): Max retries exceeded with url: / (Caused by NameResolutionError("<urllib3.connection.HTTPSConnection object at 0x7627aa195d10>: Failed to resolve 'www.nseindia.com' ([Errno -3] Temporary failure in name resolution)"))
2026-03-02 15:25:22,831 - INFO -   Gainers: 0
2026-03-02 15:25:22,831 - INFO -   Losers: 0
2026-03-02 15:25:22,832 - INFO - ============================================================
2026-03-02 15:25:22,832 - INFO - STEP 3: Detecting OI Spurts
2026-03-02 15:25:22,832 - INFO - ============================================================
2026-03-02 15:25:22,833 - INFO -   Total Spurts: 0
2026-03-02 15:25:22,833 - INFO -   Long Buildups: 0
2026-03-02 15:25:22,834 - INFO -   Short Buildups: 0
2026-03-02 15:25:22,834 - INFO -   Market Sentiment: NEUTRAL
2026-03-02 15:25:22,834 - INFO - ============================================================
2026-03-02 15:25:22,834 - INFO - STEP 4: Generating Predictions
2026-03-02 15:25:22,834 - INFO - ============================================================
2026-03-02 15:25:22,835 - INFO -   Total Predictions: 0
2026-03-02 15:25:22,836 - INFO -   Top Bullish: []
2026-03-02 15:25:22,836 - INFO -   Top Bearish: []
2026-03-02 15:25:22,836 - INFO - ============================================================
2026-03-02 15:25:22,836 - INFO - STEP 5: Generating Daily Report
2026-03-02 15:25:22,836 - INFO - ============================================================
2026-03-02 15:25:22,837 - INFO -   Report generated successfully
2026-03-02 15:25:22,837 - INFO - ============================================================
2026-03-02 15:25:22,838 - INFO - ✅ ALL STEPS COMPLETED SUCCESSFULLY
2026-03-02 15:25:22,838 - INFO - 📁 Data saved to: stock_intelligence/2026-03-02/
2026-03-02 15:25:22,838 - INFO - ============================================================

📊 Collection Summary:
  • Option chains: 0 stocks
  • Gainers: 0
  • Losers: 0
  • OI Spurts: 0
  • Predictions: 0

📁 Data saved to: stock_intelligence/2026-03-02/
[2026-03-02 15:25:22] ==============================================
[2026-03-02 15:25:22] ✅ COLLECTION COMPLETED
[2026-03-02 15:25:22] ==============================================
