[2026-06-15 15:25:01] ==============================================
[2026-06-15 15:25:01] 🚀 STOCK INTELLIGENCE COLLECTOR
[2026-06-15 15:25:01] ==============================================
2026-06-15 15:25:02,158 - INFO - ============================================================
2026-06-15 15:25:02,158 - INFO - 🚀 STOCK INTELLIGENCE COLLECTOR
2026-06-15 15:25:02,158 - INFO - 📅 Date: 2026-06-15
2026-06-15 15:25:02,158 - INFO - ============================================================
2026-06-15 15:25:02,158 - INFO - ============================================================
2026-06-15 15:25:02,158 - INFO - STEP 1: Collecting Option Chains
2026-06-15 15:25:02,158 - INFO - ============================================================
2026-06-15 15:25:02,158 - INFO - [1/10] Fetching RELIANCE...
2026-06-15 15:25:02,158 - INFO - Initializing NSE session...
2026-06-15 15:25:02,771 - WARNING -   ❌ RELIANCE: Failed
2026-06-15 15:25:04,772 - INFO - [2/10] Fetching HDFCBANK...
2026-06-15 15:25:04,772 - INFO - Initializing NSE session...
2026-06-15 15:25:11,174 - WARNING -   ❌ HDFCBANK: Failed
2026-06-15 15:25:13,175 - INFO - [3/10] Fetching ICICIBANK...
2026-06-15 15:25:13,175 - INFO - Initializing NSE session...
2026-06-15 15:25:14,053 - WARNING -   ❌ ICICIBANK: Failed
2026-06-15 15:25:16,053 - INFO - [4/10] Fetching INFY...
2026-06-15 15:25:16,054 - INFO - Initializing NSE session...
2026-06-15 15:25:16,702 - WARNING -   ❌ INFY: Failed
2026-06-15 15:25:18,702 - INFO - [5/10] Fetching TCS...
2026-06-15 15:25:18,702 - INFO - Initializing NSE session...
2026-06-15 15:25:19,034 - WARNING -   ❌ TCS: Failed
2026-06-15 15:25:21,034 - INFO - [6/10] Fetching SBIN...
2026-06-15 15:25:21,035 - INFO - Initializing NSE session...
2026-06-15 15:25:21,924 - WARNING -   ❌ SBIN: Failed
2026-06-15 15:25:23,925 - INFO - [7/10] Fetching AXISBANK...
2026-06-15 15:25:23,925 - INFO - Initializing NSE session...
2026-06-15 15:25:24,302 - WARNING -   ❌ AXISBANK: Failed
2026-06-15 15:25:26,302 - INFO - [8/10] Fetching KOTAKBANK...
2026-06-15 15:25:26,303 - INFO - Initializing NSE session...
2026-06-15 15:25:26,737 - WARNING -   ❌ KOTAKBANK: Failed
2026-06-15 15:25:28,737 - INFO - [9/10] Fetching BAJFINANCE...
2026-06-15 15:25:28,737 - INFO - Initializing NSE session...
2026-06-15 15:25:29,072 - WARNING -   ❌ BAJFINANCE: Failed
2026-06-15 15:25:31,072 - INFO - [10/10] Fetching TATAMOTORS...
2026-06-15 15:25:31,072 - INFO - Initializing NSE session...
2026-06-15 15:25:31,501 - WARNING -   ❌ TATAMOTORS: Failed
2026-06-15 15:25:33,502 - INFO - Collected: 0, Failed: 10
2026-06-15 15:25:33,502 - INFO - ============================================================
2026-06-15 15:25:33,502 - INFO - STEP 2: Collecting Gainers/Losers
2026-06-15 15:25:33,502 - INFO - ============================================================
2026-06-15 15:25:33,502 - INFO - Initializing NSE session...
2026-06-15 15:25:34,946 - INFO - Initializing NSE session...
2026-06-15 15:25:35,541 - INFO -   Gainers: 0
2026-06-15 15:25:35,541 - INFO -   Losers: 0
2026-06-15 15:25:35,541 - INFO - ============================================================
2026-06-15 15:25:35,541 - INFO - STEP 3: Detecting OI Spurts
2026-06-15 15:25:35,541 - INFO - ============================================================
2026-06-15 15:25:35,542 - INFO -   Total Spurts: 0
2026-06-15 15:25:35,542 - INFO -   Long Buildups: 0
2026-06-15 15:25:35,542 - INFO -   Short Buildups: 0
2026-06-15 15:25:35,542 - INFO -   Market Sentiment: NEUTRAL
2026-06-15 15:25:35,542 - INFO - ============================================================
2026-06-15 15:25:35,543 - INFO - STEP 4: Generating Predictions
2026-06-15 15:25:35,543 - INFO - ============================================================
2026-06-15 15:25:35,543 - INFO -   Total Predictions: 0
2026-06-15 15:25:35,543 - INFO -   Top Bullish: []
2026-06-15 15:25:35,543 - INFO -   Top Bearish: []
2026-06-15 15:25:35,543 - INFO - ============================================================
2026-06-15 15:25:35,543 - INFO - STEP 5: Generating Daily Report
2026-06-15 15:25:35,543 - INFO - ============================================================
2026-06-15 15:25:35,544 - INFO -   Report generated successfully
2026-06-15 15:25:35,544 - INFO - ============================================================
2026-06-15 15:25:35,544 - INFO - ✅ ALL STEPS COMPLETED SUCCESSFULLY
2026-06-15 15:25:35,544 - INFO - 📁 Data saved to: stock_intelligence/2026-06-15/
2026-06-15 15:25:35,544 - INFO - ============================================================

📊 Collection Summary:
  • Option chains: 0 stocks
  • Gainers: 0
  • Losers: 0
  • OI Spurts: 0
  • Predictions: 0

📁 Data saved to: stock_intelligence/2026-06-15/
[2026-06-15 15:25:35] ==============================================
[2026-06-15 15:25:35] ✅ COLLECTION COMPLETED
[2026-06-15 15:25:35] ==============================================
