[2026-04-21 15:25:01] ==============================================
[2026-04-21 15:25:01] 🚀 STOCK INTELLIGENCE COLLECTOR
[2026-04-21 15:25:01] ==============================================
2026-04-21 15:25:01,756 - INFO - ============================================================
2026-04-21 15:25:01,757 - INFO - 🚀 STOCK INTELLIGENCE COLLECTOR
2026-04-21 15:25:01,757 - INFO - 📅 Date: 2026-04-21
2026-04-21 15:25:01,757 - INFO - ============================================================
2026-04-21 15:25:01,757 - INFO - ============================================================
2026-04-21 15:25:01,757 - INFO - STEP 1: Collecting Option Chains
2026-04-21 15:25:01,757 - INFO - ============================================================
2026-04-21 15:25:01,757 - INFO - [1/10] Fetching RELIANCE...
2026-04-21 15:25:01,757 - INFO - Initializing NSE session...
2026-04-21 15:25:02,818 - WARNING -   ❌ RELIANCE: Failed
2026-04-21 15:25:04,819 - INFO - [2/10] Fetching HDFCBANK...
2026-04-21 15:25:04,819 - INFO - Initializing NSE session...
2026-04-21 15:25:05,237 - WARNING -   ❌ HDFCBANK: Failed
2026-04-21 15:25:07,238 - INFO - [3/10] Fetching ICICIBANK...
2026-04-21 15:25:07,238 - INFO - Initializing NSE session...
2026-04-21 15:25:08,242 - WARNING -   ❌ ICICIBANK: Failed
2026-04-21 15:25:10,243 - INFO - [4/10] Fetching INFY...
2026-04-21 15:25:10,243 - INFO - Initializing NSE session...
2026-04-21 15:25:11,007 - WARNING -   ❌ INFY: Failed
2026-04-21 15:25:13,008 - INFO - [5/10] Fetching TCS...
2026-04-21 15:25:13,008 - INFO - Initializing NSE session...
2026-04-21 15:25:13,361 - WARNING -   ❌ TCS: Failed
2026-04-21 15:25:15,361 - INFO - [6/10] Fetching SBIN...
2026-04-21 15:25:15,361 - INFO - Initializing NSE session...
2026-04-21 15:25:16,130 - WARNING -   ❌ SBIN: Failed
2026-04-21 15:25:18,131 - INFO - [7/10] Fetching AXISBANK...
2026-04-21 15:25:18,131 - INFO - Initializing NSE session...
2026-04-21 15:25:18,998 - WARNING -   ❌ AXISBANK: Failed
2026-04-21 15:25:20,998 - INFO - [8/10] Fetching KOTAKBANK...
2026-04-21 15:25:20,999 - INFO - Initializing NSE session...
2026-04-21 15:25:22,070 - WARNING -   ❌ KOTAKBANK: Failed
2026-04-21 15:25:24,070 - INFO - [9/10] Fetching BAJFINANCE...
2026-04-21 15:25:24,070 - INFO - Initializing NSE session...
2026-04-21 15:25:24,733 - WARNING -   ❌ BAJFINANCE: Failed
2026-04-21 15:25:26,733 - INFO - [10/10] Fetching TATAMOTORS...
2026-04-21 15:25:26,733 - INFO - Initializing NSE session...
2026-04-21 15:25:28,210 - WARNING -   ❌ TATAMOTORS: Failed
2026-04-21 15:25:30,211 - INFO - Collected: 0, Failed: 10
2026-04-21 15:25:30,211 - INFO - ============================================================
2026-04-21 15:25:30,211 - INFO - STEP 2: Collecting Gainers/Losers
2026-04-21 15:25:30,212 - INFO - ============================================================
2026-04-21 15:25:30,212 - INFO - Initializing NSE session...
2026-04-21 15:25:31,663 - INFO - Initializing NSE session...
2026-04-21 15:25:31,999 - INFO -   Gainers: 0
2026-04-21 15:25:32,000 - INFO -   Losers: 0
2026-04-21 15:25:32,000 - INFO - ============================================================
2026-04-21 15:25:32,000 - INFO - STEP 3: Detecting OI Spurts
2026-04-21 15:25:32,000 - INFO - ============================================================
2026-04-21 15:25:32,004 - INFO -   Total Spurts: 0
2026-04-21 15:25:32,004 - INFO -   Long Buildups: 0
2026-04-21 15:25:32,004 - INFO -   Short Buildups: 0
2026-04-21 15:25:32,005 - INFO -   Market Sentiment: NEUTRAL
2026-04-21 15:25:32,005 - INFO - ============================================================
2026-04-21 15:25:32,005 - INFO - STEP 4: Generating Predictions
2026-04-21 15:25:32,005 - INFO - ============================================================
2026-04-21 15:25:32,006 - INFO -   Total Predictions: 0
2026-04-21 15:25:32,006 - INFO -   Top Bullish: []
2026-04-21 15:25:32,007 - INFO -   Top Bearish: []
2026-04-21 15:25:32,007 - INFO - ============================================================
2026-04-21 15:25:32,007 - INFO - STEP 5: Generating Daily Report
2026-04-21 15:25:32,007 - INFO - ============================================================
2026-04-21 15:25:32,008 - INFO -   Report generated successfully
2026-04-21 15:25:32,009 - INFO - ============================================================
2026-04-21 15:25:32,009 - INFO - ✅ ALL STEPS COMPLETED SUCCESSFULLY
2026-04-21 15:25:32,009 - INFO - 📁 Data saved to: stock_intelligence/2026-04-21/
2026-04-21 15:25:32,009 - INFO - ============================================================

📊 Collection Summary:
  • Option chains: 0 stocks
  • Gainers: 0
  • Losers: 0
  • OI Spurts: 0
  • Predictions: 0

📁 Data saved to: stock_intelligence/2026-04-21/
[2026-04-21 15:25:32] ==============================================
[2026-04-21 15:25:32] ✅ COLLECTION COMPLETED
[2026-04-21 15:25:32] ==============================================
