[2026-08-31 15:35:01] ==============================================
[2026-08-31 15:35:01] 🚀 STOCK INTELLIGENCE COLLECTOR
[2026-08-31 15:35:01] ==============================================
2026-08-31 15:35:01,849 - INFO - ============================================================
2026-08-31 15:35:01,849 - INFO - 🚀 STOCK INTELLIGENCE COLLECTOR
2026-08-31 15:35:01,849 - INFO - 📅 Date: 2026-08-31
2026-08-31 15:35:01,849 - INFO - ============================================================
2026-08-31 15:35:01,849 - INFO - ============================================================
2026-08-31 15:35:01,849 - INFO - STEP 1: Collecting Option Chains
2026-08-31 15:35:01,849 - INFO - ============================================================
2026-08-31 15:35:01,850 - INFO - [1/10] Fetching RELIANCE...
2026-08-31 15:35:01,850 - INFO - Initializing NSE session...
2026-08-31 15:35:02,655 - WARNING -   ❌ RELIANCE: Failed
2026-08-31 15:35:04,656 - INFO - [2/10] Fetching HDFCBANK...
2026-08-31 15:35:04,656 - INFO - Initializing NSE session...
2026-08-31 15:35:06,739 - WARNING -   ❌ HDFCBANK: Failed
2026-08-31 15:35:08,739 - INFO - [3/10] Fetching ICICIBANK...
2026-08-31 15:35:08,739 - INFO - Initializing NSE session...
2026-08-31 15:35:09,684 - WARNING -   ❌ ICICIBANK: Failed
2026-08-31 15:35:11,684 - INFO - [4/10] Fetching INFY...
2026-08-31 15:35:11,684 - INFO - Initializing NSE session...
2026-08-31 15:35:15,039 - WARNING -   ❌ INFY: Failed
2026-08-31 15:35:17,039 - INFO - [5/10] Fetching TCS...
2026-08-31 15:35:17,040 - INFO - Initializing NSE session...
2026-08-31 15:35:18,609 - WARNING -   ❌ TCS: Failed
2026-08-31 15:35:20,610 - INFO - [6/10] Fetching SBIN...
2026-08-31 15:35:20,610 - INFO - Initializing NSE session...
2026-08-31 15:35:22,800 - WARNING -   ❌ SBIN: Failed
2026-08-31 15:35:24,800 - INFO - [7/10] Fetching AXISBANK...
2026-08-31 15:35:24,801 - INFO - Initializing NSE session...
2026-08-31 15:35:31,936 - WARNING -   ❌ AXISBANK: Failed
2026-08-31 15:35:33,936 - INFO - [8/10] Fetching KOTAKBANK...
2026-08-31 15:35:33,936 - INFO - Initializing NSE session...
2026-08-31 15:35:34,610 - WARNING -   ❌ KOTAKBANK: Failed
2026-08-31 15:35:36,610 - INFO - [9/10] Fetching BAJFINANCE...
2026-08-31 15:35:36,610 - INFO - Initializing NSE session...
2026-08-31 15:35:38,248 - WARNING -   ❌ BAJFINANCE: Failed
2026-08-31 15:35:40,248 - INFO - [10/10] Fetching TATAMOTORS...
2026-08-31 15:35:40,248 - INFO - Initializing NSE session...
2026-08-31 15:35:42,840 - WARNING -   ❌ TATAMOTORS: Failed
2026-08-31 15:35:44,840 - INFO - Collected: 0, Failed: 10
2026-08-31 15:35:44,840 - INFO - ============================================================
2026-08-31 15:35:44,843 - INFO - STEP 2: Collecting Gainers/Losers
2026-08-31 15:35:44,844 - INFO - ============================================================
2026-08-31 15:35:44,844 - INFO - Initializing NSE session...
2026-08-31 15:35:46,639 - INFO - Initializing NSE session...
2026-08-31 15:35:47,348 - INFO -   Gainers: 0
2026-08-31 15:35:47,348 - INFO -   Losers: 0
2026-08-31 15:35:47,348 - INFO - ============================================================
2026-08-31 15:35:47,348 - INFO - STEP 3: Detecting OI Spurts
2026-08-31 15:35:47,348 - INFO - ============================================================
2026-08-31 15:35:47,349 - INFO -   Total Spurts: 0
2026-08-31 15:35:47,350 - INFO -   Long Buildups: 0
2026-08-31 15:35:47,350 - INFO -   Short Buildups: 0
2026-08-31 15:35:47,350 - INFO -   Market Sentiment: NEUTRAL
2026-08-31 15:35:47,350 - INFO - ============================================================
2026-08-31 15:35:47,350 - INFO - STEP 4: Generating Predictions
2026-08-31 15:35:47,350 - INFO - ============================================================
2026-08-31 15:35:47,351 - INFO -   Total Predictions: 0
2026-08-31 15:35:47,351 - INFO -   Top Bullish: []
2026-08-31 15:35:47,352 - INFO -   Top Bearish: []
2026-08-31 15:35:47,352 - INFO - ============================================================
2026-08-31 15:35:47,352 - INFO - STEP 5: Generating Daily Report
2026-08-31 15:35:47,352 - INFO - ============================================================
2026-08-31 15:35:47,354 - INFO -   Report generated successfully
2026-08-31 15:35:47,354 - INFO - ============================================================
2026-08-31 15:35:47,354 - INFO - ✅ ALL STEPS COMPLETED SUCCESSFULLY
2026-08-31 15:35:47,354 - INFO - 📁 Data saved to: stock_intelligence/2026-08-31/
2026-08-31 15:35:47,354 - INFO - ============================================================

📊 Collection Summary:
  • Option chains: 0 stocks
  • Gainers: 0
  • Losers: 0
  • OI Spurts: 0
  • Predictions: 0

📁 Data saved to: stock_intelligence/2026-08-31/
[2026-08-31 15:35:47] ==============================================
[2026-08-31 15:35:47] ✅ COLLECTION COMPLETED
[2026-08-31 15:35:47] ==============================================
