[2026-10-09 15:35:01] ==============================================
[2026-10-09 15:35:01] 🚀 STOCK INTELLIGENCE COLLECTOR
[2026-10-09 15:35:01] ==============================================
2026-10-09 15:35:02,090 - INFO - ============================================================
2026-10-09 15:35:02,090 - INFO - 🚀 STOCK INTELLIGENCE COLLECTOR
2026-10-09 15:35:02,090 - INFO - 📅 Date: 2026-10-09
2026-10-09 15:35:02,090 - INFO - ============================================================
2026-10-09 15:35:02,090 - INFO - ============================================================
2026-10-09 15:35:02,090 - INFO - STEP 1: Collecting Option Chains
2026-10-09 15:35:02,090 - INFO - ============================================================
2026-10-09 15:35:02,090 - INFO - [1/10] Fetching RELIANCE...
2026-10-09 15:35:02,090 - INFO - Initializing NSE session...
2026-10-09 15:35:03,258 - WARNING -   ❌ RELIANCE: Failed
2026-10-09 15:35:05,258 - INFO - [2/10] Fetching HDFCBANK...
2026-10-09 15:35:05,258 - INFO - Initializing NSE session...
2026-10-09 15:35:05,917 - WARNING -   ❌ HDFCBANK: Failed
2026-10-09 15:35:07,918 - INFO - [3/10] Fetching ICICIBANK...
2026-10-09 15:35:07,918 - INFO - Initializing NSE session...
2026-10-09 15:35:08,797 - WARNING -   ❌ ICICIBANK: Failed
2026-10-09 15:35:10,797 - INFO - [4/10] Fetching INFY...
2026-10-09 15:35:10,798 - INFO - Initializing NSE session...
2026-10-09 15:35:11,651 - WARNING -   ❌ INFY: Failed
2026-10-09 15:35:13,651 - INFO - [5/10] Fetching TCS...
2026-10-09 15:35:13,651 - INFO - Initializing NSE session...
2026-10-09 15:35:14,444 - WARNING -   ❌ TCS: Failed
2026-10-09 15:35:16,445 - INFO - [6/10] Fetching SBIN...
2026-10-09 15:35:16,445 - INFO - Initializing NSE session...
2026-10-09 15:35:18,259 - WARNING -   ❌ SBIN: Failed
2026-10-09 15:35:20,260 - INFO - [7/10] Fetching AXISBANK...
2026-10-09 15:35:20,260 - INFO - Initializing NSE session...
2026-10-09 15:35:25,793 - WARNING -   ❌ AXISBANK: Failed
2026-10-09 15:35:27,794 - INFO - [8/10] Fetching KOTAKBANK...
2026-10-09 15:35:27,794 - INFO - Initializing NSE session...
2026-10-09 15:35:28,104 - WARNING -   ❌ KOTAKBANK: Failed
2026-10-09 15:35:30,105 - INFO - [9/10] Fetching BAJFINANCE...
2026-10-09 15:35:30,105 - INFO - Initializing NSE session...
2026-10-09 15:35:30,519 - WARNING -   ❌ BAJFINANCE: Failed
2026-10-09 15:35:32,519 - INFO - [10/10] Fetching TATAMOTORS...
2026-10-09 15:35:32,520 - INFO - Initializing NSE session...
2026-10-09 15:35:32,861 - WARNING -   ❌ TATAMOTORS: Failed
2026-10-09 15:35:34,862 - INFO - Collected: 0, Failed: 10
2026-10-09 15:35:34,862 - INFO - ============================================================
2026-10-09 15:35:34,862 - INFO - STEP 2: Collecting Gainers/Losers
2026-10-09 15:35:34,862 - INFO - ============================================================
2026-10-09 15:35:34,862 - INFO - Initializing NSE session...
2026-10-09 15:35:36,185 - INFO - Initializing NSE session...
2026-10-09 15:35:36,532 - INFO -   Gainers: 0
2026-10-09 15:35:36,532 - INFO -   Losers: 0
2026-10-09 15:35:36,532 - INFO - ============================================================
2026-10-09 15:35:36,532 - INFO - STEP 3: Detecting OI Spurts
2026-10-09 15:35:36,532 - INFO - ============================================================
2026-10-09 15:35:36,537 - INFO -   Total Spurts: 0
2026-10-09 15:35:36,537 - INFO -   Long Buildups: 0
2026-10-09 15:35:36,537 - INFO -   Short Buildups: 0
2026-10-09 15:35:36,537 - INFO -   Market Sentiment: NEUTRAL
2026-10-09 15:35:36,537 - INFO - ============================================================
2026-10-09 15:35:36,537 - INFO - STEP 4: Generating Predictions
2026-10-09 15:35:36,537 - INFO - ============================================================
2026-10-09 15:35:36,538 - INFO -   Total Predictions: 0
2026-10-09 15:35:36,538 - INFO -   Top Bullish: []
2026-10-09 15:35:36,539 - INFO -   Top Bearish: []
2026-10-09 15:35:36,539 - INFO - ============================================================
2026-10-09 15:35:36,539 - INFO - STEP 5: Generating Daily Report
2026-10-09 15:35:36,539 - INFO - ============================================================
2026-10-09 15:35:36,540 - INFO -   Report generated successfully
2026-10-09 15:35:36,540 - INFO - ============================================================
2026-10-09 15:35:36,540 - INFO - ✅ ALL STEPS COMPLETED SUCCESSFULLY
2026-10-09 15:35:36,540 - INFO - 📁 Data saved to: stock_intelligence/2026-10-09/
2026-10-09 15:35:36,540 - INFO - ============================================================

📊 Collection Summary:
  • Option chains: 0 stocks
  • Gainers: 0
  • Losers: 0
  • OI Spurts: 0
  • Predictions: 0

📁 Data saved to: stock_intelligence/2026-10-09/
[2026-10-09 15:35:36] ==============================================
[2026-10-09 15:35:36] ✅ COLLECTION COMPLETED
[2026-10-09 15:35:36] ==============================================
