[2026-04-23 15:25:01] ==============================================
[2026-04-23 15:25:01] 🚀 STOCK INTELLIGENCE COLLECTOR
[2026-04-23 15:25:01] ==============================================
2026-04-23 15:25:01,645 - INFO - ============================================================
2026-04-23 15:25:01,645 - INFO - 🚀 STOCK INTELLIGENCE COLLECTOR
2026-04-23 15:25:01,645 - INFO - 📅 Date: 2026-04-23
2026-04-23 15:25:01,645 - INFO - ============================================================
2026-04-23 15:25:01,645 - INFO - ============================================================
2026-04-23 15:25:01,645 - INFO - STEP 1: Collecting Option Chains
2026-04-23 15:25:01,646 - INFO - ============================================================
2026-04-23 15:25:01,646 - INFO - [1/10] Fetching RELIANCE...
2026-04-23 15:25:01,646 - INFO - Initializing NSE session...
2026-04-23 15:25:01,652 - ERROR - Session init error: HTTPSConnectionPool(host='www.nseindia.com', port=443): Max retries exceeded with url: / (Caused by NameResolutionError("<urllib3.connection.HTTPSConnection object at 0x7d6bd92b9160>: Failed to resolve 'www.nseindia.com' ([Errno -3] Temporary failure in name resolution)"))
2026-04-23 15:25:01,653 - WARNING -   ❌ RELIANCE: Failed
2026-04-23 15:25:03,653 - INFO - [2/10] Fetching HDFCBANK...
2026-04-23 15:25:03,653 - INFO - Initializing NSE session...
2026-04-23 15:25:03,655 - ERROR - Session init error: HTTPSConnectionPool(host='www.nseindia.com', port=443): Max retries exceeded with url: / (Caused by NameResolutionError("<urllib3.connection.HTTPSConnection object at 0x7d6bd92c0f50>: Failed to resolve 'www.nseindia.com' ([Errno -3] Temporary failure in name resolution)"))
2026-04-23 15:25:03,655 - WARNING -   ❌ HDFCBANK: Failed
2026-04-23 15:25:05,655 - INFO - [3/10] Fetching ICICIBANK...
2026-04-23 15:25:05,656 - INFO - Initializing NSE session...
2026-04-23 15:25:05,658 - ERROR - Session init error: HTTPSConnectionPool(host='www.nseindia.com', port=443): Max retries exceeded with url: / (Caused by NameResolutionError("<urllib3.connection.HTTPSConnection object at 0x7d6bd92c1590>: Failed to resolve 'www.nseindia.com' ([Errno -3] Temporary failure in name resolution)"))
2026-04-23 15:25:05,658 - WARNING -   ❌ ICICIBANK: Failed
2026-04-23 15:25:07,659 - INFO - [4/10] Fetching INFY...
2026-04-23 15:25:07,659 - INFO - Initializing NSE session...
2026-04-23 15:25:07,662 - ERROR - Session init error: HTTPSConnectionPool(host='www.nseindia.com', port=443): Max retries exceeded with url: / (Caused by NameResolutionError("<urllib3.connection.HTTPSConnection object at 0x7d6bd92c1810>: Failed to resolve 'www.nseindia.com' ([Errno -3] Temporary failure in name resolution)"))
2026-04-23 15:25:07,662 - WARNING -   ❌ INFY: Failed
2026-04-23 15:25:09,663 - INFO - [5/10] Fetching TCS...
2026-04-23 15:25:09,663 - INFO - Initializing NSE session...
2026-04-23 15:25:09,666 - ERROR - Session init error: HTTPSConnectionPool(host='www.nseindia.com', port=443): Max retries exceeded with url: / (Caused by NameResolutionError("<urllib3.connection.HTTPSConnection object at 0x7d6bd92c1d10>: Failed to resolve 'www.nseindia.com' ([Errno -3] Temporary failure in name resolution)"))
2026-04-23 15:25:09,667 - WARNING -   ❌ TCS: Failed
2026-04-23 15:25:11,667 - INFO - [6/10] Fetching SBIN...
2026-04-23 15:25:11,668 - INFO - Initializing NSE session...
2026-04-23 15:25:11,670 - ERROR - Session init error: HTTPSConnectionPool(host='www.nseindia.com', port=443): Max retries exceeded with url: / (Caused by NameResolutionError("<urllib3.connection.HTTPSConnection object at 0x7d6bd92c1a90>: Failed to resolve 'www.nseindia.com' ([Errno -3] Temporary failure in name resolution)"))
2026-04-23 15:25:11,671 - WARNING -   ❌ SBIN: Failed
2026-04-23 15:25:13,671 - INFO - [7/10] Fetching AXISBANK...
2026-04-23 15:25:13,671 - INFO - Initializing NSE session...
2026-04-23 15:25:13,674 - ERROR - Session init error: HTTPSConnectionPool(host='www.nseindia.com', port=443): Max retries exceeded with url: / (Caused by NameResolutionError("<urllib3.connection.HTTPSConnection object at 0x7d6bd92c11d0>: Failed to resolve 'www.nseindia.com' ([Errno -3] Temporary failure in name resolution)"))
2026-04-23 15:25:13,674 - WARNING -   ❌ AXISBANK: Failed
2026-04-23 15:25:15,674 - INFO - [8/10] Fetching KOTAKBANK...
2026-04-23 15:25:15,675 - INFO - Initializing NSE session...
2026-04-23 15:25:15,677 - ERROR - Session init error: HTTPSConnectionPool(host='www.nseindia.com', port=443): Max retries exceeded with url: / (Caused by NameResolutionError("<urllib3.connection.HTTPSConnection object at 0x7d6bd92c1310>: Failed to resolve 'www.nseindia.com' ([Errno -3] Temporary failure in name resolution)"))
2026-04-23 15:25:15,677 - WARNING -   ❌ KOTAKBANK: Failed
2026-04-23 15:25:17,678 - INFO - [9/10] Fetching BAJFINANCE...
2026-04-23 15:25:17,678 - INFO - Initializing NSE session...
2026-04-23 15:25:17,681 - ERROR - Session init error: HTTPSConnectionPool(host='www.nseindia.com', port=443): Max retries exceeded with url: / (Caused by NameResolutionError("<urllib3.connection.HTTPSConnection object at 0x7d6bd92c0f50>: Failed to resolve 'www.nseindia.com' ([Errno -3] Temporary failure in name resolution)"))
2026-04-23 15:25:17,681 - WARNING -   ❌ BAJFINANCE: Failed
2026-04-23 15:25:19,682 - INFO - [10/10] Fetching TATAMOTORS...
2026-04-23 15:25:19,682 - INFO - Initializing NSE session...
2026-04-23 15:25:19,685 - ERROR - Session init error: HTTPSConnectionPool(host='www.nseindia.com', port=443): Max retries exceeded with url: / (Caused by NameResolutionError("<urllib3.connection.HTTPSConnection object at 0x7d6bd92c0550>: Failed to resolve 'www.nseindia.com' ([Errno -3] Temporary failure in name resolution)"))
2026-04-23 15:25:19,685 - WARNING -   ❌ TATAMOTORS: Failed
2026-04-23 15:25:21,685 - INFO - Collected: 0, Failed: 10
2026-04-23 15:25:21,686 - INFO - ============================================================
2026-04-23 15:25:21,686 - INFO - STEP 2: Collecting Gainers/Losers
2026-04-23 15:25:21,686 - INFO - ============================================================
2026-04-23 15:25:21,686 - INFO - Initializing NSE session...
2026-04-23 15:25:21,689 - ERROR - Session init error: HTTPSConnectionPool(host='www.nseindia.com', port=443): Max retries exceeded with url: / (Caused by NameResolutionError("<urllib3.connection.HTTPSConnection object at 0x7d6bd92c0190>: Failed to resolve 'www.nseindia.com' ([Errno -3] Temporary failure in name resolution)"))
2026-04-23 15:25:22,689 - INFO - Initializing NSE session...
2026-04-23 15:25:22,692 - ERROR - Session init error: HTTPSConnectionPool(host='www.nseindia.com', port=443): Max retries exceeded with url: / (Caused by NameResolutionError("<urllib3.connection.HTTPSConnection object at 0x7d6bd92c1e50>: Failed to resolve 'www.nseindia.com' ([Errno -3] Temporary failure in name resolution)"))
2026-04-23 15:25:22,693 - INFO -   Gainers: 0
2026-04-23 15:25:22,693 - INFO -   Losers: 0
2026-04-23 15:25:22,693 - INFO - ============================================================
2026-04-23 15:25:22,693 - INFO - STEP 3: Detecting OI Spurts
2026-04-23 15:25:22,694 - INFO - ============================================================
2026-04-23 15:25:22,695 - INFO -   Total Spurts: 0
2026-04-23 15:25:22,695 - INFO -   Long Buildups: 0
2026-04-23 15:25:22,695 - INFO -   Short Buildups: 0
2026-04-23 15:25:22,696 - INFO -   Market Sentiment: NEUTRAL
2026-04-23 15:25:22,696 - INFO - ============================================================
2026-04-23 15:25:22,696 - INFO - STEP 4: Generating Predictions
2026-04-23 15:25:22,696 - INFO - ============================================================
2026-04-23 15:25:22,697 - INFO -   Total Predictions: 0
2026-04-23 15:25:22,697 - INFO -   Top Bullish: []
2026-04-23 15:25:22,697 - INFO -   Top Bearish: []
2026-04-23 15:25:22,697 - INFO - ============================================================
2026-04-23 15:25:22,698 - INFO - STEP 5: Generating Daily Report
2026-04-23 15:25:22,698 - INFO - ============================================================
2026-04-23 15:25:22,699 - INFO -   Report generated successfully
2026-04-23 15:25:22,699 - INFO - ============================================================
2026-04-23 15:25:22,699 - INFO - ✅ ALL STEPS COMPLETED SUCCESSFULLY
2026-04-23 15:25:22,700 - INFO - 📁 Data saved to: stock_intelligence/2026-04-23/
2026-04-23 15:25:22,700 - INFO - ============================================================

📊 Collection Summary:
  • Option chains: 0 stocks
  • Gainers: 0
  • Losers: 0
  • OI Spurts: 0
  • Predictions: 0

📁 Data saved to: stock_intelligence/2026-04-23/
[2026-04-23 15:25:22] ==============================================
[2026-04-23 15:25:22] ✅ COLLECTION COMPLETED
[2026-04-23 15:25:22] ==============================================
