[2026-07-15 15:35:01] ==============================================
[2026-07-15 15:35:01] 🚀 STOCK INTELLIGENCE COLLECTOR
[2026-07-15 15:35:01] ==============================================
2026-07-15 15:35:02,091 - INFO - ============================================================
2026-07-15 15:35:02,091 - INFO - 🚀 STOCK INTELLIGENCE COLLECTOR
2026-07-15 15:35:02,091 - INFO - 📅 Date: 2026-07-15
2026-07-15 15:35:02,091 - INFO - ============================================================
2026-07-15 15:35:02,091 - INFO - ============================================================
2026-07-15 15:35:02,091 - INFO - STEP 1: Collecting Option Chains
2026-07-15 15:35:02,091 - INFO - ============================================================
2026-07-15 15:35:02,091 - INFO - [1/10] Fetching RELIANCE...
2026-07-15 15:35:02,091 - INFO - Initializing NSE session...
2026-07-15 15:35:02,452 - WARNING -   ❌ RELIANCE: Failed
2026-07-15 15:35:04,453 - INFO - [2/10] Fetching HDFCBANK...
2026-07-15 15:35:04,453 - INFO - Initializing NSE session...
2026-07-15 15:35:04,809 - WARNING -   ❌ HDFCBANK: Failed
2026-07-15 15:35:06,809 - INFO - [3/10] Fetching ICICIBANK...
2026-07-15 15:35:06,810 - INFO - Initializing NSE session...
2026-07-15 15:35:07,081 - WARNING -   ❌ ICICIBANK: Failed
2026-07-15 15:35:09,081 - INFO - [4/10] Fetching INFY...
2026-07-15 15:35:09,082 - INFO - Initializing NSE session...
2026-07-15 15:35:09,743 - WARNING -   ❌ INFY: Failed
2026-07-15 15:35:11,744 - INFO - [5/10] Fetching TCS...
2026-07-15 15:35:11,744 - INFO - Initializing NSE session...
2026-07-15 15:35:12,143 - WARNING -   ❌ TCS: Failed
2026-07-15 15:35:14,143 - INFO - [6/10] Fetching SBIN...
2026-07-15 15:35:14,144 - INFO - Initializing NSE session...
2026-07-15 15:35:14,974 - WARNING -   ❌ SBIN: Failed
2026-07-15 15:35:16,975 - INFO - [7/10] Fetching AXISBANK...
2026-07-15 15:35:16,975 - INFO - Initializing NSE session...
2026-07-15 15:35:17,778 - WARNING -   ❌ AXISBANK: Failed
2026-07-15 15:35:19,778 - INFO - [8/10] Fetching KOTAKBANK...
2026-07-15 15:35:19,779 - INFO - Initializing NSE session...
2026-07-15 15:35:20,081 - WARNING -   ❌ KOTAKBANK: Failed
2026-07-15 15:35:22,081 - INFO - [9/10] Fetching BAJFINANCE...
2026-07-15 15:35:22,081 - INFO - Initializing NSE session...
2026-07-15 15:35:22,515 - WARNING -   ❌ BAJFINANCE: Failed
2026-07-15 15:35:24,515 - INFO - [10/10] Fetching TATAMOTORS...
2026-07-15 15:35:24,515 - INFO - Initializing NSE session...
2026-07-15 15:35:25,425 - WARNING -   ❌ TATAMOTORS: Failed
2026-07-15 15:35:27,425 - INFO - Collected: 0, Failed: 10
2026-07-15 15:35:27,425 - INFO - ============================================================
2026-07-15 15:35:27,426 - INFO - STEP 2: Collecting Gainers/Losers
2026-07-15 15:35:27,426 - INFO - ============================================================
2026-07-15 15:35:27,426 - INFO - Initializing NSE session...
2026-07-15 15:35:28,966 - INFO - Initializing NSE session...
2026-07-15 15:35:29,246 - INFO -   Gainers: 0
2026-07-15 15:35:29,246 - INFO -   Losers: 0
2026-07-15 15:35:29,246 - INFO - ============================================================
2026-07-15 15:35:29,246 - INFO - STEP 3: Detecting OI Spurts
2026-07-15 15:35:29,246 - INFO - ============================================================
2026-07-15 15:35:29,247 - INFO -   Total Spurts: 0
2026-07-15 15:35:29,247 - INFO -   Long Buildups: 0
2026-07-15 15:35:29,247 - INFO -   Short Buildups: 0
2026-07-15 15:35:29,247 - INFO -   Market Sentiment: NEUTRAL
2026-07-15 15:35:29,247 - INFO - ============================================================
2026-07-15 15:35:29,247 - INFO - STEP 4: Generating Predictions
2026-07-15 15:35:29,247 - INFO - ============================================================
2026-07-15 15:35:29,248 - INFO -   Total Predictions: 0
2026-07-15 15:35:29,248 - INFO -   Top Bullish: []
2026-07-15 15:35:29,248 - INFO -   Top Bearish: []
2026-07-15 15:35:29,248 - INFO - ============================================================
2026-07-15 15:35:29,248 - INFO - STEP 5: Generating Daily Report
2026-07-15 15:35:29,248 - INFO - ============================================================
2026-07-15 15:35:29,248 - INFO -   Report generated successfully
2026-07-15 15:35:29,248 - INFO - ============================================================
2026-07-15 15:35:29,248 - INFO - ✅ ALL STEPS COMPLETED SUCCESSFULLY
2026-07-15 15:35:29,248 - INFO - 📁 Data saved to: stock_intelligence/2026-07-15/
2026-07-15 15:35:29,249 - INFO - ============================================================

📊 Collection Summary:
  • Option chains: 0 stocks
  • Gainers: 0
  • Losers: 0
  • OI Spurts: 0
  • Predictions: 0

📁 Data saved to: stock_intelligence/2026-07-15/
[2026-07-15 15:35:29] ==============================================
[2026-07-15 15:35:29] ✅ COLLECTION COMPLETED
[2026-07-15 15:35:29] ==============================================
