[2026-08-27 15:35:01] ==============================================
[2026-08-27 15:35:01] 🚀 STOCK INTELLIGENCE COLLECTOR
[2026-08-27 15:35:01] ==============================================
2026-08-27 15:35:01,491 - INFO - ============================================================
2026-08-27 15:35:01,492 - INFO - 🚀 STOCK INTELLIGENCE COLLECTOR
2026-08-27 15:35:01,492 - INFO - 📅 Date: 2026-08-27
2026-08-27 15:35:01,492 - INFO - ============================================================
2026-08-27 15:35:01,492 - INFO - ============================================================
2026-08-27 15:35:01,492 - INFO - STEP 1: Collecting Option Chains
2026-08-27 15:35:01,492 - INFO - ============================================================
2026-08-27 15:35:01,492 - INFO - [1/10] Fetching RELIANCE...
2026-08-27 15:35:01,492 - INFO - Initializing NSE session...
2026-08-27 15:35:02,611 - WARNING -   ❌ RELIANCE: Failed
2026-08-27 15:35:04,611 - INFO - [2/10] Fetching HDFCBANK...
2026-08-27 15:35:04,612 - INFO - Initializing NSE session...
2026-08-27 15:35:05,994 - WARNING -   ❌ HDFCBANK: Failed
2026-08-27 15:35:07,995 - INFO - [3/10] Fetching ICICIBANK...
2026-08-27 15:35:07,995 - INFO - Initializing NSE session...
2026-08-27 15:35:08,962 - WARNING -   ❌ ICICIBANK: Failed
2026-08-27 15:35:10,962 - INFO - [4/10] Fetching INFY...
2026-08-27 15:35:10,962 - INFO - Initializing NSE session...
2026-08-27 15:35:13,041 - WARNING -   ❌ INFY: Failed
2026-08-27 15:35:15,042 - INFO - [5/10] Fetching TCS...
2026-08-27 15:35:15,042 - INFO - Initializing NSE session...
2026-08-27 15:35:15,800 - WARNING -   ❌ TCS: Failed
2026-08-27 15:35:17,800 - INFO - [6/10] Fetching SBIN...
2026-08-27 15:35:17,801 - INFO - Initializing NSE session...
2026-08-27 15:35:18,287 - WARNING -   ❌ SBIN: Failed
2026-08-27 15:35:20,287 - INFO - [7/10] Fetching AXISBANK...
2026-08-27 15:35:20,288 - INFO - Initializing NSE session...
2026-08-27 15:35:23,125 - WARNING -   ❌ AXISBANK: Failed
2026-08-27 15:35:25,125 - INFO - [8/10] Fetching KOTAKBANK...
2026-08-27 15:35:25,126 - INFO - Initializing NSE session...
2026-08-27 15:35:26,666 - WARNING -   ❌ KOTAKBANK: Failed
2026-08-27 15:35:28,666 - INFO - [9/10] Fetching BAJFINANCE...
2026-08-27 15:35:28,667 - INFO - Initializing NSE session...
2026-08-27 15:35:29,104 - WARNING -   ❌ BAJFINANCE: Failed
2026-08-27 15:35:31,105 - INFO - [10/10] Fetching TATAMOTORS...
2026-08-27 15:35:31,105 - INFO - Initializing NSE session...
2026-08-27 15:35:31,557 - WARNING -   ❌ TATAMOTORS: Failed
2026-08-27 15:35:33,558 - INFO - Collected: 0, Failed: 10
2026-08-27 15:35:33,558 - INFO - ============================================================
2026-08-27 15:35:33,558 - INFO - STEP 2: Collecting Gainers/Losers
2026-08-27 15:35:33,558 - INFO - ============================================================
2026-08-27 15:35:33,558 - INFO - Initializing NSE session...
2026-08-27 15:35:34,970 - INFO - Initializing NSE session...
2026-08-27 15:35:35,137 - INFO -   Gainers: 0
2026-08-27 15:35:35,137 - INFO -   Losers: 0
2026-08-27 15:35:35,137 - INFO - ============================================================
2026-08-27 15:35:35,137 - INFO - STEP 3: Detecting OI Spurts
2026-08-27 15:35:35,137 - INFO - ============================================================
2026-08-27 15:35:35,140 - INFO -   Total Spurts: 0
2026-08-27 15:35:35,140 - INFO -   Long Buildups: 0
2026-08-27 15:35:35,140 - INFO -   Short Buildups: 0
2026-08-27 15:35:35,140 - INFO -   Market Sentiment: NEUTRAL
2026-08-27 15:35:35,140 - INFO - ============================================================
2026-08-27 15:35:35,140 - INFO - STEP 4: Generating Predictions
2026-08-27 15:35:35,140 - INFO - ============================================================
2026-08-27 15:35:35,141 - INFO -   Total Predictions: 0
2026-08-27 15:35:35,141 - INFO -   Top Bullish: []
2026-08-27 15:35:35,141 - INFO -   Top Bearish: []
2026-08-27 15:35:35,141 - INFO - ============================================================
2026-08-27 15:35:35,141 - INFO - STEP 5: Generating Daily Report
2026-08-27 15:35:35,141 - INFO - ============================================================
2026-08-27 15:35:35,141 - INFO -   Report generated successfully
2026-08-27 15:35:35,141 - INFO - ============================================================
2026-08-27 15:35:35,142 - INFO - ✅ ALL STEPS COMPLETED SUCCESSFULLY
2026-08-27 15:35:35,142 - INFO - 📁 Data saved to: stock_intelligence/2026-08-27/
2026-08-27 15:35:35,142 - INFO - ============================================================

📊 Collection Summary:
  • Option chains: 0 stocks
  • Gainers: 0
  • Losers: 0
  • OI Spurts: 0
  • Predictions: 0

📁 Data saved to: stock_intelligence/2026-08-27/
[2026-08-27 15:35:35] ==============================================
[2026-08-27 15:35:35] ✅ COLLECTION COMPLETED
[2026-08-27 15:35:35] ==============================================
