[2026-06-30 15:35:01] ==============================================
[2026-06-30 15:35:01] 🚀 STOCK INTELLIGENCE COLLECTOR
[2026-06-30 15:35:01] ==============================================
2026-06-30 15:35:01,767 - INFO - ============================================================
2026-06-30 15:35:01,768 - INFO - 🚀 STOCK INTELLIGENCE COLLECTOR
2026-06-30 15:35:01,768 - INFO - 📅 Date: 2026-06-30
2026-06-30 15:35:01,768 - INFO - ============================================================
2026-06-30 15:35:01,768 - INFO - ============================================================
2026-06-30 15:35:01,768 - INFO - STEP 1: Collecting Option Chains
2026-06-30 15:35:01,768 - INFO - ============================================================
2026-06-30 15:35:01,768 - INFO - [1/10] Fetching RELIANCE...
2026-06-30 15:35:01,768 - INFO - Initializing NSE session...
2026-06-30 15:35:02,380 - WARNING -   ❌ RELIANCE: Failed
2026-06-30 15:35:04,380 - INFO - [2/10] Fetching HDFCBANK...
2026-06-30 15:35:04,381 - INFO - Initializing NSE session...
2026-06-30 15:35:04,570 - WARNING -   ❌ HDFCBANK: Failed
2026-06-30 15:35:06,570 - INFO - [3/10] Fetching ICICIBANK...
2026-06-30 15:35:06,570 - INFO - Initializing NSE session...
2026-06-30 15:35:07,312 - WARNING -   ❌ ICICIBANK: Failed
2026-06-30 15:35:09,312 - INFO - [4/10] Fetching INFY...
2026-06-30 15:35:09,313 - INFO - Initializing NSE session...
2026-06-30 15:35:09,690 - WARNING -   ❌ INFY: Failed
2026-06-30 15:35:11,691 - INFO - [5/10] Fetching TCS...
2026-06-30 15:35:11,691 - INFO - Initializing NSE session...
2026-06-30 15:35:11,864 - WARNING -   ❌ TCS: Failed
2026-06-30 15:35:13,864 - INFO - [6/10] Fetching SBIN...
2026-06-30 15:35:13,864 - INFO - Initializing NSE session...
2026-06-30 15:35:14,292 - WARNING -   ❌ SBIN: Failed
2026-06-30 15:35:16,293 - INFO - [7/10] Fetching AXISBANK...
2026-06-30 15:35:16,293 - INFO - Initializing NSE session...
2026-06-30 15:35:16,739 - WARNING -   ❌ AXISBANK: Failed
2026-06-30 15:35:18,740 - INFO - [8/10] Fetching KOTAKBANK...
2026-06-30 15:35:18,740 - INFO - Initializing NSE session...
2026-06-30 15:35:19,211 - WARNING -   ❌ KOTAKBANK: Failed
2026-06-30 15:35:21,212 - INFO - [9/10] Fetching BAJFINANCE...
2026-06-30 15:35:21,212 - INFO - Initializing NSE session...
2026-06-30 15:35:21,376 - WARNING -   ❌ BAJFINANCE: Failed
2026-06-30 15:35:23,377 - INFO - [10/10] Fetching TATAMOTORS...
2026-06-30 15:35:23,377 - INFO - Initializing NSE session...
2026-06-30 15:35:24,063 - WARNING -   ❌ TATAMOTORS: Failed
2026-06-30 15:35:26,064 - INFO - Collected: 0, Failed: 10
2026-06-30 15:35:26,064 - INFO - ============================================================
2026-06-30 15:35:26,064 - INFO - STEP 2: Collecting Gainers/Losers
2026-06-30 15:35:26,064 - INFO - ============================================================
2026-06-30 15:35:26,064 - INFO - Initializing NSE session...
2026-06-30 15:35:27,267 - INFO - Initializing NSE session...
2026-06-30 15:35:27,453 - INFO -   Gainers: 0
2026-06-30 15:35:27,453 - INFO -   Losers: 0
2026-06-30 15:35:27,453 - INFO - ============================================================
2026-06-30 15:35:27,453 - INFO - STEP 3: Detecting OI Spurts
2026-06-30 15:35:27,453 - INFO - ============================================================
2026-06-30 15:35:27,454 - INFO -   Total Spurts: 0
2026-06-30 15:35:27,454 - INFO -   Long Buildups: 0
2026-06-30 15:35:27,454 - INFO -   Short Buildups: 0
2026-06-30 15:35:27,454 - INFO -   Market Sentiment: NEUTRAL
2026-06-30 15:35:27,454 - INFO - ============================================================
2026-06-30 15:35:27,454 - INFO - STEP 4: Generating Predictions
2026-06-30 15:35:27,454 - INFO - ============================================================
2026-06-30 15:35:27,455 - INFO -   Total Predictions: 0
2026-06-30 15:35:27,455 - INFO -   Top Bullish: []
2026-06-30 15:35:27,455 - INFO -   Top Bearish: []
2026-06-30 15:35:27,455 - INFO - ============================================================
2026-06-30 15:35:27,455 - INFO - STEP 5: Generating Daily Report
2026-06-30 15:35:27,455 - INFO - ============================================================
2026-06-30 15:35:27,456 - INFO -   Report generated successfully
2026-06-30 15:35:27,456 - INFO - ============================================================
2026-06-30 15:35:27,456 - INFO - ✅ ALL STEPS COMPLETED SUCCESSFULLY
2026-06-30 15:35:27,456 - INFO - 📁 Data saved to: stock_intelligence/2026-06-30/
2026-06-30 15:35:27,456 - INFO - ============================================================

📊 Collection Summary:
  • Option chains: 0 stocks
  • Gainers: 0
  • Losers: 0
  • OI Spurts: 0
  • Predictions: 0

📁 Data saved to: stock_intelligence/2026-06-30/
[2026-06-30 15:35:27] ==============================================
[2026-06-30 15:35:27] ✅ COLLECTION COMPLETED
[2026-06-30 15:35:27] ==============================================
