[2026-06-23 15:25:01] ==============================================
[2026-06-23 15:25:01] 🚀 STOCK INTELLIGENCE COLLECTOR
[2026-06-23 15:25:01] ==============================================
2026-06-23 15:25:02,040 - INFO - ============================================================
2026-06-23 15:25:02,040 - INFO - 🚀 STOCK INTELLIGENCE COLLECTOR
2026-06-23 15:25:02,040 - INFO - 📅 Date: 2026-06-23
2026-06-23 15:25:02,040 - INFO - ============================================================
2026-06-23 15:25:02,040 - INFO - ============================================================
2026-06-23 15:25:02,040 - INFO - STEP 1: Collecting Option Chains
2026-06-23 15:25:02,040 - INFO - ============================================================
2026-06-23 15:25:02,040 - INFO - [1/10] Fetching RELIANCE...
2026-06-23 15:25:02,041 - INFO - Initializing NSE session...
2026-06-23 15:25:03,150 - WARNING -   ❌ RELIANCE: Failed
2026-06-23 15:25:05,151 - INFO - [2/10] Fetching HDFCBANK...
2026-06-23 15:25:05,151 - INFO - Initializing NSE session...
2026-06-23 15:25:05,812 - WARNING -   ❌ HDFCBANK: Failed
2026-06-23 15:25:07,813 - INFO - [3/10] Fetching ICICIBANK...
2026-06-23 15:25:07,813 - INFO - Initializing NSE session...
2026-06-23 15:25:09,292 - WARNING -   ❌ ICICIBANK: Failed
2026-06-23 15:25:11,293 - INFO - [4/10] Fetching INFY...
2026-06-23 15:25:11,293 - INFO - Initializing NSE session...
2026-06-23 15:25:12,156 - WARNING -   ❌ INFY: Failed
2026-06-23 15:25:14,157 - INFO - [5/10] Fetching TCS...
2026-06-23 15:25:14,157 - INFO - Initializing NSE session...
2026-06-23 15:25:14,613 - WARNING -   ❌ TCS: Failed
2026-06-23 15:25:16,614 - INFO - [6/10] Fetching SBIN...
2026-06-23 15:25:16,614 - INFO - Initializing NSE session...
2026-06-23 15:25:17,485 - WARNING -   ❌ SBIN: Failed
2026-06-23 15:25:19,486 - INFO - [7/10] Fetching AXISBANK...
2026-06-23 15:25:19,486 - INFO - Initializing NSE session...
2026-06-23 15:25:19,660 - WARNING -   ❌ AXISBANK: Failed
2026-06-23 15:25:21,660 - INFO - [8/10] Fetching KOTAKBANK...
2026-06-23 15:25:21,660 - INFO - Initializing NSE session...
2026-06-23 15:25:22,079 - WARNING -   ❌ KOTAKBANK: Failed
2026-06-23 15:25:24,079 - INFO - [9/10] Fetching BAJFINANCE...
2026-06-23 15:25:24,080 - INFO - Initializing NSE session...
2026-06-23 15:25:24,648 - WARNING -   ❌ BAJFINANCE: Failed
2026-06-23 15:25:26,648 - INFO - [10/10] Fetching TATAMOTORS...
2026-06-23 15:25:26,648 - INFO - Initializing NSE session...
2026-06-23 15:25:27,519 - WARNING -   ❌ TATAMOTORS: Failed
2026-06-23 15:25:29,520 - INFO - Collected: 0, Failed: 10
2026-06-23 15:25:29,520 - INFO - ============================================================
2026-06-23 15:25:29,520 - INFO - STEP 2: Collecting Gainers/Losers
2026-06-23 15:25:29,520 - INFO - ============================================================
2026-06-23 15:25:29,520 - INFO - Initializing NSE session...
2026-06-23 15:25:30,670 - INFO - Initializing NSE session...
2026-06-23 15:25:31,616 - INFO -   Gainers: 0
2026-06-23 15:25:31,616 - INFO -   Losers: 0
2026-06-23 15:25:31,616 - INFO - ============================================================
2026-06-23 15:25:31,616 - INFO - STEP 3: Detecting OI Spurts
2026-06-23 15:25:31,616 - INFO - ============================================================
2026-06-23 15:25:31,618 - INFO -   Total Spurts: 0
2026-06-23 15:25:31,618 - INFO -   Long Buildups: 0
2026-06-23 15:25:31,618 - INFO -   Short Buildups: 0
2026-06-23 15:25:31,618 - INFO -   Market Sentiment: NEUTRAL
2026-06-23 15:25:31,618 - INFO - ============================================================
2026-06-23 15:25:31,618 - INFO - STEP 4: Generating Predictions
2026-06-23 15:25:31,618 - INFO - ============================================================
2026-06-23 15:25:31,619 - INFO -   Total Predictions: 0
2026-06-23 15:25:31,620 - INFO -   Top Bullish: []
2026-06-23 15:25:31,620 - INFO -   Top Bearish: []
2026-06-23 15:25:31,620 - INFO - ============================================================
2026-06-23 15:25:31,620 - INFO - STEP 5: Generating Daily Report
2026-06-23 15:25:31,620 - INFO - ============================================================
2026-06-23 15:25:31,621 - INFO -   Report generated successfully
2026-06-23 15:25:31,622 - INFO - ============================================================
2026-06-23 15:25:31,622 - INFO - ✅ ALL STEPS COMPLETED SUCCESSFULLY
2026-06-23 15:25:31,622 - INFO - 📁 Data saved to: stock_intelligence/2026-06-23/
2026-06-23 15:25:31,622 - INFO - ============================================================

📊 Collection Summary:
  • Option chains: 0 stocks
  • Gainers: 0
  • Losers: 0
  • OI Spurts: 0
  • Predictions: 0

📁 Data saved to: stock_intelligence/2026-06-23/
[2026-06-23 15:25:31] ==============================================
[2026-06-23 15:25:31] ✅ COLLECTION COMPLETED
[2026-06-23 15:25:31] ==============================================
