[2026-05-18 15:25:02] ==============================================
[2026-05-18 15:25:02] 🚀 STOCK INTELLIGENCE COLLECTOR
[2026-05-18 15:25:02] ==============================================
2026-05-18 15:25:03,084 - INFO - ============================================================
2026-05-18 15:25:03,085 - INFO - 🚀 STOCK INTELLIGENCE COLLECTOR
2026-05-18 15:25:03,085 - INFO - 📅 Date: 2026-05-18
2026-05-18 15:25:03,085 - INFO - ============================================================
2026-05-18 15:25:03,085 - INFO - ============================================================
2026-05-18 15:25:03,085 - INFO - STEP 1: Collecting Option Chains
2026-05-18 15:25:03,085 - INFO - ============================================================
2026-05-18 15:25:03,085 - INFO - [1/10] Fetching RELIANCE...
2026-05-18 15:25:03,085 - INFO - Initializing NSE session...
2026-05-18 15:25:03,453 - WARNING -   ❌ RELIANCE: Failed
2026-05-18 15:25:05,453 - INFO - [2/10] Fetching HDFCBANK...
2026-05-18 15:25:05,453 - INFO - Initializing NSE session...
2026-05-18 15:25:05,761 - WARNING -   ❌ HDFCBANK: Failed
2026-05-18 15:25:07,762 - INFO - [3/10] Fetching ICICIBANK...
2026-05-18 15:25:07,762 - INFO - Initializing NSE session...
2026-05-18 15:25:08,132 - WARNING -   ❌ ICICIBANK: Failed
2026-05-18 15:25:10,132 - INFO - [4/10] Fetching INFY...
2026-05-18 15:25:10,132 - INFO - Initializing NSE session...
2026-05-18 15:25:10,539 - WARNING -   ❌ INFY: Failed
2026-05-18 15:25:12,539 - INFO - [5/10] Fetching TCS...
2026-05-18 15:25:12,539 - INFO - Initializing NSE session...
2026-05-18 15:25:12,945 - WARNING -   ❌ TCS: Failed
2026-05-18 15:25:14,946 - INFO - [6/10] Fetching SBIN...
2026-05-18 15:25:14,946 - INFO - Initializing NSE session...
2026-05-18 15:25:15,285 - WARNING -   ❌ SBIN: Failed
2026-05-18 15:25:17,285 - INFO - [7/10] Fetching AXISBANK...
2026-05-18 15:25:17,286 - INFO - Initializing NSE session...
2026-05-18 15:25:17,750 - WARNING -   ❌ AXISBANK: Failed
2026-05-18 15:25:19,750 - INFO - [8/10] Fetching KOTAKBANK...
2026-05-18 15:25:19,751 - INFO - Initializing NSE session...
2026-05-18 15:25:23,479 - WARNING -   ❌ KOTAKBANK: Failed
2026-05-18 15:25:25,480 - INFO - [9/10] Fetching BAJFINANCE...
2026-05-18 15:25:25,480 - INFO - Initializing NSE session...
2026-05-18 15:25:26,571 - WARNING -   ❌ BAJFINANCE: Failed
2026-05-18 15:25:28,572 - INFO - [10/10] Fetching TATAMOTORS...
2026-05-18 15:25:28,572 - INFO - Initializing NSE session...
2026-05-18 15:25:28,813 - WARNING -   ❌ TATAMOTORS: Failed
2026-05-18 15:25:30,813 - INFO - Collected: 0, Failed: 10
2026-05-18 15:25:30,814 - INFO - ============================================================
2026-05-18 15:25:30,814 - INFO - STEP 2: Collecting Gainers/Losers
2026-05-18 15:25:30,814 - INFO - ============================================================
2026-05-18 15:25:30,814 - INFO - Initializing NSE session...
2026-05-18 15:25:32,045 - INFO - Initializing NSE session...
2026-05-18 15:25:32,286 - INFO -   Gainers: 0
2026-05-18 15:25:32,287 - INFO -   Losers: 0
2026-05-18 15:25:32,287 - INFO - ============================================================
2026-05-18 15:25:32,287 - INFO - STEP 3: Detecting OI Spurts
2026-05-18 15:25:32,287 - INFO - ============================================================
2026-05-18 15:25:32,288 - INFO -   Total Spurts: 0
2026-05-18 15:25:32,288 - INFO -   Long Buildups: 0
2026-05-18 15:25:32,289 - INFO -   Short Buildups: 0
2026-05-18 15:25:32,289 - INFO -   Market Sentiment: NEUTRAL
2026-05-18 15:25:32,289 - INFO - ============================================================
2026-05-18 15:25:32,289 - INFO - STEP 4: Generating Predictions
2026-05-18 15:25:32,289 - INFO - ============================================================
2026-05-18 15:25:32,290 - INFO -   Total Predictions: 0
2026-05-18 15:25:32,290 - INFO -   Top Bullish: []
2026-05-18 15:25:32,291 - INFO -   Top Bearish: []
2026-05-18 15:25:32,291 - INFO - ============================================================
2026-05-18 15:25:32,291 - INFO - STEP 5: Generating Daily Report
2026-05-18 15:25:32,291 - INFO - ============================================================
2026-05-18 15:25:32,292 - INFO -   Report generated successfully
2026-05-18 15:25:32,293 - INFO - ============================================================
2026-05-18 15:25:32,293 - INFO - ✅ ALL STEPS COMPLETED SUCCESSFULLY
2026-05-18 15:25:32,293 - INFO - 📁 Data saved to: stock_intelligence/2026-05-18/
2026-05-18 15:25:32,293 - INFO - ============================================================

📊 Collection Summary:
  • Option chains: 0 stocks
  • Gainers: 0
  • Losers: 0
  • OI Spurts: 0
  • Predictions: 0

📁 Data saved to: stock_intelligence/2026-05-18/
[2026-05-18 15:25:32] ==============================================
[2026-05-18 15:25:32] ✅ COLLECTION COMPLETED
[2026-05-18 15:25:32] ==============================================
