[2026-08-26 15:35:01] ==============================================
[2026-08-26 15:35:01] 🚀 STOCK INTELLIGENCE COLLECTOR
[2026-08-26 15:35:01] ==============================================
2026-08-26 15:35:02,304 - INFO - ============================================================
2026-08-26 15:35:02,305 - INFO - 🚀 STOCK INTELLIGENCE COLLECTOR
2026-08-26 15:35:02,305 - INFO - 📅 Date: 2026-08-26
2026-08-26 15:35:02,305 - INFO - ============================================================
2026-08-26 15:35:02,305 - INFO - ============================================================
2026-08-26 15:35:02,305 - INFO - STEP 1: Collecting Option Chains
2026-08-26 15:35:02,305 - INFO - ============================================================
2026-08-26 15:35:02,305 - INFO - [1/10] Fetching RELIANCE...
2026-08-26 15:35:02,305 - INFO - Initializing NSE session...
2026-08-26 15:35:02,808 - WARNING -   ❌ RELIANCE: Failed
2026-08-26 15:35:04,808 - INFO - [2/10] Fetching HDFCBANK...
2026-08-26 15:35:04,808 - INFO - Initializing NSE session...
2026-08-26 15:35:05,252 - WARNING -   ❌ HDFCBANK: Failed
2026-08-26 15:35:07,253 - INFO - [3/10] Fetching ICICIBANK...
2026-08-26 15:35:07,253 - INFO - Initializing NSE session...
2026-08-26 15:35:07,846 - WARNING -   ❌ ICICIBANK: Failed
2026-08-26 15:35:09,846 - INFO - [4/10] Fetching INFY...
2026-08-26 15:35:09,846 - INFO - Initializing NSE session...
2026-08-26 15:35:10,995 - WARNING -   ❌ INFY: Failed
2026-08-26 15:35:12,996 - INFO - [5/10] Fetching TCS...
2026-08-26 15:35:12,996 - INFO - Initializing NSE session...
2026-08-26 15:35:15,799 - WARNING -   ❌ TCS: Failed
2026-08-26 15:35:17,800 - INFO - [6/10] Fetching SBIN...
2026-08-26 15:35:17,800 - INFO - Initializing NSE session...
2026-08-26 15:35:33,953 - ERROR - Session init error: HTTPSConnectionPool(host='www.nseindia.com', port=443): Read timed out. (read timeout=15)
2026-08-26 15:35:33,953 - WARNING -   ❌ SBIN: Failed
2026-08-26 15:35:35,953 - INFO - [7/10] Fetching AXISBANK...
2026-08-26 15:35:35,953 - INFO - Initializing NSE session...
2026-08-26 15:35:40,414 - WARNING -   ❌ AXISBANK: Failed
2026-08-26 15:35:42,415 - INFO - [8/10] Fetching KOTAKBANK...
2026-08-26 15:35:42,415 - INFO - Initializing NSE session...
2026-08-26 15:35:44,226 - WARNING -   ❌ KOTAKBANK: Failed
2026-08-26 15:35:46,227 - INFO - [9/10] Fetching BAJFINANCE...
2026-08-26 15:35:46,227 - INFO - Initializing NSE session...
2026-08-26 15:35:46,534 - WARNING -   ❌ BAJFINANCE: Failed
2026-08-26 15:35:48,535 - INFO - [10/10] Fetching TATAMOTORS...
2026-08-26 15:35:48,535 - INFO - Initializing NSE session...
2026-08-26 15:35:48,786 - WARNING -   ❌ TATAMOTORS: Failed
2026-08-26 15:35:50,786 - INFO - Collected: 0, Failed: 10
2026-08-26 15:35:50,786 - INFO - ============================================================
2026-08-26 15:35:50,786 - INFO - STEP 2: Collecting Gainers/Losers
2026-08-26 15:35:50,786 - INFO - ============================================================
2026-08-26 15:35:50,787 - INFO - Initializing NSE session...
2026-08-26 15:35:52,156 - INFO - Initializing NSE session...
2026-08-26 15:35:52,383 - INFO -   Gainers: 0
2026-08-26 15:35:52,384 - INFO -   Losers: 0
2026-08-26 15:35:52,384 - INFO - ============================================================
2026-08-26 15:35:52,384 - INFO - STEP 3: Detecting OI Spurts
2026-08-26 15:35:52,384 - INFO - ============================================================
2026-08-26 15:35:52,386 - INFO -   Total Spurts: 0
2026-08-26 15:35:52,386 - INFO -   Long Buildups: 0
2026-08-26 15:35:52,386 - INFO -   Short Buildups: 0
2026-08-26 15:35:52,387 - INFO -   Market Sentiment: NEUTRAL
2026-08-26 15:35:52,387 - INFO - ============================================================
2026-08-26 15:35:52,387 - INFO - STEP 4: Generating Predictions
2026-08-26 15:35:52,387 - INFO - ============================================================
2026-08-26 15:35:52,388 - INFO -   Total Predictions: 0
2026-08-26 15:35:52,388 - INFO -   Top Bullish: []
2026-08-26 15:35:52,388 - INFO -   Top Bearish: []
2026-08-26 15:35:52,388 - INFO - ============================================================
2026-08-26 15:35:52,388 - INFO - STEP 5: Generating Daily Report
2026-08-26 15:35:52,389 - INFO - ============================================================
2026-08-26 15:35:52,391 - INFO -   Report generated successfully
2026-08-26 15:35:52,391 - INFO - ============================================================
2026-08-26 15:35:52,391 - INFO - ✅ ALL STEPS COMPLETED SUCCESSFULLY
2026-08-26 15:35:52,391 - INFO - 📁 Data saved to: stock_intelligence/2026-08-26/
2026-08-26 15:35:52,391 - INFO - ============================================================

📊 Collection Summary:
  • Option chains: 0 stocks
  • Gainers: 0
  • Losers: 0
  • OI Spurts: 0
  • Predictions: 0

📁 Data saved to: stock_intelligence/2026-08-26/
[2026-08-26 15:35:52] ==============================================
[2026-08-26 15:35:52] ✅ COLLECTION COMPLETED
[2026-08-26 15:35:52] ==============================================
