[2026-06-22 15:25:01] ==============================================
[2026-06-22 15:25:01] 🚀 STOCK INTELLIGENCE COLLECTOR
[2026-06-22 15:25:01] ==============================================
2026-06-22 15:25:01,630 - INFO - ============================================================
2026-06-22 15:25:01,630 - INFO - 🚀 STOCK INTELLIGENCE COLLECTOR
2026-06-22 15:25:01,630 - INFO - 📅 Date: 2026-06-22
2026-06-22 15:25:01,630 - INFO - ============================================================
2026-06-22 15:25:01,630 - INFO - ============================================================
2026-06-22 15:25:01,630 - INFO - STEP 1: Collecting Option Chains
2026-06-22 15:25:01,630 - INFO - ============================================================
2026-06-22 15:25:01,631 - INFO - [1/10] Fetching RELIANCE...
2026-06-22 15:25:01,631 - INFO - Initializing NSE session...
2026-06-22 15:25:02,384 - WARNING -   ❌ RELIANCE: Failed
2026-06-22 15:25:04,384 - INFO - [2/10] Fetching HDFCBANK...
2026-06-22 15:25:04,385 - INFO - Initializing NSE session...
2026-06-22 15:25:04,833 - WARNING -   ❌ HDFCBANK: Failed
2026-06-22 15:25:06,833 - INFO - [3/10] Fetching ICICIBANK...
2026-06-22 15:25:06,833 - INFO - Initializing NSE session...
2026-06-22 15:25:07,239 - WARNING -   ❌ ICICIBANK: Failed
2026-06-22 15:25:09,239 - INFO - [4/10] Fetching INFY...
2026-06-22 15:25:09,240 - INFO - Initializing NSE session...
2026-06-22 15:25:09,833 - WARNING -   ❌ INFY: Failed
2026-06-22 15:25:11,833 - INFO - [5/10] Fetching TCS...
2026-06-22 15:25:11,834 - INFO - Initializing NSE session...
2026-06-22 15:25:12,312 - WARNING -   ❌ TCS: Failed
2026-06-22 15:25:14,312 - INFO - [6/10] Fetching SBIN...
2026-06-22 15:25:14,313 - INFO - Initializing NSE session...
2026-06-22 15:25:14,679 - WARNING -   ❌ SBIN: Failed
2026-06-22 15:25:16,680 - INFO - [7/10] Fetching AXISBANK...
2026-06-22 15:25:16,680 - INFO - Initializing NSE session...
2026-06-22 15:25:17,425 - WARNING -   ❌ AXISBANK: Failed
2026-06-22 15:25:19,426 - INFO - [8/10] Fetching KOTAKBANK...
2026-06-22 15:25:19,426 - INFO - Initializing NSE session...
2026-06-22 15:25:20,258 - WARNING -   ❌ KOTAKBANK: Failed
2026-06-22 15:25:22,259 - INFO - [9/10] Fetching BAJFINANCE...
2026-06-22 15:25:22,259 - INFO - Initializing NSE session...
2026-06-22 15:25:23,160 - WARNING -   ❌ BAJFINANCE: Failed
2026-06-22 15:25:25,161 - INFO - [10/10] Fetching TATAMOTORS...
2026-06-22 15:25:25,161 - INFO - Initializing NSE session...
2026-06-22 15:25:25,629 - WARNING -   ❌ TATAMOTORS: Failed
2026-06-22 15:25:27,630 - INFO - Collected: 0, Failed: 10
2026-06-22 15:25:27,630 - INFO - ============================================================
2026-06-22 15:25:27,630 - INFO - STEP 2: Collecting Gainers/Losers
2026-06-22 15:25:27,630 - INFO - ============================================================
2026-06-22 15:25:27,630 - INFO - Initializing NSE session...
2026-06-22 15:25:29,512 - INFO - Initializing NSE session...
2026-06-22 15:25:29,951 - INFO -   Gainers: 0
2026-06-22 15:25:29,952 - INFO -   Losers: 0
2026-06-22 15:25:29,952 - INFO - ============================================================
2026-06-22 15:25:29,952 - INFO - STEP 3: Detecting OI Spurts
2026-06-22 15:25:29,952 - INFO - ============================================================
2026-06-22 15:25:29,953 - INFO -   Total Spurts: 0
2026-06-22 15:25:29,953 - INFO -   Long Buildups: 0
2026-06-22 15:25:29,953 - INFO -   Short Buildups: 0
2026-06-22 15:25:29,953 - INFO -   Market Sentiment: NEUTRAL
2026-06-22 15:25:29,953 - INFO - ============================================================
2026-06-22 15:25:29,953 - INFO - STEP 4: Generating Predictions
2026-06-22 15:25:29,954 - INFO - ============================================================
2026-06-22 15:25:29,954 - INFO -   Total Predictions: 0
2026-06-22 15:25:29,955 - INFO -   Top Bullish: []
2026-06-22 15:25:29,955 - INFO -   Top Bearish: []
2026-06-22 15:25:29,955 - INFO - ============================================================
2026-06-22 15:25:29,955 - INFO - STEP 5: Generating Daily Report
2026-06-22 15:25:29,955 - INFO - ============================================================
2026-06-22 15:25:29,956 - INFO -   Report generated successfully
2026-06-22 15:25:29,956 - INFO - ============================================================
2026-06-22 15:25:29,956 - INFO - ✅ ALL STEPS COMPLETED SUCCESSFULLY
2026-06-22 15:25:29,956 - INFO - 📁 Data saved to: stock_intelligence/2026-06-22/
2026-06-22 15:25:29,956 - INFO - ============================================================

📊 Collection Summary:
  • Option chains: 0 stocks
  • Gainers: 0
  • Losers: 0
  • OI Spurts: 0
  • Predictions: 0

📁 Data saved to: stock_intelligence/2026-06-22/
[2026-06-22 15:25:30] ==============================================
[2026-06-22 15:25:30] ✅ COLLECTION COMPLETED
[2026-06-22 15:25:30] ==============================================
