[2026-04-08 15:25:43] ==============================================
[2026-04-08 15:25:43] 🚀 STOCK INTELLIGENCE COLLECTOR
[2026-04-08 15:25:43] ==============================================
2026-04-08 15:25:43,641 - INFO - ============================================================
2026-04-08 15:25:43,641 - INFO - 🚀 STOCK INTELLIGENCE COLLECTOR
2026-04-08 15:25:43,641 - INFO - 📅 Date: 2026-04-08
2026-04-08 15:25:43,642 - INFO - ============================================================
2026-04-08 15:25:43,642 - INFO - ============================================================
2026-04-08 15:25:43,642 - INFO - STEP 1: Collecting Option Chains
2026-04-08 15:25:43,642 - INFO - ============================================================
2026-04-08 15:25:43,642 - INFO - [1/10] Fetching RELIANCE...
2026-04-08 15:25:43,642 - INFO - Initializing NSE session...
2026-04-08 15:25:45,252 - WARNING -   ❌ RELIANCE: Failed
2026-04-08 15:25:47,253 - INFO - [2/10] Fetching HDFCBANK...
2026-04-08 15:25:47,253 - INFO - Initializing NSE session...
2026-04-08 15:25:47,614 - WARNING -   ❌ HDFCBANK: Failed
2026-04-08 15:25:49,614 - INFO - [3/10] Fetching ICICIBANK...
2026-04-08 15:25:49,614 - INFO - Initializing NSE session...
2026-04-08 15:25:49,956 - WARNING -   ❌ ICICIBANK: Failed
2026-04-08 15:25:51,957 - INFO - [4/10] Fetching INFY...
2026-04-08 15:25:51,957 - INFO - Initializing NSE session...
2026-04-08 15:25:52,538 - WARNING -   ❌ INFY: Failed
2026-04-08 15:25:54,538 - INFO - [5/10] Fetching TCS...
2026-04-08 15:25:54,539 - INFO - Initializing NSE session...
2026-04-08 15:25:54,916 - WARNING -   ❌ TCS: Failed
2026-04-08 15:25:56,916 - INFO - [6/10] Fetching SBIN...
2026-04-08 15:25:56,917 - INFO - Initializing NSE session...
2026-04-08 15:25:57,102 - WARNING -   ❌ SBIN: Failed
2026-04-08 15:25:59,103 - INFO - [7/10] Fetching AXISBANK...
2026-04-08 15:25:59,103 - INFO - Initializing NSE session...
2026-04-08 15:25:59,469 - WARNING -   ❌ AXISBANK: Failed
2026-04-08 15:26:01,469 - INFO - [8/10] Fetching KOTAKBANK...
2026-04-08 15:26:01,469 - INFO - Initializing NSE session...
2026-04-08 15:26:01,782 - WARNING -   ❌ KOTAKBANK: Failed
2026-04-08 15:26:03,782 - INFO - [9/10] Fetching BAJFINANCE...
2026-04-08 15:26:03,783 - INFO - Initializing NSE session...
2026-04-08 15:26:04,191 - WARNING -   ❌ BAJFINANCE: Failed
2026-04-08 15:26:06,191 - INFO - [10/10] Fetching TATAMOTORS...
2026-04-08 15:26:06,192 - INFO - Initializing NSE session...
2026-04-08 15:26:26,523 - ERROR - Session init error: HTTPSConnectionPool(host='www.nseindia.com', port=443): Read timed out. (read timeout=15)
2026-04-08 15:26:26,523 - WARNING -   ❌ TATAMOTORS: Failed
2026-04-08 15:26:28,523 - INFO - Collected: 0, Failed: 10
2026-04-08 15:26:28,524 - INFO - ============================================================
2026-04-08 15:26:28,524 - INFO - STEP 2: Collecting Gainers/Losers
2026-04-08 15:26:28,524 - INFO - ============================================================
2026-04-08 15:26:28,524 - INFO - Initializing NSE session...
2026-04-08 15:26:28,527 - ERROR - Session init error: HTTPSConnectionPool(host='www.nseindia.com', port=443): Max retries exceeded with url: / (Caused by NameResolutionError("<urllib3.connection.HTTPSConnection object at 0x7de4f29d0690>: Failed to resolve 'www.nseindia.com' ([Errno -3] Temporary failure in name resolution)"))
2026-04-08 15:26:29,527 - INFO - Initializing NSE session...
2026-04-08 15:26:29,531 - ERROR - Session init error: HTTPSConnectionPool(host='www.nseindia.com', port=443): Max retries exceeded with url: / (Caused by NameResolutionError("<urllib3.connection.HTTPSConnection object at 0x7de4f29d07d0>: Failed to resolve 'www.nseindia.com' ([Errno -3] Temporary failure in name resolution)"))
2026-04-08 15:26:29,532 - INFO -   Gainers: 0
2026-04-08 15:26:29,532 - INFO -   Losers: 0
2026-04-08 15:26:29,532 - INFO - ============================================================
2026-04-08 15:26:29,532 - INFO - STEP 3: Detecting OI Spurts
2026-04-08 15:26:29,532 - INFO - ============================================================
2026-04-08 15:26:29,535 - INFO -   Total Spurts: 0
2026-04-08 15:26:29,535 - INFO -   Long Buildups: 0
2026-04-08 15:26:29,535 - INFO -   Short Buildups: 0
2026-04-08 15:26:29,535 - INFO -   Market Sentiment: NEUTRAL
2026-04-08 15:26:29,535 - INFO - ============================================================
2026-04-08 15:26:29,535 - INFO - STEP 4: Generating Predictions
2026-04-08 15:26:29,535 - INFO - ============================================================
2026-04-08 15:26:29,537 - INFO -   Total Predictions: 0
2026-04-08 15:26:29,537 - INFO -   Top Bullish: []
2026-04-08 15:26:29,537 - INFO -   Top Bearish: []
2026-04-08 15:26:29,537 - INFO - ============================================================
2026-04-08 15:26:29,537 - INFO - STEP 5: Generating Daily Report
2026-04-08 15:26:29,537 - INFO - ============================================================
2026-04-08 15:26:29,538 - INFO -   Report generated successfully
2026-04-08 15:26:29,538 - INFO - ============================================================
2026-04-08 15:26:29,538 - INFO - ✅ ALL STEPS COMPLETED SUCCESSFULLY
2026-04-08 15:26:29,538 - INFO - 📁 Data saved to: stock_intelligence/2026-04-08/
2026-04-08 15:26:29,538 - INFO - ============================================================

📊 Collection Summary:
  • Option chains: 0 stocks
  • Gainers: 0
  • Losers: 0
  • OI Spurts: 0
  • Predictions: 0

📁 Data saved to: stock_intelligence/2026-04-08/
[2026-04-08 15:26:29] ==============================================
[2026-04-08 15:26:29] ✅ COLLECTION COMPLETED
[2026-04-08 15:26:29] ==============================================
