[2026-04-03 15:25:01] ==============================================
[2026-04-03 15:25:01] 🚀 STOCK INTELLIGENCE COLLECTOR
[2026-04-03 15:25:01] ==============================================
2026-04-03 15:25:02,069 - INFO - ============================================================
2026-04-03 15:25:02,069 - INFO - 🚀 STOCK INTELLIGENCE COLLECTOR
2026-04-03 15:25:02,069 - INFO - 📅 Date: 2026-04-03
2026-04-03 15:25:02,069 - INFO - ============================================================
2026-04-03 15:25:02,069 - INFO - ============================================================
2026-04-03 15:25:02,069 - INFO - STEP 1: Collecting Option Chains
2026-04-03 15:25:02,069 - INFO - ============================================================
2026-04-03 15:25:02,069 - INFO - [1/10] Fetching RELIANCE...
2026-04-03 15:25:02,069 - INFO - Initializing NSE session...
2026-04-03 15:25:03,125 - WARNING -   ❌ RELIANCE: Failed
2026-04-03 15:25:05,126 - INFO - [2/10] Fetching HDFCBANK...
2026-04-03 15:25:05,126 - INFO - Initializing NSE session...
2026-04-03 15:25:05,720 - WARNING -   ❌ HDFCBANK: Failed
2026-04-03 15:25:07,720 - INFO - [3/10] Fetching ICICIBANK...
2026-04-03 15:25:07,720 - INFO - Initializing NSE session...
2026-04-03 15:25:08,039 - WARNING -   ❌ ICICIBANK: Failed
2026-04-03 15:25:10,040 - INFO - [4/10] Fetching INFY...
2026-04-03 15:25:10,040 - INFO - Initializing NSE session...
2026-04-03 15:25:10,906 - WARNING -   ❌ INFY: Failed
2026-04-03 15:25:12,906 - INFO - [5/10] Fetching TCS...
2026-04-03 15:25:12,906 - INFO - Initializing NSE session...
2026-04-03 15:25:13,478 - WARNING -   ❌ TCS: Failed
2026-04-03 15:25:15,478 - INFO - [6/10] Fetching SBIN...
2026-04-03 15:25:15,479 - INFO - Initializing NSE session...
2026-04-03 15:25:19,302 - WARNING -   ❌ SBIN: Failed
2026-04-03 15:25:21,303 - INFO - [7/10] Fetching AXISBANK...
2026-04-03 15:25:21,303 - INFO - Initializing NSE session...
2026-04-03 15:25:22,374 - WARNING -   ❌ AXISBANK: Failed
2026-04-03 15:25:24,375 - INFO - [8/10] Fetching KOTAKBANK...
2026-04-03 15:25:24,375 - INFO - Initializing NSE session...
2026-04-03 15:25:24,767 - WARNING -   ❌ KOTAKBANK: Failed
2026-04-03 15:25:26,767 - INFO - [9/10] Fetching BAJFINANCE...
2026-04-03 15:25:26,767 - INFO - Initializing NSE session...
2026-04-03 15:25:27,247 - WARNING -   ❌ BAJFINANCE: Failed
2026-04-03 15:25:29,247 - INFO - [10/10] Fetching TATAMOTORS...
2026-04-03 15:25:29,247 - INFO - Initializing NSE session...
2026-04-03 15:25:29,747 - WARNING -   ❌ TATAMOTORS: Failed
2026-04-03 15:25:31,748 - INFO - Collected: 0, Failed: 10
2026-04-03 15:25:31,748 - INFO - ============================================================
2026-04-03 15:25:31,748 - INFO - STEP 2: Collecting Gainers/Losers
2026-04-03 15:25:31,748 - INFO - ============================================================
2026-04-03 15:25:31,748 - INFO - Initializing NSE session...
2026-04-03 15:25:33,409 - INFO - Initializing NSE session...
2026-04-03 15:25:34,105 - INFO -   Gainers: 0
2026-04-03 15:25:34,105 - INFO -   Losers: 0
2026-04-03 15:25:34,106 - INFO - ============================================================
2026-04-03 15:25:34,106 - INFO - STEP 3: Detecting OI Spurts
2026-04-03 15:25:34,106 - INFO - ============================================================
2026-04-03 15:25:34,107 - INFO -   Total Spurts: 0
2026-04-03 15:25:34,107 - INFO -   Long Buildups: 0
2026-04-03 15:25:34,108 - INFO -   Short Buildups: 0
2026-04-03 15:25:34,108 - INFO -   Market Sentiment: NEUTRAL
2026-04-03 15:25:34,108 - INFO - ============================================================
2026-04-03 15:25:34,108 - INFO - STEP 4: Generating Predictions
2026-04-03 15:25:34,108 - INFO - ============================================================
2026-04-03 15:25:34,109 - INFO -   Total Predictions: 0
2026-04-03 15:25:34,109 - INFO -   Top Bullish: []
2026-04-03 15:25:34,110 - INFO -   Top Bearish: []
2026-04-03 15:25:34,110 - INFO - ============================================================
2026-04-03 15:25:34,110 - INFO - STEP 5: Generating Daily Report
2026-04-03 15:25:34,110 - INFO - ============================================================
2026-04-03 15:25:34,112 - INFO -   Report generated successfully
2026-04-03 15:25:34,112 - INFO - ============================================================
2026-04-03 15:25:34,112 - INFO - ✅ ALL STEPS COMPLETED SUCCESSFULLY
2026-04-03 15:25:34,113 - INFO - 📁 Data saved to: stock_intelligence/2026-04-03/
2026-04-03 15:25:34,113 - INFO - ============================================================

📊 Collection Summary:
  • Option chains: 0 stocks
  • Gainers: 0
  • Losers: 0
  • OI Spurts: 0
  • Predictions: 0

📁 Data saved to: stock_intelligence/2026-04-03/
[2026-04-03 15:25:34] ==============================================
[2026-04-03 15:25:34] ✅ COLLECTION COMPLETED
[2026-04-03 15:25:34] ==============================================
