[2026-05-12 15:25:01] ==============================================
[2026-05-12 15:25:01] 🚀 STOCK INTELLIGENCE COLLECTOR
[2026-05-12 15:25:01] ==============================================
2026-05-12 15:25:01,759 - INFO - ============================================================
2026-05-12 15:25:01,759 - INFO - 🚀 STOCK INTELLIGENCE COLLECTOR
2026-05-12 15:25:01,759 - INFO - 📅 Date: 2026-05-12
2026-05-12 15:25:01,759 - INFO - ============================================================
2026-05-12 15:25:01,759 - INFO - ============================================================
2026-05-12 15:25:01,759 - INFO - STEP 1: Collecting Option Chains
2026-05-12 15:25:01,759 - INFO - ============================================================
2026-05-12 15:25:01,759 - INFO - [1/10] Fetching RELIANCE...
2026-05-12 15:25:01,759 - INFO - Initializing NSE session...
2026-05-12 15:25:02,692 - WARNING -   ❌ RELIANCE: Failed
2026-05-12 15:25:04,693 - INFO - [2/10] Fetching HDFCBANK...
2026-05-12 15:25:04,693 - INFO - Initializing NSE session...
2026-05-12 15:25:05,980 - WARNING -   ❌ HDFCBANK: Failed
2026-05-12 15:25:07,981 - INFO - [3/10] Fetching ICICIBANK...
2026-05-12 15:25:07,981 - INFO - Initializing NSE session...
2026-05-12 15:25:09,053 - WARNING -   ❌ ICICIBANK: Failed
2026-05-12 15:25:11,054 - INFO - [4/10] Fetching INFY...
2026-05-12 15:25:11,054 - INFO - Initializing NSE session...
2026-05-12 15:25:11,853 - WARNING -   ❌ INFY: Failed
2026-05-12 15:25:13,854 - INFO - [5/10] Fetching TCS...
2026-05-12 15:25:13,854 - INFO - Initializing NSE session...
2026-05-12 15:25:15,391 - WARNING -   ❌ TCS: Failed
2026-05-12 15:25:17,391 - INFO - [6/10] Fetching SBIN...
2026-05-12 15:25:17,392 - INFO - Initializing NSE session...
2026-05-12 15:25:17,977 - WARNING -   ❌ SBIN: Failed
2026-05-12 15:25:19,977 - INFO - [7/10] Fetching AXISBANK...
2026-05-12 15:25:19,978 - INFO - Initializing NSE session...
2026-05-12 15:25:20,627 - WARNING -   ❌ AXISBANK: Failed
2026-05-12 15:25:22,628 - INFO - [8/10] Fetching KOTAKBANK...
2026-05-12 15:25:22,628 - INFO - Initializing NSE session...
2026-05-12 15:25:23,801 - WARNING -   ❌ KOTAKBANK: Failed
2026-05-12 15:25:25,801 - INFO - [9/10] Fetching BAJFINANCE...
2026-05-12 15:25:25,801 - INFO - Initializing NSE session...
2026-05-12 15:25:26,578 - WARNING -   ❌ BAJFINANCE: Failed
2026-05-12 15:25:28,579 - INFO - [10/10] Fetching TATAMOTORS...
2026-05-12 15:25:28,579 - INFO - Initializing NSE session...
2026-05-12 15:25:29,945 - WARNING -   ❌ TATAMOTORS: Failed
2026-05-12 15:25:31,946 - INFO - Collected: 0, Failed: 10
2026-05-12 15:25:31,947 - INFO - ============================================================
2026-05-12 15:25:31,947 - INFO - STEP 2: Collecting Gainers/Losers
2026-05-12 15:25:31,947 - INFO - ============================================================
2026-05-12 15:25:31,947 - INFO - Initializing NSE session...
2026-05-12 15:25:33,695 - INFO - Initializing NSE session...
2026-05-12 15:25:34,863 - INFO -   Gainers: 0
2026-05-12 15:25:34,863 - INFO -   Losers: 0
2026-05-12 15:25:34,863 - INFO - ============================================================
2026-05-12 15:25:34,863 - INFO - STEP 3: Detecting OI Spurts
2026-05-12 15:25:34,863 - INFO - ============================================================
2026-05-12 15:25:34,864 - INFO -   Total Spurts: 0
2026-05-12 15:25:34,864 - INFO -   Long Buildups: 0
2026-05-12 15:25:34,864 - INFO -   Short Buildups: 0
2026-05-12 15:25:34,864 - INFO -   Market Sentiment: NEUTRAL
2026-05-12 15:25:34,864 - INFO - ============================================================
2026-05-12 15:25:34,865 - INFO - STEP 4: Generating Predictions
2026-05-12 15:25:34,865 - INFO - ============================================================
2026-05-12 15:25:34,866 - INFO -   Total Predictions: 0
2026-05-12 15:25:34,866 - INFO -   Top Bullish: []
2026-05-12 15:25:34,866 - INFO -   Top Bearish: []
2026-05-12 15:25:34,866 - INFO - ============================================================
2026-05-12 15:25:34,866 - INFO - STEP 5: Generating Daily Report
2026-05-12 15:25:34,866 - INFO - ============================================================
2026-05-12 15:25:34,868 - INFO -   Report generated successfully
2026-05-12 15:25:34,868 - INFO - ============================================================
2026-05-12 15:25:34,868 - INFO - ✅ ALL STEPS COMPLETED SUCCESSFULLY
2026-05-12 15:25:34,868 - INFO - 📁 Data saved to: stock_intelligence/2026-05-12/
2026-05-12 15:25:34,868 - INFO - ============================================================

📊 Collection Summary:
  • Option chains: 0 stocks
  • Gainers: 0
  • Losers: 0
  • OI Spurts: 0
  • Predictions: 0

📁 Data saved to: stock_intelligence/2026-05-12/
[2026-05-12 15:25:34] ==============================================
[2026-05-12 15:25:34] ✅ COLLECTION COMPLETED
[2026-05-12 15:25:34] ==============================================
