[2026-05-14 15:25:01] ==============================================
[2026-05-14 15:25:01] 🚀 STOCK INTELLIGENCE COLLECTOR
[2026-05-14 15:25:01] ==============================================
2026-05-14 15:25:02,205 - INFO - ============================================================
2026-05-14 15:25:02,205 - INFO - 🚀 STOCK INTELLIGENCE COLLECTOR
2026-05-14 15:25:02,205 - INFO - 📅 Date: 2026-05-14
2026-05-14 15:25:02,205 - INFO - ============================================================
2026-05-14 15:25:02,205 - INFO - ============================================================
2026-05-14 15:25:02,205 - INFO - STEP 1: Collecting Option Chains
2026-05-14 15:25:02,205 - INFO - ============================================================
2026-05-14 15:25:02,205 - INFO - [1/10] Fetching RELIANCE...
2026-05-14 15:25:02,205 - INFO - Initializing NSE session...
2026-05-14 15:25:03,345 - WARNING -   ❌ RELIANCE: Failed
2026-05-14 15:25:05,345 - INFO - [2/10] Fetching HDFCBANK...
2026-05-14 15:25:05,346 - INFO - Initializing NSE session...
2026-05-14 15:25:05,568 - WARNING -   ❌ HDFCBANK: Failed
2026-05-14 15:25:07,568 - INFO - [3/10] Fetching ICICIBANK...
2026-05-14 15:25:07,568 - INFO - Initializing NSE session...
2026-05-14 15:25:07,871 - WARNING -   ❌ ICICIBANK: Failed
2026-05-14 15:25:09,871 - INFO - [4/10] Fetching INFY...
2026-05-14 15:25:09,872 - INFO - Initializing NSE session...
2026-05-14 15:25:10,711 - WARNING -   ❌ INFY: Failed
2026-05-14 15:25:12,712 - INFO - [5/10] Fetching TCS...
2026-05-14 15:25:12,712 - INFO - Initializing NSE session...
2026-05-14 15:25:12,968 - WARNING -   ❌ TCS: Failed
2026-05-14 15:25:14,968 - INFO - [6/10] Fetching SBIN...
2026-05-14 15:25:14,968 - INFO - Initializing NSE session...
2026-05-14 15:25:15,738 - WARNING -   ❌ SBIN: Failed
2026-05-14 15:25:17,738 - INFO - [7/10] Fetching AXISBANK...
2026-05-14 15:25:17,738 - INFO - Initializing NSE session...
2026-05-14 15:25:19,357 - WARNING -   ❌ AXISBANK: Failed
2026-05-14 15:25:21,357 - INFO - [8/10] Fetching KOTAKBANK...
2026-05-14 15:25:21,357 - INFO - Initializing NSE session...
2026-05-14 15:25:21,895 - WARNING -   ❌ KOTAKBANK: Failed
2026-05-14 15:25:23,895 - INFO - [9/10] Fetching BAJFINANCE...
2026-05-14 15:25:23,896 - INFO - Initializing NSE session...
2026-05-14 15:25:24,134 - WARNING -   ❌ BAJFINANCE: Failed
2026-05-14 15:25:26,135 - INFO - [10/10] Fetching TATAMOTORS...
2026-05-14 15:25:26,135 - INFO - Initializing NSE session...
2026-05-14 15:25:27,722 - WARNING -   ❌ TATAMOTORS: Failed
2026-05-14 15:25:29,722 - INFO - Collected: 0, Failed: 10
2026-05-14 15:25:29,722 - INFO - ============================================================
2026-05-14 15:25:29,722 - INFO - STEP 2: Collecting Gainers/Losers
2026-05-14 15:25:29,723 - INFO - ============================================================
2026-05-14 15:25:29,723 - INFO - Initializing NSE session...
2026-05-14 15:25:31,588 - INFO - Initializing NSE session...
2026-05-14 15:25:31,848 - INFO -   Gainers: 0
2026-05-14 15:25:31,849 - INFO -   Losers: 0
2026-05-14 15:25:31,849 - INFO - ============================================================
2026-05-14 15:25:31,849 - INFO - STEP 3: Detecting OI Spurts
2026-05-14 15:25:31,849 - INFO - ============================================================
2026-05-14 15:25:31,851 - INFO -   Total Spurts: 0
2026-05-14 15:25:31,851 - INFO -   Long Buildups: 0
2026-05-14 15:25:31,852 - INFO -   Short Buildups: 0
2026-05-14 15:25:31,852 - INFO -   Market Sentiment: NEUTRAL
2026-05-14 15:25:31,852 - INFO - ============================================================
2026-05-14 15:25:31,852 - INFO - STEP 4: Generating Predictions
2026-05-14 15:25:31,852 - INFO - ============================================================
2026-05-14 15:25:31,854 - INFO -   Total Predictions: 0
2026-05-14 15:25:31,854 - INFO -   Top Bullish: []
2026-05-14 15:25:31,854 - INFO -   Top Bearish: []
2026-05-14 15:25:31,855 - INFO - ============================================================
2026-05-14 15:25:31,855 - INFO - STEP 5: Generating Daily Report
2026-05-14 15:25:31,855 - INFO - ============================================================
2026-05-14 15:25:31,857 - INFO -   Report generated successfully
2026-05-14 15:25:31,857 - INFO - ============================================================
2026-05-14 15:25:31,858 - INFO - ✅ ALL STEPS COMPLETED SUCCESSFULLY
2026-05-14 15:25:31,858 - INFO - 📁 Data saved to: stock_intelligence/2026-05-14/
2026-05-14 15:25:31,859 - INFO - ============================================================

📊 Collection Summary:
  • Option chains: 0 stocks
  • Gainers: 0
  • Losers: 0
  • OI Spurts: 0
  • Predictions: 0

📁 Data saved to: stock_intelligence/2026-05-14/
[2026-05-14 15:25:31] ==============================================
[2026-05-14 15:25:31] ✅ COLLECTION COMPLETED
[2026-05-14 15:25:31] ==============================================
