[2026-05-27 15:25:01] ==============================================
[2026-05-27 15:25:01] 🚀 STOCK INTELLIGENCE COLLECTOR
[2026-05-27 15:25:01] ==============================================
2026-05-27 15:25:01,625 - INFO - ============================================================
2026-05-27 15:25:01,625 - INFO - 🚀 STOCK INTELLIGENCE COLLECTOR
2026-05-27 15:25:01,626 - INFO - 📅 Date: 2026-05-27
2026-05-27 15:25:01,626 - INFO - ============================================================
2026-05-27 15:25:01,626 - INFO - ============================================================
2026-05-27 15:25:01,626 - INFO - STEP 1: Collecting Option Chains
2026-05-27 15:25:01,626 - INFO - ============================================================
2026-05-27 15:25:01,626 - INFO - [1/10] Fetching RELIANCE...
2026-05-27 15:25:01,626 - INFO - Initializing NSE session...
2026-05-27 15:25:02,392 - WARNING -   ❌ RELIANCE: Failed
2026-05-27 15:25:04,393 - INFO - [2/10] Fetching HDFCBANK...
2026-05-27 15:25:04,393 - INFO - Initializing NSE session...
2026-05-27 15:25:05,258 - WARNING -   ❌ HDFCBANK: Failed
2026-05-27 15:25:07,259 - INFO - [3/10] Fetching ICICIBANK...
2026-05-27 15:25:07,259 - INFO - Initializing NSE session...
2026-05-27 15:25:08,121 - WARNING -   ❌ ICICIBANK: Failed
2026-05-27 15:25:10,121 - INFO - [4/10] Fetching INFY...
2026-05-27 15:25:10,121 - INFO - Initializing NSE session...
2026-05-27 15:25:10,500 - WARNING -   ❌ INFY: Failed
2026-05-27 15:25:12,501 - INFO - [5/10] Fetching TCS...
2026-05-27 15:25:12,501 - INFO - Initializing NSE session...
2026-05-27 15:25:13,225 - WARNING -   ❌ TCS: Failed
2026-05-27 15:25:15,226 - INFO - [6/10] Fetching SBIN...
2026-05-27 15:25:15,226 - INFO - Initializing NSE session...
2026-05-27 15:25:16,318 - WARNING -   ❌ SBIN: Failed
2026-05-27 15:25:18,318 - INFO - [7/10] Fetching AXISBANK...
2026-05-27 15:25:18,318 - INFO - Initializing NSE session...
2026-05-27 15:25:19,180 - WARNING -   ❌ AXISBANK: Failed
2026-05-27 15:25:21,181 - INFO - [8/10] Fetching KOTAKBANK...
2026-05-27 15:25:21,181 - INFO - Initializing NSE session...
2026-05-27 15:25:21,842 - WARNING -   ❌ KOTAKBANK: Failed
2026-05-27 15:25:23,843 - INFO - [9/10] Fetching BAJFINANCE...
2026-05-27 15:25:23,843 - INFO - Initializing NSE session...
2026-05-27 15:25:24,715 - WARNING -   ❌ BAJFINANCE: Failed
2026-05-27 15:25:26,715 - INFO - [10/10] Fetching TATAMOTORS...
2026-05-27 15:25:26,716 - INFO - Initializing NSE session...
2026-05-27 15:25:27,378 - WARNING -   ❌ TATAMOTORS: Failed
2026-05-27 15:25:29,378 - INFO - Collected: 0, Failed: 10
2026-05-27 15:25:29,378 - INFO - ============================================================
2026-05-27 15:25:29,378 - INFO - STEP 2: Collecting Gainers/Losers
2026-05-27 15:25:29,379 - INFO - ============================================================
2026-05-27 15:25:29,379 - INFO - Initializing NSE session...
2026-05-27 15:25:30,994 - INFO - Initializing NSE session...
2026-05-27 15:25:31,878 - INFO -   Gainers: 0
2026-05-27 15:25:31,879 - INFO -   Losers: 0
2026-05-27 15:25:31,879 - INFO - ============================================================
2026-05-27 15:25:31,879 - INFO - STEP 3: Detecting OI Spurts
2026-05-27 15:25:31,879 - INFO - ============================================================
2026-05-27 15:25:31,880 - INFO -   Total Spurts: 0
2026-05-27 15:25:31,880 - INFO -   Long Buildups: 0
2026-05-27 15:25:31,880 - INFO -   Short Buildups: 0
2026-05-27 15:25:31,880 - INFO -   Market Sentiment: NEUTRAL
2026-05-27 15:25:31,880 - INFO - ============================================================
2026-05-27 15:25:31,880 - INFO - STEP 4: Generating Predictions
2026-05-27 15:25:31,880 - INFO - ============================================================
2026-05-27 15:25:31,880 - INFO -   Total Predictions: 0
2026-05-27 15:25:31,880 - INFO -   Top Bullish: []
2026-05-27 15:25:31,880 - INFO -   Top Bearish: []
2026-05-27 15:25:31,881 - INFO - ============================================================
2026-05-27 15:25:31,881 - INFO - STEP 5: Generating Daily Report
2026-05-27 15:25:31,881 - INFO - ============================================================
2026-05-27 15:25:31,881 - INFO -   Report generated successfully
2026-05-27 15:25:31,881 - INFO - ============================================================
2026-05-27 15:25:31,881 - INFO - ✅ ALL STEPS COMPLETED SUCCESSFULLY
2026-05-27 15:25:31,881 - INFO - 📁 Data saved to: stock_intelligence/2026-05-27/
2026-05-27 15:25:31,881 - INFO - ============================================================

📊 Collection Summary:
  • Option chains: 0 stocks
  • Gainers: 0
  • Losers: 0
  • OI Spurts: 0
  • Predictions: 0

📁 Data saved to: stock_intelligence/2026-05-27/
[2026-05-27 15:25:31] ==============================================
[2026-05-27 15:25:31] ✅ COLLECTION COMPLETED
[2026-05-27 15:25:31] ==============================================
