[2026-05-15 15:25:01] ==============================================
[2026-05-15 15:25:01] 🚀 STOCK INTELLIGENCE COLLECTOR
[2026-05-15 15:25:01] ==============================================
2026-05-15 15:25:01,908 - INFO - ============================================================
2026-05-15 15:25:01,908 - INFO - 🚀 STOCK INTELLIGENCE COLLECTOR
2026-05-15 15:25:01,908 - INFO - 📅 Date: 2026-05-15
2026-05-15 15:25:01,908 - INFO - ============================================================
2026-05-15 15:25:01,908 - INFO - ============================================================
2026-05-15 15:25:01,908 - INFO - STEP 1: Collecting Option Chains
2026-05-15 15:25:01,909 - INFO - ============================================================
2026-05-15 15:25:01,909 - INFO - [1/10] Fetching RELIANCE...
2026-05-15 15:25:01,909 - INFO - Initializing NSE session...
2026-05-15 15:25:02,567 - WARNING -   ❌ RELIANCE: Failed
2026-05-15 15:25:04,568 - INFO - [2/10] Fetching HDFCBANK...
2026-05-15 15:25:04,568 - INFO - Initializing NSE session...
2026-05-15 15:25:06,741 - WARNING -   ❌ HDFCBANK: Failed
2026-05-15 15:25:08,741 - INFO - [3/10] Fetching ICICIBANK...
2026-05-15 15:25:08,742 - INFO - Initializing NSE session...
2026-05-15 15:25:09,689 - WARNING -   ❌ ICICIBANK: Failed
2026-05-15 15:25:11,690 - INFO - [4/10] Fetching INFY...
2026-05-15 15:25:11,690 - INFO - Initializing NSE session...
2026-05-15 15:25:12,125 - WARNING -   ❌ INFY: Failed
2026-05-15 15:25:14,126 - INFO - [5/10] Fetching TCS...
2026-05-15 15:25:14,126 - INFO - Initializing NSE session...
2026-05-15 15:25:14,440 - WARNING -   ❌ TCS: Failed
2026-05-15 15:25:16,440 - INFO - [6/10] Fetching SBIN...
2026-05-15 15:25:16,441 - INFO - Initializing NSE session...
2026-05-15 15:25:17,267 - WARNING -   ❌ SBIN: Failed
2026-05-15 15:25:19,267 - INFO - [7/10] Fetching AXISBANK...
2026-05-15 15:25:19,268 - INFO - Initializing NSE session...
2026-05-15 15:25:19,483 - WARNING -   ❌ AXISBANK: Failed
2026-05-15 15:25:21,483 - INFO - [8/10] Fetching KOTAKBANK...
2026-05-15 15:25:21,484 - INFO - Initializing NSE session...
2026-05-15 15:25:22,482 - WARNING -   ❌ KOTAKBANK: Failed
2026-05-15 15:25:24,483 - INFO - [9/10] Fetching BAJFINANCE...
2026-05-15 15:25:24,483 - INFO - Initializing NSE session...
2026-05-15 15:25:25,256 - WARNING -   ❌ BAJFINANCE: Failed
2026-05-15 15:25:27,256 - INFO - [10/10] Fetching TATAMOTORS...
2026-05-15 15:25:27,257 - INFO - Initializing NSE session...
2026-05-15 15:25:28,393 - WARNING -   ❌ TATAMOTORS: Failed
2026-05-15 15:25:30,393 - INFO - Collected: 0, Failed: 10
2026-05-15 15:25:30,393 - INFO - ============================================================
2026-05-15 15:25:30,393 - INFO - STEP 2: Collecting Gainers/Losers
2026-05-15 15:25:30,393 - INFO - ============================================================
2026-05-15 15:25:30,394 - INFO - Initializing NSE session...
2026-05-15 15:25:31,808 - INFO - Initializing NSE session...
2026-05-15 15:25:32,036 - INFO -   Gainers: 0
2026-05-15 15:25:32,036 - INFO -   Losers: 0
2026-05-15 15:25:32,036 - INFO - ============================================================
2026-05-15 15:25:32,036 - INFO - STEP 3: Detecting OI Spurts
2026-05-15 15:25:32,036 - INFO - ============================================================
2026-05-15 15:25:32,037 - INFO -   Total Spurts: 0
2026-05-15 15:25:32,037 - INFO -   Long Buildups: 0
2026-05-15 15:25:32,037 - INFO -   Short Buildups: 0
2026-05-15 15:25:32,037 - INFO -   Market Sentiment: NEUTRAL
2026-05-15 15:25:32,037 - INFO - ============================================================
2026-05-15 15:25:32,037 - INFO - STEP 4: Generating Predictions
2026-05-15 15:25:32,037 - INFO - ============================================================
2026-05-15 15:25:32,038 - INFO -   Total Predictions: 0
2026-05-15 15:25:32,038 - INFO -   Top Bullish: []
2026-05-15 15:25:32,038 - INFO -   Top Bearish: []
2026-05-15 15:25:32,038 - INFO - ============================================================
2026-05-15 15:25:32,038 - INFO - STEP 5: Generating Daily Report
2026-05-15 15:25:32,038 - INFO - ============================================================
2026-05-15 15:25:32,039 - INFO -   Report generated successfully
2026-05-15 15:25:32,039 - INFO - ============================================================
2026-05-15 15:25:32,040 - INFO - ✅ ALL STEPS COMPLETED SUCCESSFULLY
2026-05-15 15:25:32,040 - INFO - 📁 Data saved to: stock_intelligence/2026-05-15/
2026-05-15 15:25:32,040 - INFO - ============================================================

📊 Collection Summary:
  • Option chains: 0 stocks
  • Gainers: 0
  • Losers: 0
  • OI Spurts: 0
  • Predictions: 0

📁 Data saved to: stock_intelligence/2026-05-15/
[2026-05-15 15:25:32] ==============================================
[2026-05-15 15:25:32] ✅ COLLECTION COMPLETED
[2026-05-15 15:25:32] ==============================================
