[2026-07-13 15:35:01] ==============================================
[2026-07-13 15:35:01] 🚀 STOCK INTELLIGENCE COLLECTOR
[2026-07-13 15:35:01] ==============================================
2026-07-13 15:35:02,368 - INFO - ============================================================
2026-07-13 15:35:02,368 - INFO - 🚀 STOCK INTELLIGENCE COLLECTOR
2026-07-13 15:35:02,368 - INFO - 📅 Date: 2026-07-13
2026-07-13 15:35:02,368 - INFO - ============================================================
2026-07-13 15:35:02,368 - INFO - ============================================================
2026-07-13 15:35:02,369 - INFO - STEP 1: Collecting Option Chains
2026-07-13 15:35:02,369 - INFO - ============================================================
2026-07-13 15:35:02,369 - INFO - [1/10] Fetching RELIANCE...
2026-07-13 15:35:02,369 - INFO - Initializing NSE session...
2026-07-13 15:35:02,751 - WARNING -   ❌ RELIANCE: Failed
2026-07-13 15:35:04,752 - INFO - [2/10] Fetching HDFCBANK...
2026-07-13 15:35:04,752 - INFO - Initializing NSE session...
2026-07-13 15:35:05,075 - WARNING -   ❌ HDFCBANK: Failed
2026-07-13 15:35:07,075 - INFO - [3/10] Fetching ICICIBANK...
2026-07-13 15:35:07,075 - INFO - Initializing NSE session...
2026-07-13 15:35:07,386 - WARNING -   ❌ ICICIBANK: Failed
2026-07-13 15:35:09,387 - INFO - [4/10] Fetching INFY...
2026-07-13 15:35:09,388 - INFO - Initializing NSE session...
2026-07-13 15:35:09,724 - WARNING -   ❌ INFY: Failed
2026-07-13 15:35:11,725 - INFO - [5/10] Fetching TCS...
2026-07-13 15:35:11,725 - INFO - Initializing NSE session...
2026-07-13 15:35:12,122 - WARNING -   ❌ TCS: Failed
2026-07-13 15:35:14,122 - INFO - [6/10] Fetching SBIN...
2026-07-13 15:35:14,122 - INFO - Initializing NSE session...
2026-07-13 15:35:14,616 - WARNING -   ❌ SBIN: Failed
2026-07-13 15:35:16,616 - INFO - [7/10] Fetching AXISBANK...
2026-07-13 15:35:16,617 - INFO - Initializing NSE session...
2026-07-13 15:35:17,752 - WARNING -   ❌ AXISBANK: Failed
2026-07-13 15:35:19,756 - INFO - [8/10] Fetching KOTAKBANK...
2026-07-13 15:35:19,756 - INFO - Initializing NSE session...
2026-07-13 15:35:22,189 - WARNING -   ❌ KOTAKBANK: Failed
2026-07-13 15:35:24,190 - INFO - [9/10] Fetching BAJFINANCE...
2026-07-13 15:35:24,191 - INFO - Initializing NSE session...
2026-07-13 15:35:25,351 - WARNING -   ❌ BAJFINANCE: Failed
2026-07-13 15:35:27,359 - INFO - [10/10] Fetching TATAMOTORS...
2026-07-13 15:35:27,359 - INFO - Initializing NSE session...
2026-07-13 15:35:27,909 - WARNING -   ❌ TATAMOTORS: Failed
2026-07-13 15:35:29,910 - INFO - Collected: 0, Failed: 10
2026-07-13 15:35:29,911 - INFO - ============================================================
2026-07-13 15:35:29,911 - INFO - STEP 2: Collecting Gainers/Losers
2026-07-13 15:35:29,911 - INFO - ============================================================
2026-07-13 15:35:29,912 - INFO - Initializing NSE session...
2026-07-13 15:35:31,060 - INFO - Initializing NSE session...
2026-07-13 15:35:33,996 - INFO -   Gainers: 0
2026-07-13 15:35:33,996 - INFO -   Losers: 0
2026-07-13 15:35:33,996 - INFO - ============================================================
2026-07-13 15:35:33,997 - INFO - STEP 3: Detecting OI Spurts
2026-07-13 15:35:33,997 - INFO - ============================================================
2026-07-13 15:35:34,032 - INFO -   Total Spurts: 0
2026-07-13 15:35:34,032 - INFO -   Long Buildups: 0
2026-07-13 15:35:34,033 - INFO -   Short Buildups: 0
2026-07-13 15:35:34,033 - INFO -   Market Sentiment: NEUTRAL
2026-07-13 15:35:34,033 - INFO - ============================================================
2026-07-13 15:35:34,033 - INFO - STEP 4: Generating Predictions
2026-07-13 15:35:34,033 - INFO - ============================================================
2026-07-13 15:35:34,037 - INFO -   Total Predictions: 0
2026-07-13 15:35:34,037 - INFO -   Top Bullish: []
2026-07-13 15:35:34,037 - INFO -   Top Bearish: []
2026-07-13 15:35:34,038 - INFO - ============================================================
2026-07-13 15:35:34,038 - INFO - STEP 5: Generating Daily Report
2026-07-13 15:35:34,038 - INFO - ============================================================
2026-07-13 15:35:34,042 - INFO -   Report generated successfully
2026-07-13 15:35:34,042 - INFO - ============================================================
2026-07-13 15:35:34,042 - INFO - ✅ ALL STEPS COMPLETED SUCCESSFULLY
2026-07-13 15:35:34,042 - INFO - 📁 Data saved to: stock_intelligence/2026-07-13/
2026-07-13 15:35:34,043 - INFO - ============================================================

📊 Collection Summary:
  • Option chains: 0 stocks
  • Gainers: 0
  • Losers: 0
  • OI Spurts: 0
  • Predictions: 0

📁 Data saved to: stock_intelligence/2026-07-13/
[2026-07-13 15:35:34] ==============================================
[2026-07-13 15:35:34] ✅ COLLECTION COMPLETED
[2026-07-13 15:35:34] ==============================================
