[2026-09-08 15:35:01] ==============================================
[2026-09-08 15:35:01] 🚀 STOCK INTELLIGENCE COLLECTOR
[2026-09-08 15:35:01] ==============================================
2026-09-08 15:35:01,588 - INFO - ============================================================
2026-09-08 15:35:01,588 - INFO - 🚀 STOCK INTELLIGENCE COLLECTOR
2026-09-08 15:35:01,588 - INFO - 📅 Date: 2026-09-08
2026-09-08 15:35:01,588 - INFO - ============================================================
2026-09-08 15:35:01,588 - INFO - ============================================================
2026-09-08 15:35:01,588 - INFO - STEP 1: Collecting Option Chains
2026-09-08 15:35:01,588 - INFO - ============================================================
2026-09-08 15:35:01,589 - INFO - [1/10] Fetching RELIANCE...
2026-09-08 15:35:01,589 - INFO - Initializing NSE session...
2026-09-08 15:35:01,593 - ERROR - Session init error: HTTPSConnectionPool(host='www.nseindia.com', port=443): Max retries exceeded with url: / (Caused by NameResolutionError("<urllib3.connection.HTTPSConnection object at 0x72ce7cebd160>: Failed to resolve 'www.nseindia.com' ([Errno -3] Temporary failure in name resolution)"))
2026-09-08 15:35:01,594 - WARNING -   ❌ RELIANCE: Failed
2026-09-08 15:35:03,594 - INFO - [2/10] Fetching HDFCBANK...
2026-09-08 15:35:03,594 - INFO - Initializing NSE session...
2026-09-08 15:35:03,598 - ERROR - Session init error: HTTPSConnectionPool(host='www.nseindia.com', port=443): Max retries exceeded with url: / (Caused by NameResolutionError("<urllib3.connection.HTTPSConnection object at 0x72ce7cec4f50>: Failed to resolve 'www.nseindia.com' ([Errno -3] Temporary failure in name resolution)"))
2026-09-08 15:35:03,598 - WARNING -   ❌ HDFCBANK: Failed
2026-09-08 15:35:05,598 - INFO - [3/10] Fetching ICICIBANK...
2026-09-08 15:35:05,599 - INFO - Initializing NSE session...
2026-09-08 15:35:05,602 - ERROR - Session init error: HTTPSConnectionPool(host='www.nseindia.com', port=443): Max retries exceeded with url: / (Caused by NameResolutionError("<urllib3.connection.HTTPSConnection object at 0x72ce7cec5590>: Failed to resolve 'www.nseindia.com' ([Errno -3] Temporary failure in name resolution)"))
2026-09-08 15:35:05,603 - WARNING -   ❌ ICICIBANK: Failed
2026-09-08 15:35:07,603 - INFO - [4/10] Fetching INFY...
2026-09-08 15:35:07,603 - INFO - Initializing NSE session...
2026-09-08 15:35:07,606 - ERROR - Session init error: HTTPSConnectionPool(host='www.nseindia.com', port=443): Max retries exceeded with url: / (Caused by NameResolutionError("<urllib3.connection.HTTPSConnection object at 0x72ce7cec5810>: Failed to resolve 'www.nseindia.com' ([Errno -3] Temporary failure in name resolution)"))
2026-09-08 15:35:07,607 - WARNING -   ❌ INFY: Failed
2026-09-08 15:35:09,607 - INFO - [5/10] Fetching TCS...
2026-09-08 15:35:09,607 - INFO - Initializing NSE session...
2026-09-08 15:35:09,611 - ERROR - Session init error: HTTPSConnectionPool(host='www.nseindia.com', port=443): Max retries exceeded with url: / (Caused by NameResolutionError("<urllib3.connection.HTTPSConnection object at 0x72ce7cec5d10>: Failed to resolve 'www.nseindia.com' ([Errno -3] Temporary failure in name resolution)"))
2026-09-08 15:35:09,612 - WARNING -   ❌ TCS: Failed
2026-09-08 15:35:11,612 - INFO - [6/10] Fetching SBIN...
2026-09-08 15:35:11,612 - INFO - Initializing NSE session...
2026-09-08 15:35:11,615 - ERROR - Session init error: HTTPSConnectionPool(host='www.nseindia.com', port=443): Max retries exceeded with url: / (Caused by NameResolutionError("<urllib3.connection.HTTPSConnection object at 0x72ce7cec5a90>: Failed to resolve 'www.nseindia.com' ([Errno -3] Temporary failure in name resolution)"))
2026-09-08 15:35:11,616 - WARNING -   ❌ SBIN: Failed
2026-09-08 15:35:13,616 - INFO - [7/10] Fetching AXISBANK...
2026-09-08 15:35:13,616 - INFO - Initializing NSE session...
2026-09-08 15:35:13,619 - ERROR - Session init error: HTTPSConnectionPool(host='www.nseindia.com', port=443): Max retries exceeded with url: / (Caused by NameResolutionError("<urllib3.connection.HTTPSConnection object at 0x72ce7cec51d0>: Failed to resolve 'www.nseindia.com' ([Errno -3] Temporary failure in name resolution)"))
2026-09-08 15:35:13,619 - WARNING -   ❌ AXISBANK: Failed
2026-09-08 15:35:15,620 - INFO - [8/10] Fetching KOTAKBANK...
2026-09-08 15:35:15,620 - INFO - Initializing NSE session...
2026-09-08 15:35:15,624 - ERROR - Session init error: HTTPSConnectionPool(host='www.nseindia.com', port=443): Max retries exceeded with url: / (Caused by NameResolutionError("<urllib3.connection.HTTPSConnection object at 0x72ce7cec5310>: Failed to resolve 'www.nseindia.com' ([Errno -3] Temporary failure in name resolution)"))
2026-09-08 15:35:15,624 - WARNING -   ❌ KOTAKBANK: Failed
2026-09-08 15:35:17,624 - INFO - [9/10] Fetching BAJFINANCE...
2026-09-08 15:35:17,624 - INFO - Initializing NSE session...
2026-09-08 15:35:17,627 - ERROR - Session init error: HTTPSConnectionPool(host='www.nseindia.com', port=443): Max retries exceeded with url: / (Caused by NameResolutionError("<urllib3.connection.HTTPSConnection object at 0x72ce7cec4f50>: Failed to resolve 'www.nseindia.com' ([Errno -3] Temporary failure in name resolution)"))
2026-09-08 15:35:17,627 - WARNING -   ❌ BAJFINANCE: Failed
2026-09-08 15:35:19,628 - INFO - [10/10] Fetching TATAMOTORS...
2026-09-08 15:35:19,628 - INFO - Initializing NSE session...
2026-09-08 15:35:19,631 - ERROR - Session init error: HTTPSConnectionPool(host='www.nseindia.com', port=443): Max retries exceeded with url: / (Caused by NameResolutionError("<urllib3.connection.HTTPSConnection object at 0x72ce7cec4550>: Failed to resolve 'www.nseindia.com' ([Errno -3] Temporary failure in name resolution)"))
2026-09-08 15:35:19,631 - WARNING -   ❌ TATAMOTORS: Failed
2026-09-08 15:35:21,632 - INFO - Collected: 0, Failed: 10
2026-09-08 15:35:21,632 - INFO - ============================================================
2026-09-08 15:35:21,632 - INFO - STEP 2: Collecting Gainers/Losers
2026-09-08 15:35:21,632 - INFO - ============================================================
2026-09-08 15:35:21,632 - INFO - Initializing NSE session...
2026-09-08 15:35:21,635 - ERROR - Session init error: HTTPSConnectionPool(host='www.nseindia.com', port=443): Max retries exceeded with url: / (Caused by NameResolutionError("<urllib3.connection.HTTPSConnection object at 0x72ce7cec4190>: Failed to resolve 'www.nseindia.com' ([Errno -3] Temporary failure in name resolution)"))
2026-09-08 15:35:22,636 - INFO - Initializing NSE session...
2026-09-08 15:35:22,639 - ERROR - Session init error: HTTPSConnectionPool(host='www.nseindia.com', port=443): Max retries exceeded with url: / (Caused by NameResolutionError("<urllib3.connection.HTTPSConnection object at 0x72ce7cec5e50>: Failed to resolve 'www.nseindia.com' ([Errno -3] Temporary failure in name resolution)"))
2026-09-08 15:35:22,640 - INFO -   Gainers: 0
2026-09-08 15:35:22,640 - INFO -   Losers: 0
2026-09-08 15:35:22,640 - INFO - ============================================================
2026-09-08 15:35:22,640 - INFO - STEP 3: Detecting OI Spurts
2026-09-08 15:35:22,640 - INFO - ============================================================
2026-09-08 15:35:22,641 - INFO -   Total Spurts: 0
2026-09-08 15:35:22,642 - INFO -   Long Buildups: 0
2026-09-08 15:35:22,642 - INFO -   Short Buildups: 0
2026-09-08 15:35:22,642 - INFO -   Market Sentiment: NEUTRAL
2026-09-08 15:35:22,642 - INFO - ============================================================
2026-09-08 15:35:22,642 - INFO - STEP 4: Generating Predictions
2026-09-08 15:35:22,642 - INFO - ============================================================
2026-09-08 15:35:22,643 - INFO -   Total Predictions: 0
2026-09-08 15:35:22,643 - INFO -   Top Bullish: []
2026-09-08 15:35:22,644 - INFO -   Top Bearish: []
2026-09-08 15:35:22,644 - INFO - ============================================================
2026-09-08 15:35:22,644 - INFO - STEP 5: Generating Daily Report
2026-09-08 15:35:22,644 - INFO - ============================================================
2026-09-08 15:35:22,645 - INFO -   Report generated successfully
2026-09-08 15:35:22,645 - INFO - ============================================================
2026-09-08 15:35:22,645 - INFO - ✅ ALL STEPS COMPLETED SUCCESSFULLY
2026-09-08 15:35:22,645 - INFO - 📁 Data saved to: stock_intelligence/2026-09-08/
2026-09-08 15:35:22,646 - INFO - ============================================================

📊 Collection Summary:
  • Option chains: 0 stocks
  • Gainers: 0
  • Losers: 0
  • OI Spurts: 0
  • Predictions: 0

📁 Data saved to: stock_intelligence/2026-09-08/
[2026-09-08 15:35:22] ==============================================
[2026-09-08 15:35:22] ✅ COLLECTION COMPLETED
[2026-09-08 15:35:22] ==============================================
