[2026-06-29 15:35:01] ==============================================
[2026-06-29 15:35:01] 🚀 STOCK INTELLIGENCE COLLECTOR
[2026-06-29 15:35:01] ==============================================
2026-06-29 15:35:01,565 - INFO - ============================================================
2026-06-29 15:35:01,565 - INFO - 🚀 STOCK INTELLIGENCE COLLECTOR
2026-06-29 15:35:01,565 - INFO - 📅 Date: 2026-06-29
2026-06-29 15:35:01,565 - INFO - ============================================================
2026-06-29 15:35:01,565 - INFO - ============================================================
2026-06-29 15:35:01,565 - INFO - STEP 1: Collecting Option Chains
2026-06-29 15:35:01,565 - INFO - ============================================================
2026-06-29 15:35:01,565 - INFO - [1/10] Fetching RELIANCE...
2026-06-29 15:35:01,565 - INFO - Initializing NSE session...
2026-06-29 15:35:01,817 - WARNING -   ❌ RELIANCE: Failed
2026-06-29 15:35:03,818 - INFO - [2/10] Fetching HDFCBANK...
2026-06-29 15:35:03,818 - INFO - Initializing NSE session...
2026-06-29 15:35:04,019 - WARNING -   ❌ HDFCBANK: Failed
2026-06-29 15:35:06,019 - INFO - [3/10] Fetching ICICIBANK...
2026-06-29 15:35:06,020 - INFO - Initializing NSE session...
2026-06-29 15:35:06,389 - WARNING -   ❌ ICICIBANK: Failed
2026-06-29 15:35:08,389 - INFO - [4/10] Fetching INFY...
2026-06-29 15:35:08,389 - INFO - Initializing NSE session...
2026-06-29 15:35:08,814 - WARNING -   ❌ INFY: Failed
2026-06-29 15:35:10,814 - INFO - [5/10] Fetching TCS...
2026-06-29 15:35:10,814 - INFO - Initializing NSE session...
2026-06-29 15:35:12,636 - WARNING -   ❌ TCS: Failed
2026-06-29 15:35:14,636 - INFO - [6/10] Fetching SBIN...
2026-06-29 15:35:14,637 - INFO - Initializing NSE session...
2026-06-29 15:35:15,463 - WARNING -   ❌ SBIN: Failed
2026-06-29 15:35:17,464 - INFO - [7/10] Fetching AXISBANK...
2026-06-29 15:35:17,464 - INFO - Initializing NSE session...
2026-06-29 15:35:17,652 - WARNING -   ❌ AXISBANK: Failed
2026-06-29 15:35:19,652 - INFO - [8/10] Fetching KOTAKBANK...
2026-06-29 15:35:19,652 - INFO - Initializing NSE session...
2026-06-29 15:35:19,861 - WARNING -   ❌ KOTAKBANK: Failed
2026-06-29 15:35:21,862 - INFO - [9/10] Fetching BAJFINANCE...
2026-06-29 15:35:21,862 - INFO - Initializing NSE session...
2026-06-29 15:35:22,083 - WARNING -   ❌ BAJFINANCE: Failed
2026-06-29 15:35:24,084 - INFO - [10/10] Fetching TATAMOTORS...
2026-06-29 15:35:24,084 - INFO - Initializing NSE session...
2026-06-29 15:35:24,248 - WARNING -   ❌ TATAMOTORS: Failed
2026-06-29 15:35:26,249 - INFO - Collected: 0, Failed: 10
2026-06-29 15:35:26,249 - INFO - ============================================================
2026-06-29 15:35:26,249 - INFO - STEP 2: Collecting Gainers/Losers
2026-06-29 15:35:26,249 - INFO - ============================================================
2026-06-29 15:35:26,249 - INFO - Initializing NSE session...
2026-06-29 15:35:27,533 - INFO - Initializing NSE session...
2026-06-29 15:35:27,811 - INFO -   Gainers: 0
2026-06-29 15:35:27,811 - INFO -   Losers: 0
2026-06-29 15:35:27,811 - INFO - ============================================================
2026-06-29 15:35:27,812 - INFO - STEP 3: Detecting OI Spurts
2026-06-29 15:35:27,812 - INFO - ============================================================
2026-06-29 15:35:27,813 - INFO -   Total Spurts: 0
2026-06-29 15:35:27,813 - INFO -   Long Buildups: 0
2026-06-29 15:35:27,814 - INFO -   Short Buildups: 0
2026-06-29 15:35:27,814 - INFO -   Market Sentiment: NEUTRAL
2026-06-29 15:35:27,814 - INFO - ============================================================
2026-06-29 15:35:27,814 - INFO - STEP 4: Generating Predictions
2026-06-29 15:35:27,814 - INFO - ============================================================
2026-06-29 15:35:27,815 - INFO -   Total Predictions: 0
2026-06-29 15:35:27,815 - INFO -   Top Bullish: []
2026-06-29 15:35:27,815 - INFO -   Top Bearish: []
2026-06-29 15:35:27,815 - INFO - ============================================================
2026-06-29 15:35:27,815 - INFO - STEP 5: Generating Daily Report
2026-06-29 15:35:27,816 - INFO - ============================================================
2026-06-29 15:35:27,817 - INFO -   Report generated successfully
2026-06-29 15:35:27,817 - INFO - ============================================================
2026-06-29 15:35:27,817 - INFO - ✅ ALL STEPS COMPLETED SUCCESSFULLY
2026-06-29 15:35:27,817 - INFO - 📁 Data saved to: stock_intelligence/2026-06-29/
2026-06-29 15:35:27,817 - INFO - ============================================================

📊 Collection Summary:
  • Option chains: 0 stocks
  • Gainers: 0
  • Losers: 0
  • OI Spurts: 0
  • Predictions: 0

📁 Data saved to: stock_intelligence/2026-06-29/
[2026-06-29 15:35:27] ==============================================
[2026-06-29 15:35:27] ✅ COLLECTION COMPLETED
[2026-06-29 15:35:27] ==============================================
