[2026-03-26 16:25:34] ==============================================
[2026-03-26 16:25:34] 🚀 STOCK INTELLIGENCE COLLECTOR
[2026-03-26 16:25:34] ==============================================
2026-03-26 16:25:34,367 - INFO - ============================================================
2026-03-26 16:25:34,367 - INFO - 🚀 STOCK INTELLIGENCE COLLECTOR
2026-03-26 16:25:34,367 - INFO - 📅 Date: 2026-03-26
2026-03-26 16:25:34,367 - INFO - ============================================================
2026-03-26 16:25:34,367 - INFO - ============================================================
2026-03-26 16:25:34,367 - INFO - STEP 1: Collecting Option Chains
2026-03-26 16:25:34,367 - INFO - ============================================================
2026-03-26 16:25:34,367 - INFO - [1/10] Fetching RELIANCE...
2026-03-26 16:25:34,367 - INFO - Initializing NSE session...
2026-03-26 16:25:35,557 - WARNING -   ❌ RELIANCE: Failed
2026-03-26 16:25:37,558 - INFO - [2/10] Fetching HDFCBANK...
2026-03-26 16:25:37,558 - INFO - Initializing NSE session...
2026-03-26 16:25:38,096 - WARNING -   ❌ HDFCBANK: Failed
2026-03-26 16:25:40,097 - INFO - [3/10] Fetching ICICIBANK...
2026-03-26 16:25:40,097 - INFO - Initializing NSE session...
2026-03-26 16:25:40,332 - WARNING -   ❌ ICICIBANK: Failed
2026-03-26 16:25:42,333 - INFO - [4/10] Fetching INFY...
2026-03-26 16:25:42,333 - INFO - Initializing NSE session...
2026-03-26 16:25:42,906 - WARNING -   ❌ INFY: Failed
2026-03-26 16:25:44,907 - INFO - [5/10] Fetching TCS...
2026-03-26 16:25:44,907 - INFO - Initializing NSE session...
2026-03-26 16:25:45,542 - WARNING -   ❌ TCS: Failed
2026-03-26 16:25:47,542 - INFO - [6/10] Fetching SBIN...
2026-03-26 16:25:47,543 - INFO - Initializing NSE session...
2026-03-26 16:25:47,857 - WARNING -   ❌ SBIN: Failed
2026-03-26 16:25:49,858 - INFO - [7/10] Fetching AXISBANK...
2026-03-26 16:25:49,858 - INFO - Initializing NSE session...
2026-03-26 16:25:50,319 - WARNING -   ❌ AXISBANK: Failed
2026-03-26 16:25:52,320 - INFO - [8/10] Fetching KOTAKBANK...
2026-03-26 16:25:52,321 - INFO - Initializing NSE session...
2026-03-26 16:25:52,622 - WARNING -   ❌ KOTAKBANK: Failed
2026-03-26 16:25:54,622 - INFO - [9/10] Fetching BAJFINANCE...
2026-03-26 16:25:54,622 - INFO - Initializing NSE session...
2026-03-26 16:25:55,634 - WARNING -   ❌ BAJFINANCE: Failed
2026-03-26 16:25:57,634 - INFO - [10/10] Fetching TATAMOTORS...
2026-03-26 16:25:57,635 - INFO - Initializing NSE session...
2026-03-26 16:25:57,934 - WARNING -   ❌ TATAMOTORS: Failed
2026-03-26 16:25:59,940 - INFO - Collected: 0, Failed: 10
2026-03-26 16:25:59,940 - INFO - ============================================================
2026-03-26 16:25:59,940 - INFO - STEP 2: Collecting Gainers/Losers
2026-03-26 16:25:59,940 - INFO - ============================================================
2026-03-26 16:25:59,941 - INFO - Initializing NSE session...
2026-03-26 16:26:01,202 - INFO - Initializing NSE session...
2026-03-26 16:26:01,428 - INFO -   Gainers: 0
2026-03-26 16:26:01,428 - INFO -   Losers: 0
2026-03-26 16:26:01,428 - INFO - ============================================================
2026-03-26 16:26:01,428 - INFO - STEP 3: Detecting OI Spurts
2026-03-26 16:26:01,429 - INFO - ============================================================
2026-03-26 16:26:01,430 - INFO -   Total Spurts: 0
2026-03-26 16:26:01,430 - INFO -   Long Buildups: 0
2026-03-26 16:26:01,431 - INFO -   Short Buildups: 0
2026-03-26 16:26:01,431 - INFO -   Market Sentiment: NEUTRAL
2026-03-26 16:26:01,431 - INFO - ============================================================
2026-03-26 16:26:01,431 - INFO - STEP 4: Generating Predictions
2026-03-26 16:26:01,431 - INFO - ============================================================
2026-03-26 16:26:01,432 - INFO -   Total Predictions: 0
2026-03-26 16:26:01,432 - INFO -   Top Bullish: []
2026-03-26 16:26:01,433 - INFO -   Top Bearish: []
2026-03-26 16:26:01,433 - INFO - ============================================================
2026-03-26 16:26:01,433 - INFO - STEP 5: Generating Daily Report
2026-03-26 16:26:01,433 - INFO - ============================================================
2026-03-26 16:26:01,434 - INFO -   Report generated successfully
2026-03-26 16:26:01,434 - INFO - ============================================================
2026-03-26 16:26:01,434 - INFO - ✅ ALL STEPS COMPLETED SUCCESSFULLY
2026-03-26 16:26:01,434 - INFO - 📁 Data saved to: stock_intelligence/2026-03-26/
2026-03-26 16:26:01,434 - INFO - ============================================================

📊 Collection Summary:
  • Option chains: 0 stocks
  • Gainers: 0
  • Losers: 0
  • OI Spurts: 0
  • Predictions: 0

📁 Data saved to: stock_intelligence/2026-03-26/
[2026-03-26 16:26:01] ==============================================
[2026-03-26 16:26:01] ✅ COLLECTION COMPLETED
[2026-03-26 16:26:01] ==============================================
