[2026-02-26 15:25:01] ==============================================
[2026-02-26 15:25:01] 🚀 STOCK INTELLIGENCE COLLECTOR
[2026-02-26 15:25:01] ==============================================
2026-02-26 15:25:02,150 - INFO - ============================================================
2026-02-26 15:25:02,150 - INFO - 🚀 STOCK INTELLIGENCE COLLECTOR
2026-02-26 15:25:02,150 - INFO - 📅 Date: 2026-02-26
2026-02-26 15:25:02,150 - INFO - ============================================================
2026-02-26 15:25:02,150 - INFO - ============================================================
2026-02-26 15:25:02,150 - INFO - STEP 1: Collecting Option Chains
2026-02-26 15:25:02,150 - INFO - ============================================================
2026-02-26 15:25:02,150 - INFO - [1/10] Fetching RELIANCE...
2026-02-26 15:25:02,150 - INFO - Initializing NSE session...
2026-02-26 15:25:02,788 - WARNING -   ❌ RELIANCE: Failed
2026-02-26 15:25:04,789 - INFO - [2/10] Fetching HDFCBANK...
2026-02-26 15:25:04,789 - INFO - Initializing NSE session...
2026-02-26 15:25:04,992 - WARNING -   ❌ HDFCBANK: Failed
2026-02-26 15:25:06,993 - INFO - [3/10] Fetching ICICIBANK...
2026-02-26 15:25:06,993 - INFO - Initializing NSE session...
2026-02-26 15:25:07,195 - WARNING -   ❌ ICICIBANK: Failed
2026-02-26 15:25:09,196 - INFO - [4/10] Fetching INFY...
2026-02-26 15:25:09,197 - INFO - Initializing NSE session...
2026-02-26 15:25:10,040 - WARNING -   ❌ INFY: Failed
2026-02-26 15:25:12,041 - INFO - [5/10] Fetching TCS...
2026-02-26 15:25:12,041 - INFO - Initializing NSE session...
2026-02-26 15:25:12,706 - WARNING -   ❌ TCS: Failed
2026-02-26 15:25:14,706 - INFO - [6/10] Fetching SBIN...
2026-02-26 15:25:14,706 - INFO - Initializing NSE session...
2026-02-26 15:25:14,904 - WARNING -   ❌ SBIN: Failed
2026-02-26 15:25:16,904 - INFO - [7/10] Fetching AXISBANK...
2026-02-26 15:25:16,904 - INFO - Initializing NSE session...
2026-02-26 15:25:17,105 - WARNING -   ❌ AXISBANK: Failed
2026-02-26 15:25:19,106 - INFO - [8/10] Fetching KOTAKBANK...
2026-02-26 15:25:19,106 - INFO - Initializing NSE session...
2026-02-26 15:25:19,324 - WARNING -   ❌ KOTAKBANK: Failed
2026-02-26 15:25:21,325 - INFO - [9/10] Fetching BAJFINANCE...
2026-02-26 15:25:21,325 - INFO - Initializing NSE session...
2026-02-26 15:25:21,853 - WARNING -   ❌ BAJFINANCE: Failed
2026-02-26 15:25:23,853 - INFO - [10/10] Fetching TATAMOTORS...
2026-02-26 15:25:23,854 - INFO - Initializing NSE session...
2026-02-26 15:25:24,385 - WARNING -   ❌ TATAMOTORS: Failed
2026-02-26 15:25:26,386 - INFO - Collected: 0, Failed: 10
2026-02-26 15:25:26,386 - INFO - ============================================================
2026-02-26 15:25:26,386 - INFO - STEP 2: Collecting Gainers/Losers
2026-02-26 15:25:26,386 - INFO - ============================================================
2026-02-26 15:25:26,386 - INFO - Initializing NSE session...
2026-02-26 15:25:27,613 - INFO - Initializing NSE session...
2026-02-26 15:25:28,281 - INFO -   Gainers: 0
2026-02-26 15:25:28,281 - INFO -   Losers: 0
2026-02-26 15:25:28,281 - INFO - ============================================================
2026-02-26 15:25:28,281 - INFO - STEP 3: Detecting OI Spurts
2026-02-26 15:25:28,281 - INFO - ============================================================
2026-02-26 15:25:28,282 - INFO -   Total Spurts: 0
2026-02-26 15:25:28,282 - INFO -   Long Buildups: 0
2026-02-26 15:25:28,282 - INFO -   Short Buildups: 0
2026-02-26 15:25:28,283 - INFO -   Market Sentiment: NEUTRAL
2026-02-26 15:25:28,283 - INFO - ============================================================
2026-02-26 15:25:28,283 - INFO - STEP 4: Generating Predictions
2026-02-26 15:25:28,283 - INFO - ============================================================
2026-02-26 15:25:28,283 - INFO -   Total Predictions: 0
2026-02-26 15:25:28,284 - INFO -   Top Bullish: []
2026-02-26 15:25:28,284 - INFO -   Top Bearish: []
2026-02-26 15:25:28,284 - INFO - ============================================================
2026-02-26 15:25:28,284 - INFO - STEP 5: Generating Daily Report
2026-02-26 15:25:28,284 - INFO - ============================================================
2026-02-26 15:25:28,285 - INFO -   Report generated successfully
2026-02-26 15:25:28,285 - INFO - ============================================================
2026-02-26 15:25:28,285 - INFO - ✅ ALL STEPS COMPLETED SUCCESSFULLY
2026-02-26 15:25:28,285 - INFO - 📁 Data saved to: stock_intelligence/2026-02-26/
2026-02-26 15:25:28,285 - INFO - ============================================================

📊 Collection Summary:
  • Option chains: 0 stocks
  • Gainers: 0
  • Losers: 0
  • OI Spurts: 0
  • Predictions: 0

📁 Data saved to: stock_intelligence/2026-02-26/
[2026-02-26 15:25:28] ==============================================
[2026-02-26 15:25:28] ✅ COLLECTION COMPLETED
[2026-02-26 15:25:28] ==============================================
