[2026-04-30 15:25:01] ==============================================
[2026-04-30 15:25:01] 🚀 STOCK INTELLIGENCE COLLECTOR
[2026-04-30 15:25:01] ==============================================
2026-04-30 15:25:01,560 - INFO - ============================================================
2026-04-30 15:25:01,560 - INFO - 🚀 STOCK INTELLIGENCE COLLECTOR
2026-04-30 15:25:01,560 - INFO - 📅 Date: 2026-04-30
2026-04-30 15:25:01,561 - INFO - ============================================================
2026-04-30 15:25:01,561 - INFO - ============================================================
2026-04-30 15:25:01,561 - INFO - STEP 1: Collecting Option Chains
2026-04-30 15:25:01,561 - INFO - ============================================================
2026-04-30 15:25:01,561 - INFO - [1/10] Fetching RELIANCE...
2026-04-30 15:25:01,561 - INFO - Initializing NSE session...
2026-04-30 15:25:02,542 - WARNING -   ❌ RELIANCE: Failed
2026-04-30 15:25:04,543 - INFO - [2/10] Fetching HDFCBANK...
2026-04-30 15:25:04,543 - INFO - Initializing NSE session...
2026-04-30 15:25:05,200 - WARNING -   ❌ HDFCBANK: Failed
2026-04-30 15:25:07,201 - INFO - [3/10] Fetching ICICIBANK...
2026-04-30 15:25:07,202 - INFO - Initializing NSE session...
2026-04-30 15:25:07,594 - WARNING -   ❌ ICICIBANK: Failed
2026-04-30 15:25:09,594 - INFO - [4/10] Fetching INFY...
2026-04-30 15:25:09,595 - INFO - Initializing NSE session...
2026-04-30 15:25:10,418 - WARNING -   ❌ INFY: Failed
2026-04-30 15:25:12,419 - INFO - [5/10] Fetching TCS...
2026-04-30 15:25:12,419 - INFO - Initializing NSE session...
2026-04-30 15:25:13,043 - WARNING -   ❌ TCS: Failed
2026-04-30 15:25:15,043 - INFO - [6/10] Fetching SBIN...
2026-04-30 15:25:15,043 - INFO - Initializing NSE session...
2026-04-30 15:25:15,440 - WARNING -   ❌ SBIN: Failed
2026-04-30 15:25:17,440 - INFO - [7/10] Fetching AXISBANK...
2026-04-30 15:25:17,441 - INFO - Initializing NSE session...
2026-04-30 15:25:18,405 - WARNING -   ❌ AXISBANK: Failed
2026-04-30 15:25:20,406 - INFO - [8/10] Fetching KOTAKBANK...
2026-04-30 15:25:20,406 - INFO - Initializing NSE session...
2026-04-30 15:25:20,759 - WARNING -   ❌ KOTAKBANK: Failed
2026-04-30 15:25:22,760 - INFO - [9/10] Fetching BAJFINANCE...
2026-04-30 15:25:22,760 - INFO - Initializing NSE session...
2026-04-30 15:25:23,730 - WARNING -   ❌ BAJFINANCE: Failed
2026-04-30 15:25:25,731 - INFO - [10/10] Fetching TATAMOTORS...
2026-04-30 15:25:25,731 - INFO - Initializing NSE session...
2026-04-30 15:25:26,700 - WARNING -   ❌ TATAMOTORS: Failed
2026-04-30 15:25:28,700 - INFO - Collected: 0, Failed: 10
2026-04-30 15:25:28,700 - INFO - ============================================================
2026-04-30 15:25:28,701 - INFO - STEP 2: Collecting Gainers/Losers
2026-04-30 15:25:28,701 - INFO - ============================================================
2026-04-30 15:25:28,701 - INFO - Initializing NSE session...
2026-04-30 15:25:30,556 - INFO - Initializing NSE session...
2026-04-30 15:25:30,879 - INFO -   Gainers: 0
2026-04-30 15:25:30,879 - INFO -   Losers: 0
2026-04-30 15:25:30,879 - INFO - ============================================================
2026-04-30 15:25:30,879 - INFO - STEP 3: Detecting OI Spurts
2026-04-30 15:25:30,879 - INFO - ============================================================
2026-04-30 15:25:30,880 - INFO -   Total Spurts: 0
2026-04-30 15:25:30,881 - INFO -   Long Buildups: 0
2026-04-30 15:25:30,881 - INFO -   Short Buildups: 0
2026-04-30 15:25:30,881 - INFO -   Market Sentiment: NEUTRAL
2026-04-30 15:25:30,881 - INFO - ============================================================
2026-04-30 15:25:30,881 - INFO - STEP 4: Generating Predictions
2026-04-30 15:25:30,881 - INFO - ============================================================
2026-04-30 15:25:30,882 - INFO -   Total Predictions: 0
2026-04-30 15:25:30,882 - INFO -   Top Bullish: []
2026-04-30 15:25:30,883 - INFO -   Top Bearish: []
2026-04-30 15:25:30,883 - INFO - ============================================================
2026-04-30 15:25:30,883 - INFO - STEP 5: Generating Daily Report
2026-04-30 15:25:30,883 - INFO - ============================================================
2026-04-30 15:25:30,884 - INFO -   Report generated successfully
2026-04-30 15:25:30,884 - INFO - ============================================================
2026-04-30 15:25:30,885 - INFO - ✅ ALL STEPS COMPLETED SUCCESSFULLY
2026-04-30 15:25:30,885 - INFO - 📁 Data saved to: stock_intelligence/2026-04-30/
2026-04-30 15:25:30,885 - INFO - ============================================================

📊 Collection Summary:
  • Option chains: 0 stocks
  • Gainers: 0
  • Losers: 0
  • OI Spurts: 0
  • Predictions: 0

📁 Data saved to: stock_intelligence/2026-04-30/
[2026-04-30 15:25:30] ==============================================
[2026-04-30 15:25:30] ✅ COLLECTION COMPLETED
[2026-04-30 15:25:30] ==============================================
