[2026-09-03 15:35:01] ==============================================
[2026-09-03 15:35:01] 🚀 STOCK INTELLIGENCE COLLECTOR
[2026-09-03 15:35:01] ==============================================
2026-09-03 15:35:01,817 - INFO - ============================================================
2026-09-03 15:35:01,817 - INFO - 🚀 STOCK INTELLIGENCE COLLECTOR
2026-09-03 15:35:01,818 - INFO - 📅 Date: 2026-09-03
2026-09-03 15:35:01,818 - INFO - ============================================================
2026-09-03 15:35:01,818 - INFO - ============================================================
2026-09-03 15:35:01,818 - INFO - STEP 1: Collecting Option Chains
2026-09-03 15:35:01,818 - INFO - ============================================================
2026-09-03 15:35:01,818 - INFO - [1/10] Fetching RELIANCE...
2026-09-03 15:35:01,818 - INFO - Initializing NSE session...
2026-09-03 15:35:02,262 - WARNING -   ❌ RELIANCE: Failed
2026-09-03 15:35:04,262 - INFO - [2/10] Fetching HDFCBANK...
2026-09-03 15:35:04,262 - INFO - Initializing NSE session...
2026-09-03 15:35:04,614 - WARNING -   ❌ HDFCBANK: Failed
2026-09-03 15:35:06,614 - INFO - [3/10] Fetching ICICIBANK...
2026-09-03 15:35:06,614 - INFO - Initializing NSE session...
2026-09-03 15:35:06,991 - WARNING -   ❌ ICICIBANK: Failed
2026-09-03 15:35:08,991 - INFO - [4/10] Fetching INFY...
2026-09-03 15:35:08,991 - INFO - Initializing NSE session...
2026-09-03 15:35:09,971 - WARNING -   ❌ INFY: Failed
2026-09-03 15:35:11,971 - INFO - [5/10] Fetching TCS...
2026-09-03 15:35:11,972 - INFO - Initializing NSE session...
2026-09-03 15:35:12,227 - WARNING -   ❌ TCS: Failed
2026-09-03 15:35:14,228 - INFO - [6/10] Fetching SBIN...
2026-09-03 15:35:14,228 - INFO - Initializing NSE session...
2026-09-03 15:35:14,506 - WARNING -   ❌ SBIN: Failed
2026-09-03 15:35:16,506 - INFO - [7/10] Fetching AXISBANK...
2026-09-03 15:35:16,507 - INFO - Initializing NSE session...
2026-09-03 15:35:17,140 - WARNING -   ❌ AXISBANK: Failed
2026-09-03 15:35:19,140 - INFO - [8/10] Fetching KOTAKBANK...
2026-09-03 15:35:19,141 - INFO - Initializing NSE session...
2026-09-03 15:35:19,496 - WARNING -   ❌ KOTAKBANK: Failed
2026-09-03 15:35:21,497 - INFO - [9/10] Fetching BAJFINANCE...
2026-09-03 15:35:21,497 - INFO - Initializing NSE session...
2026-09-03 15:35:21,749 - WARNING -   ❌ BAJFINANCE: Failed
2026-09-03 15:35:23,749 - INFO - [10/10] Fetching TATAMOTORS...
2026-09-03 15:35:23,749 - INFO - Initializing NSE session...
2026-09-03 15:35:24,006 - WARNING -   ❌ TATAMOTORS: Failed
2026-09-03 15:35:26,006 - INFO - Collected: 0, Failed: 10
2026-09-03 15:35:26,007 - INFO - ============================================================
2026-09-03 15:35:26,007 - INFO - STEP 2: Collecting Gainers/Losers
2026-09-03 15:35:26,007 - INFO - ============================================================
2026-09-03 15:35:26,007 - INFO - Initializing NSE session...
2026-09-03 15:35:27,295 - INFO - Initializing NSE session...
2026-09-03 15:35:27,567 - INFO -   Gainers: 0
2026-09-03 15:35:27,567 - INFO -   Losers: 0
2026-09-03 15:35:27,567 - INFO - ============================================================
2026-09-03 15:35:27,568 - INFO - STEP 3: Detecting OI Spurts
2026-09-03 15:35:27,568 - INFO - ============================================================
2026-09-03 15:35:27,569 - INFO -   Total Spurts: 0
2026-09-03 15:35:27,569 - INFO -   Long Buildups: 0
2026-09-03 15:35:27,569 - INFO -   Short Buildups: 0
2026-09-03 15:35:27,569 - INFO -   Market Sentiment: NEUTRAL
2026-09-03 15:35:27,569 - INFO - ============================================================
2026-09-03 15:35:27,569 - INFO - STEP 4: Generating Predictions
2026-09-03 15:35:27,569 - INFO - ============================================================
2026-09-03 15:35:27,570 - INFO -   Total Predictions: 0
2026-09-03 15:35:27,570 - INFO -   Top Bullish: []
2026-09-03 15:35:27,570 - INFO -   Top Bearish: []
2026-09-03 15:35:27,571 - INFO - ============================================================
2026-09-03 15:35:27,571 - INFO - STEP 5: Generating Daily Report
2026-09-03 15:35:27,571 - INFO - ============================================================
2026-09-03 15:35:27,576 - INFO -   Report generated successfully
2026-09-03 15:35:27,576 - INFO - ============================================================
2026-09-03 15:35:27,576 - INFO - ✅ ALL STEPS COMPLETED SUCCESSFULLY
2026-09-03 15:35:27,576 - INFO - 📁 Data saved to: stock_intelligence/2026-09-03/
2026-09-03 15:35:27,576 - INFO - ============================================================

📊 Collection Summary:
  • Option chains: 0 stocks
  • Gainers: 0
  • Losers: 0
  • OI Spurts: 0
  • Predictions: 0

📁 Data saved to: stock_intelligence/2026-09-03/
[2026-09-03 15:35:27] ==============================================
[2026-09-03 15:35:27] ✅ COLLECTION COMPLETED
[2026-09-03 15:35:27] ==============================================
