[2026-03-23 15:25:01] ==============================================
[2026-03-23 15:25:01] 🚀 STOCK INTELLIGENCE COLLECTOR
[2026-03-23 15:25:01] ==============================================
2026-03-23 15:25:01,714 - INFO - ============================================================
2026-03-23 15:25:01,714 - INFO - 🚀 STOCK INTELLIGENCE COLLECTOR
2026-03-23 15:25:01,714 - INFO - 📅 Date: 2026-03-23
2026-03-23 15:25:01,714 - INFO - ============================================================
2026-03-23 15:25:01,714 - INFO - ============================================================
2026-03-23 15:25:01,714 - INFO - STEP 1: Collecting Option Chains
2026-03-23 15:25:01,715 - INFO - ============================================================
2026-03-23 15:25:01,715 - INFO - [1/10] Fetching RELIANCE...
2026-03-23 15:25:01,715 - INFO - Initializing NSE session...
2026-03-23 15:25:01,887 - WARNING -   ❌ RELIANCE: Failed
2026-03-23 15:25:03,887 - INFO - [2/10] Fetching HDFCBANK...
2026-03-23 15:25:03,888 - INFO - Initializing NSE session...
2026-03-23 15:25:04,457 - WARNING -   ❌ HDFCBANK: Failed
2026-03-23 15:25:06,458 - INFO - [3/10] Fetching ICICIBANK...
2026-03-23 15:25:06,458 - INFO - Initializing NSE session...
2026-03-23 15:25:06,635 - WARNING -   ❌ ICICIBANK: Failed
2026-03-23 15:25:08,636 - INFO - [4/10] Fetching INFY...
2026-03-23 15:25:08,637 - INFO - Initializing NSE session...
2026-03-23 15:25:09,615 - WARNING -   ❌ INFY: Failed
2026-03-23 15:25:11,616 - INFO - [5/10] Fetching TCS...
2026-03-23 15:25:11,616 - INFO - Initializing NSE session...
2026-03-23 15:25:11,783 - WARNING -   ❌ TCS: Failed
2026-03-23 15:25:13,784 - INFO - [6/10] Fetching SBIN...
2026-03-23 15:25:13,784 - INFO - Initializing NSE session...
2026-03-23 15:25:13,999 - WARNING -   ❌ SBIN: Failed
2026-03-23 15:25:16,000 - INFO - [7/10] Fetching AXISBANK...
2026-03-23 15:25:16,000 - INFO - Initializing NSE session...
2026-03-23 15:25:16,842 - WARNING -   ❌ AXISBANK: Failed
2026-03-23 15:25:18,842 - INFO - [8/10] Fetching KOTAKBANK...
2026-03-23 15:25:18,843 - INFO - Initializing NSE session...
2026-03-23 15:25:19,708 - WARNING -   ❌ KOTAKBANK: Failed
2026-03-23 15:25:21,708 - INFO - [9/10] Fetching BAJFINANCE...
2026-03-23 15:25:21,708 - INFO - Initializing NSE session...
2026-03-23 15:25:22,434 - WARNING -   ❌ BAJFINANCE: Failed
2026-03-23 15:25:24,435 - INFO - [10/10] Fetching TATAMOTORS...
2026-03-23 15:25:24,436 - INFO - Initializing NSE session...
2026-03-23 15:25:24,608 - WARNING -   ❌ TATAMOTORS: Failed
2026-03-23 15:25:26,608 - INFO - Collected: 0, Failed: 10
2026-03-23 15:25:26,608 - INFO - ============================================================
2026-03-23 15:25:26,608 - INFO - STEP 2: Collecting Gainers/Losers
2026-03-23 15:25:26,608 - INFO - ============================================================
2026-03-23 15:25:26,608 - INFO - Initializing NSE session...
2026-03-23 15:25:28,337 - INFO - Initializing NSE session...
2026-03-23 15:25:28,924 - INFO -   Gainers: 0
2026-03-23 15:25:28,924 - INFO -   Losers: 0
2026-03-23 15:25:28,924 - INFO - ============================================================
2026-03-23 15:25:28,925 - INFO - STEP 3: Detecting OI Spurts
2026-03-23 15:25:28,925 - INFO - ============================================================
2026-03-23 15:25:28,926 - INFO -   Total Spurts: 0
2026-03-23 15:25:28,926 - INFO -   Long Buildups: 0
2026-03-23 15:25:28,926 - INFO -   Short Buildups: 0
2026-03-23 15:25:28,926 - INFO -   Market Sentiment: NEUTRAL
2026-03-23 15:25:28,926 - INFO - ============================================================
2026-03-23 15:25:28,926 - INFO - STEP 4: Generating Predictions
2026-03-23 15:25:28,926 - INFO - ============================================================
2026-03-23 15:25:28,927 - INFO -   Total Predictions: 0
2026-03-23 15:25:28,927 - INFO -   Top Bullish: []
2026-03-23 15:25:28,927 - INFO -   Top Bearish: []
2026-03-23 15:25:28,927 - INFO - ============================================================
2026-03-23 15:25:28,927 - INFO - STEP 5: Generating Daily Report
2026-03-23 15:25:28,927 - INFO - ============================================================
2026-03-23 15:25:28,928 - INFO -   Report generated successfully
2026-03-23 15:25:28,928 - INFO - ============================================================
2026-03-23 15:25:28,928 - INFO - ✅ ALL STEPS COMPLETED SUCCESSFULLY
2026-03-23 15:25:28,928 - INFO - 📁 Data saved to: stock_intelligence/2026-03-23/
2026-03-23 15:25:28,928 - INFO - ============================================================

📊 Collection Summary:
  • Option chains: 0 stocks
  • Gainers: 0
  • Losers: 0
  • OI Spurts: 0
  • Predictions: 0

📁 Data saved to: stock_intelligence/2026-03-23/
[2026-03-23 15:25:28] ==============================================
[2026-03-23 15:25:28] ✅ COLLECTION COMPLETED
[2026-03-23 15:25:28] ==============================================
