[2026-09-21 15:35:01] ==============================================
[2026-09-21 15:35:01] 🚀 STOCK INTELLIGENCE COLLECTOR
[2026-09-21 15:35:01] ==============================================
2026-09-21 15:35:01,722 - INFO - ============================================================
2026-09-21 15:35:01,722 - INFO - 🚀 STOCK INTELLIGENCE COLLECTOR
2026-09-21 15:35:01,723 - INFO - 📅 Date: 2026-09-21
2026-09-21 15:35:01,723 - INFO - ============================================================
2026-09-21 15:35:01,723 - INFO - ============================================================
2026-09-21 15:35:01,723 - INFO - STEP 1: Collecting Option Chains
2026-09-21 15:35:01,723 - INFO - ============================================================
2026-09-21 15:35:01,723 - INFO - [1/10] Fetching RELIANCE...
2026-09-21 15:35:01,723 - INFO - Initializing NSE session...
2026-09-21 15:35:01,728 - ERROR - Session init error: HTTPSConnectionPool(host='www.nseindia.com', port=443): Max retries exceeded with url: / (Caused by NameResolutionError("<urllib3.connection.HTTPSConnection object at 0x787851f59160>: Failed to resolve 'www.nseindia.com' ([Errno -3] Temporary failure in name resolution)"))
2026-09-21 15:35:01,728 - WARNING -   ❌ RELIANCE: Failed
2026-09-21 15:35:03,728 - INFO - [2/10] Fetching HDFCBANK...
2026-09-21 15:35:03,729 - INFO - Initializing NSE session...
2026-09-21 15:35:03,731 - ERROR - Session init error: HTTPSConnectionPool(host='www.nseindia.com', port=443): Max retries exceeded with url: / (Caused by NameResolutionError("<urllib3.connection.HTTPSConnection object at 0x787851f60f50>: Failed to resolve 'www.nseindia.com' ([Errno -3] Temporary failure in name resolution)"))
2026-09-21 15:35:03,731 - WARNING -   ❌ HDFCBANK: Failed
2026-09-21 15:35:05,732 - INFO - [3/10] Fetching ICICIBANK...
2026-09-21 15:35:05,732 - INFO - Initializing NSE session...
2026-09-21 15:35:05,734 - ERROR - Session init error: HTTPSConnectionPool(host='www.nseindia.com', port=443): Max retries exceeded with url: / (Caused by NameResolutionError("<urllib3.connection.HTTPSConnection object at 0x787851f61590>: Failed to resolve 'www.nseindia.com' ([Errno -3] Temporary failure in name resolution)"))
2026-09-21 15:35:05,735 - WARNING -   ❌ ICICIBANK: Failed
2026-09-21 15:35:07,735 - INFO - [4/10] Fetching INFY...
2026-09-21 15:35:07,735 - INFO - Initializing NSE session...
2026-09-21 15:35:07,738 - ERROR - Session init error: HTTPSConnectionPool(host='www.nseindia.com', port=443): Max retries exceeded with url: / (Caused by NameResolutionError("<urllib3.connection.HTTPSConnection object at 0x787851f61810>: Failed to resolve 'www.nseindia.com' ([Errno -3] Temporary failure in name resolution)"))
2026-09-21 15:35:07,738 - WARNING -   ❌ INFY: Failed
2026-09-21 15:35:09,738 - INFO - [5/10] Fetching TCS...
2026-09-21 15:35:09,738 - INFO - Initializing NSE session...
2026-09-21 15:35:09,742 - ERROR - Session init error: HTTPSConnectionPool(host='www.nseindia.com', port=443): Max retries exceeded with url: / (Caused by NameResolutionError("<urllib3.connection.HTTPSConnection object at 0x787851f61d10>: Failed to resolve 'www.nseindia.com' ([Errno -3] Temporary failure in name resolution)"))
2026-09-21 15:35:09,742 - WARNING -   ❌ TCS: Failed
2026-09-21 15:35:11,742 - INFO - [6/10] Fetching SBIN...
2026-09-21 15:35:11,742 - INFO - Initializing NSE session...
2026-09-21 15:35:11,745 - ERROR - Session init error: HTTPSConnectionPool(host='www.nseindia.com', port=443): Max retries exceeded with url: / (Caused by NameResolutionError("<urllib3.connection.HTTPSConnection object at 0x787851f61a90>: Failed to resolve 'www.nseindia.com' ([Errno -3] Temporary failure in name resolution)"))
2026-09-21 15:35:11,745 - WARNING -   ❌ SBIN: Failed
2026-09-21 15:35:13,745 - INFO - [7/10] Fetching AXISBANK...
2026-09-21 15:35:13,746 - INFO - Initializing NSE session...
2026-09-21 15:35:13,748 - ERROR - Session init error: HTTPSConnectionPool(host='www.nseindia.com', port=443): Max retries exceeded with url: / (Caused by NameResolutionError("<urllib3.connection.HTTPSConnection object at 0x787851f611d0>: Failed to resolve 'www.nseindia.com' ([Errno -3] Temporary failure in name resolution)"))
2026-09-21 15:35:13,749 - WARNING -   ❌ AXISBANK: Failed
2026-09-21 15:35:15,749 - INFO - [8/10] Fetching KOTAKBANK...
2026-09-21 15:35:15,749 - INFO - Initializing NSE session...
2026-09-21 15:35:15,752 - ERROR - Session init error: HTTPSConnectionPool(host='www.nseindia.com', port=443): Max retries exceeded with url: / (Caused by NameResolutionError("<urllib3.connection.HTTPSConnection object at 0x787851f61310>: Failed to resolve 'www.nseindia.com' ([Errno -3] Temporary failure in name resolution)"))
2026-09-21 15:35:15,752 - WARNING -   ❌ KOTAKBANK: Failed
2026-09-21 15:35:17,752 - INFO - [9/10] Fetching BAJFINANCE...
2026-09-21 15:35:17,753 - INFO - Initializing NSE session...
2026-09-21 15:35:17,755 - ERROR - Session init error: HTTPSConnectionPool(host='www.nseindia.com', port=443): Max retries exceeded with url: / (Caused by NameResolutionError("<urllib3.connection.HTTPSConnection object at 0x787851f60f50>: Failed to resolve 'www.nseindia.com' ([Errno -3] Temporary failure in name resolution)"))
2026-09-21 15:35:17,756 - WARNING -   ❌ BAJFINANCE: Failed
2026-09-21 15:35:19,756 - INFO - [10/10] Fetching TATAMOTORS...
2026-09-21 15:35:19,756 - INFO - Initializing NSE session...
2026-09-21 15:35:19,759 - ERROR - Session init error: HTTPSConnectionPool(host='www.nseindia.com', port=443): Max retries exceeded with url: / (Caused by NameResolutionError("<urllib3.connection.HTTPSConnection object at 0x787851f60550>: Failed to resolve 'www.nseindia.com' ([Errno -3] Temporary failure in name resolution)"))
2026-09-21 15:35:19,759 - WARNING -   ❌ TATAMOTORS: Failed
2026-09-21 15:35:21,759 - INFO - Collected: 0, Failed: 10
2026-09-21 15:35:21,759 - INFO - ============================================================
2026-09-21 15:35:21,759 - INFO - STEP 2: Collecting Gainers/Losers
2026-09-21 15:35:21,760 - INFO - ============================================================
2026-09-21 15:35:21,760 - INFO - Initializing NSE session...
2026-09-21 15:35:21,762 - ERROR - Session init error: HTTPSConnectionPool(host='www.nseindia.com', port=443): Max retries exceeded with url: / (Caused by NameResolutionError("<urllib3.connection.HTTPSConnection object at 0x787851f60190>: Failed to resolve 'www.nseindia.com' ([Errno -3] Temporary failure in name resolution)"))
2026-09-21 15:35:22,763 - INFO - Initializing NSE session...
2026-09-21 15:35:22,766 - ERROR - Session init error: HTTPSConnectionPool(host='www.nseindia.com', port=443): Max retries exceeded with url: / (Caused by NameResolutionError("<urllib3.connection.HTTPSConnection object at 0x787851f61e50>: Failed to resolve 'www.nseindia.com' ([Errno -3] Temporary failure in name resolution)"))
2026-09-21 15:35:22,767 - INFO -   Gainers: 0
2026-09-21 15:35:22,767 - INFO -   Losers: 0
2026-09-21 15:35:22,767 - INFO - ============================================================
2026-09-21 15:35:22,767 - INFO - STEP 3: Detecting OI Spurts
2026-09-21 15:35:22,767 - INFO - ============================================================
2026-09-21 15:35:22,768 - INFO -   Total Spurts: 0
2026-09-21 15:35:22,769 - INFO -   Long Buildups: 0
2026-09-21 15:35:22,769 - INFO -   Short Buildups: 0
2026-09-21 15:35:22,769 - INFO -   Market Sentiment: NEUTRAL
2026-09-21 15:35:22,769 - INFO - ============================================================
2026-09-21 15:35:22,769 - INFO - STEP 4: Generating Predictions
2026-09-21 15:35:22,769 - INFO - ============================================================
2026-09-21 15:35:22,773 - INFO -   Total Predictions: 0
2026-09-21 15:35:22,773 - INFO -   Top Bullish: []
2026-09-21 15:35:22,773 - INFO -   Top Bearish: []
2026-09-21 15:35:22,773 - INFO - ============================================================
2026-09-21 15:35:22,773 - INFO - STEP 5: Generating Daily Report
2026-09-21 15:35:22,773 - INFO - ============================================================
2026-09-21 15:35:22,774 - INFO -   Report generated successfully
2026-09-21 15:35:22,774 - INFO - ============================================================
2026-09-21 15:35:22,775 - INFO - ✅ ALL STEPS COMPLETED SUCCESSFULLY
2026-09-21 15:35:22,775 - INFO - 📁 Data saved to: stock_intelligence/2026-09-21/
2026-09-21 15:35:22,775 - INFO - ============================================================

📊 Collection Summary:
  • Option chains: 0 stocks
  • Gainers: 0
  • Losers: 0
  • OI Spurts: 0
  • Predictions: 0

📁 Data saved to: stock_intelligence/2026-09-21/
[2026-09-21 15:35:22] ==============================================
[2026-09-21 15:35:22] ✅ COLLECTION COMPLETED
[2026-09-21 15:35:22] ==============================================
