[2026-07-22 15:35:01] ==============================================
[2026-07-22 15:35:01] 🚀 STOCK INTELLIGENCE COLLECTOR
[2026-07-22 15:35:01] ==============================================
2026-07-22 15:35:01,859 - INFO - ============================================================
2026-07-22 15:35:01,859 - INFO - 🚀 STOCK INTELLIGENCE COLLECTOR
2026-07-22 15:35:01,859 - INFO - 📅 Date: 2026-07-22
2026-07-22 15:35:01,859 - INFO - ============================================================
2026-07-22 15:35:01,859 - INFO - ============================================================
2026-07-22 15:35:01,859 - INFO - STEP 1: Collecting Option Chains
2026-07-22 15:35:01,859 - INFO - ============================================================
2026-07-22 15:35:01,859 - INFO - [1/10] Fetching RELIANCE...
2026-07-22 15:35:01,859 - INFO - Initializing NSE session...
2026-07-22 15:35:02,470 - WARNING -   ❌ RELIANCE: Failed
2026-07-22 15:35:04,471 - INFO - [2/10] Fetching HDFCBANK...
2026-07-22 15:35:04,471 - INFO - Initializing NSE session...
2026-07-22 15:35:05,073 - WARNING -   ❌ HDFCBANK: Failed
2026-07-22 15:35:07,073 - INFO - [3/10] Fetching ICICIBANK...
2026-07-22 15:35:07,074 - INFO - Initializing NSE session...
2026-07-22 15:35:07,661 - WARNING -   ❌ ICICIBANK: Failed
2026-07-22 15:35:09,661 - INFO - [4/10] Fetching INFY...
2026-07-22 15:35:09,661 - INFO - Initializing NSE session...
2026-07-22 15:35:10,922 - WARNING -   ❌ INFY: Failed
2026-07-22 15:35:12,922 - INFO - [5/10] Fetching TCS...
2026-07-22 15:35:12,922 - INFO - Initializing NSE session...
2026-07-22 15:35:13,860 - WARNING -   ❌ TCS: Failed
2026-07-22 15:35:15,861 - INFO - [6/10] Fetching SBIN...
2026-07-22 15:35:15,861 - INFO - Initializing NSE session...
2026-07-22 15:35:16,470 - WARNING -   ❌ SBIN: Failed
2026-07-22 15:35:18,470 - INFO - [7/10] Fetching AXISBANK...
2026-07-22 15:35:18,470 - INFO - Initializing NSE session...
2026-07-22 15:35:19,067 - WARNING -   ❌ AXISBANK: Failed
2026-07-22 15:35:21,068 - INFO - [8/10] Fetching KOTAKBANK...
2026-07-22 15:35:21,068 - INFO - Initializing NSE session...
2026-07-22 15:35:29,488 - WARNING -   ❌ KOTAKBANK: Failed
2026-07-22 15:35:31,488 - INFO - [9/10] Fetching BAJFINANCE...
2026-07-22 15:35:31,488 - INFO - Initializing NSE session...
2026-07-22 15:35:35,936 - WARNING -   ❌ BAJFINANCE: Failed
2026-07-22 15:35:37,936 - INFO - [10/10] Fetching TATAMOTORS...
2026-07-22 15:35:37,936 - INFO - Initializing NSE session...
2026-07-22 15:35:42,264 - WARNING -   ❌ TATAMOTORS: Failed
2026-07-22 15:35:44,264 - INFO - Collected: 0, Failed: 10
2026-07-22 15:35:44,265 - INFO - ============================================================
2026-07-22 15:35:44,265 - INFO - STEP 2: Collecting Gainers/Losers
2026-07-22 15:35:44,265 - INFO - ============================================================
2026-07-22 15:35:44,265 - INFO - Initializing NSE session...
2026-07-22 15:35:50,080 - INFO - Initializing NSE session...
2026-07-22 15:35:52,039 - INFO -   Gainers: 0
2026-07-22 15:35:52,039 - INFO -   Losers: 0
2026-07-22 15:35:52,040 - INFO - ============================================================
2026-07-22 15:35:52,040 - INFO - STEP 3: Detecting OI Spurts
2026-07-22 15:35:52,040 - INFO - ============================================================
2026-07-22 15:35:52,040 - INFO -   Total Spurts: 0
2026-07-22 15:35:52,040 - INFO -   Long Buildups: 0
2026-07-22 15:35:52,040 - INFO -   Short Buildups: 0
2026-07-22 15:35:52,040 - INFO -   Market Sentiment: NEUTRAL
2026-07-22 15:35:52,040 - INFO - ============================================================
2026-07-22 15:35:52,040 - INFO - STEP 4: Generating Predictions
2026-07-22 15:35:52,040 - INFO - ============================================================
2026-07-22 15:35:52,041 - INFO -   Total Predictions: 0
2026-07-22 15:35:52,041 - INFO -   Top Bullish: []
2026-07-22 15:35:52,041 - INFO -   Top Bearish: []
2026-07-22 15:35:52,041 - INFO - ============================================================
2026-07-22 15:35:52,041 - INFO - STEP 5: Generating Daily Report
2026-07-22 15:35:52,041 - INFO - ============================================================
2026-07-22 15:35:52,042 - INFO -   Report generated successfully
2026-07-22 15:35:52,042 - INFO - ============================================================
2026-07-22 15:35:52,042 - INFO - ✅ ALL STEPS COMPLETED SUCCESSFULLY
2026-07-22 15:35:52,042 - INFO - 📁 Data saved to: stock_intelligence/2026-07-22/
2026-07-22 15:35:52,042 - INFO - ============================================================

📊 Collection Summary:
  • Option chains: 0 stocks
  • Gainers: 0
  • Losers: 0
  • OI Spurts: 0
  • Predictions: 0

📁 Data saved to: stock_intelligence/2026-07-22/
[2026-07-22 15:35:52] ==============================================
[2026-07-22 15:35:52] ✅ COLLECTION COMPLETED
[2026-07-22 15:35:52] ==============================================
