[2026-05-28 15:25:01] ==============================================
[2026-05-28 15:25:01] 🚀 STOCK INTELLIGENCE COLLECTOR
[2026-05-28 15:25:01] ==============================================
2026-05-28 15:25:01,563 - INFO - ============================================================
2026-05-28 15:25:01,563 - INFO - 🚀 STOCK INTELLIGENCE COLLECTOR
2026-05-28 15:25:01,563 - INFO - 📅 Date: 2026-05-28
2026-05-28 15:25:01,563 - INFO - ============================================================
2026-05-28 15:25:01,564 - INFO - ============================================================
2026-05-28 15:25:01,564 - INFO - STEP 1: Collecting Option Chains
2026-05-28 15:25:01,564 - INFO - ============================================================
2026-05-28 15:25:01,564 - INFO - [1/10] Fetching RELIANCE...
2026-05-28 15:25:01,564 - INFO - Initializing NSE session...
2026-05-28 15:25:01,864 - WARNING -   ❌ RELIANCE: Failed
2026-05-28 15:25:03,864 - INFO - [2/10] Fetching HDFCBANK...
2026-05-28 15:25:03,864 - INFO - Initializing NSE session...
2026-05-28 15:25:04,765 - WARNING -   ❌ HDFCBANK: Failed
2026-05-28 15:25:06,766 - INFO - [3/10] Fetching ICICIBANK...
2026-05-28 15:25:06,767 - INFO - Initializing NSE session...
2026-05-28 15:25:07,628 - WARNING -   ❌ ICICIBANK: Failed
2026-05-28 15:25:09,629 - INFO - [4/10] Fetching INFY...
2026-05-28 15:25:09,630 - INFO - Initializing NSE session...
2026-05-28 15:25:10,473 - WARNING -   ❌ INFY: Failed
2026-05-28 15:25:12,474 - INFO - [5/10] Fetching TCS...
2026-05-28 15:25:12,474 - INFO - Initializing NSE session...
2026-05-28 15:25:13,171 - WARNING -   ❌ TCS: Failed
2026-05-28 15:25:15,171 - INFO - [6/10] Fetching SBIN...
2026-05-28 15:25:15,171 - INFO - Initializing NSE session...
2026-05-28 15:25:17,874 - WARNING -   ❌ SBIN: Failed
2026-05-28 15:25:19,874 - INFO - [7/10] Fetching AXISBANK...
2026-05-28 15:25:19,874 - INFO - Initializing NSE session...
2026-05-28 15:25:26,735 - WARNING -   ❌ AXISBANK: Failed
2026-05-28 15:25:28,735 - INFO - [8/10] Fetching KOTAKBANK...
2026-05-28 15:25:28,735 - INFO - Initializing NSE session...
2026-05-28 15:25:30,511 - WARNING -   ❌ KOTAKBANK: Failed
2026-05-28 15:25:32,512 - INFO - [9/10] Fetching BAJFINANCE...
2026-05-28 15:25:32,512 - INFO - Initializing NSE session...
2026-05-28 15:25:34,610 - WARNING -   ❌ BAJFINANCE: Failed
2026-05-28 15:25:36,611 - INFO - [10/10] Fetching TATAMOTORS...
2026-05-28 15:25:36,611 - INFO - Initializing NSE session...
2026-05-28 15:25:44,941 - WARNING -   ❌ TATAMOTORS: Failed
2026-05-28 15:25:46,942 - INFO - Collected: 0, Failed: 10
2026-05-28 15:25:46,942 - INFO - ============================================================
2026-05-28 15:25:46,942 - INFO - STEP 2: Collecting Gainers/Losers
2026-05-28 15:25:46,943 - INFO - ============================================================
2026-05-28 15:25:46,943 - INFO - Initializing NSE session...
2026-05-28 15:25:49,198 - INFO - Initializing NSE session...
2026-05-28 15:25:49,851 - INFO -   Gainers: 0
2026-05-28 15:25:49,852 - INFO -   Losers: 0
2026-05-28 15:25:49,852 - INFO - ============================================================
2026-05-28 15:25:49,852 - INFO - STEP 3: Detecting OI Spurts
2026-05-28 15:25:49,852 - INFO - ============================================================
2026-05-28 15:25:49,853 - INFO -   Total Spurts: 0
2026-05-28 15:25:49,853 - INFO -   Long Buildups: 0
2026-05-28 15:25:49,853 - INFO -   Short Buildups: 0
2026-05-28 15:25:49,853 - INFO -   Market Sentiment: NEUTRAL
2026-05-28 15:25:49,853 - INFO - ============================================================
2026-05-28 15:25:49,853 - INFO - STEP 4: Generating Predictions
2026-05-28 15:25:49,853 - INFO - ============================================================
2026-05-28 15:25:49,854 - INFO -   Total Predictions: 0
2026-05-28 15:25:49,854 - INFO -   Top Bullish: []
2026-05-28 15:25:49,854 - INFO -   Top Bearish: []
2026-05-28 15:25:49,854 - INFO - ============================================================
2026-05-28 15:25:49,854 - INFO - STEP 5: Generating Daily Report
2026-05-28 15:25:49,854 - INFO - ============================================================
2026-05-28 15:25:49,855 - INFO -   Report generated successfully
2026-05-28 15:25:49,856 - INFO - ============================================================
2026-05-28 15:25:49,856 - INFO - ✅ ALL STEPS COMPLETED SUCCESSFULLY
2026-05-28 15:25:49,856 - INFO - 📁 Data saved to: stock_intelligence/2026-05-28/
2026-05-28 15:25:49,856 - INFO - ============================================================

📊 Collection Summary:
  • Option chains: 0 stocks
  • Gainers: 0
  • Losers: 0
  • OI Spurts: 0
  • Predictions: 0

📁 Data saved to: stock_intelligence/2026-05-28/
[2026-05-28 15:25:49] ==============================================
[2026-05-28 15:25:49] ✅ COLLECTION COMPLETED
[2026-05-28 15:25:49] ==============================================
