[2026-07-06 15:35:01] ==============================================
[2026-07-06 15:35:01] 🚀 STOCK INTELLIGENCE COLLECTOR
[2026-07-06 15:35:01] ==============================================
2026-07-06 15:35:01,638 - INFO - ============================================================
2026-07-06 15:35:01,638 - INFO - 🚀 STOCK INTELLIGENCE COLLECTOR
2026-07-06 15:35:01,638 - INFO - 📅 Date: 2026-07-06
2026-07-06 15:35:01,638 - INFO - ============================================================
2026-07-06 15:35:01,638 - INFO - ============================================================
2026-07-06 15:35:01,638 - INFO - STEP 1: Collecting Option Chains
2026-07-06 15:35:01,638 - INFO - ============================================================
2026-07-06 15:35:01,638 - INFO - [1/10] Fetching RELIANCE...
2026-07-06 15:35:01,639 - INFO - Initializing NSE session...
2026-07-06 15:35:07,673 - WARNING -   ❌ RELIANCE: Failed
2026-07-06 15:35:09,674 - INFO - [2/10] Fetching HDFCBANK...
2026-07-06 15:35:09,674 - INFO - Initializing NSE session...
2026-07-06 15:35:10,585 - WARNING -   ❌ HDFCBANK: Failed
2026-07-06 15:35:12,585 - INFO - [3/10] Fetching ICICIBANK...
2026-07-06 15:35:12,585 - INFO - Initializing NSE session...
2026-07-06 15:35:14,215 - WARNING -   ❌ ICICIBANK: Failed
2026-07-06 15:35:16,215 - INFO - [4/10] Fetching INFY...
2026-07-06 15:35:16,216 - INFO - Initializing NSE session...
2026-07-06 15:35:17,505 - WARNING -   ❌ INFY: Failed
2026-07-06 15:35:19,506 - INFO - [5/10] Fetching TCS...
2026-07-06 15:35:19,506 - INFO - Initializing NSE session...
2026-07-06 15:35:20,540 - WARNING -   ❌ TCS: Failed
2026-07-06 15:35:22,540 - INFO - [6/10] Fetching SBIN...
2026-07-06 15:35:22,540 - INFO - Initializing NSE session...
2026-07-06 15:35:23,216 - WARNING -   ❌ SBIN: Failed
2026-07-06 15:35:25,216 - INFO - [7/10] Fetching AXISBANK...
2026-07-06 15:35:25,217 - INFO - Initializing NSE session...
2026-07-06 15:35:26,083 - WARNING -   ❌ AXISBANK: Failed
2026-07-06 15:35:28,083 - INFO - [8/10] Fetching KOTAKBANK...
2026-07-06 15:35:28,083 - INFO - Initializing NSE session...
2026-07-06 15:35:29,160 - WARNING -   ❌ KOTAKBANK: Failed
2026-07-06 15:35:31,160 - INFO - [9/10] Fetching BAJFINANCE...
2026-07-06 15:35:31,160 - INFO - Initializing NSE session...
2026-07-06 15:35:32,577 - WARNING -   ❌ BAJFINANCE: Failed
2026-07-06 15:35:34,578 - INFO - [10/10] Fetching TATAMOTORS...
2026-07-06 15:35:34,578 - INFO - Initializing NSE session...
2026-07-06 15:35:35,687 - WARNING -   ❌ TATAMOTORS: Failed
2026-07-06 15:35:37,688 - INFO - Collected: 0, Failed: 10
2026-07-06 15:35:37,688 - INFO - ============================================================
2026-07-06 15:35:37,688 - INFO - STEP 2: Collecting Gainers/Losers
2026-07-06 15:35:37,688 - INFO - ============================================================
2026-07-06 15:35:37,689 - INFO - Initializing NSE session...
2026-07-06 15:35:39,457 - INFO - Initializing NSE session...
2026-07-06 15:35:40,260 - INFO -   Gainers: 0
2026-07-06 15:35:40,260 - INFO -   Losers: 0
2026-07-06 15:35:40,260 - INFO - ============================================================
2026-07-06 15:35:40,260 - INFO - STEP 3: Detecting OI Spurts
2026-07-06 15:35:40,260 - INFO - ============================================================
2026-07-06 15:35:40,261 - INFO -   Total Spurts: 0
2026-07-06 15:35:40,262 - INFO -   Long Buildups: 0
2026-07-06 15:35:40,262 - INFO -   Short Buildups: 0
2026-07-06 15:35:40,262 - INFO -   Market Sentiment: NEUTRAL
2026-07-06 15:35:40,262 - INFO - ============================================================
2026-07-06 15:35:40,262 - INFO - STEP 4: Generating Predictions
2026-07-06 15:35:40,262 - INFO - ============================================================
2026-07-06 15:35:40,263 - INFO -   Total Predictions: 0
2026-07-06 15:35:40,263 - INFO -   Top Bullish: []
2026-07-06 15:35:40,263 - INFO -   Top Bearish: []
2026-07-06 15:35:40,263 - INFO - ============================================================
2026-07-06 15:35:40,264 - INFO - STEP 5: Generating Daily Report
2026-07-06 15:35:40,264 - INFO - ============================================================
2026-07-06 15:35:40,265 - INFO -   Report generated successfully
2026-07-06 15:35:40,265 - INFO - ============================================================
2026-07-06 15:35:40,265 - INFO - ✅ ALL STEPS COMPLETED SUCCESSFULLY
2026-07-06 15:35:40,265 - INFO - 📁 Data saved to: stock_intelligence/2026-07-06/
2026-07-06 15:35:40,265 - INFO - ============================================================

📊 Collection Summary:
  • Option chains: 0 stocks
  • Gainers: 0
  • Losers: 0
  • OI Spurts: 0
  • Predictions: 0

📁 Data saved to: stock_intelligence/2026-07-06/
[2026-07-06 15:35:40] ==============================================
[2026-07-06 15:35:40] ✅ COLLECTION COMPLETED
[2026-07-06 15:35:40] ==============================================
