[2026-09-22 15:35:01] ==============================================
[2026-09-22 15:35:01] 🚀 STOCK INTELLIGENCE COLLECTOR
[2026-09-22 15:35:01] ==============================================
2026-09-22 15:35:01,961 - INFO - ============================================================
2026-09-22 15:35:01,962 - INFO - 🚀 STOCK INTELLIGENCE COLLECTOR
2026-09-22 15:35:01,962 - INFO - 📅 Date: 2026-09-22
2026-09-22 15:35:01,962 - INFO - ============================================================
2026-09-22 15:35:01,962 - INFO - ============================================================
2026-09-22 15:35:01,962 - INFO - STEP 1: Collecting Option Chains
2026-09-22 15:35:01,962 - INFO - ============================================================
2026-09-22 15:35:01,962 - INFO - [1/10] Fetching RELIANCE...
2026-09-22 15:35:01,962 - INFO - Initializing NSE session...
2026-09-22 15:35:04,164 - WARNING -   ❌ RELIANCE: Failed
2026-09-22 15:35:06,164 - INFO - [2/10] Fetching HDFCBANK...
2026-09-22 15:35:06,165 - INFO - Initializing NSE session...
2026-09-22 15:35:07,235 - WARNING -   ❌ HDFCBANK: Failed
2026-09-22 15:35:09,236 - INFO - [3/10] Fetching ICICIBANK...
2026-09-22 15:35:09,236 - INFO - Initializing NSE session...
2026-09-22 15:35:09,761 - WARNING -   ❌ ICICIBANK: Failed
2026-09-22 15:35:11,762 - INFO - [4/10] Fetching INFY...
2026-09-22 15:35:11,762 - INFO - Initializing NSE session...
2026-09-22 15:35:12,297 - WARNING -   ❌ INFY: Failed
2026-09-22 15:35:14,297 - INFO - [5/10] Fetching TCS...
2026-09-22 15:35:14,297 - INFO - Initializing NSE session...
2026-09-22 15:35:15,408 - WARNING -   ❌ TCS: Failed
2026-09-22 15:35:17,409 - INFO - [6/10] Fetching SBIN...
2026-09-22 15:35:17,409 - INFO - Initializing NSE session...
2026-09-22 15:35:17,916 - WARNING -   ❌ SBIN: Failed
2026-09-22 15:35:19,917 - INFO - [7/10] Fetching AXISBANK...
2026-09-22 15:35:19,917 - INFO - Initializing NSE session...
2026-09-22 15:35:20,498 - WARNING -   ❌ AXISBANK: Failed
2026-09-22 15:35:22,499 - INFO - [8/10] Fetching KOTAKBANK...
2026-09-22 15:35:22,499 - INFO - Initializing NSE session...
2026-09-22 15:35:24,388 - WARNING -   ❌ KOTAKBANK: Failed
2026-09-22 15:35:26,389 - INFO - [9/10] Fetching BAJFINANCE...
2026-09-22 15:35:26,389 - INFO - Initializing NSE session...
2026-09-22 15:35:26,922 - WARNING -   ❌ BAJFINANCE: Failed
2026-09-22 15:35:28,923 - INFO - [10/10] Fetching TATAMOTORS...
2026-09-22 15:35:28,923 - INFO - Initializing NSE session...
2026-09-22 15:35:29,555 - WARNING -   ❌ TATAMOTORS: Failed
2026-09-22 15:35:31,556 - INFO - Collected: 0, Failed: 10
2026-09-22 15:35:31,556 - INFO - ============================================================
2026-09-22 15:35:31,560 - INFO - STEP 2: Collecting Gainers/Losers
2026-09-22 15:35:31,560 - INFO - ============================================================
2026-09-22 15:35:31,560 - INFO - Initializing NSE session...
2026-09-22 15:35:33,152 - INFO - Initializing NSE session...
2026-09-22 15:35:33,662 - INFO -   Gainers: 0
2026-09-22 15:35:33,663 - INFO -   Losers: 0
2026-09-22 15:35:33,663 - INFO - ============================================================
2026-09-22 15:35:33,663 - INFO - STEP 3: Detecting OI Spurts
2026-09-22 15:35:33,663 - INFO - ============================================================
2026-09-22 15:35:33,664 - INFO -   Total Spurts: 0
2026-09-22 15:35:33,664 - INFO -   Long Buildups: 0
2026-09-22 15:35:33,664 - INFO -   Short Buildups: 0
2026-09-22 15:35:33,664 - INFO -   Market Sentiment: NEUTRAL
2026-09-22 15:35:33,664 - INFO - ============================================================
2026-09-22 15:35:33,664 - INFO - STEP 4: Generating Predictions
2026-09-22 15:35:33,664 - INFO - ============================================================
2026-09-22 15:35:33,665 - INFO -   Total Predictions: 0
2026-09-22 15:35:33,665 - INFO -   Top Bullish: []
2026-09-22 15:35:33,666 - INFO -   Top Bearish: []
2026-09-22 15:35:33,666 - INFO - ============================================================
2026-09-22 15:35:33,666 - INFO - STEP 5: Generating Daily Report
2026-09-22 15:35:33,666 - INFO - ============================================================
2026-09-22 15:35:33,667 - INFO -   Report generated successfully
2026-09-22 15:35:33,667 - INFO - ============================================================
2026-09-22 15:35:33,667 - INFO - ✅ ALL STEPS COMPLETED SUCCESSFULLY
2026-09-22 15:35:33,667 - INFO - 📁 Data saved to: stock_intelligence/2026-09-22/
2026-09-22 15:35:33,667 - INFO - ============================================================

📊 Collection Summary:
  • Option chains: 0 stocks
  • Gainers: 0
  • Losers: 0
  • OI Spurts: 0
  • Predictions: 0

📁 Data saved to: stock_intelligence/2026-09-22/
[2026-09-22 15:35:33] ==============================================
[2026-09-22 15:35:33] ✅ COLLECTION COMPLETED
[2026-09-22 15:35:33] ==============================================
