[2026-09-18 15:35:01] ==============================================
[2026-09-18 15:35:01] 🚀 STOCK INTELLIGENCE COLLECTOR
[2026-09-18 15:35:01] ==============================================
2026-09-18 15:35:01,836 - INFO - ============================================================
2026-09-18 15:35:01,836 - INFO - 🚀 STOCK INTELLIGENCE COLLECTOR
2026-09-18 15:35:01,836 - INFO - 📅 Date: 2026-09-18
2026-09-18 15:35:01,836 - INFO - ============================================================
2026-09-18 15:35:01,836 - INFO - ============================================================
2026-09-18 15:35:01,837 - INFO - STEP 1: Collecting Option Chains
2026-09-18 15:35:01,837 - INFO - ============================================================
2026-09-18 15:35:01,837 - INFO - [1/10] Fetching RELIANCE...
2026-09-18 15:35:01,837 - INFO - Initializing NSE session...
2026-09-18 15:35:01,842 - ERROR - Session init error: HTTPSConnectionPool(host='www.nseindia.com', port=443): Max retries exceeded with url: / (Caused by NameResolutionError("<urllib3.connection.HTTPSConnection object at 0x7774faeb1160>: Failed to resolve 'www.nseindia.com' ([Errno -3] Temporary failure in name resolution)"))
2026-09-18 15:35:01,842 - WARNING -   ❌ RELIANCE: Failed
2026-09-18 15:35:03,842 - INFO - [2/10] Fetching HDFCBANK...
2026-09-18 15:35:03,843 - INFO - Initializing NSE session...
2026-09-18 15:35:03,845 - ERROR - Session init error: HTTPSConnectionPool(host='www.nseindia.com', port=443): Max retries exceeded with url: / (Caused by NameResolutionError("<urllib3.connection.HTTPSConnection object at 0x7774faeb8f50>: Failed to resolve 'www.nseindia.com' ([Errno -3] Temporary failure in name resolution)"))
2026-09-18 15:35:03,845 - WARNING -   ❌ HDFCBANK: Failed
2026-09-18 15:35:05,846 - INFO - [3/10] Fetching ICICIBANK...
2026-09-18 15:35:05,846 - INFO - Initializing NSE session...
2026-09-18 15:35:05,848 - ERROR - Session init error: HTTPSConnectionPool(host='www.nseindia.com', port=443): Max retries exceeded with url: / (Caused by NameResolutionError("<urllib3.connection.HTTPSConnection object at 0x7774faeb9590>: Failed to resolve 'www.nseindia.com' ([Errno -3] Temporary failure in name resolution)"))
2026-09-18 15:35:05,848 - WARNING -   ❌ ICICIBANK: Failed
2026-09-18 15:35:07,848 - INFO - [4/10] Fetching INFY...
2026-09-18 15:35:07,849 - INFO - Initializing NSE session...
2026-09-18 15:35:07,851 - ERROR - Session init error: HTTPSConnectionPool(host='www.nseindia.com', port=443): Max retries exceeded with url: / (Caused by NameResolutionError("<urllib3.connection.HTTPSConnection object at 0x7774faeb9810>: Failed to resolve 'www.nseindia.com' ([Errno -3] Temporary failure in name resolution)"))
2026-09-18 15:35:07,852 - WARNING -   ❌ INFY: Failed
2026-09-18 15:35:09,852 - INFO - [5/10] Fetching TCS...
2026-09-18 15:35:09,852 - INFO - Initializing NSE session...
2026-09-18 15:35:09,855 - ERROR - Session init error: HTTPSConnectionPool(host='www.nseindia.com', port=443): Max retries exceeded with url: / (Caused by NameResolutionError("<urllib3.connection.HTTPSConnection object at 0x7774faeb9d10>: Failed to resolve 'www.nseindia.com' ([Errno -3] Temporary failure in name resolution)"))
2026-09-18 15:35:09,856 - WARNING -   ❌ TCS: Failed
2026-09-18 15:35:11,856 - INFO - [6/10] Fetching SBIN...
2026-09-18 15:35:11,856 - INFO - Initializing NSE session...
2026-09-18 15:35:11,859 - ERROR - Session init error: HTTPSConnectionPool(host='www.nseindia.com', port=443): Max retries exceeded with url: / (Caused by NameResolutionError("<urllib3.connection.HTTPSConnection object at 0x7774faeb9a90>: Failed to resolve 'www.nseindia.com' ([Errno -3] Temporary failure in name resolution)"))
2026-09-18 15:35:11,859 - WARNING -   ❌ SBIN: Failed
2026-09-18 15:35:13,859 - INFO - [7/10] Fetching AXISBANK...
2026-09-18 15:35:13,859 - INFO - Initializing NSE session...
2026-09-18 15:35:13,862 - ERROR - Session init error: HTTPSConnectionPool(host='www.nseindia.com', port=443): Max retries exceeded with url: / (Caused by NameResolutionError("<urllib3.connection.HTTPSConnection object at 0x7774faeb91d0>: Failed to resolve 'www.nseindia.com' ([Errno -3] Temporary failure in name resolution)"))
2026-09-18 15:35:13,862 - WARNING -   ❌ AXISBANK: Failed
2026-09-18 15:35:15,862 - INFO - [8/10] Fetching KOTAKBANK...
2026-09-18 15:35:15,863 - INFO - Initializing NSE session...
2026-09-18 15:35:15,865 - ERROR - Session init error: HTTPSConnectionPool(host='www.nseindia.com', port=443): Max retries exceeded with url: / (Caused by NameResolutionError("<urllib3.connection.HTTPSConnection object at 0x7774faeb9310>: Failed to resolve 'www.nseindia.com' ([Errno -3] Temporary failure in name resolution)"))
2026-09-18 15:35:15,865 - WARNING -   ❌ KOTAKBANK: Failed
2026-09-18 15:35:17,866 - INFO - [9/10] Fetching BAJFINANCE...
2026-09-18 15:35:17,866 - INFO - Initializing NSE session...
2026-09-18 15:35:17,869 - ERROR - Session init error: HTTPSConnectionPool(host='www.nseindia.com', port=443): Max retries exceeded with url: / (Caused by NameResolutionError("<urllib3.connection.HTTPSConnection object at 0x7774faeb8f50>: Failed to resolve 'www.nseindia.com' ([Errno -3] Temporary failure in name resolution)"))
2026-09-18 15:35:17,869 - WARNING -   ❌ BAJFINANCE: Failed
2026-09-18 15:35:19,870 - INFO - [10/10] Fetching TATAMOTORS...
2026-09-18 15:35:19,870 - INFO - Initializing NSE session...
2026-09-18 15:35:19,873 - ERROR - Session init error: HTTPSConnectionPool(host='www.nseindia.com', port=443): Max retries exceeded with url: / (Caused by NameResolutionError("<urllib3.connection.HTTPSConnection object at 0x7774faeb8550>: Failed to resolve 'www.nseindia.com' ([Errno -3] Temporary failure in name resolution)"))
2026-09-18 15:35:19,873 - WARNING -   ❌ TATAMOTORS: Failed
2026-09-18 15:35:21,873 - INFO - Collected: 0, Failed: 10
2026-09-18 15:35:21,873 - INFO - ============================================================
2026-09-18 15:35:21,874 - INFO - STEP 2: Collecting Gainers/Losers
2026-09-18 15:35:21,874 - INFO - ============================================================
2026-09-18 15:35:21,874 - INFO - Initializing NSE session...
2026-09-18 15:35:21,876 - ERROR - Session init error: HTTPSConnectionPool(host='www.nseindia.com', port=443): Max retries exceeded with url: / (Caused by NameResolutionError("<urllib3.connection.HTTPSConnection object at 0x7774faeb8190>: Failed to resolve 'www.nseindia.com' ([Errno -3] Temporary failure in name resolution)"))
2026-09-18 15:35:22,877 - INFO - Initializing NSE session...
2026-09-18 15:35:22,880 - ERROR - Session init error: HTTPSConnectionPool(host='www.nseindia.com', port=443): Max retries exceeded with url: / (Caused by NameResolutionError("<urllib3.connection.HTTPSConnection object at 0x7774faeb9e50>: Failed to resolve 'www.nseindia.com' ([Errno -3] Temporary failure in name resolution)"))
2026-09-18 15:35:22,880 - INFO -   Gainers: 0
2026-09-18 15:35:22,880 - INFO -   Losers: 0
2026-09-18 15:35:22,881 - INFO - ============================================================
2026-09-18 15:35:22,881 - INFO - STEP 3: Detecting OI Spurts
2026-09-18 15:35:22,881 - INFO - ============================================================
2026-09-18 15:35:22,882 - INFO -   Total Spurts: 0
2026-09-18 15:35:22,882 - INFO -   Long Buildups: 0
2026-09-18 15:35:22,882 - INFO -   Short Buildups: 0
2026-09-18 15:35:22,882 - INFO -   Market Sentiment: NEUTRAL
2026-09-18 15:35:22,882 - INFO - ============================================================
2026-09-18 15:35:22,882 - INFO - STEP 4: Generating Predictions
2026-09-18 15:35:22,882 - INFO - ============================================================
2026-09-18 15:35:22,883 - INFO -   Total Predictions: 0
2026-09-18 15:35:22,883 - INFO -   Top Bullish: []
2026-09-18 15:35:22,884 - INFO -   Top Bearish: []
2026-09-18 15:35:22,884 - INFO - ============================================================
2026-09-18 15:35:22,884 - INFO - STEP 5: Generating Daily Report
2026-09-18 15:35:22,884 - INFO - ============================================================
2026-09-18 15:35:22,885 - INFO -   Report generated successfully
2026-09-18 15:35:22,885 - INFO - ============================================================
2026-09-18 15:35:22,885 - INFO - ✅ ALL STEPS COMPLETED SUCCESSFULLY
2026-09-18 15:35:22,885 - INFO - 📁 Data saved to: stock_intelligence/2026-09-18/
2026-09-18 15:35:22,885 - INFO - ============================================================

📊 Collection Summary:
  • Option chains: 0 stocks
  • Gainers: 0
  • Losers: 0
  • OI Spurts: 0
  • Predictions: 0

📁 Data saved to: stock_intelligence/2026-09-18/
[2026-09-18 15:35:22] ==============================================
[2026-09-18 15:35:22] ✅ COLLECTION COMPLETED
[2026-09-18 15:35:22] ==============================================
