[2026-04-16 15:25:01] ==============================================
[2026-04-16 15:25:01] 🚀 STOCK INTELLIGENCE COLLECTOR
[2026-04-16 15:25:01] ==============================================
2026-04-16 15:25:01,916 - INFO - ============================================================
2026-04-16 15:25:01,917 - INFO - 🚀 STOCK INTELLIGENCE COLLECTOR
2026-04-16 15:25:01,917 - INFO - 📅 Date: 2026-04-16
2026-04-16 15:25:01,917 - INFO - ============================================================
2026-04-16 15:25:01,917 - INFO - ============================================================
2026-04-16 15:25:01,917 - INFO - STEP 1: Collecting Option Chains
2026-04-16 15:25:01,917 - INFO - ============================================================
2026-04-16 15:25:01,917 - INFO - [1/10] Fetching RELIANCE...
2026-04-16 15:25:01,917 - INFO - Initializing NSE session...
2026-04-16 15:25:02,713 - WARNING -   ❌ RELIANCE: Failed
2026-04-16 15:25:04,714 - INFO - [2/10] Fetching HDFCBANK...
2026-04-16 15:25:04,714 - INFO - Initializing NSE session...
2026-04-16 15:25:05,580 - WARNING -   ❌ HDFCBANK: Failed
2026-04-16 15:25:07,581 - INFO - [3/10] Fetching ICICIBANK...
2026-04-16 15:25:07,581 - INFO - Initializing NSE session...
2026-04-16 15:25:08,651 - WARNING -   ❌ ICICIBANK: Failed
2026-04-16 15:25:10,651 - INFO - [4/10] Fetching INFY...
2026-04-16 15:25:10,652 - INFO - Initializing NSE session...
2026-04-16 15:25:11,514 - WARNING -   ❌ INFY: Failed
2026-04-16 15:25:13,515 - INFO - [5/10] Fetching TCS...
2026-04-16 15:25:13,515 - INFO - Initializing NSE session...
2026-04-16 15:25:14,280 - WARNING -   ❌ TCS: Failed
2026-04-16 15:25:16,281 - INFO - [6/10] Fetching SBIN...
2026-04-16 15:25:16,281 - INFO - Initializing NSE session...
2026-04-16 15:25:16,485 - WARNING -   ❌ SBIN: Failed
2026-04-16 15:25:18,486 - INFO - [7/10] Fetching AXISBANK...
2026-04-16 15:25:18,486 - INFO - Initializing NSE session...
2026-04-16 15:25:18,774 - WARNING -   ❌ AXISBANK: Failed
2026-04-16 15:25:20,774 - INFO - [8/10] Fetching KOTAKBANK...
2026-04-16 15:25:20,774 - INFO - Initializing NSE session...
2026-04-16 15:25:21,348 - WARNING -   ❌ KOTAKBANK: Failed
2026-04-16 15:25:23,349 - INFO - [9/10] Fetching BAJFINANCE...
2026-04-16 15:25:23,349 - INFO - Initializing NSE session...
2026-04-16 15:25:24,195 - WARNING -   ❌ BAJFINANCE: Failed
2026-04-16 15:25:26,195 - INFO - [10/10] Fetching TATAMOTORS...
2026-04-16 15:25:26,196 - INFO - Initializing NSE session...
2026-04-16 15:25:26,521 - WARNING -   ❌ TATAMOTORS: Failed
2026-04-16 15:25:28,522 - INFO - Collected: 0, Failed: 10
2026-04-16 15:25:28,522 - INFO - ============================================================
2026-04-16 15:25:28,522 - INFO - STEP 2: Collecting Gainers/Losers
2026-04-16 15:25:28,522 - INFO - ============================================================
2026-04-16 15:25:28,523 - INFO - Initializing NSE session...
2026-04-16 15:25:29,948 - INFO - Initializing NSE session...
2026-04-16 15:25:30,276 - INFO -   Gainers: 0
2026-04-16 15:25:30,276 - INFO -   Losers: 0
2026-04-16 15:25:30,276 - INFO - ============================================================
2026-04-16 15:25:30,276 - INFO - STEP 3: Detecting OI Spurts
2026-04-16 15:25:30,276 - INFO - ============================================================
2026-04-16 15:25:30,277 - INFO -   Total Spurts: 0
2026-04-16 15:25:30,277 - INFO -   Long Buildups: 0
2026-04-16 15:25:30,277 - INFO -   Short Buildups: 0
2026-04-16 15:25:30,278 - INFO -   Market Sentiment: NEUTRAL
2026-04-16 15:25:30,278 - INFO - ============================================================
2026-04-16 15:25:30,278 - INFO - STEP 4: Generating Predictions
2026-04-16 15:25:30,278 - INFO - ============================================================
2026-04-16 15:25:30,279 - INFO -   Total Predictions: 0
2026-04-16 15:25:30,279 - INFO -   Top Bullish: []
2026-04-16 15:25:30,279 - INFO -   Top Bearish: []
2026-04-16 15:25:30,279 - INFO - ============================================================
2026-04-16 15:25:30,279 - INFO - STEP 5: Generating Daily Report
2026-04-16 15:25:30,279 - INFO - ============================================================
2026-04-16 15:25:30,280 - INFO -   Report generated successfully
2026-04-16 15:25:30,280 - INFO - ============================================================
2026-04-16 15:25:30,280 - INFO - ✅ ALL STEPS COMPLETED SUCCESSFULLY
2026-04-16 15:25:30,280 - INFO - 📁 Data saved to: stock_intelligence/2026-04-16/
2026-04-16 15:25:30,280 - INFO - ============================================================

📊 Collection Summary:
  • Option chains: 0 stocks
  • Gainers: 0
  • Losers: 0
  • OI Spurts: 0
  • Predictions: 0

📁 Data saved to: stock_intelligence/2026-04-16/
[2026-04-16 15:25:30] ==============================================
[2026-04-16 15:25:30] ✅ COLLECTION COMPLETED
[2026-04-16 15:25:30] ==============================================
