[2026-08-05 15:35:01] ==============================================
[2026-08-05 15:35:01] 🚀 STOCK INTELLIGENCE COLLECTOR
[2026-08-05 15:35:01] ==============================================
2026-08-05 15:35:01,599 - INFO - ============================================================
2026-08-05 15:35:01,599 - INFO - 🚀 STOCK INTELLIGENCE COLLECTOR
2026-08-05 15:35:01,599 - INFO - 📅 Date: 2026-08-05
2026-08-05 15:35:01,599 - INFO - ============================================================
2026-08-05 15:35:01,599 - INFO - ============================================================
2026-08-05 15:35:01,599 - INFO - STEP 1: Collecting Option Chains
2026-08-05 15:35:01,599 - INFO - ============================================================
2026-08-05 15:35:01,599 - INFO - [1/10] Fetching RELIANCE...
2026-08-05 15:35:01,600 - INFO - Initializing NSE session...
2026-08-05 15:35:01,604 - ERROR - Session init error: HTTPSConnectionPool(host='www.nseindia.com', port=443): Max retries exceeded with url: / (Caused by NameResolutionError("<urllib3.connection.HTTPSConnection object at 0x73da72c99160>: Failed to resolve 'www.nseindia.com' ([Errno -3] Temporary failure in name resolution)"))
2026-08-05 15:35:01,604 - WARNING -   ❌ RELIANCE: Failed
2026-08-05 15:35:03,604 - INFO - [2/10] Fetching HDFCBANK...
2026-08-05 15:35:03,604 - INFO - Initializing NSE session...
2026-08-05 15:35:03,607 - ERROR - Session init error: HTTPSConnectionPool(host='www.nseindia.com', port=443): Max retries exceeded with url: / (Caused by NameResolutionError("<urllib3.connection.HTTPSConnection object at 0x73da72ca0f50>: Failed to resolve 'www.nseindia.com' ([Errno -3] Temporary failure in name resolution)"))
2026-08-05 15:35:03,607 - WARNING -   ❌ HDFCBANK: Failed
2026-08-05 15:35:05,608 - INFO - [3/10] Fetching ICICIBANK...
2026-08-05 15:35:05,608 - INFO - Initializing NSE session...
2026-08-05 15:35:05,611 - ERROR - Session init error: HTTPSConnectionPool(host='www.nseindia.com', port=443): Max retries exceeded with url: / (Caused by NameResolutionError("<urllib3.connection.HTTPSConnection object at 0x73da72ca1590>: Failed to resolve 'www.nseindia.com' ([Errno -3] Temporary failure in name resolution)"))
2026-08-05 15:35:05,611 - WARNING -   ❌ ICICIBANK: Failed
2026-08-05 15:35:07,611 - INFO - [4/10] Fetching INFY...
2026-08-05 15:35:07,611 - INFO - Initializing NSE session...
2026-08-05 15:35:07,614 - ERROR - Session init error: HTTPSConnectionPool(host='www.nseindia.com', port=443): Max retries exceeded with url: / (Caused by NameResolutionError("<urllib3.connection.HTTPSConnection object at 0x73da72ca1810>: Failed to resolve 'www.nseindia.com' ([Errno -3] Temporary failure in name resolution)"))
2026-08-05 15:35:07,614 - WARNING -   ❌ INFY: Failed
2026-08-05 15:35:09,614 - INFO - [5/10] Fetching TCS...
2026-08-05 15:35:09,615 - INFO - Initializing NSE session...
2026-08-05 15:35:09,618 - ERROR - Session init error: HTTPSConnectionPool(host='www.nseindia.com', port=443): Max retries exceeded with url: / (Caused by NameResolutionError("<urllib3.connection.HTTPSConnection object at 0x73da72ca1d10>: Failed to resolve 'www.nseindia.com' ([Errno -3] Temporary failure in name resolution)"))
2026-08-05 15:35:09,618 - WARNING -   ❌ TCS: Failed
2026-08-05 15:35:11,618 - INFO - [6/10] Fetching SBIN...
2026-08-05 15:35:11,619 - INFO - Initializing NSE session...
2026-08-05 15:35:11,622 - ERROR - Session init error: HTTPSConnectionPool(host='www.nseindia.com', port=443): Max retries exceeded with url: / (Caused by NameResolutionError("<urllib3.connection.HTTPSConnection object at 0x73da72ca1a90>: Failed to resolve 'www.nseindia.com' ([Errno -3] Temporary failure in name resolution)"))
2026-08-05 15:35:11,622 - WARNING -   ❌ SBIN: Failed
2026-08-05 15:35:13,622 - INFO - [7/10] Fetching AXISBANK...
2026-08-05 15:35:13,622 - INFO - Initializing NSE session...
2026-08-05 15:35:13,625 - ERROR - Session init error: HTTPSConnectionPool(host='www.nseindia.com', port=443): Max retries exceeded with url: / (Caused by NameResolutionError("<urllib3.connection.HTTPSConnection object at 0x73da72ca11d0>: Failed to resolve 'www.nseindia.com' ([Errno -3] Temporary failure in name resolution)"))
2026-08-05 15:35:13,625 - WARNING -   ❌ AXISBANK: Failed
2026-08-05 15:35:15,625 - INFO - [8/10] Fetching KOTAKBANK...
2026-08-05 15:35:15,626 - INFO - Initializing NSE session...
2026-08-05 15:35:15,629 - ERROR - Session init error: HTTPSConnectionPool(host='www.nseindia.com', port=443): Max retries exceeded with url: / (Caused by NameResolutionError("<urllib3.connection.HTTPSConnection object at 0x73da72ca1310>: Failed to resolve 'www.nseindia.com' ([Errno -3] Temporary failure in name resolution)"))
2026-08-05 15:35:15,629 - WARNING -   ❌ KOTAKBANK: Failed
2026-08-05 15:35:17,629 - INFO - [9/10] Fetching BAJFINANCE...
2026-08-05 15:35:17,629 - INFO - Initializing NSE session...
2026-08-05 15:35:17,632 - ERROR - Session init error: HTTPSConnectionPool(host='www.nseindia.com', port=443): Max retries exceeded with url: / (Caused by NameResolutionError("<urllib3.connection.HTTPSConnection object at 0x73da72ca0f50>: Failed to resolve 'www.nseindia.com' ([Errno -3] Temporary failure in name resolution)"))
2026-08-05 15:35:17,632 - WARNING -   ❌ BAJFINANCE: Failed
2026-08-05 15:35:19,632 - INFO - [10/10] Fetching TATAMOTORS...
2026-08-05 15:35:19,633 - INFO - Initializing NSE session...
2026-08-05 15:35:19,635 - ERROR - Session init error: HTTPSConnectionPool(host='www.nseindia.com', port=443): Max retries exceeded with url: / (Caused by NameResolutionError("<urllib3.connection.HTTPSConnection object at 0x73da72ca0550>: Failed to resolve 'www.nseindia.com' ([Errno -3] Temporary failure in name resolution)"))
2026-08-05 15:35:19,636 - WARNING -   ❌ TATAMOTORS: Failed
2026-08-05 15:35:21,636 - INFO - Collected: 0, Failed: 10
2026-08-05 15:35:21,636 - INFO - ============================================================
2026-08-05 15:35:21,636 - INFO - STEP 2: Collecting Gainers/Losers
2026-08-05 15:35:21,636 - INFO - ============================================================
2026-08-05 15:35:21,636 - INFO - Initializing NSE session...
2026-08-05 15:35:21,639 - ERROR - Session init error: HTTPSConnectionPool(host='www.nseindia.com', port=443): Max retries exceeded with url: / (Caused by NameResolutionError("<urllib3.connection.HTTPSConnection object at 0x73da72ca0190>: Failed to resolve 'www.nseindia.com' ([Errno -3] Temporary failure in name resolution)"))
2026-08-05 15:35:22,639 - INFO - Initializing NSE session...
2026-08-05 15:35:22,642 - ERROR - Session init error: HTTPSConnectionPool(host='www.nseindia.com', port=443): Max retries exceeded with url: / (Caused by NameResolutionError("<urllib3.connection.HTTPSConnection object at 0x73da72ca1e50>: Failed to resolve 'www.nseindia.com' ([Errno -3] Temporary failure in name resolution)"))
2026-08-05 15:35:22,643 - INFO -   Gainers: 0
2026-08-05 15:35:22,643 - INFO -   Losers: 0
2026-08-05 15:35:22,643 - INFO - ============================================================
2026-08-05 15:35:22,643 - INFO - STEP 3: Detecting OI Spurts
2026-08-05 15:35:22,643 - INFO - ============================================================
2026-08-05 15:35:22,644 - INFO -   Total Spurts: 0
2026-08-05 15:35:22,644 - INFO -   Long Buildups: 0
2026-08-05 15:35:22,644 - INFO -   Short Buildups: 0
2026-08-05 15:35:22,644 - INFO -   Market Sentiment: NEUTRAL
2026-08-05 15:35:22,644 - INFO - ============================================================
2026-08-05 15:35:22,645 - INFO - STEP 4: Generating Predictions
2026-08-05 15:35:22,645 - INFO - ============================================================
2026-08-05 15:35:22,646 - INFO -   Total Predictions: 0
2026-08-05 15:35:22,646 - INFO -   Top Bullish: []
2026-08-05 15:35:22,646 - INFO -   Top Bearish: []
2026-08-05 15:35:22,646 - INFO - ============================================================
2026-08-05 15:35:22,646 - INFO - STEP 5: Generating Daily Report
2026-08-05 15:35:22,646 - INFO - ============================================================
2026-08-05 15:35:22,647 - INFO -   Report generated successfully
2026-08-05 15:35:22,647 - INFO - ============================================================
2026-08-05 15:35:22,647 - INFO - ✅ ALL STEPS COMPLETED SUCCESSFULLY
2026-08-05 15:35:22,648 - INFO - 📁 Data saved to: stock_intelligence/2026-08-05/
2026-08-05 15:35:22,648 - INFO - ============================================================

📊 Collection Summary:
  • Option chains: 0 stocks
  • Gainers: 0
  • Losers: 0
  • OI Spurts: 0
  • Predictions: 0

📁 Data saved to: stock_intelligence/2026-08-05/
[2026-08-05 15:35:22] ==============================================
[2026-08-05 15:35:22] ✅ COLLECTION COMPLETED
[2026-08-05 15:35:22] ==============================================
