[2026-09-24 15:35:01] ==============================================
[2026-09-24 15:35:01] 🚀 STOCK INTELLIGENCE COLLECTOR
[2026-09-24 15:35:01] ==============================================
2026-09-24 15:35:02,051 - INFO - ============================================================
2026-09-24 15:35:02,052 - INFO - 🚀 STOCK INTELLIGENCE COLLECTOR
2026-09-24 15:35:02,052 - INFO - 📅 Date: 2026-09-24
2026-09-24 15:35:02,052 - INFO - ============================================================
2026-09-24 15:35:02,052 - INFO - ============================================================
2026-09-24 15:35:02,052 - INFO - STEP 1: Collecting Option Chains
2026-09-24 15:35:02,052 - INFO - ============================================================
2026-09-24 15:35:02,052 - INFO - [1/10] Fetching RELIANCE...
2026-09-24 15:35:02,052 - INFO - Initializing NSE session...
2026-09-24 15:35:07,744 - WARNING -   ❌ RELIANCE: Failed
2026-09-24 15:35:09,744 - INFO - [2/10] Fetching HDFCBANK...
2026-09-24 15:35:09,744 - INFO - Initializing NSE session...
2026-09-24 15:35:10,379 - WARNING -   ❌ HDFCBANK: Failed
2026-09-24 15:35:12,380 - INFO - [3/10] Fetching ICICIBANK...
2026-09-24 15:35:12,380 - INFO - Initializing NSE session...
2026-09-24 15:35:14,481 - WARNING -   ❌ ICICIBANK: Failed
2026-09-24 15:35:16,482 - INFO - [4/10] Fetching INFY...
2026-09-24 15:35:16,482 - INFO - Initializing NSE session...
2026-09-24 15:35:21,869 - WARNING -   ❌ INFY: Failed
2026-09-24 15:35:23,869 - INFO - [5/10] Fetching TCS...
2026-09-24 15:35:23,870 - INFO - Initializing NSE session...
2026-09-24 15:35:26,883 - WARNING -   ❌ TCS: Failed
2026-09-24 15:35:28,884 - INFO - [6/10] Fetching SBIN...
2026-09-24 15:35:28,884 - INFO - Initializing NSE session...
2026-09-24 15:35:34,049 - WARNING -   ❌ SBIN: Failed
2026-09-24 15:35:36,049 - INFO - [7/10] Fetching AXISBANK...
2026-09-24 15:35:36,049 - INFO - Initializing NSE session...
2026-09-24 15:35:43,668 - WARNING -   ❌ AXISBANK: Failed
2026-09-24 15:35:45,669 - INFO - [8/10] Fetching KOTAKBANK...
2026-09-24 15:35:45,669 - INFO - Initializing NSE session...
2026-09-24 15:35:54,781 - WARNING -   ❌ KOTAKBANK: Failed
2026-09-24 15:35:56,781 - INFO - [9/10] Fetching BAJFINANCE...
2026-09-24 15:35:56,781 - INFO - Initializing NSE session...
2026-09-24 15:36:08,056 - ERROR - Session init error: ('Connection aborted.', ConnectionResetError(104, 'Connection reset by peer'))
2026-09-24 15:36:08,056 - WARNING -   ❌ BAJFINANCE: Failed
2026-09-24 15:36:10,056 - INFO - [10/10] Fetching TATAMOTORS...
2026-09-24 15:36:10,057 - INFO - Initializing NSE session...
2026-09-24 15:36:21,516 - WARNING -   ❌ TATAMOTORS: Failed
2026-09-24 15:36:23,516 - INFO - Collected: 0, Failed: 10
2026-09-24 15:36:23,516 - INFO - ============================================================
2026-09-24 15:36:23,516 - INFO - STEP 2: Collecting Gainers/Losers
2026-09-24 15:36:23,516 - INFO - ============================================================
2026-09-24 15:36:23,517 - INFO - Initializing NSE session...
2026-09-24 15:36:35,365 - INFO - Initializing NSE session...
2026-09-24 15:36:50,733 - INFO -   Gainers: 0
2026-09-24 15:36:50,733 - INFO -   Losers: 0
2026-09-24 15:36:50,734 - INFO - ============================================================
2026-09-24 15:36:50,734 - INFO - STEP 3: Detecting OI Spurts
2026-09-24 15:36:50,734 - INFO - ============================================================
2026-09-24 15:36:50,748 - INFO -   Total Spurts: 0
2026-09-24 15:36:50,748 - INFO -   Long Buildups: 0
2026-09-24 15:36:50,748 - INFO -   Short Buildups: 0
2026-09-24 15:36:50,748 - INFO -   Market Sentiment: NEUTRAL
2026-09-24 15:36:50,749 - INFO - ============================================================
2026-09-24 15:36:50,749 - INFO - STEP 4: Generating Predictions
2026-09-24 15:36:50,749 - INFO - ============================================================
2026-09-24 15:36:50,754 - INFO -   Total Predictions: 0
2026-09-24 15:36:50,754 - INFO -   Top Bullish: []
2026-09-24 15:36:50,754 - INFO -   Top Bearish: []
2026-09-24 15:36:50,754 - INFO - ============================================================
2026-09-24 15:36:50,754 - INFO - STEP 5: Generating Daily Report
2026-09-24 15:36:50,754 - INFO - ============================================================
2026-09-24 15:36:50,765 - INFO -   Report generated successfully
2026-09-24 15:36:50,766 - INFO - ============================================================
2026-09-24 15:36:50,766 - INFO - ✅ ALL STEPS COMPLETED SUCCESSFULLY
2026-09-24 15:36:50,766 - INFO - 📁 Data saved to: stock_intelligence/2026-09-24/
2026-09-24 15:36:50,766 - INFO - ============================================================

📊 Collection Summary:
  • Option chains: 0 stocks
  • Gainers: 0
  • Losers: 0
  • OI Spurts: 0
  • Predictions: 0

📁 Data saved to: stock_intelligence/2026-09-24/
[2026-09-24 15:36:50] ==============================================
[2026-09-24 15:36:50] ✅ COLLECTION COMPLETED
[2026-09-24 15:36:50] ==============================================
