[2026-04-28 15:25:01] ==============================================
[2026-04-28 15:25:01] 🚀 STOCK INTELLIGENCE COLLECTOR
[2026-04-28 15:25:01] ==============================================
2026-04-28 15:25:01,697 - INFO - ============================================================
2026-04-28 15:25:01,698 - INFO - 🚀 STOCK INTELLIGENCE COLLECTOR
2026-04-28 15:25:01,698 - INFO - 📅 Date: 2026-04-28
2026-04-28 15:25:01,698 - INFO - ============================================================
2026-04-28 15:25:01,698 - INFO - ============================================================
2026-04-28 15:25:01,698 - INFO - STEP 1: Collecting Option Chains
2026-04-28 15:25:01,698 - INFO - ============================================================
2026-04-28 15:25:01,698 - INFO - [1/10] Fetching RELIANCE...
2026-04-28 15:25:01,698 - INFO - Initializing NSE session...
2026-04-28 15:25:02,552 - WARNING -   ❌ RELIANCE: Failed
2026-04-28 15:25:04,553 - INFO - [2/10] Fetching HDFCBANK...
2026-04-28 15:25:04,553 - INFO - Initializing NSE session...
2026-04-28 15:25:05,419 - WARNING -   ❌ HDFCBANK: Failed
2026-04-28 15:25:07,419 - INFO - [3/10] Fetching ICICIBANK...
2026-04-28 15:25:07,420 - INFO - Initializing NSE session...
2026-04-28 15:25:08,180 - WARNING -   ❌ ICICIBANK: Failed
2026-04-28 15:25:10,180 - INFO - [4/10] Fetching INFY...
2026-04-28 15:25:10,181 - INFO - Initializing NSE session...
2026-04-28 15:25:10,738 - WARNING -   ❌ INFY: Failed
2026-04-28 15:25:12,738 - INFO - [5/10] Fetching TCS...
2026-04-28 15:25:12,738 - INFO - Initializing NSE session...
2026-04-28 15:25:13,530 - WARNING -   ❌ TCS: Failed
2026-04-28 15:25:15,532 - INFO - [6/10] Fetching SBIN...
2026-04-28 15:25:15,532 - INFO - Initializing NSE session...
2026-04-28 15:25:16,474 - WARNING -   ❌ SBIN: Failed
2026-04-28 15:25:18,475 - INFO - [7/10] Fetching AXISBANK...
2026-04-28 15:25:18,475 - INFO - Initializing NSE session...
2026-04-28 15:25:19,354 - WARNING -   ❌ AXISBANK: Failed
2026-04-28 15:25:21,354 - INFO - [8/10] Fetching KOTAKBANK...
2026-04-28 15:25:21,354 - INFO - Initializing NSE session...
2026-04-28 15:25:22,214 - WARNING -   ❌ KOTAKBANK: Failed
2026-04-28 15:25:24,214 - INFO - [9/10] Fetching BAJFINANCE...
2026-04-28 15:25:24,215 - INFO - Initializing NSE session...
2026-04-28 15:25:25,082 - WARNING -   ❌ BAJFINANCE: Failed
2026-04-28 15:25:27,082 - INFO - [10/10] Fetching TATAMOTORS...
2026-04-28 15:25:27,083 - INFO - Initializing NSE session...
2026-04-28 15:25:27,942 - WARNING -   ❌ TATAMOTORS: Failed
2026-04-28 15:25:29,942 - INFO - Collected: 0, Failed: 10
2026-04-28 15:25:29,943 - INFO - ============================================================
2026-04-28 15:25:29,943 - INFO - STEP 2: Collecting Gainers/Losers
2026-04-28 15:25:29,943 - INFO - ============================================================
2026-04-28 15:25:29,943 - INFO - Initializing NSE session...
2026-04-28 15:25:31,811 - INFO - Initializing NSE session...
2026-04-28 15:25:32,658 - INFO -   Gainers: 0
2026-04-28 15:25:32,659 - INFO -   Losers: 0
2026-04-28 15:25:32,659 - INFO - ============================================================
2026-04-28 15:25:32,659 - INFO - STEP 3: Detecting OI Spurts
2026-04-28 15:25:32,659 - INFO - ============================================================
2026-04-28 15:25:32,661 - INFO -   Total Spurts: 0
2026-04-28 15:25:32,661 - INFO -   Long Buildups: 0
2026-04-28 15:25:32,661 - INFO -   Short Buildups: 0
2026-04-28 15:25:32,661 - INFO -   Market Sentiment: NEUTRAL
2026-04-28 15:25:32,661 - INFO - ============================================================
2026-04-28 15:25:32,661 - INFO - STEP 4: Generating Predictions
2026-04-28 15:25:32,661 - INFO - ============================================================
2026-04-28 15:25:32,663 - INFO -   Total Predictions: 0
2026-04-28 15:25:32,663 - INFO -   Top Bullish: []
2026-04-28 15:25:32,663 - INFO -   Top Bearish: []
2026-04-28 15:25:32,663 - INFO - ============================================================
2026-04-28 15:25:32,664 - INFO - STEP 5: Generating Daily Report
2026-04-28 15:25:32,664 - INFO - ============================================================
2026-04-28 15:25:32,666 - INFO -   Report generated successfully
2026-04-28 15:25:32,667 - INFO - ============================================================
2026-04-28 15:25:32,667 - INFO - ✅ ALL STEPS COMPLETED SUCCESSFULLY
2026-04-28 15:25:32,667 - INFO - 📁 Data saved to: stock_intelligence/2026-04-28/
2026-04-28 15:25:32,667 - INFO - ============================================================

📊 Collection Summary:
  • Option chains: 0 stocks
  • Gainers: 0
  • Losers: 0
  • OI Spurts: 0
  • Predictions: 0

📁 Data saved to: stock_intelligence/2026-04-28/
[2026-04-28 15:25:32] ==============================================
[2026-04-28 15:25:32] ✅ COLLECTION COMPLETED
[2026-04-28 15:25:32] ==============================================
