[2026-03-12 15:25:01] ==============================================
[2026-03-12 15:25:01] 🚀 STOCK INTELLIGENCE COLLECTOR
[2026-03-12 15:25:01] ==============================================
2026-03-12 15:25:02,261 - INFO - ============================================================
2026-03-12 15:25:02,262 - INFO - 🚀 STOCK INTELLIGENCE COLLECTOR
2026-03-12 15:25:02,262 - INFO - 📅 Date: 2026-03-12
2026-03-12 15:25:02,262 - INFO - ============================================================
2026-03-12 15:25:02,262 - INFO - ============================================================
2026-03-12 15:25:02,262 - INFO - STEP 1: Collecting Option Chains
2026-03-12 15:25:02,262 - INFO - ============================================================
2026-03-12 15:25:02,263 - INFO - [1/10] Fetching RELIANCE...
2026-03-12 15:25:02,263 - INFO - Initializing NSE session...
2026-03-12 15:25:03,141 - WARNING -   ❌ RELIANCE: Failed
2026-03-12 15:25:05,142 - INFO - [2/10] Fetching HDFCBANK...
2026-03-12 15:25:05,142 - INFO - Initializing NSE session...
2026-03-12 15:25:06,003 - WARNING -   ❌ HDFCBANK: Failed
2026-03-12 15:25:08,004 - INFO - [3/10] Fetching ICICIBANK...
2026-03-12 15:25:08,004 - INFO - Initializing NSE session...
2026-03-12 15:25:09,081 - WARNING -   ❌ ICICIBANK: Failed
2026-03-12 15:25:11,081 - INFO - [4/10] Fetching INFY...
2026-03-12 15:25:11,081 - INFO - Initializing NSE session...
2026-03-12 15:25:11,743 - WARNING -   ❌ INFY: Failed
2026-03-12 15:25:13,744 - INFO - [5/10] Fetching TCS...
2026-03-12 15:25:13,744 - INFO - Initializing NSE session...
2026-03-12 15:25:14,610 - WARNING -   ❌ TCS: Failed
2026-03-12 15:25:16,611 - INFO - [6/10] Fetching SBIN...
2026-03-12 15:25:16,611 - INFO - Initializing NSE session...
2026-03-12 15:25:17,477 - WARNING -   ❌ SBIN: Failed
2026-03-12 15:25:19,478 - INFO - [7/10] Fetching AXISBANK...
2026-03-12 15:25:19,478 - INFO - Initializing NSE session...
2026-03-12 15:25:20,347 - WARNING -   ❌ AXISBANK: Failed
2026-03-12 15:25:22,347 - INFO - [8/10] Fetching KOTAKBANK...
2026-03-12 15:25:22,347 - INFO - Initializing NSE session...
2026-03-12 15:25:23,212 - WARNING -   ❌ KOTAKBANK: Failed
2026-03-12 15:25:25,213 - INFO - [9/10] Fetching BAJFINANCE...
2026-03-12 15:25:25,213 - INFO - Initializing NSE session...
2026-03-12 15:25:26,079 - WARNING -   ❌ BAJFINANCE: Failed
2026-03-12 15:25:28,080 - INFO - [10/10] Fetching TATAMOTORS...
2026-03-12 15:25:28,080 - INFO - Initializing NSE session...
2026-03-12 15:25:28,948 - WARNING -   ❌ TATAMOTORS: Failed
2026-03-12 15:25:30,948 - INFO - Collected: 0, Failed: 10
2026-03-12 15:25:30,949 - INFO - ============================================================
2026-03-12 15:25:30,949 - INFO - STEP 2: Collecting Gainers/Losers
2026-03-12 15:25:30,949 - INFO - ============================================================
2026-03-12 15:25:30,949 - INFO - Initializing NSE session...
2026-03-12 15:25:32,610 - INFO - Initializing NSE session...
2026-03-12 15:25:33,454 - INFO -   Gainers: 0
2026-03-12 15:25:33,454 - INFO -   Losers: 0
2026-03-12 15:25:33,455 - INFO - ============================================================
2026-03-12 15:25:33,455 - INFO - STEP 3: Detecting OI Spurts
2026-03-12 15:25:33,455 - INFO - ============================================================
2026-03-12 15:25:33,457 - INFO -   Total Spurts: 0
2026-03-12 15:25:33,457 - INFO -   Long Buildups: 0
2026-03-12 15:25:33,457 - INFO -   Short Buildups: 0
2026-03-12 15:25:33,457 - INFO -   Market Sentiment: NEUTRAL
2026-03-12 15:25:33,457 - INFO - ============================================================
2026-03-12 15:25:33,458 - INFO - STEP 4: Generating Predictions
2026-03-12 15:25:33,458 - INFO - ============================================================
2026-03-12 15:25:33,459 - INFO -   Total Predictions: 0
2026-03-12 15:25:33,459 - INFO -   Top Bullish: []
2026-03-12 15:25:33,459 - INFO -   Top Bearish: []
2026-03-12 15:25:33,460 - INFO - ============================================================
2026-03-12 15:25:33,460 - INFO - STEP 5: Generating Daily Report
2026-03-12 15:25:33,460 - INFO - ============================================================
2026-03-12 15:25:33,462 - INFO -   Report generated successfully
2026-03-12 15:25:33,462 - INFO - ============================================================
2026-03-12 15:25:33,462 - INFO - ✅ ALL STEPS COMPLETED SUCCESSFULLY
2026-03-12 15:25:33,463 - INFO - 📁 Data saved to: stock_intelligence/2026-03-12/
2026-03-12 15:25:33,463 - INFO - ============================================================

📊 Collection Summary:
  • Option chains: 0 stocks
  • Gainers: 0
  • Losers: 0
  • OI Spurts: 0
  • Predictions: 0

📁 Data saved to: stock_intelligence/2026-03-12/
[2026-03-12 15:25:33] ==============================================
[2026-03-12 15:25:33] ✅ COLLECTION COMPLETED
[2026-03-12 15:25:33] ==============================================
