[2026-07-07 15:35:01] ==============================================
[2026-07-07 15:35:01] 🚀 STOCK INTELLIGENCE COLLECTOR
[2026-07-07 15:35:01] ==============================================
2026-07-07 15:35:02,120 - INFO - ============================================================
2026-07-07 15:35:02,120 - INFO - 🚀 STOCK INTELLIGENCE COLLECTOR
2026-07-07 15:35:02,120 - INFO - 📅 Date: 2026-07-07
2026-07-07 15:35:02,120 - INFO - ============================================================
2026-07-07 15:35:02,120 - INFO - ============================================================
2026-07-07 15:35:02,120 - INFO - STEP 1: Collecting Option Chains
2026-07-07 15:35:02,120 - INFO - ============================================================
2026-07-07 15:35:02,120 - INFO - [1/10] Fetching RELIANCE...
2026-07-07 15:35:02,120 - INFO - Initializing NSE session...
2026-07-07 15:35:12,467 - WARNING -   ❌ RELIANCE: Failed
2026-07-07 15:35:14,467 - INFO - [2/10] Fetching HDFCBANK...
2026-07-07 15:35:14,467 - INFO - Initializing NSE session...
2026-07-07 15:35:14,852 - WARNING -   ❌ HDFCBANK: Failed
2026-07-07 15:35:16,853 - INFO - [3/10] Fetching ICICIBANK...
2026-07-07 15:35:16,853 - INFO - Initializing NSE session...
2026-07-07 15:35:17,643 - WARNING -   ❌ ICICIBANK: Failed
2026-07-07 15:35:19,643 - INFO - [4/10] Fetching INFY...
2026-07-07 15:35:19,644 - INFO - Initializing NSE session...
2026-07-07 15:35:20,127 - WARNING -   ❌ INFY: Failed
2026-07-07 15:35:22,127 - INFO - [5/10] Fetching TCS...
2026-07-07 15:35:22,127 - INFO - Initializing NSE session...
2026-07-07 15:35:24,775 - WARNING -   ❌ TCS: Failed
2026-07-07 15:35:26,776 - INFO - [6/10] Fetching SBIN...
2026-07-07 15:35:26,776 - INFO - Initializing NSE session...
2026-07-07 15:35:26,927 - WARNING -   ❌ SBIN: Failed
2026-07-07 15:35:28,928 - INFO - [7/10] Fetching AXISBANK...
2026-07-07 15:35:28,928 - INFO - Initializing NSE session...
2026-07-07 15:35:29,071 - WARNING -   ❌ AXISBANK: Failed
2026-07-07 15:35:31,072 - INFO - [8/10] Fetching KOTAKBANK...
2026-07-07 15:35:31,072 - INFO - Initializing NSE session...
2026-07-07 15:35:32,712 - WARNING -   ❌ KOTAKBANK: Failed
2026-07-07 15:35:34,712 - INFO - [9/10] Fetching BAJFINANCE...
2026-07-07 15:35:34,712 - INFO - Initializing NSE session...
2026-07-07 15:35:38,142 - WARNING -   ❌ BAJFINANCE: Failed
2026-07-07 15:35:40,143 - INFO - [10/10] Fetching TATAMOTORS...
2026-07-07 15:35:40,143 - INFO - Initializing NSE session...
2026-07-07 15:35:40,294 - WARNING -   ❌ TATAMOTORS: Failed
2026-07-07 15:35:42,295 - INFO - Collected: 0, Failed: 10
2026-07-07 15:35:42,295 - INFO - ============================================================
2026-07-07 15:35:42,295 - INFO - STEP 2: Collecting Gainers/Losers
2026-07-07 15:35:42,295 - INFO - ============================================================
2026-07-07 15:35:42,295 - INFO - Initializing NSE session...
2026-07-07 15:35:43,461 - INFO - Initializing NSE session...
2026-07-07 15:35:43,620 - INFO -   Gainers: 0
2026-07-07 15:35:43,621 - INFO -   Losers: 0
2026-07-07 15:35:43,621 - INFO - ============================================================
2026-07-07 15:35:43,621 - INFO - STEP 3: Detecting OI Spurts
2026-07-07 15:35:43,621 - INFO - ============================================================
2026-07-07 15:35:43,623 - INFO -   Total Spurts: 0
2026-07-07 15:35:43,623 - INFO -   Long Buildups: 0
2026-07-07 15:35:43,623 - INFO -   Short Buildups: 0
2026-07-07 15:35:43,623 - INFO -   Market Sentiment: NEUTRAL
2026-07-07 15:35:43,623 - INFO - ============================================================
2026-07-07 15:35:43,623 - INFO - STEP 4: Generating Predictions
2026-07-07 15:35:43,623 - INFO - ============================================================
2026-07-07 15:35:43,624 - INFO -   Total Predictions: 0
2026-07-07 15:35:43,624 - INFO -   Top Bullish: []
2026-07-07 15:35:43,625 - INFO -   Top Bearish: []
2026-07-07 15:35:43,625 - INFO - ============================================================
2026-07-07 15:35:43,625 - INFO - STEP 5: Generating Daily Report
2026-07-07 15:35:43,625 - INFO - ============================================================
2026-07-07 15:35:43,626 - INFO -   Report generated successfully
2026-07-07 15:35:43,626 - INFO - ============================================================
2026-07-07 15:35:43,626 - INFO - ✅ ALL STEPS COMPLETED SUCCESSFULLY
2026-07-07 15:35:43,626 - INFO - 📁 Data saved to: stock_intelligence/2026-07-07/
2026-07-07 15:35:43,627 - INFO - ============================================================

📊 Collection Summary:
  • Option chains: 0 stocks
  • Gainers: 0
  • Losers: 0
  • OI Spurts: 0
  • Predictions: 0

📁 Data saved to: stock_intelligence/2026-07-07/
[2026-07-07 15:35:43] ==============================================
[2026-07-07 15:35:43] ✅ COLLECTION COMPLETED
[2026-07-07 15:35:43] ==============================================
