[2026-06-24 15:25:01] ==============================================
[2026-06-24 15:25:01] 🚀 STOCK INTELLIGENCE COLLECTOR
[2026-06-24 15:25:01] ==============================================
2026-06-24 15:25:02,179 - INFO - ============================================================
2026-06-24 15:25:02,179 - INFO - 🚀 STOCK INTELLIGENCE COLLECTOR
2026-06-24 15:25:02,179 - INFO - 📅 Date: 2026-06-24
2026-06-24 15:25:02,179 - INFO - ============================================================
2026-06-24 15:25:02,179 - INFO - ============================================================
2026-06-24 15:25:02,179 - INFO - STEP 1: Collecting Option Chains
2026-06-24 15:25:02,179 - INFO - ============================================================
2026-06-24 15:25:02,179 - INFO - [1/10] Fetching RELIANCE...
2026-06-24 15:25:02,179 - INFO - Initializing NSE session...
2026-06-24 15:25:09,763 - WARNING -   ❌ RELIANCE: Failed
2026-06-24 15:25:11,763 - INFO - [2/10] Fetching HDFCBANK...
2026-06-24 15:25:11,764 - INFO - Initializing NSE session...
2026-06-24 15:25:14,957 - WARNING -   ❌ HDFCBANK: Failed
2026-06-24 15:25:16,958 - INFO - [3/10] Fetching ICICIBANK...
2026-06-24 15:25:16,958 - INFO - Initializing NSE session...
2026-06-24 15:25:21,596 - WARNING -   ❌ ICICIBANK: Failed
2026-06-24 15:25:23,596 - INFO - [4/10] Fetching INFY...
2026-06-24 15:25:23,597 - INFO - Initializing NSE session...
2026-06-24 15:25:48,832 - WARNING -   ❌ INFY: Failed
2026-06-24 15:25:50,832 - INFO - [5/10] Fetching TCS...
2026-06-24 15:25:50,832 - INFO - Initializing NSE session...
2026-06-24 15:25:57,373 - WARNING -   ❌ TCS: Failed
2026-06-24 15:25:59,373 - INFO - [6/10] Fetching SBIN...
2026-06-24 15:25:59,373 - INFO - Initializing NSE session...
2026-06-24 15:26:06,943 - WARNING -   ❌ SBIN: Failed
2026-06-24 15:26:08,944 - INFO - [7/10] Fetching AXISBANK...
2026-06-24 15:26:08,944 - INFO - Initializing NSE session...
2026-06-24 15:26:09,596 - WARNING -   ❌ AXISBANK: Failed
2026-06-24 15:26:11,596 - INFO - [8/10] Fetching KOTAKBANK...
2026-06-24 15:26:11,596 - INFO - Initializing NSE session...
2026-06-24 15:26:14,673 - WARNING -   ❌ KOTAKBANK: Failed
2026-06-24 15:26:16,673 - INFO - [9/10] Fetching BAJFINANCE...
2026-06-24 15:26:16,673 - INFO - Initializing NSE session...
2026-06-24 15:26:17,417 - WARNING -   ❌ BAJFINANCE: Failed
2026-06-24 15:26:19,417 - INFO - [10/10] Fetching TATAMOTORS...
2026-06-24 15:26:19,418 - INFO - Initializing NSE session...
2026-06-24 15:26:25,128 - WARNING -   ❌ TATAMOTORS: Failed
2026-06-24 15:26:27,129 - INFO - Collected: 0, Failed: 10
2026-06-24 15:26:27,129 - INFO - ============================================================
2026-06-24 15:26:27,129 - INFO - STEP 2: Collecting Gainers/Losers
2026-06-24 15:26:27,129 - INFO - ============================================================
2026-06-24 15:26:27,129 - INFO - Initializing NSE session...
2026-06-24 15:26:31,079 - INFO - Initializing NSE session...
2026-06-24 15:26:33,664 - INFO -   Gainers: 0
2026-06-24 15:26:33,664 - INFO -   Losers: 0
2026-06-24 15:26:33,664 - INFO - ============================================================
2026-06-24 15:26:33,664 - INFO - STEP 3: Detecting OI Spurts
2026-06-24 15:26:33,664 - INFO - ============================================================
2026-06-24 15:26:33,665 - INFO -   Total Spurts: 0
2026-06-24 15:26:33,665 - INFO -   Long Buildups: 0
2026-06-24 15:26:33,665 - INFO -   Short Buildups: 0
2026-06-24 15:26:33,665 - INFO -   Market Sentiment: NEUTRAL
2026-06-24 15:26:33,665 - INFO - ============================================================
2026-06-24 15:26:33,665 - INFO - STEP 4: Generating Predictions
2026-06-24 15:26:33,666 - INFO - ============================================================
2026-06-24 15:26:33,666 - INFO -   Total Predictions: 0
2026-06-24 15:26:33,666 - INFO -   Top Bullish: []
2026-06-24 15:26:33,666 - INFO -   Top Bearish: []
2026-06-24 15:26:33,667 - INFO - ============================================================
2026-06-24 15:26:33,667 - INFO - STEP 5: Generating Daily Report
2026-06-24 15:26:33,667 - INFO - ============================================================
2026-06-24 15:26:33,667 - INFO -   Report generated successfully
2026-06-24 15:26:33,667 - INFO - ============================================================
2026-06-24 15:26:33,667 - INFO - ✅ ALL STEPS COMPLETED SUCCESSFULLY
2026-06-24 15:26:33,667 - INFO - 📁 Data saved to: stock_intelligence/2026-06-24/
2026-06-24 15:26:33,667 - INFO - ============================================================

📊 Collection Summary:
  • Option chains: 0 stocks
  • Gainers: 0
  • Losers: 0
  • OI Spurts: 0
  • Predictions: 0

📁 Data saved to: stock_intelligence/2026-06-24/
[2026-06-24 15:26:33] ==============================================
[2026-06-24 15:26:33] ✅ COLLECTION COMPLETED
[2026-06-24 15:26:33] ==============================================
