[2026-05-11 15:25:01] ==============================================
[2026-05-11 15:25:01] 🚀 STOCK INTELLIGENCE COLLECTOR
[2026-05-11 15:25:01] ==============================================
2026-05-11 15:25:01,952 - INFO - ============================================================
2026-05-11 15:25:01,952 - INFO - 🚀 STOCK INTELLIGENCE COLLECTOR
2026-05-11 15:25:01,952 - INFO - 📅 Date: 2026-05-11
2026-05-11 15:25:01,952 - INFO - ============================================================
2026-05-11 15:25:01,952 - INFO - ============================================================
2026-05-11 15:25:01,953 - INFO - STEP 1: Collecting Option Chains
2026-05-11 15:25:01,953 - INFO - ============================================================
2026-05-11 15:25:01,953 - INFO - [1/10] Fetching RELIANCE...
2026-05-11 15:25:01,953 - INFO - Initializing NSE session...
2026-05-11 15:25:02,701 - WARNING -   ❌ RELIANCE: Failed
2026-05-11 15:25:04,701 - INFO - [2/10] Fetching HDFCBANK...
2026-05-11 15:25:04,702 - INFO - Initializing NSE session...
2026-05-11 15:25:05,364 - WARNING -   ❌ HDFCBANK: Failed
2026-05-11 15:25:07,364 - INFO - [3/10] Fetching ICICIBANK...
2026-05-11 15:25:07,364 - INFO - Initializing NSE session...
2026-05-11 15:25:08,236 - WARNING -   ❌ ICICIBANK: Failed
2026-05-11 15:25:10,236 - INFO - [4/10] Fetching INFY...
2026-05-11 15:25:10,236 - INFO - Initializing NSE session...
2026-05-11 15:25:11,308 - WARNING -   ❌ INFY: Failed
2026-05-11 15:25:13,308 - INFO - [5/10] Fetching TCS...
2026-05-11 15:25:13,309 - INFO - Initializing NSE session...
2026-05-11 15:25:13,971 - WARNING -   ❌ TCS: Failed
2026-05-11 15:25:15,971 - INFO - [6/10] Fetching SBIN...
2026-05-11 15:25:15,971 - INFO - Initializing NSE session...
2026-05-11 15:25:16,837 - WARNING -   ❌ SBIN: Failed
2026-05-11 15:25:18,838 - INFO - [7/10] Fetching AXISBANK...
2026-05-11 15:25:18,838 - INFO - Initializing NSE session...
2026-05-11 15:25:20,935 - WARNING -   ❌ AXISBANK: Failed
2026-05-11 15:25:22,935 - INFO - [8/10] Fetching KOTAKBANK...
2026-05-11 15:25:22,935 - INFO - Initializing NSE session...
2026-05-11 15:25:23,802 - WARNING -   ❌ KOTAKBANK: Failed
2026-05-11 15:25:25,802 - INFO - [9/10] Fetching BAJFINANCE...
2026-05-11 15:25:25,802 - INFO - Initializing NSE session...
2026-05-11 15:25:26,665 - WARNING -   ❌ BAJFINANCE: Failed
2026-05-11 15:25:28,666 - INFO - [10/10] Fetching TATAMOTORS...
2026-05-11 15:25:28,666 - INFO - Initializing NSE session...
2026-05-11 15:25:29,428 - WARNING -   ❌ TATAMOTORS: Failed
2026-05-11 15:25:31,429 - INFO - Collected: 0, Failed: 10
2026-05-11 15:25:31,429 - INFO - ============================================================
2026-05-11 15:25:31,430 - INFO - STEP 2: Collecting Gainers/Losers
2026-05-11 15:25:31,430 - INFO - ============================================================
2026-05-11 15:25:31,433 - INFO - Initializing NSE session...
2026-05-11 15:25:32,995 - INFO - Initializing NSE session...
2026-05-11 15:25:34,247 - INFO -   Gainers: 0
2026-05-11 15:25:34,248 - INFO -   Losers: 0
2026-05-11 15:25:34,248 - INFO - ============================================================
2026-05-11 15:25:34,248 - INFO - STEP 3: Detecting OI Spurts
2026-05-11 15:25:34,248 - INFO - ============================================================
2026-05-11 15:25:34,248 - INFO -   Total Spurts: 0
2026-05-11 15:25:34,249 - INFO -   Long Buildups: 0
2026-05-11 15:25:34,249 - INFO -   Short Buildups: 0
2026-05-11 15:25:34,249 - INFO -   Market Sentiment: NEUTRAL
2026-05-11 15:25:34,249 - INFO - ============================================================
2026-05-11 15:25:34,249 - INFO - STEP 4: Generating Predictions
2026-05-11 15:25:34,249 - INFO - ============================================================
2026-05-11 15:25:34,249 - INFO -   Total Predictions: 0
2026-05-11 15:25:34,249 - INFO -   Top Bullish: []
2026-05-11 15:25:34,249 - INFO -   Top Bearish: []
2026-05-11 15:25:34,249 - INFO - ============================================================
2026-05-11 15:25:34,250 - INFO - STEP 5: Generating Daily Report
2026-05-11 15:25:34,250 - INFO - ============================================================
2026-05-11 15:25:34,250 - INFO -   Report generated successfully
2026-05-11 15:25:34,250 - INFO - ============================================================
2026-05-11 15:25:34,250 - INFO - ✅ ALL STEPS COMPLETED SUCCESSFULLY
2026-05-11 15:25:34,250 - INFO - 📁 Data saved to: stock_intelligence/2026-05-11/
2026-05-11 15:25:34,250 - INFO - ============================================================

📊 Collection Summary:
  • Option chains: 0 stocks
  • Gainers: 0
  • Losers: 0
  • OI Spurts: 0
  • Predictions: 0

📁 Data saved to: stock_intelligence/2026-05-11/
[2026-05-11 15:25:34] ==============================================
[2026-05-11 15:25:34] ✅ COLLECTION COMPLETED
[2026-05-11 15:25:34] ==============================================
