[2026-07-20 15:35:01] ==============================================
[2026-07-20 15:35:01] 🚀 STOCK INTELLIGENCE COLLECTOR
[2026-07-20 15:35:01] ==============================================
2026-07-20 15:35:02,111 - INFO - ============================================================
2026-07-20 15:35:02,111 - INFO - 🚀 STOCK INTELLIGENCE COLLECTOR
2026-07-20 15:35:02,111 - INFO - 📅 Date: 2026-07-20
2026-07-20 15:35:02,111 - INFO - ============================================================
2026-07-20 15:35:02,111 - INFO - ============================================================
2026-07-20 15:35:02,111 - INFO - STEP 1: Collecting Option Chains
2026-07-20 15:35:02,111 - INFO - ============================================================
2026-07-20 15:35:02,111 - INFO - [1/10] Fetching RELIANCE...
2026-07-20 15:35:02,111 - INFO - Initializing NSE session...
2026-07-20 15:35:02,440 - WARNING -   ❌ RELIANCE: Failed
2026-07-20 15:35:04,440 - INFO - [2/10] Fetching HDFCBANK...
2026-07-20 15:35:04,440 - INFO - Initializing NSE session...
2026-07-20 15:35:04,665 - WARNING -   ❌ HDFCBANK: Failed
2026-07-20 15:35:06,666 - INFO - [3/10] Fetching ICICIBANK...
2026-07-20 15:35:06,666 - INFO - Initializing NSE session...
2026-07-20 15:35:06,944 - WARNING -   ❌ ICICIBANK: Failed
2026-07-20 15:35:08,944 - INFO - [4/10] Fetching INFY...
2026-07-20 15:35:08,945 - INFO - Initializing NSE session...
2026-07-20 15:35:09,200 - WARNING -   ❌ INFY: Failed
2026-07-20 15:35:11,200 - INFO - [5/10] Fetching TCS...
2026-07-20 15:35:11,201 - INFO - Initializing NSE session...
2026-07-20 15:35:11,635 - WARNING -   ❌ TCS: Failed
2026-07-20 15:35:13,636 - INFO - [6/10] Fetching SBIN...
2026-07-20 15:35:13,636 - INFO - Initializing NSE session...
2026-07-20 15:35:13,902 - WARNING -   ❌ SBIN: Failed
2026-07-20 15:35:15,902 - INFO - [7/10] Fetching AXISBANK...
2026-07-20 15:35:15,903 - INFO - Initializing NSE session...
2026-07-20 15:35:16,159 - WARNING -   ❌ AXISBANK: Failed
2026-07-20 15:35:18,160 - INFO - [8/10] Fetching KOTAKBANK...
2026-07-20 15:35:18,160 - INFO - Initializing NSE session...
2026-07-20 15:35:18,393 - WARNING -   ❌ KOTAKBANK: Failed
2026-07-20 15:35:20,393 - INFO - [9/10] Fetching BAJFINANCE...
2026-07-20 15:35:20,393 - INFO - Initializing NSE session...
2026-07-20 15:35:20,792 - WARNING -   ❌ BAJFINANCE: Failed
2026-07-20 15:35:22,793 - INFO - [10/10] Fetching TATAMOTORS...
2026-07-20 15:35:22,793 - INFO - Initializing NSE session...
2026-07-20 15:35:23,118 - WARNING -   ❌ TATAMOTORS: Failed
2026-07-20 15:35:25,118 - INFO - Collected: 0, Failed: 10
2026-07-20 15:35:25,118 - INFO - ============================================================
2026-07-20 15:35:25,118 - INFO - STEP 2: Collecting Gainers/Losers
2026-07-20 15:35:25,118 - INFO - ============================================================
2026-07-20 15:35:25,119 - INFO - Initializing NSE session...
2026-07-20 15:35:26,393 - INFO - Initializing NSE session...
2026-07-20 15:35:26,592 - INFO -   Gainers: 0
2026-07-20 15:35:26,592 - INFO -   Losers: 0
2026-07-20 15:35:26,592 - INFO - ============================================================
2026-07-20 15:35:26,592 - INFO - STEP 3: Detecting OI Spurts
2026-07-20 15:35:26,593 - INFO - ============================================================
2026-07-20 15:35:26,593 - INFO -   Total Spurts: 0
2026-07-20 15:35:26,593 - INFO -   Long Buildups: 0
2026-07-20 15:35:26,593 - INFO -   Short Buildups: 0
2026-07-20 15:35:26,593 - INFO -   Market Sentiment: NEUTRAL
2026-07-20 15:35:26,593 - INFO - ============================================================
2026-07-20 15:35:26,593 - INFO - STEP 4: Generating Predictions
2026-07-20 15:35:26,594 - INFO - ============================================================
2026-07-20 15:35:26,594 - INFO -   Total Predictions: 0
2026-07-20 15:35:26,594 - INFO -   Top Bullish: []
2026-07-20 15:35:26,594 - INFO -   Top Bearish: []
2026-07-20 15:35:26,594 - INFO - ============================================================
2026-07-20 15:35:26,594 - INFO - STEP 5: Generating Daily Report
2026-07-20 15:35:26,594 - INFO - ============================================================
2026-07-20 15:35:26,595 - INFO -   Report generated successfully
2026-07-20 15:35:26,595 - INFO - ============================================================
2026-07-20 15:35:26,595 - INFO - ✅ ALL STEPS COMPLETED SUCCESSFULLY
2026-07-20 15:35:26,595 - INFO - 📁 Data saved to: stock_intelligence/2026-07-20/
2026-07-20 15:35:26,595 - INFO - ============================================================

📊 Collection Summary:
  • Option chains: 0 stocks
  • Gainers: 0
  • Losers: 0
  • OI Spurts: 0
  • Predictions: 0

📁 Data saved to: stock_intelligence/2026-07-20/
[2026-07-20 15:35:26] ==============================================
[2026-07-20 15:35:26] ✅ COLLECTION COMPLETED
[2026-07-20 15:35:26] ==============================================
