[2026-04-01 15:25:01] ==============================================
[2026-04-01 15:25:01] 🚀 STOCK INTELLIGENCE COLLECTOR
[2026-04-01 15:25:01] ==============================================
2026-04-01 15:25:01,934 - INFO - ============================================================
2026-04-01 15:25:01,935 - INFO - 🚀 STOCK INTELLIGENCE COLLECTOR
2026-04-01 15:25:01,935 - INFO - 📅 Date: 2026-04-01
2026-04-01 15:25:01,935 - INFO - ============================================================
2026-04-01 15:25:01,935 - INFO - ============================================================
2026-04-01 15:25:01,935 - INFO - STEP 1: Collecting Option Chains
2026-04-01 15:25:01,935 - INFO - ============================================================
2026-04-01 15:25:01,935 - INFO - [1/10] Fetching RELIANCE...
2026-04-01 15:25:01,935 - INFO - Initializing NSE session...
2026-04-01 15:25:17,558 - WARNING -   ❌ RELIANCE: Failed
2026-04-01 15:25:19,558 - INFO - [2/10] Fetching HDFCBANK...
2026-04-01 15:25:19,560 - INFO - Initializing NSE session...
2026-04-01 15:25:20,423 - WARNING -   ❌ HDFCBANK: Failed
2026-04-01 15:25:22,423 - INFO - [3/10] Fetching ICICIBANK...
2026-04-01 15:25:22,424 - INFO - Initializing NSE session...
2026-04-01 15:25:23,290 - WARNING -   ❌ ICICIBANK: Failed
2026-04-01 15:25:25,290 - INFO - [4/10] Fetching INFY...
2026-04-01 15:25:25,291 - INFO - Initializing NSE session...
2026-04-01 15:25:26,159 - WARNING -   ❌ INFY: Failed
2026-04-01 15:25:28,159 - INFO - [5/10] Fetching TCS...
2026-04-01 15:25:28,160 - INFO - Initializing NSE session...
2026-04-01 15:25:28,820 - WARNING -   ❌ TCS: Failed
2026-04-01 15:25:30,820 - INFO - [6/10] Fetching SBIN...
2026-04-01 15:25:30,820 - INFO - Initializing NSE session...
2026-04-01 15:25:31,687 - WARNING -   ❌ SBIN: Failed
2026-04-01 15:25:33,687 - INFO - [7/10] Fetching AXISBANK...
2026-04-01 15:25:33,688 - INFO - Initializing NSE session...
2026-04-01 15:25:34,343 - WARNING -   ❌ AXISBANK: Failed
2026-04-01 15:25:36,344 - INFO - [8/10] Fetching KOTAKBANK...
2026-04-01 15:25:36,344 - INFO - Initializing NSE session...
2026-04-01 15:25:37,217 - WARNING -   ❌ KOTAKBANK: Failed
2026-04-01 15:25:39,217 - INFO - [9/10] Fetching BAJFINANCE...
2026-04-01 15:25:39,218 - INFO - Initializing NSE session...
2026-04-01 15:25:40,085 - WARNING -   ❌ BAJFINANCE: Failed
2026-04-01 15:25:42,086 - INFO - [10/10] Fetching TATAMOTORS...
2026-04-01 15:25:42,086 - INFO - Initializing NSE session...
2026-04-01 15:25:42,746 - WARNING -   ❌ TATAMOTORS: Failed
2026-04-01 15:25:44,746 - INFO - Collected: 0, Failed: 10
2026-04-01 15:25:44,747 - INFO - ============================================================
2026-04-01 15:25:44,747 - INFO - STEP 2: Collecting Gainers/Losers
2026-04-01 15:25:44,747 - INFO - ============================================================
2026-04-01 15:25:44,747 - INFO - Initializing NSE session...
2026-04-01 15:25:46,614 - INFO - Initializing NSE session...
2026-04-01 15:25:47,662 - INFO -   Gainers: 0
2026-04-01 15:25:47,663 - INFO -   Losers: 0
2026-04-01 15:25:47,663 - INFO - ============================================================
2026-04-01 15:25:47,663 - INFO - STEP 3: Detecting OI Spurts
2026-04-01 15:25:47,663 - INFO - ============================================================
2026-04-01 15:25:47,668 - INFO -   Total Spurts: 0
2026-04-01 15:25:47,668 - INFO -   Long Buildups: 0
2026-04-01 15:25:47,668 - INFO -   Short Buildups: 0
2026-04-01 15:25:47,668 - INFO -   Market Sentiment: NEUTRAL
2026-04-01 15:25:47,668 - INFO - ============================================================
2026-04-01 15:25:47,668 - INFO - STEP 4: Generating Predictions
2026-04-01 15:25:47,669 - INFO - ============================================================
2026-04-01 15:25:47,669 - INFO -   Total Predictions: 0
2026-04-01 15:25:47,670 - INFO -   Top Bullish: []
2026-04-01 15:25:47,670 - INFO -   Top Bearish: []
2026-04-01 15:25:47,670 - INFO - ============================================================
2026-04-01 15:25:47,670 - INFO - STEP 5: Generating Daily Report
2026-04-01 15:25:47,670 - INFO - ============================================================
2026-04-01 15:25:47,671 - INFO -   Report generated successfully
2026-04-01 15:25:47,671 - INFO - ============================================================
2026-04-01 15:25:47,671 - INFO - ✅ ALL STEPS COMPLETED SUCCESSFULLY
2026-04-01 15:25:47,671 - INFO - 📁 Data saved to: stock_intelligence/2026-04-01/
2026-04-01 15:25:47,672 - INFO - ============================================================

📊 Collection Summary:
  • Option chains: 0 stocks
  • Gainers: 0
  • Losers: 0
  • OI Spurts: 0
  • Predictions: 0

📁 Data saved to: stock_intelligence/2026-04-01/
[2026-04-01 15:25:47] ==============================================
[2026-04-01 15:25:47] ✅ COLLECTION COMPLETED
[2026-04-01 15:25:47] ==============================================
