[2026-07-17 15:35:01] ==============================================
[2026-07-17 15:35:01] 🚀 STOCK INTELLIGENCE COLLECTOR
[2026-07-17 15:35:01] ==============================================
2026-07-17 15:35:01,664 - INFO - ============================================================
2026-07-17 15:35:01,664 - INFO - 🚀 STOCK INTELLIGENCE COLLECTOR
2026-07-17 15:35:01,664 - INFO - 📅 Date: 2026-07-17
2026-07-17 15:35:01,664 - INFO - ============================================================
2026-07-17 15:35:01,664 - INFO - ============================================================
2026-07-17 15:35:01,665 - INFO - STEP 1: Collecting Option Chains
2026-07-17 15:35:01,665 - INFO - ============================================================
2026-07-17 15:35:01,665 - INFO - [1/10] Fetching RELIANCE...
2026-07-17 15:35:01,665 - INFO - Initializing NSE session...
2026-07-17 15:35:02,764 - WARNING -   ❌ RELIANCE: Failed
2026-07-17 15:35:04,765 - INFO - [2/10] Fetching HDFCBANK...
2026-07-17 15:35:04,765 - INFO - Initializing NSE session...
2026-07-17 15:35:05,078 - WARNING -   ❌ HDFCBANK: Failed
2026-07-17 15:35:07,078 - INFO - [3/10] Fetching ICICIBANK...
2026-07-17 15:35:07,079 - INFO - Initializing NSE session...
2026-07-17 15:35:07,467 - WARNING -   ❌ ICICIBANK: Failed
2026-07-17 15:35:09,468 - INFO - [4/10] Fetching INFY...
2026-07-17 15:35:09,468 - INFO - Initializing NSE session...
2026-07-17 15:35:09,774 - WARNING -   ❌ INFY: Failed
2026-07-17 15:35:11,775 - INFO - [5/10] Fetching TCS...
2026-07-17 15:35:11,775 - INFO - Initializing NSE session...
2026-07-17 15:35:12,017 - WARNING -   ❌ TCS: Failed
2026-07-17 15:35:14,018 - INFO - [6/10] Fetching SBIN...
2026-07-17 15:35:14,018 - INFO - Initializing NSE session...
2026-07-17 15:35:14,291 - WARNING -   ❌ SBIN: Failed
2026-07-17 15:35:16,292 - INFO - [7/10] Fetching AXISBANK...
2026-07-17 15:35:16,292 - INFO - Initializing NSE session...
2026-07-17 15:35:16,552 - WARNING -   ❌ AXISBANK: Failed
2026-07-17 15:35:18,552 - INFO - [8/10] Fetching KOTAKBANK...
2026-07-17 15:35:18,552 - INFO - Initializing NSE session...
2026-07-17 15:35:19,135 - WARNING -   ❌ KOTAKBANK: Failed
2026-07-17 15:35:21,136 - INFO - [9/10] Fetching BAJFINANCE...
2026-07-17 15:35:21,136 - INFO - Initializing NSE session...
2026-07-17 15:35:21,350 - WARNING -   ❌ BAJFINANCE: Failed
2026-07-17 15:35:23,351 - INFO - [10/10] Fetching TATAMOTORS...
2026-07-17 15:35:23,351 - INFO - Initializing NSE session...
2026-07-17 15:35:23,536 - WARNING -   ❌ TATAMOTORS: Failed
2026-07-17 15:35:25,536 - INFO - Collected: 0, Failed: 10
2026-07-17 15:35:25,537 - INFO - ============================================================
2026-07-17 15:35:25,537 - INFO - STEP 2: Collecting Gainers/Losers
2026-07-17 15:35:25,537 - INFO - ============================================================
2026-07-17 15:35:25,537 - INFO - Initializing NSE session...
2026-07-17 15:35:26,723 - INFO - Initializing NSE session...
2026-07-17 15:35:27,165 - INFO -   Gainers: 0
2026-07-17 15:35:27,165 - INFO -   Losers: 0
2026-07-17 15:35:27,165 - INFO - ============================================================
2026-07-17 15:35:27,165 - INFO - STEP 3: Detecting OI Spurts
2026-07-17 15:35:27,165 - INFO - ============================================================
2026-07-17 15:35:27,167 - INFO -   Total Spurts: 0
2026-07-17 15:35:27,168 - INFO -   Long Buildups: 0
2026-07-17 15:35:27,168 - INFO -   Short Buildups: 0
2026-07-17 15:35:27,168 - INFO -   Market Sentiment: NEUTRAL
2026-07-17 15:35:27,168 - INFO - ============================================================
2026-07-17 15:35:27,168 - INFO - STEP 4: Generating Predictions
2026-07-17 15:35:27,168 - INFO - ============================================================
2026-07-17 15:35:27,169 - INFO -   Total Predictions: 0
2026-07-17 15:35:27,170 - INFO -   Top Bullish: []
2026-07-17 15:35:27,170 - INFO -   Top Bearish: []
2026-07-17 15:35:27,170 - INFO - ============================================================
2026-07-17 15:35:27,170 - INFO - STEP 5: Generating Daily Report
2026-07-17 15:35:27,170 - INFO - ============================================================
2026-07-17 15:35:27,171 - INFO -   Report generated successfully
2026-07-17 15:35:27,172 - INFO - ============================================================
2026-07-17 15:35:27,172 - INFO - ✅ ALL STEPS COMPLETED SUCCESSFULLY
2026-07-17 15:35:27,172 - INFO - 📁 Data saved to: stock_intelligence/2026-07-17/
2026-07-17 15:35:27,172 - INFO - ============================================================

📊 Collection Summary:
  • Option chains: 0 stocks
  • Gainers: 0
  • Losers: 0
  • OI Spurts: 0
  • Predictions: 0

📁 Data saved to: stock_intelligence/2026-07-17/
[2026-07-17 15:35:27] ==============================================
[2026-07-17 15:35:27] ✅ COLLECTION COMPLETED
[2026-07-17 15:35:27] ==============================================
