[2026-03-27 15:25:01] ==============================================
[2026-03-27 15:25:01] 🚀 STOCK INTELLIGENCE COLLECTOR
[2026-03-27 15:25:01] ==============================================
2026-03-27 15:25:02,050 - INFO - ============================================================
2026-03-27 15:25:02,051 - INFO - 🚀 STOCK INTELLIGENCE COLLECTOR
2026-03-27 15:25:02,051 - INFO - 📅 Date: 2026-03-27
2026-03-27 15:25:02,051 - INFO - ============================================================
2026-03-27 15:25:02,051 - INFO - ============================================================
2026-03-27 15:25:02,051 - INFO - STEP 1: Collecting Option Chains
2026-03-27 15:25:02,051 - INFO - ============================================================
2026-03-27 15:25:02,051 - INFO - [1/10] Fetching RELIANCE...
2026-03-27 15:25:02,051 - INFO - Initializing NSE session...
2026-03-27 15:25:02,056 - ERROR - Session init error: HTTPSConnectionPool(host='www.nseindia.com', port=443): Max retries exceeded with url: / (Caused by NameResolutionError("<urllib3.connection.HTTPSConnection object at 0x721e80f4d160>: Failed to resolve 'www.nseindia.com' ([Errno -3] Temporary failure in name resolution)"))
2026-03-27 15:25:02,057 - WARNING -   ❌ RELIANCE: Failed
2026-03-27 15:25:04,057 - INFO - [2/10] Fetching HDFCBANK...
2026-03-27 15:25:04,057 - INFO - Initializing NSE session...
2026-03-27 15:25:04,060 - ERROR - Session init error: HTTPSConnectionPool(host='www.nseindia.com', port=443): Max retries exceeded with url: / (Caused by NameResolutionError("<urllib3.connection.HTTPSConnection object at 0x721e80f50e10>: Failed to resolve 'www.nseindia.com' ([Errno -3] Temporary failure in name resolution)"))
2026-03-27 15:25:04,060 - WARNING -   ❌ HDFCBANK: Failed
2026-03-27 15:25:06,060 - INFO - [3/10] Fetching ICICIBANK...
2026-03-27 15:25:06,061 - INFO - Initializing NSE session...
2026-03-27 15:25:06,063 - ERROR - Session init error: HTTPSConnectionPool(host='www.nseindia.com', port=443): Max retries exceeded with url: / (Caused by NameResolutionError("<urllib3.connection.HTTPSConnection object at 0x721e80f51450>: Failed to resolve 'www.nseindia.com' ([Errno -3] Temporary failure in name resolution)"))
2026-03-27 15:25:06,063 - WARNING -   ❌ ICICIBANK: Failed
2026-03-27 15:25:08,064 - INFO - [4/10] Fetching INFY...
2026-03-27 15:25:08,064 - INFO - Initializing NSE session...
2026-03-27 15:25:08,066 - ERROR - Session init error: HTTPSConnectionPool(host='www.nseindia.com', port=443): Max retries exceeded with url: / (Caused by NameResolutionError("<urllib3.connection.HTTPSConnection object at 0x721e80f516d0>: Failed to resolve 'www.nseindia.com' ([Errno -3] Temporary failure in name resolution)"))
2026-03-27 15:25:08,067 - WARNING -   ❌ INFY: Failed
2026-03-27 15:25:10,067 - INFO - [5/10] Fetching TCS...
2026-03-27 15:25:10,067 - INFO - Initializing NSE session...
2026-03-27 15:25:10,071 - ERROR - Session init error: HTTPSConnectionPool(host='www.nseindia.com', port=443): Max retries exceeded with url: / (Caused by NameResolutionError("<urllib3.connection.HTTPSConnection object at 0x721e8120bed0>: Failed to resolve 'www.nseindia.com' ([Errno -3] Temporary failure in name resolution)"))
2026-03-27 15:25:10,071 - WARNING -   ❌ TCS: Failed
2026-03-27 15:25:12,071 - INFO - [6/10] Fetching SBIN...
2026-03-27 15:25:12,071 - INFO - Initializing NSE session...
2026-03-27 15:25:12,074 - ERROR - Session init error: HTTPSConnectionPool(host='www.nseindia.com', port=443): Max retries exceeded with url: / (Caused by NameResolutionError("<urllib3.connection.HTTPSConnection object at 0x721e80f516d0>: Failed to resolve 'www.nseindia.com' ([Errno -3] Temporary failure in name resolution)"))
2026-03-27 15:25:12,074 - WARNING -   ❌ SBIN: Failed
2026-03-27 15:25:14,075 - INFO - [7/10] Fetching AXISBANK...
2026-03-27 15:25:14,075 - INFO - Initializing NSE session...
2026-03-27 15:25:14,077 - ERROR - Session init error: HTTPSConnectionPool(host='www.nseindia.com', port=443): Max retries exceeded with url: / (Caused by NameResolutionError("<urllib3.connection.HTTPSConnection object at 0x721e80f51310>: Failed to resolve 'www.nseindia.com' ([Errno -3] Temporary failure in name resolution)"))
2026-03-27 15:25:14,078 - WARNING -   ❌ AXISBANK: Failed
2026-03-27 15:25:16,078 - INFO - [8/10] Fetching KOTAKBANK...
2026-03-27 15:25:16,078 - INFO - Initializing NSE session...
2026-03-27 15:25:16,081 - ERROR - Session init error: HTTPSConnectionPool(host='www.nseindia.com', port=443): Max retries exceeded with url: / (Caused by NameResolutionError("<urllib3.connection.HTTPSConnection object at 0x721e80f51590>: Failed to resolve 'www.nseindia.com' ([Errno -3] Temporary failure in name resolution)"))
2026-03-27 15:25:16,081 - WARNING -   ❌ KOTAKBANK: Failed
2026-03-27 15:25:18,081 - INFO - [9/10] Fetching BAJFINANCE...
2026-03-27 15:25:18,082 - INFO - Initializing NSE session...
2026-03-27 15:25:18,084 - ERROR - Session init error: HTTPSConnectionPool(host='www.nseindia.com', port=443): Max retries exceeded with url: / (Caused by NameResolutionError("<urllib3.connection.HTTPSConnection object at 0x721e80f50a50>: Failed to resolve 'www.nseindia.com' ([Errno -3] Temporary failure in name resolution)"))
2026-03-27 15:25:18,084 - WARNING -   ❌ BAJFINANCE: Failed
2026-03-27 15:25:20,085 - INFO - [10/10] Fetching TATAMOTORS...
2026-03-27 15:25:20,085 - INFO - Initializing NSE session...
2026-03-27 15:25:20,088 - ERROR - Session init error: HTTPSConnectionPool(host='www.nseindia.com', port=443): Max retries exceeded with url: / (Caused by NameResolutionError("<urllib3.connection.HTTPSConnection object at 0x721e80f50b90>: Failed to resolve 'www.nseindia.com' ([Errno -3] Temporary failure in name resolution)"))
2026-03-27 15:25:20,088 - WARNING -   ❌ TATAMOTORS: Failed
2026-03-27 15:25:22,088 - INFO - Collected: 0, Failed: 10
2026-03-27 15:25:22,089 - INFO - ============================================================
2026-03-27 15:25:22,089 - INFO - STEP 2: Collecting Gainers/Losers
2026-03-27 15:25:22,089 - INFO - ============================================================
2026-03-27 15:25:22,089 - INFO - Initializing NSE session...
2026-03-27 15:25:22,091 - ERROR - Session init error: HTTPSConnectionPool(host='www.nseindia.com', port=443): Max retries exceeded with url: / (Caused by NameResolutionError("<urllib3.connection.HTTPSConnection object at 0x721e80f50050>: Failed to resolve 'www.nseindia.com' ([Errno -3] Temporary failure in name resolution)"))
2026-03-27 15:25:23,092 - INFO - Initializing NSE session...
2026-03-27 15:25:23,095 - ERROR - Session init error: HTTPSConnectionPool(host='www.nseindia.com', port=443): Max retries exceeded with url: / (Caused by NameResolutionError("<urllib3.connection.HTTPSConnection object at 0x721e80f51d10>: Failed to resolve 'www.nseindia.com' ([Errno -3] Temporary failure in name resolution)"))
2026-03-27 15:25:23,096 - INFO -   Gainers: 0
2026-03-27 15:25:23,096 - INFO -   Losers: 0
2026-03-27 15:25:23,096 - INFO - ============================================================
2026-03-27 15:25:23,096 - INFO - STEP 3: Detecting OI Spurts
2026-03-27 15:25:23,096 - INFO - ============================================================
2026-03-27 15:25:23,097 - INFO -   Total Spurts: 0
2026-03-27 15:25:23,098 - INFO -   Long Buildups: 0
2026-03-27 15:25:23,098 - INFO -   Short Buildups: 0
2026-03-27 15:25:23,098 - INFO -   Market Sentiment: NEUTRAL
2026-03-27 15:25:23,098 - INFO - ============================================================
2026-03-27 15:25:23,098 - INFO - STEP 4: Generating Predictions
2026-03-27 15:25:23,098 - INFO - ============================================================
2026-03-27 15:25:23,099 - INFO -   Total Predictions: 0
2026-03-27 15:25:23,099 - INFO -   Top Bullish: []
2026-03-27 15:25:23,100 - INFO -   Top Bearish: []
2026-03-27 15:25:23,100 - INFO - ============================================================
2026-03-27 15:25:23,100 - INFO - STEP 5: Generating Daily Report
2026-03-27 15:25:23,100 - INFO - ============================================================
2026-03-27 15:25:23,101 - INFO -   Report generated successfully
2026-03-27 15:25:23,101 - INFO - ============================================================
2026-03-27 15:25:23,101 - INFO - ✅ ALL STEPS COMPLETED SUCCESSFULLY
2026-03-27 15:25:23,102 - INFO - 📁 Data saved to: stock_intelligence/2026-03-27/
2026-03-27 15:25:23,102 - INFO - ============================================================

📊 Collection Summary:
  • Option chains: 0 stocks
  • Gainers: 0
  • Losers: 0
  • OI Spurts: 0
  • Predictions: 0

📁 Data saved to: stock_intelligence/2026-03-27/
[2026-03-27 15:25:23] ==============================================
[2026-03-27 15:25:23] ✅ COLLECTION COMPLETED
[2026-03-27 15:25:23] ==============================================
