[2026-04-20 15:25:01] ==============================================
[2026-04-20 15:25:01] 🚀 STOCK INTELLIGENCE COLLECTOR
[2026-04-20 15:25:01] ==============================================
2026-04-20 15:25:01,964 - INFO - ============================================================
2026-04-20 15:25:01,964 - INFO - 🚀 STOCK INTELLIGENCE COLLECTOR
2026-04-20 15:25:01,964 - INFO - 📅 Date: 2026-04-20
2026-04-20 15:25:01,964 - INFO - ============================================================
2026-04-20 15:25:01,964 - INFO - ============================================================
2026-04-20 15:25:01,964 - INFO - STEP 1: Collecting Option Chains
2026-04-20 15:25:01,964 - INFO - ============================================================
2026-04-20 15:25:01,964 - INFO - [1/10] Fetching RELIANCE...
2026-04-20 15:25:01,964 - INFO - Initializing NSE session...
2026-04-20 15:25:02,737 - WARNING -   ❌ RELIANCE: Failed
2026-04-20 15:25:04,739 - INFO - [2/10] Fetching HDFCBANK...
2026-04-20 15:25:04,739 - INFO - Initializing NSE session...
2026-04-20 15:25:05,400 - WARNING -   ❌ HDFCBANK: Failed
2026-04-20 15:25:07,401 - INFO - [3/10] Fetching ICICIBANK...
2026-04-20 15:25:07,401 - INFO - Initializing NSE session...
2026-04-20 15:25:08,471 - WARNING -   ❌ ICICIBANK: Failed
2026-04-20 15:25:10,472 - INFO - [4/10] Fetching INFY...
2026-04-20 15:25:10,472 - INFO - Initializing NSE session...
2026-04-20 15:25:11,134 - WARNING -   ❌ INFY: Failed
2026-04-20 15:25:13,134 - INFO - [5/10] Fetching TCS...
2026-04-20 15:25:13,135 - INFO - Initializing NSE session...
2026-04-20 15:25:13,545 - WARNING -   ❌ TCS: Failed
2026-04-20 15:25:15,546 - INFO - [6/10] Fetching SBIN...
2026-04-20 15:25:15,546 - INFO - Initializing NSE session...
2026-04-20 15:25:16,255 - WARNING -   ❌ SBIN: Failed
2026-04-20 15:25:18,255 - INFO - [7/10] Fetching AXISBANK...
2026-04-20 15:25:18,256 - INFO - Initializing NSE session...
2026-04-20 15:25:18,609 - WARNING -   ❌ AXISBANK: Failed
2026-04-20 15:25:20,610 - INFO - [8/10] Fetching KOTAKBANK...
2026-04-20 15:25:20,610 - INFO - Initializing NSE session...
2026-04-20 15:25:21,170 - WARNING -   ❌ KOTAKBANK: Failed
2026-04-20 15:25:23,170 - INFO - [9/10] Fetching BAJFINANCE...
2026-04-20 15:25:23,170 - INFO - Initializing NSE session...
2026-04-20 15:25:23,831 - WARNING -   ❌ BAJFINANCE: Failed
2026-04-20 15:25:25,831 - INFO - [10/10] Fetching TATAMOTORS...
2026-04-20 15:25:25,832 - INFO - Initializing NSE session...
2026-04-20 15:25:26,592 - WARNING -   ❌ TATAMOTORS: Failed
2026-04-20 15:25:28,593 - INFO - Collected: 0, Failed: 10
2026-04-20 15:25:28,593 - INFO - ============================================================
2026-04-20 15:25:28,593 - INFO - STEP 2: Collecting Gainers/Losers
2026-04-20 15:25:28,593 - INFO - ============================================================
2026-04-20 15:25:28,593 - INFO - Initializing NSE session...
2026-04-20 15:25:30,372 - INFO - Initializing NSE session...
2026-04-20 15:25:31,205 - INFO -   Gainers: 0
2026-04-20 15:25:31,205 - INFO -   Losers: 0
2026-04-20 15:25:31,205 - INFO - ============================================================
2026-04-20 15:25:31,205 - INFO - STEP 3: Detecting OI Spurts
2026-04-20 15:25:31,205 - INFO - ============================================================
2026-04-20 15:25:31,207 - INFO -   Total Spurts: 0
2026-04-20 15:25:31,207 - INFO -   Long Buildups: 0
2026-04-20 15:25:31,207 - INFO -   Short Buildups: 0
2026-04-20 15:25:31,208 - INFO -   Market Sentiment: NEUTRAL
2026-04-20 15:25:31,208 - INFO - ============================================================
2026-04-20 15:25:31,208 - INFO - STEP 4: Generating Predictions
2026-04-20 15:25:31,208 - INFO - ============================================================
2026-04-20 15:25:31,208 - INFO -   Total Predictions: 0
2026-04-20 15:25:31,209 - INFO -   Top Bullish: []
2026-04-20 15:25:31,209 - INFO -   Top Bearish: []
2026-04-20 15:25:31,209 - INFO - ============================================================
2026-04-20 15:25:31,209 - INFO - STEP 5: Generating Daily Report
2026-04-20 15:25:31,209 - INFO - ============================================================
2026-04-20 15:25:31,209 - INFO -   Report generated successfully
2026-04-20 15:25:31,210 - INFO - ============================================================
2026-04-20 15:25:31,210 - INFO - ✅ ALL STEPS COMPLETED SUCCESSFULLY
2026-04-20 15:25:31,210 - INFO - 📁 Data saved to: stock_intelligence/2026-04-20/
2026-04-20 15:25:31,210 - INFO - ============================================================

📊 Collection Summary:
  • Option chains: 0 stocks
  • Gainers: 0
  • Losers: 0
  • OI Spurts: 0
  • Predictions: 0

📁 Data saved to: stock_intelligence/2026-04-20/
[2026-04-20 15:25:31] ==============================================
[2026-04-20 15:25:31] ✅ COLLECTION COMPLETED
[2026-04-20 15:25:31] ==============================================
