[2026-06-12 15:25:01] ==============================================
[2026-06-12 15:25:01] 🚀 STOCK INTELLIGENCE COLLECTOR
[2026-06-12 15:25:01] ==============================================
2026-06-12 15:25:01,780 - INFO - ============================================================
2026-06-12 15:25:01,780 - INFO - 🚀 STOCK INTELLIGENCE COLLECTOR
2026-06-12 15:25:01,780 - INFO - 📅 Date: 2026-06-12
2026-06-12 15:25:01,780 - INFO - ============================================================
2026-06-12 15:25:01,780 - INFO - ============================================================
2026-06-12 15:25:01,780 - INFO - STEP 1: Collecting Option Chains
2026-06-12 15:25:01,781 - INFO - ============================================================
2026-06-12 15:25:01,781 - INFO - [1/10] Fetching RELIANCE...
2026-06-12 15:25:01,781 - INFO - Initializing NSE session...
2026-06-12 15:25:01,785 - ERROR - Session init error: HTTPSConnectionPool(host='www.nseindia.com', port=443): Max retries exceeded with url: / (Caused by NameResolutionError("<urllib3.connection.HTTPSConnection object at 0x774b55479160>: Failed to resolve 'www.nseindia.com' ([Errno -3] Temporary failure in name resolution)"))
2026-06-12 15:25:01,785 - WARNING -   ❌ RELIANCE: Failed
2026-06-12 15:25:03,786 - INFO - [2/10] Fetching HDFCBANK...
2026-06-12 15:25:03,786 - INFO - Initializing NSE session...
2026-06-12 15:25:03,789 - ERROR - Session init error: HTTPSConnectionPool(host='www.nseindia.com', port=443): Max retries exceeded with url: / (Caused by NameResolutionError("<urllib3.connection.HTTPSConnection object at 0x774b55480f50>: Failed to resolve 'www.nseindia.com' ([Errno -3] Temporary failure in name resolution)"))
2026-06-12 15:25:03,789 - WARNING -   ❌ HDFCBANK: Failed
2026-06-12 15:25:05,789 - INFO - [3/10] Fetching ICICIBANK...
2026-06-12 15:25:05,790 - INFO - Initializing NSE session...
2026-06-12 15:25:05,792 - ERROR - Session init error: HTTPSConnectionPool(host='www.nseindia.com', port=443): Max retries exceeded with url: / (Caused by NameResolutionError("<urllib3.connection.HTTPSConnection object at 0x774b55481590>: Failed to resolve 'www.nseindia.com' ([Errno -3] Temporary failure in name resolution)"))
2026-06-12 15:25:05,792 - WARNING -   ❌ ICICIBANK: Failed
2026-06-12 15:25:07,793 - INFO - [4/10] Fetching INFY...
2026-06-12 15:25:07,793 - INFO - Initializing NSE session...
2026-06-12 15:25:07,796 - ERROR - Session init error: HTTPSConnectionPool(host='www.nseindia.com', port=443): Max retries exceeded with url: / (Caused by NameResolutionError("<urllib3.connection.HTTPSConnection object at 0x774b55481810>: Failed to resolve 'www.nseindia.com' ([Errno -3] Temporary failure in name resolution)"))
2026-06-12 15:25:07,796 - WARNING -   ❌ INFY: Failed
2026-06-12 15:25:09,796 - INFO - [5/10] Fetching TCS...
2026-06-12 15:25:09,796 - INFO - Initializing NSE session...
2026-06-12 15:25:09,800 - ERROR - Session init error: HTTPSConnectionPool(host='www.nseindia.com', port=443): Max retries exceeded with url: / (Caused by NameResolutionError("<urllib3.connection.HTTPSConnection object at 0x774b55481d10>: Failed to resolve 'www.nseindia.com' ([Errno -3] Temporary failure in name resolution)"))
2026-06-12 15:25:09,800 - WARNING -   ❌ TCS: Failed
2026-06-12 15:25:11,800 - INFO - [6/10] Fetching SBIN...
2026-06-12 15:25:11,801 - INFO - Initializing NSE session...
2026-06-12 15:25:11,803 - ERROR - Session init error: HTTPSConnectionPool(host='www.nseindia.com', port=443): Max retries exceeded with url: / (Caused by NameResolutionError("<urllib3.connection.HTTPSConnection object at 0x774b55481a90>: Failed to resolve 'www.nseindia.com' ([Errno -3] Temporary failure in name resolution)"))
2026-06-12 15:25:11,803 - WARNING -   ❌ SBIN: Failed
2026-06-12 15:25:13,804 - INFO - [7/10] Fetching AXISBANK...
2026-06-12 15:25:13,804 - INFO - Initializing NSE session...
2026-06-12 15:25:13,807 - ERROR - Session init error: HTTPSConnectionPool(host='www.nseindia.com', port=443): Max retries exceeded with url: / (Caused by NameResolutionError("<urllib3.connection.HTTPSConnection object at 0x774b554811d0>: Failed to resolve 'www.nseindia.com' ([Errno -3] Temporary failure in name resolution)"))
2026-06-12 15:25:13,807 - WARNING -   ❌ AXISBANK: Failed
2026-06-12 15:25:15,808 - INFO - [8/10] Fetching KOTAKBANK...
2026-06-12 15:25:15,808 - INFO - Initializing NSE session...
2026-06-12 15:25:15,811 - ERROR - Session init error: HTTPSConnectionPool(host='www.nseindia.com', port=443): Max retries exceeded with url: / (Caused by NameResolutionError("<urllib3.connection.HTTPSConnection object at 0x774b55481310>: Failed to resolve 'www.nseindia.com' ([Errno -3] Temporary failure in name resolution)"))
2026-06-12 15:25:15,811 - WARNING -   ❌ KOTAKBANK: Failed
2026-06-12 15:25:17,811 - INFO - [9/10] Fetching BAJFINANCE...
2026-06-12 15:25:17,811 - INFO - Initializing NSE session...
2026-06-12 15:25:17,814 - ERROR - Session init error: HTTPSConnectionPool(host='www.nseindia.com', port=443): Max retries exceeded with url: / (Caused by NameResolutionError("<urllib3.connection.HTTPSConnection object at 0x774b55480f50>: Failed to resolve 'www.nseindia.com' ([Errno -3] Temporary failure in name resolution)"))
2026-06-12 15:25:17,814 - WARNING -   ❌ BAJFINANCE: Failed
2026-06-12 15:25:19,814 - INFO - [10/10] Fetching TATAMOTORS...
2026-06-12 15:25:19,815 - INFO - Initializing NSE session...
2026-06-12 15:25:19,817 - ERROR - Session init error: HTTPSConnectionPool(host='www.nseindia.com', port=443): Max retries exceeded with url: / (Caused by NameResolutionError("<urllib3.connection.HTTPSConnection object at 0x774b55480550>: Failed to resolve 'www.nseindia.com' ([Errno -3] Temporary failure in name resolution)"))
2026-06-12 15:25:19,817 - WARNING -   ❌ TATAMOTORS: Failed
2026-06-12 15:25:21,818 - INFO - Collected: 0, Failed: 10
2026-06-12 15:25:21,818 - INFO - ============================================================
2026-06-12 15:25:21,819 - INFO - STEP 2: Collecting Gainers/Losers
2026-06-12 15:25:21,819 - INFO - ============================================================
2026-06-12 15:25:21,819 - INFO - Initializing NSE session...
2026-06-12 15:25:21,822 - ERROR - Session init error: HTTPSConnectionPool(host='www.nseindia.com', port=443): Max retries exceeded with url: / (Caused by NameResolutionError("<urllib3.connection.HTTPSConnection object at 0x774b55480190>: Failed to resolve 'www.nseindia.com' ([Errno -3] Temporary failure in name resolution)"))
2026-06-12 15:25:22,822 - INFO - Initializing NSE session...
2026-06-12 15:25:22,825 - ERROR - Session init error: HTTPSConnectionPool(host='www.nseindia.com', port=443): Max retries exceeded with url: / (Caused by NameResolutionError("<urllib3.connection.HTTPSConnection object at 0x774b55481e50>: Failed to resolve 'www.nseindia.com' ([Errno -3] Temporary failure in name resolution)"))
2026-06-12 15:25:22,826 - INFO -   Gainers: 0
2026-06-12 15:25:22,826 - INFO -   Losers: 0
2026-06-12 15:25:22,826 - INFO - ============================================================
2026-06-12 15:25:22,826 - INFO - STEP 3: Detecting OI Spurts
2026-06-12 15:25:22,826 - INFO - ============================================================
2026-06-12 15:25:22,827 - INFO -   Total Spurts: 0
2026-06-12 15:25:22,827 - INFO -   Long Buildups: 0
2026-06-12 15:25:22,827 - INFO -   Short Buildups: 0
2026-06-12 15:25:22,827 - INFO -   Market Sentiment: NEUTRAL
2026-06-12 15:25:22,827 - INFO - ============================================================
2026-06-12 15:25:22,828 - INFO - STEP 4: Generating Predictions
2026-06-12 15:25:22,828 - INFO - ============================================================
2026-06-12 15:25:22,828 - INFO -   Total Predictions: 0
2026-06-12 15:25:22,828 - INFO -   Top Bullish: []
2026-06-12 15:25:22,829 - INFO -   Top Bearish: []
2026-06-12 15:25:22,829 - INFO - ============================================================
2026-06-12 15:25:22,829 - INFO - STEP 5: Generating Daily Report
2026-06-12 15:25:22,829 - INFO - ============================================================
2026-06-12 15:25:22,830 - INFO -   Report generated successfully
2026-06-12 15:25:22,830 - INFO - ============================================================
2026-06-12 15:25:22,830 - INFO - ✅ ALL STEPS COMPLETED SUCCESSFULLY
2026-06-12 15:25:22,830 - INFO - 📁 Data saved to: stock_intelligence/2026-06-12/
2026-06-12 15:25:22,830 - INFO - ============================================================

📊 Collection Summary:
  • Option chains: 0 stocks
  • Gainers: 0
  • Losers: 0
  • OI Spurts: 0
  • Predictions: 0

📁 Data saved to: stock_intelligence/2026-06-12/
[2026-06-12 15:25:22] ==============================================
[2026-06-12 15:25:22] ✅ COLLECTION COMPLETED
[2026-06-12 15:25:22] ==============================================
