[2026-07-29 15:35:01] ==============================================
[2026-07-29 15:35:01] 🚀 STOCK INTELLIGENCE COLLECTOR
[2026-07-29 15:35:01] ==============================================
2026-07-29 15:35:01,597 - INFO - ============================================================
2026-07-29 15:35:01,597 - INFO - 🚀 STOCK INTELLIGENCE COLLECTOR
2026-07-29 15:35:01,597 - INFO - 📅 Date: 2026-07-29
2026-07-29 15:35:01,597 - INFO - ============================================================
2026-07-29 15:35:01,597 - INFO - ============================================================
2026-07-29 15:35:01,597 - INFO - STEP 1: Collecting Option Chains
2026-07-29 15:35:01,597 - INFO - ============================================================
2026-07-29 15:35:01,598 - INFO - [1/10] Fetching RELIANCE...
2026-07-29 15:35:01,598 - INFO - Initializing NSE session...
2026-07-29 15:35:02,491 - WARNING -   ❌ RELIANCE: Failed
2026-07-29 15:35:04,491 - INFO - [2/10] Fetching HDFCBANK...
2026-07-29 15:35:04,492 - INFO - Initializing NSE session...
2026-07-29 15:35:05,065 - WARNING -   ❌ HDFCBANK: Failed
2026-07-29 15:35:07,065 - INFO - [3/10] Fetching ICICIBANK...
2026-07-29 15:35:07,065 - INFO - Initializing NSE session...
2026-07-29 15:35:07,726 - WARNING -   ❌ ICICIBANK: Failed
2026-07-29 15:35:09,726 - INFO - [4/10] Fetching INFY...
2026-07-29 15:35:09,727 - INFO - Initializing NSE session...
2026-07-29 15:35:10,249 - WARNING -   ❌ INFY: Failed
2026-07-29 15:35:12,249 - INFO - [5/10] Fetching TCS...
2026-07-29 15:35:12,249 - INFO - Initializing NSE session...
2026-07-29 15:35:12,574 - WARNING -   ❌ TCS: Failed
2026-07-29 15:35:14,574 - INFO - [6/10] Fetching SBIN...
2026-07-29 15:35:14,574 - INFO - Initializing NSE session...
2026-07-29 15:35:14,810 - WARNING -   ❌ SBIN: Failed
2026-07-29 15:35:16,811 - INFO - [7/10] Fetching AXISBANK...
2026-07-29 15:35:16,811 - INFO - Initializing NSE session...
2026-07-29 15:35:17,124 - WARNING -   ❌ AXISBANK: Failed
2026-07-29 15:35:19,124 - INFO - [8/10] Fetching KOTAKBANK...
2026-07-29 15:35:19,124 - INFO - Initializing NSE session...
2026-07-29 15:35:19,355 - WARNING -   ❌ KOTAKBANK: Failed
2026-07-29 15:35:21,355 - INFO - [9/10] Fetching BAJFINANCE...
2026-07-29 15:35:21,355 - INFO - Initializing NSE session...
2026-07-29 15:35:24,634 - WARNING -   ❌ BAJFINANCE: Failed
2026-07-29 15:35:26,634 - INFO - [10/10] Fetching TATAMOTORS...
2026-07-29 15:35:26,634 - INFO - Initializing NSE session...
2026-07-29 15:35:27,136 - WARNING -   ❌ TATAMOTORS: Failed
2026-07-29 15:35:29,137 - INFO - Collected: 0, Failed: 10
2026-07-29 15:35:29,137 - INFO - ============================================================
2026-07-29 15:35:29,137 - INFO - STEP 2: Collecting Gainers/Losers
2026-07-29 15:35:29,137 - INFO - ============================================================
2026-07-29 15:35:29,137 - INFO - Initializing NSE session...
2026-07-29 15:35:30,474 - INFO - Initializing NSE session...
2026-07-29 15:35:30,918 - INFO -   Gainers: 0
2026-07-29 15:35:30,918 - INFO -   Losers: 0
2026-07-29 15:35:30,918 - INFO - ============================================================
2026-07-29 15:35:30,918 - INFO - STEP 3: Detecting OI Spurts
2026-07-29 15:35:30,918 - INFO - ============================================================
2026-07-29 15:35:30,920 - INFO -   Total Spurts: 0
2026-07-29 15:35:30,920 - INFO -   Long Buildups: 0
2026-07-29 15:35:30,920 - INFO -   Short Buildups: 0
2026-07-29 15:35:30,920 - INFO -   Market Sentiment: NEUTRAL
2026-07-29 15:35:30,920 - INFO - ============================================================
2026-07-29 15:35:30,920 - INFO - STEP 4: Generating Predictions
2026-07-29 15:35:30,920 - INFO - ============================================================
2026-07-29 15:35:30,921 - INFO -   Total Predictions: 0
2026-07-29 15:35:30,921 - INFO -   Top Bullish: []
2026-07-29 15:35:30,921 - INFO -   Top Bearish: []
2026-07-29 15:35:30,922 - INFO - ============================================================
2026-07-29 15:35:30,922 - INFO - STEP 5: Generating Daily Report
2026-07-29 15:35:30,922 - INFO - ============================================================
2026-07-29 15:35:30,923 - INFO -   Report generated successfully
2026-07-29 15:35:30,923 - INFO - ============================================================
2026-07-29 15:35:30,923 - INFO - ✅ ALL STEPS COMPLETED SUCCESSFULLY
2026-07-29 15:35:30,923 - INFO - 📁 Data saved to: stock_intelligence/2026-07-29/
2026-07-29 15:35:30,923 - INFO - ============================================================

📊 Collection Summary:
  • Option chains: 0 stocks
  • Gainers: 0
  • Losers: 0
  • OI Spurts: 0
  • Predictions: 0

📁 Data saved to: stock_intelligence/2026-07-29/
[2026-07-29 15:35:30] ==============================================
[2026-07-29 15:35:30] ✅ COLLECTION COMPLETED
[2026-07-29 15:35:30] ==============================================
