[2026-05-22 15:25:01] ==============================================
[2026-05-22 15:25:01] 🚀 STOCK INTELLIGENCE COLLECTOR
[2026-05-22 15:25:01] ==============================================
2026-05-22 15:25:02,170 - INFO - ============================================================
2026-05-22 15:25:02,170 - INFO - 🚀 STOCK INTELLIGENCE COLLECTOR
2026-05-22 15:25:02,170 - INFO - 📅 Date: 2026-05-22
2026-05-22 15:25:02,171 - INFO - ============================================================
2026-05-22 15:25:02,171 - INFO - ============================================================
2026-05-22 15:25:02,171 - INFO - STEP 1: Collecting Option Chains
2026-05-22 15:25:02,171 - INFO - ============================================================
2026-05-22 15:25:02,171 - INFO - [1/10] Fetching RELIANCE...
2026-05-22 15:25:02,171 - INFO - Initializing NSE session...
2026-05-22 15:25:03,194 - WARNING -   ❌ RELIANCE: Failed
2026-05-22 15:25:05,195 - INFO - [2/10] Fetching HDFCBANK...
2026-05-22 15:25:05,195 - INFO - Initializing NSE session...
2026-05-22 15:25:05,738 - WARNING -   ❌ HDFCBANK: Failed
2026-05-22 15:25:07,739 - INFO - [3/10] Fetching ICICIBANK...
2026-05-22 15:25:07,739 - INFO - Initializing NSE session...
2026-05-22 15:25:08,311 - WARNING -   ❌ ICICIBANK: Failed
2026-05-22 15:25:10,312 - INFO - [4/10] Fetching INFY...
2026-05-22 15:25:10,312 - INFO - Initializing NSE session...
2026-05-22 15:25:10,852 - WARNING -   ❌ INFY: Failed
2026-05-22 15:25:12,853 - INFO - [5/10] Fetching TCS...
2026-05-22 15:25:12,853 - INFO - Initializing NSE session...
2026-05-22 15:25:13,226 - WARNING -   ❌ TCS: Failed
2026-05-22 15:25:15,226 - INFO - [6/10] Fetching SBIN...
2026-05-22 15:25:15,227 - INFO - Initializing NSE session...
2026-05-22 15:25:15,888 - WARNING -   ❌ SBIN: Failed
2026-05-22 15:25:17,888 - INFO - [7/10] Fetching AXISBANK...
2026-05-22 15:25:17,888 - INFO - Initializing NSE session...
2026-05-22 15:25:18,550 - WARNING -   ❌ AXISBANK: Failed
2026-05-22 15:25:20,551 - INFO - [8/10] Fetching KOTAKBANK...
2026-05-22 15:25:20,551 - INFO - Initializing NSE session...
2026-05-22 15:25:23,467 - WARNING -   ❌ KOTAKBANK: Failed
2026-05-22 15:25:25,467 - INFO - [9/10] Fetching BAJFINANCE...
2026-05-22 15:25:25,468 - INFO - Initializing NSE session...
2026-05-22 15:25:26,339 - WARNING -   ❌ BAJFINANCE: Failed
2026-05-22 15:25:28,339 - INFO - [10/10] Fetching TATAMOTORS...
2026-05-22 15:25:28,340 - INFO - Initializing NSE session...
2026-05-22 15:25:28,995 - WARNING -   ❌ TATAMOTORS: Failed
2026-05-22 15:25:30,996 - INFO - Collected: 0, Failed: 10
2026-05-22 15:25:30,996 - INFO - ============================================================
2026-05-22 15:25:30,996 - INFO - STEP 2: Collecting Gainers/Losers
2026-05-22 15:25:30,996 - INFO - ============================================================
2026-05-22 15:25:30,996 - INFO - Initializing NSE session...
2026-05-22 15:25:32,662 - INFO - Initializing NSE session...
2026-05-22 15:25:33,092 - INFO -   Gainers: 0
2026-05-22 15:25:33,092 - INFO -   Losers: 0
2026-05-22 15:25:33,092 - INFO - ============================================================
2026-05-22 15:25:33,092 - INFO - STEP 3: Detecting OI Spurts
2026-05-22 15:25:33,092 - INFO - ============================================================
2026-05-22 15:25:33,093 - INFO -   Total Spurts: 0
2026-05-22 15:25:33,093 - INFO -   Long Buildups: 0
2026-05-22 15:25:33,093 - INFO -   Short Buildups: 0
2026-05-22 15:25:33,093 - INFO -   Market Sentiment: NEUTRAL
2026-05-22 15:25:33,093 - INFO - ============================================================
2026-05-22 15:25:33,093 - INFO - STEP 4: Generating Predictions
2026-05-22 15:25:33,093 - INFO - ============================================================
2026-05-22 15:25:33,094 - INFO -   Total Predictions: 0
2026-05-22 15:25:33,094 - INFO -   Top Bullish: []
2026-05-22 15:25:33,094 - INFO -   Top Bearish: []
2026-05-22 15:25:33,094 - INFO - ============================================================
2026-05-22 15:25:33,094 - INFO - STEP 5: Generating Daily Report
2026-05-22 15:25:33,094 - INFO - ============================================================
2026-05-22 15:25:33,095 - INFO -   Report generated successfully
2026-05-22 15:25:33,095 - INFO - ============================================================
2026-05-22 15:25:33,095 - INFO - ✅ ALL STEPS COMPLETED SUCCESSFULLY
2026-05-22 15:25:33,095 - INFO - 📁 Data saved to: stock_intelligence/2026-05-22/
2026-05-22 15:25:33,095 - INFO - ============================================================

📊 Collection Summary:
  • Option chains: 0 stocks
  • Gainers: 0
  • Losers: 0
  • OI Spurts: 0
  • Predictions: 0

📁 Data saved to: stock_intelligence/2026-05-22/
[2026-05-22 15:25:33] ==============================================
[2026-05-22 15:25:33] ✅ COLLECTION COMPLETED
[2026-05-22 15:25:33] ==============================================
