[2026-08-06 15:35:01] ==============================================
[2026-08-06 15:35:01] 🚀 STOCK INTELLIGENCE COLLECTOR
[2026-08-06 15:35:01] ==============================================
2026-08-06 15:35:01,807 - INFO - ============================================================
2026-08-06 15:35:01,808 - INFO - 🚀 STOCK INTELLIGENCE COLLECTOR
2026-08-06 15:35:01,808 - INFO - 📅 Date: 2026-08-06
2026-08-06 15:35:01,808 - INFO - ============================================================
2026-08-06 15:35:01,808 - INFO - ============================================================
2026-08-06 15:35:01,808 - INFO - STEP 1: Collecting Option Chains
2026-08-06 15:35:01,808 - INFO - ============================================================
2026-08-06 15:35:01,808 - INFO - [1/10] Fetching RELIANCE...
2026-08-06 15:35:01,808 - INFO - Initializing NSE session...
2026-08-06 15:35:02,101 - WARNING -   ❌ RELIANCE: Failed
2026-08-06 15:35:04,102 - INFO - [2/10] Fetching HDFCBANK...
2026-08-06 15:35:04,102 - INFO - Initializing NSE session...
2026-08-06 15:35:04,339 - WARNING -   ❌ HDFCBANK: Failed
2026-08-06 15:35:06,339 - INFO - [3/10] Fetching ICICIBANK...
2026-08-06 15:35:06,340 - INFO - Initializing NSE session...
2026-08-06 15:35:06,637 - WARNING -   ❌ ICICIBANK: Failed
2026-08-06 15:35:08,637 - INFO - [4/10] Fetching INFY...
2026-08-06 15:35:08,637 - INFO - Initializing NSE session...
2026-08-06 15:35:08,902 - WARNING -   ❌ INFY: Failed
2026-08-06 15:35:10,902 - INFO - [5/10] Fetching TCS...
2026-08-06 15:35:10,902 - INFO - Initializing NSE session...
2026-08-06 15:35:11,157 - WARNING -   ❌ TCS: Failed
2026-08-06 15:35:13,157 - INFO - [6/10] Fetching SBIN...
2026-08-06 15:35:13,157 - INFO - Initializing NSE session...
2026-08-06 15:35:13,361 - WARNING -   ❌ SBIN: Failed
2026-08-06 15:35:15,362 - INFO - [7/10] Fetching AXISBANK...
2026-08-06 15:35:15,362 - INFO - Initializing NSE session...
2026-08-06 15:35:15,561 - WARNING -   ❌ AXISBANK: Failed
2026-08-06 15:35:17,561 - INFO - [8/10] Fetching KOTAKBANK...
2026-08-06 15:35:17,561 - INFO - Initializing NSE session...
2026-08-06 15:35:17,764 - WARNING -   ❌ KOTAKBANK: Failed
2026-08-06 15:35:19,764 - INFO - [9/10] Fetching BAJFINANCE...
2026-08-06 15:35:19,765 - INFO - Initializing NSE session...
2026-08-06 15:35:20,561 - WARNING -   ❌ BAJFINANCE: Failed
2026-08-06 15:35:22,562 - INFO - [10/10] Fetching TATAMOTORS...
2026-08-06 15:35:22,563 - INFO - Initializing NSE session...
2026-08-06 15:35:22,817 - WARNING -   ❌ TATAMOTORS: Failed
2026-08-06 15:35:24,818 - INFO - Collected: 0, Failed: 10
2026-08-06 15:35:24,818 - INFO - ============================================================
2026-08-06 15:35:24,818 - INFO - STEP 2: Collecting Gainers/Losers
2026-08-06 15:35:24,818 - INFO - ============================================================
2026-08-06 15:35:24,818 - INFO - Initializing NSE session...
2026-08-06 15:35:27,087 - INFO - Initializing NSE session...
2026-08-06 15:35:27,931 - INFO -   Gainers: 0
2026-08-06 15:35:27,931 - INFO -   Losers: 0
2026-08-06 15:35:27,931 - INFO - ============================================================
2026-08-06 15:35:27,932 - INFO - STEP 3: Detecting OI Spurts
2026-08-06 15:35:27,932 - INFO - ============================================================
2026-08-06 15:35:27,934 - INFO -   Total Spurts: 0
2026-08-06 15:35:27,934 - INFO -   Long Buildups: 0
2026-08-06 15:35:27,934 - INFO -   Short Buildups: 0
2026-08-06 15:35:27,935 - INFO -   Market Sentiment: NEUTRAL
2026-08-06 15:35:27,935 - INFO - ============================================================
2026-08-06 15:35:27,935 - INFO - STEP 4: Generating Predictions
2026-08-06 15:35:27,936 - INFO - ============================================================
2026-08-06 15:35:27,937 - INFO -   Total Predictions: 0
2026-08-06 15:35:27,938 - INFO -   Top Bullish: []
2026-08-06 15:35:27,938 - INFO -   Top Bearish: []
2026-08-06 15:35:27,938 - INFO - ============================================================
2026-08-06 15:35:27,938 - INFO - STEP 5: Generating Daily Report
2026-08-06 15:35:27,939 - INFO - ============================================================
2026-08-06 15:35:27,940 - INFO -   Report generated successfully
2026-08-06 15:35:27,941 - INFO - ============================================================
2026-08-06 15:35:27,941 - INFO - ✅ ALL STEPS COMPLETED SUCCESSFULLY
2026-08-06 15:35:27,941 - INFO - 📁 Data saved to: stock_intelligence/2026-08-06/
2026-08-06 15:35:27,941 - INFO - ============================================================

📊 Collection Summary:
  • Option chains: 0 stocks
  • Gainers: 0
  • Losers: 0
  • OI Spurts: 0
  • Predictions: 0

📁 Data saved to: stock_intelligence/2026-08-06/
[2026-08-06 15:35:28] ==============================================
[2026-08-06 15:35:28] ✅ COLLECTION COMPLETED
[2026-08-06 15:35:28] ==============================================
