[2026-07-02 15:35:01] ==============================================
[2026-07-02 15:35:01] 🚀 STOCK INTELLIGENCE COLLECTOR
[2026-07-02 15:35:01] ==============================================
2026-07-02 15:35:01,852 - INFO - ============================================================
2026-07-02 15:35:01,852 - INFO - 🚀 STOCK INTELLIGENCE COLLECTOR
2026-07-02 15:35:01,852 - INFO - 📅 Date: 2026-07-02
2026-07-02 15:35:01,852 - INFO - ============================================================
2026-07-02 15:35:01,852 - INFO - ============================================================
2026-07-02 15:35:01,852 - INFO - STEP 1: Collecting Option Chains
2026-07-02 15:35:01,852 - INFO - ============================================================
2026-07-02 15:35:01,853 - INFO - [1/10] Fetching RELIANCE...
2026-07-02 15:35:01,853 - INFO - Initializing NSE session...
2026-07-02 15:35:02,134 - WARNING -   ❌ RELIANCE: Failed
2026-07-02 15:35:04,135 - INFO - [2/10] Fetching HDFCBANK...
2026-07-02 15:35:04,135 - INFO - Initializing NSE session...
2026-07-02 15:35:04,393 - WARNING -   ❌ HDFCBANK: Failed
2026-07-02 15:35:06,393 - INFO - [3/10] Fetching ICICIBANK...
2026-07-02 15:35:06,394 - INFO - Initializing NSE session...
2026-07-02 15:35:06,651 - WARNING -   ❌ ICICIBANK: Failed
2026-07-02 15:35:08,652 - INFO - [4/10] Fetching INFY...
2026-07-02 15:35:08,652 - INFO - Initializing NSE session...
2026-07-02 15:35:08,886 - WARNING -   ❌ INFY: Failed
2026-07-02 15:35:10,886 - INFO - [5/10] Fetching TCS...
2026-07-02 15:35:10,886 - INFO - Initializing NSE session...
2026-07-02 15:35:11,194 - WARNING -   ❌ TCS: Failed
2026-07-02 15:35:13,194 - INFO - [6/10] Fetching SBIN...
2026-07-02 15:35:13,194 - INFO - Initializing NSE session...
2026-07-02 15:35:13,857 - WARNING -   ❌ SBIN: Failed
2026-07-02 15:35:15,857 - INFO - [7/10] Fetching AXISBANK...
2026-07-02 15:35:15,857 - INFO - Initializing NSE session...
2026-07-02 15:35:17,007 - WARNING -   ❌ AXISBANK: Failed
2026-07-02 15:35:19,007 - INFO - [8/10] Fetching KOTAKBANK...
2026-07-02 15:35:19,007 - INFO - Initializing NSE session...
2026-07-02 15:35:19,260 - WARNING -   ❌ KOTAKBANK: Failed
2026-07-02 15:35:21,260 - INFO - [9/10] Fetching BAJFINANCE...
2026-07-02 15:35:21,261 - INFO - Initializing NSE session...
2026-07-02 15:35:21,501 - WARNING -   ❌ BAJFINANCE: Failed
2026-07-02 15:35:23,502 - INFO - [10/10] Fetching TATAMOTORS...
2026-07-02 15:35:23,502 - INFO - Initializing NSE session...
2026-07-02 15:35:23,740 - WARNING -   ❌ TATAMOTORS: Failed
2026-07-02 15:35:25,740 - INFO - Collected: 0, Failed: 10
2026-07-02 15:35:25,741 - INFO - ============================================================
2026-07-02 15:35:25,741 - INFO - STEP 2: Collecting Gainers/Losers
2026-07-02 15:35:25,741 - INFO - ============================================================
2026-07-02 15:35:25,741 - INFO - Initializing NSE session...
2026-07-02 15:35:26,974 - INFO - Initializing NSE session...
2026-07-02 15:35:27,216 - INFO -   Gainers: 0
2026-07-02 15:35:27,216 - INFO -   Losers: 0
2026-07-02 15:35:27,217 - INFO - ============================================================
2026-07-02 15:35:27,217 - INFO - STEP 3: Detecting OI Spurts
2026-07-02 15:35:27,217 - INFO - ============================================================
2026-07-02 15:35:27,218 - INFO -   Total Spurts: 0
2026-07-02 15:35:27,218 - INFO -   Long Buildups: 0
2026-07-02 15:35:27,218 - INFO -   Short Buildups: 0
2026-07-02 15:35:27,218 - INFO -   Market Sentiment: NEUTRAL
2026-07-02 15:35:27,218 - INFO - ============================================================
2026-07-02 15:35:27,218 - INFO - STEP 4: Generating Predictions
2026-07-02 15:35:27,218 - INFO - ============================================================
2026-07-02 15:35:27,220 - INFO -   Total Predictions: 0
2026-07-02 15:35:27,220 - INFO -   Top Bullish: []
2026-07-02 15:35:27,220 - INFO -   Top Bearish: []
2026-07-02 15:35:27,220 - INFO - ============================================================
2026-07-02 15:35:27,220 - INFO - STEP 5: Generating Daily Report
2026-07-02 15:35:27,220 - INFO - ============================================================
2026-07-02 15:35:27,221 - INFO -   Report generated successfully
2026-07-02 15:35:27,221 - INFO - ============================================================
2026-07-02 15:35:27,221 - INFO - ✅ ALL STEPS COMPLETED SUCCESSFULLY
2026-07-02 15:35:27,221 - INFO - 📁 Data saved to: stock_intelligence/2026-07-02/
2026-07-02 15:35:27,221 - INFO - ============================================================

📊 Collection Summary:
  • Option chains: 0 stocks
  • Gainers: 0
  • Losers: 0
  • OI Spurts: 0
  • Predictions: 0

📁 Data saved to: stock_intelligence/2026-07-02/
[2026-07-02 15:35:27] ==============================================
[2026-07-02 15:35:27] ✅ COLLECTION COMPLETED
[2026-07-02 15:35:27] ==============================================
