[2026-03-16 15:25:02] ==============================================
[2026-03-16 15:25:02] 🚀 STOCK INTELLIGENCE COLLECTOR
[2026-03-16 15:25:02] ==============================================
2026-03-16 15:25:02,929 - INFO - ============================================================
2026-03-16 15:25:02,929 - INFO - 🚀 STOCK INTELLIGENCE COLLECTOR
2026-03-16 15:25:02,930 - INFO - 📅 Date: 2026-03-16
2026-03-16 15:25:02,930 - INFO - ============================================================
2026-03-16 15:25:02,930 - INFO - ============================================================
2026-03-16 15:25:02,930 - INFO - STEP 1: Collecting Option Chains
2026-03-16 15:25:02,930 - INFO - ============================================================
2026-03-16 15:25:02,930 - INFO - [1/10] Fetching RELIANCE...
2026-03-16 15:25:02,930 - INFO - Initializing NSE session...
2026-03-16 15:25:13,810 - WARNING -   ❌ RELIANCE: Failed
2026-03-16 15:25:15,811 - INFO - [2/10] Fetching HDFCBANK...
2026-03-16 15:25:15,811 - INFO - Initializing NSE session...
2026-03-16 15:25:16,674 - WARNING -   ❌ HDFCBANK: Failed
2026-03-16 15:25:18,674 - INFO - [3/10] Fetching ICICIBANK...
2026-03-16 15:25:18,675 - INFO - Initializing NSE session...
2026-03-16 15:25:19,342 - WARNING -   ❌ ICICIBANK: Failed
2026-03-16 15:25:21,342 - INFO - [4/10] Fetching INFY...
2026-03-16 15:25:21,343 - INFO - Initializing NSE session...
2026-03-16 15:25:22,211 - WARNING -   ❌ INFY: Failed
2026-03-16 15:25:24,212 - INFO - [5/10] Fetching TCS...
2026-03-16 15:25:24,212 - INFO - Initializing NSE session...
2026-03-16 15:25:25,073 - WARNING -   ❌ TCS: Failed
2026-03-16 15:25:27,074 - INFO - [6/10] Fetching SBIN...
2026-03-16 15:25:27,074 - INFO - Initializing NSE session...
2026-03-16 15:25:27,738 - WARNING -   ❌ SBIN: Failed
2026-03-16 15:25:29,738 - INFO - [7/10] Fetching AXISBANK...
2026-03-16 15:25:29,738 - INFO - Initializing NSE session...
2026-03-16 15:25:30,605 - WARNING -   ❌ AXISBANK: Failed
2026-03-16 15:25:32,606 - INFO - [8/10] Fetching KOTAKBANK...
2026-03-16 15:25:32,606 - INFO - Initializing NSE session...
2026-03-16 15:25:33,476 - WARNING -   ❌ KOTAKBANK: Failed
2026-03-16 15:25:35,476 - INFO - [9/10] Fetching BAJFINANCE...
2026-03-16 15:25:35,477 - INFO - Initializing NSE session...
2026-03-16 15:25:36,541 - WARNING -   ❌ BAJFINANCE: Failed
2026-03-16 15:25:38,542 - INFO - [10/10] Fetching TATAMOTORS...
2026-03-16 15:25:38,542 - INFO - Initializing NSE session...
2026-03-16 15:25:39,413 - WARNING -   ❌ TATAMOTORS: Failed
2026-03-16 15:25:41,413 - INFO - Collected: 0, Failed: 10
2026-03-16 15:25:41,415 - INFO - ============================================================
2026-03-16 15:25:41,415 - INFO - STEP 2: Collecting Gainers/Losers
2026-03-16 15:25:41,415 - INFO - ============================================================
2026-03-16 15:25:41,415 - INFO - Initializing NSE session...
2026-03-16 15:25:43,280 - INFO - Initializing NSE session...
2026-03-16 15:25:44,122 - INFO -   Gainers: 0
2026-03-16 15:25:44,122 - INFO -   Losers: 0
2026-03-16 15:25:44,122 - INFO - ============================================================
2026-03-16 15:25:44,123 - INFO - STEP 3: Detecting OI Spurts
2026-03-16 15:25:44,123 - INFO - ============================================================
2026-03-16 15:25:44,124 - INFO -   Total Spurts: 0
2026-03-16 15:25:44,124 - INFO -   Long Buildups: 0
2026-03-16 15:25:44,124 - INFO -   Short Buildups: 0
2026-03-16 15:25:44,124 - INFO -   Market Sentiment: NEUTRAL
2026-03-16 15:25:44,124 - INFO - ============================================================
2026-03-16 15:25:44,124 - INFO - STEP 4: Generating Predictions
2026-03-16 15:25:44,124 - INFO - ============================================================
2026-03-16 15:25:44,126 - INFO -   Total Predictions: 0
2026-03-16 15:25:44,126 - INFO -   Top Bullish: []
2026-03-16 15:25:44,126 - INFO -   Top Bearish: []
2026-03-16 15:25:44,127 - INFO - ============================================================
2026-03-16 15:25:44,127 - INFO - STEP 5: Generating Daily Report
2026-03-16 15:25:44,127 - INFO - ============================================================
2026-03-16 15:25:44,128 - INFO -   Report generated successfully
2026-03-16 15:25:44,128 - INFO - ============================================================
2026-03-16 15:25:44,128 - INFO - ✅ ALL STEPS COMPLETED SUCCESSFULLY
2026-03-16 15:25:44,128 - INFO - 📁 Data saved to: stock_intelligence/2026-03-16/
2026-03-16 15:25:44,128 - INFO - ============================================================

📊 Collection Summary:
  • Option chains: 0 stocks
  • Gainers: 0
  • Losers: 0
  • OI Spurts: 0
  • Predictions: 0

📁 Data saved to: stock_intelligence/2026-03-16/
[2026-03-16 15:25:44] ==============================================
[2026-03-16 15:25:44] ✅ COLLECTION COMPLETED
[2026-03-16 15:25:44] ==============================================
