[2026-09-09 15:35:01] ==============================================
[2026-09-09 15:35:01] 🚀 STOCK INTELLIGENCE COLLECTOR
[2026-09-09 15:35:01] ==============================================
2026-09-09 15:35:01,409 - INFO - ============================================================
2026-09-09 15:35:01,409 - INFO - 🚀 STOCK INTELLIGENCE COLLECTOR
2026-09-09 15:35:01,409 - INFO - 📅 Date: 2026-09-09
2026-09-09 15:35:01,409 - INFO - ============================================================
2026-09-09 15:35:01,409 - INFO - ============================================================
2026-09-09 15:35:01,409 - INFO - STEP 1: Collecting Option Chains
2026-09-09 15:35:01,409 - INFO - ============================================================
2026-09-09 15:35:01,409 - INFO - [1/10] Fetching RELIANCE...
2026-09-09 15:35:01,409 - INFO - Initializing NSE session...
2026-09-09 15:35:13,211 - WARNING -   ❌ RELIANCE: Failed
2026-09-09 15:35:15,212 - INFO - [2/10] Fetching HDFCBANK...
2026-09-09 15:35:15,212 - INFO - Initializing NSE session...
2026-09-09 15:35:26,532 - WARNING -   ❌ HDFCBANK: Failed
2026-09-09 15:35:28,532 - INFO - [3/10] Fetching ICICIBANK...
2026-09-09 15:35:28,533 - INFO - Initializing NSE session...
2026-09-09 15:35:36,103 - WARNING -   ❌ ICICIBANK: Failed
2026-09-09 15:35:38,104 - INFO - [4/10] Fetching INFY...
2026-09-09 15:35:38,104 - INFO - Initializing NSE session...
2026-09-09 15:35:44,297 - WARNING -   ❌ INFY: Failed
2026-09-09 15:35:46,297 - INFO - [5/10] Fetching TCS...
2026-09-09 15:35:46,298 - INFO - Initializing NSE session...
2026-09-09 15:35:47,171 - WARNING -   ❌ TCS: Failed
2026-09-09 15:35:49,172 - INFO - [6/10] Fetching SBIN...
2026-09-09 15:35:49,172 - INFO - Initializing NSE session...
2026-09-09 15:35:51,874 - WARNING -   ❌ SBIN: Failed
2026-09-09 15:35:53,875 - INFO - [7/10] Fetching AXISBANK...
2026-09-09 15:35:53,875 - INFO - Initializing NSE session...
2026-09-09 15:35:55,221 - WARNING -   ❌ AXISBANK: Failed
2026-09-09 15:35:57,221 - INFO - [8/10] Fetching KOTAKBANK...
2026-09-09 15:35:57,221 - INFO - Initializing NSE session...
2026-09-09 15:36:00,336 - WARNING -   ❌ KOTAKBANK: Failed
2026-09-09 15:36:02,336 - INFO - [9/10] Fetching BAJFINANCE...
2026-09-09 15:36:02,337 - INFO - Initializing NSE session...
2026-09-09 15:36:03,473 - WARNING -   ❌ BAJFINANCE: Failed
2026-09-09 15:36:05,474 - INFO - [10/10] Fetching TATAMOTORS...
2026-09-09 15:36:05,474 - INFO - Initializing NSE session...
2026-09-09 15:36:06,526 - WARNING -   ❌ TATAMOTORS: Failed
2026-09-09 15:36:08,526 - INFO - Collected: 0, Failed: 10
2026-09-09 15:36:08,526 - INFO - ============================================================
2026-09-09 15:36:08,526 - INFO - STEP 2: Collecting Gainers/Losers
2026-09-09 15:36:08,526 - INFO - ============================================================
2026-09-09 15:36:08,527 - INFO - Initializing NSE session...
2026-09-09 15:36:09,744 - INFO - Initializing NSE session...
2026-09-09 15:36:10,496 - INFO -   Gainers: 0
2026-09-09 15:36:10,496 - INFO -   Losers: 0
2026-09-09 15:36:10,496 - INFO - ============================================================
2026-09-09 15:36:10,496 - INFO - STEP 3: Detecting OI Spurts
2026-09-09 15:36:10,496 - INFO - ============================================================
2026-09-09 15:36:10,498 - INFO -   Total Spurts: 0
2026-09-09 15:36:10,498 - INFO -   Long Buildups: 0
2026-09-09 15:36:10,498 - INFO -   Short Buildups: 0
2026-09-09 15:36:10,498 - INFO -   Market Sentiment: NEUTRAL
2026-09-09 15:36:10,498 - INFO - ============================================================
2026-09-09 15:36:10,498 - INFO - STEP 4: Generating Predictions
2026-09-09 15:36:10,498 - INFO - ============================================================
2026-09-09 15:36:10,499 - INFO -   Total Predictions: 0
2026-09-09 15:36:10,500 - INFO -   Top Bullish: []
2026-09-09 15:36:10,500 - INFO -   Top Bearish: []
2026-09-09 15:36:10,500 - INFO - ============================================================
2026-09-09 15:36:10,500 - INFO - STEP 5: Generating Daily Report
2026-09-09 15:36:10,500 - INFO - ============================================================
2026-09-09 15:36:10,502 - INFO -   Report generated successfully
2026-09-09 15:36:10,502 - INFO - ============================================================
2026-09-09 15:36:10,502 - INFO - ✅ ALL STEPS COMPLETED SUCCESSFULLY
2026-09-09 15:36:10,502 - INFO - 📁 Data saved to: stock_intelligence/2026-09-09/
2026-09-09 15:36:10,502 - INFO - ============================================================

📊 Collection Summary:
  • Option chains: 0 stocks
  • Gainers: 0
  • Losers: 0
  • OI Spurts: 0
  • Predictions: 0

📁 Data saved to: stock_intelligence/2026-09-09/
[2026-09-09 15:36:10] ==============================================
[2026-09-09 15:36:10] ✅ COLLECTION COMPLETED
[2026-09-09 15:36:10] ==============================================
