[2026-08-14 15:35:01] ==============================================
[2026-08-14 15:35:01] 🚀 STOCK INTELLIGENCE COLLECTOR
[2026-08-14 15:35:01] ==============================================
2026-08-14 15:35:01,516 - INFO - ============================================================
2026-08-14 15:35:01,516 - INFO - 🚀 STOCK INTELLIGENCE COLLECTOR
2026-08-14 15:35:01,516 - INFO - 📅 Date: 2026-08-14
2026-08-14 15:35:01,516 - INFO - ============================================================
2026-08-14 15:35:01,516 - INFO - ============================================================
2026-08-14 15:35:01,516 - INFO - STEP 1: Collecting Option Chains
2026-08-14 15:35:01,516 - INFO - ============================================================
2026-08-14 15:35:01,516 - INFO - [1/10] Fetching RELIANCE...
2026-08-14 15:35:01,516 - INFO - Initializing NSE session...
2026-08-14 15:35:02,152 - WARNING -   ❌ RELIANCE: Failed
2026-08-14 15:35:04,153 - INFO - [2/10] Fetching HDFCBANK...
2026-08-14 15:35:04,153 - INFO - Initializing NSE session...
2026-08-14 15:35:04,308 - WARNING -   ❌ HDFCBANK: Failed
2026-08-14 15:35:06,309 - INFO - [3/10] Fetching ICICIBANK...
2026-08-14 15:35:06,309 - INFO - Initializing NSE session...
2026-08-14 15:35:07,471 - WARNING -   ❌ ICICIBANK: Failed
2026-08-14 15:35:09,471 - INFO - [4/10] Fetching INFY...
2026-08-14 15:35:09,471 - INFO - Initializing NSE session...
2026-08-14 15:35:11,588 - WARNING -   ❌ INFY: Failed
2026-08-14 15:35:13,589 - INFO - [5/10] Fetching TCS...
2026-08-14 15:35:13,589 - INFO - Initializing NSE session...
2026-08-14 15:35:28,750 - WARNING -   ❌ TCS: Failed
2026-08-14 15:35:30,751 - INFO - [6/10] Fetching SBIN...
2026-08-14 15:35:30,751 - INFO - Initializing NSE session...
2026-08-14 15:35:35,061 - WARNING -   ❌ SBIN: Failed
2026-08-14 15:35:37,061 - INFO - [7/10] Fetching AXISBANK...
2026-08-14 15:35:37,062 - INFO - Initializing NSE session...
2026-08-14 15:35:44,760 - WARNING -   ❌ AXISBANK: Failed
2026-08-14 15:35:46,760 - INFO - [8/10] Fetching KOTAKBANK...
2026-08-14 15:35:46,760 - INFO - Initializing NSE session...
2026-08-14 15:35:58,627 - WARNING -   ❌ KOTAKBANK: Failed
2026-08-14 15:36:00,627 - INFO - [9/10] Fetching BAJFINANCE...
2026-08-14 15:36:00,628 - INFO - Initializing NSE session...
2026-08-14 15:36:06,622 - WARNING -   ❌ BAJFINANCE: Failed
2026-08-14 15:36:08,622 - INFO - [10/10] Fetching TATAMOTORS...
2026-08-14 15:36:08,622 - INFO - Initializing NSE session...
2026-08-14 15:36:15,461 - WARNING -   ❌ TATAMOTORS: Failed
2026-08-14 15:36:17,462 - INFO - Collected: 0, Failed: 10
2026-08-14 15:36:17,462 - INFO - ============================================================
2026-08-14 15:36:17,462 - INFO - STEP 2: Collecting Gainers/Losers
2026-08-14 15:36:17,462 - INFO - ============================================================
2026-08-14 15:36:17,462 - INFO - Initializing NSE session...
2026-08-14 15:36:24,984 - INFO - Initializing NSE session...
2026-08-14 15:36:46,432 - INFO -   Gainers: 0
2026-08-14 15:36:46,432 - INFO -   Losers: 0
2026-08-14 15:36:46,432 - INFO - ============================================================
2026-08-14 15:36:46,432 - INFO - STEP 3: Detecting OI Spurts
2026-08-14 15:36:46,432 - INFO - ============================================================
2026-08-14 15:36:46,432 - INFO -   Total Spurts: 0
2026-08-14 15:36:46,433 - INFO -   Long Buildups: 0
2026-08-14 15:36:46,433 - INFO -   Short Buildups: 0
2026-08-14 15:36:46,433 - INFO -   Market Sentiment: NEUTRAL
2026-08-14 15:36:46,433 - INFO - ============================================================
2026-08-14 15:36:46,433 - INFO - STEP 4: Generating Predictions
2026-08-14 15:36:46,433 - INFO - ============================================================
2026-08-14 15:36:46,433 - INFO -   Total Predictions: 0
2026-08-14 15:36:46,433 - INFO -   Top Bullish: []
2026-08-14 15:36:46,433 - INFO -   Top Bearish: []
2026-08-14 15:36:46,434 - INFO - ============================================================
2026-08-14 15:36:46,434 - INFO - STEP 5: Generating Daily Report
2026-08-14 15:36:46,434 - INFO - ============================================================
2026-08-14 15:36:46,434 - INFO -   Report generated successfully
2026-08-14 15:36:46,434 - INFO - ============================================================
2026-08-14 15:36:46,434 - INFO - ✅ ALL STEPS COMPLETED SUCCESSFULLY
2026-08-14 15:36:46,435 - INFO - 📁 Data saved to: stock_intelligence/2026-08-14/
2026-08-14 15:36:46,435 - INFO - ============================================================

📊 Collection Summary:
  • Option chains: 0 stocks
  • Gainers: 0
  • Losers: 0
  • OI Spurts: 0
  • Predictions: 0

📁 Data saved to: stock_intelligence/2026-08-14/
[2026-08-14 15:36:46] ==============================================
[2026-08-14 15:36:46] ✅ COLLECTION COMPLETED
[2026-08-14 15:36:46] ==============================================
