[2026-06-05 15:25:01] ==============================================
[2026-06-05 15:25:01] 🚀 STOCK INTELLIGENCE COLLECTOR
[2026-06-05 15:25:01] ==============================================
2026-06-05 15:25:01,438 - INFO - ============================================================
2026-06-05 15:25:01,438 - INFO - 🚀 STOCK INTELLIGENCE COLLECTOR
2026-06-05 15:25:01,438 - INFO - 📅 Date: 2026-06-05
2026-06-05 15:25:01,438 - INFO - ============================================================
2026-06-05 15:25:01,438 - INFO - ============================================================
2026-06-05 15:25:01,438 - INFO - STEP 1: Collecting Option Chains
2026-06-05 15:25:01,438 - INFO - ============================================================
2026-06-05 15:25:01,438 - INFO - [1/10] Fetching RELIANCE...
2026-06-05 15:25:01,438 - INFO - Initializing NSE session...
2026-06-05 15:25:02,395 - WARNING -   ❌ RELIANCE: Failed
2026-06-05 15:25:04,396 - INFO - [2/10] Fetching HDFCBANK...
2026-06-05 15:25:04,396 - INFO - Initializing NSE session...
2026-06-05 15:25:05,058 - WARNING -   ❌ HDFCBANK: Failed
2026-06-05 15:25:07,059 - INFO - [3/10] Fetching ICICIBANK...
2026-06-05 15:25:07,059 - INFO - Initializing NSE session...
2026-06-05 15:25:07,783 - WARNING -   ❌ ICICIBANK: Failed
2026-06-05 15:25:09,784 - INFO - [4/10] Fetching INFY...
2026-06-05 15:25:09,784 - INFO - Initializing NSE session...
2026-06-05 15:25:10,792 - WARNING -   ❌ INFY: Failed
2026-06-05 15:25:12,792 - INFO - [5/10] Fetching TCS...
2026-06-05 15:25:12,793 - INFO - Initializing NSE session...
2026-06-05 15:25:13,030 - WARNING -   ❌ TCS: Failed
2026-06-05 15:25:15,030 - INFO - [6/10] Fetching SBIN...
2026-06-05 15:25:15,030 - INFO - Initializing NSE session...
2026-06-05 15:25:15,662 - WARNING -   ❌ SBIN: Failed
2026-06-05 15:25:17,663 - INFO - [7/10] Fetching AXISBANK...
2026-06-05 15:25:17,663 - INFO - Initializing NSE session...
2026-06-05 15:25:18,388 - WARNING -   ❌ AXISBANK: Failed
2026-06-05 15:25:20,388 - INFO - [8/10] Fetching KOTAKBANK...
2026-06-05 15:25:20,389 - INFO - Initializing NSE session...
2026-06-05 15:25:21,036 - WARNING -   ❌ KOTAKBANK: Failed
2026-06-05 15:25:23,037 - INFO - [9/10] Fetching BAJFINANCE...
2026-06-05 15:25:23,037 - INFO - Initializing NSE session...
2026-06-05 15:25:23,900 - WARNING -   ❌ BAJFINANCE: Failed
2026-06-05 15:25:25,900 - INFO - [10/10] Fetching TATAMOTORS...
2026-06-05 15:25:25,900 - INFO - Initializing NSE session...
2026-06-05 15:25:26,766 - WARNING -   ❌ TATAMOTORS: Failed
2026-06-05 15:25:28,767 - INFO - Collected: 0, Failed: 10
2026-06-05 15:25:28,767 - INFO - ============================================================
2026-06-05 15:25:28,767 - INFO - STEP 2: Collecting Gainers/Losers
2026-06-05 15:25:28,767 - INFO - ============================================================
2026-06-05 15:25:28,767 - INFO - Initializing NSE session...
2026-06-05 15:25:30,633 - INFO - Initializing NSE session...
2026-06-05 15:25:31,039 - INFO -   Gainers: 0
2026-06-05 15:25:31,040 - INFO -   Losers: 0
2026-06-05 15:25:31,040 - INFO - ============================================================
2026-06-05 15:25:31,040 - INFO - STEP 3: Detecting OI Spurts
2026-06-05 15:25:31,040 - INFO - ============================================================
2026-06-05 15:25:31,041 - INFO -   Total Spurts: 0
2026-06-05 15:25:31,042 - INFO -   Long Buildups: 0
2026-06-05 15:25:31,042 - INFO -   Short Buildups: 0
2026-06-05 15:25:31,042 - INFO -   Market Sentiment: NEUTRAL
2026-06-05 15:25:31,042 - INFO - ============================================================
2026-06-05 15:25:31,042 - INFO - STEP 4: Generating Predictions
2026-06-05 15:25:31,042 - INFO - ============================================================
2026-06-05 15:25:31,043 - INFO -   Total Predictions: 0
2026-06-05 15:25:31,043 - INFO -   Top Bullish: []
2026-06-05 15:25:31,043 - INFO -   Top Bearish: []
2026-06-05 15:25:31,043 - INFO - ============================================================
2026-06-05 15:25:31,044 - INFO - STEP 5: Generating Daily Report
2026-06-05 15:25:31,044 - INFO - ============================================================
2026-06-05 15:25:31,045 - INFO -   Report generated successfully
2026-06-05 15:25:31,045 - INFO - ============================================================
2026-06-05 15:25:31,046 - INFO - ✅ ALL STEPS COMPLETED SUCCESSFULLY
2026-06-05 15:25:31,046 - INFO - 📁 Data saved to: stock_intelligence/2026-06-05/
2026-06-05 15:25:31,046 - INFO - ============================================================

📊 Collection Summary:
  • Option chains: 0 stocks
  • Gainers: 0
  • Losers: 0
  • OI Spurts: 0
  • Predictions: 0

📁 Data saved to: stock_intelligence/2026-06-05/
[2026-06-05 15:25:31] ==============================================
[2026-06-05 15:25:31] ✅ COLLECTION COMPLETED
[2026-06-05 15:25:31] ==============================================
