[2026-08-04 15:35:01] ==============================================
[2026-08-04 15:35:01] 🚀 STOCK INTELLIGENCE COLLECTOR
[2026-08-04 15:35:01] ==============================================
2026-08-04 15:35:01,867 - INFO - ============================================================
2026-08-04 15:35:01,868 - INFO - 🚀 STOCK INTELLIGENCE COLLECTOR
2026-08-04 15:35:01,868 - INFO - 📅 Date: 2026-08-04
2026-08-04 15:35:01,868 - INFO - ============================================================
2026-08-04 15:35:01,868 - INFO - ============================================================
2026-08-04 15:35:01,868 - INFO - STEP 1: Collecting Option Chains
2026-08-04 15:35:01,868 - INFO - ============================================================
2026-08-04 15:35:01,868 - INFO - [1/10] Fetching RELIANCE...
2026-08-04 15:35:01,868 - INFO - Initializing NSE session...
2026-08-04 15:35:02,475 - WARNING -   ❌ RELIANCE: Failed
2026-08-04 15:35:04,475 - INFO - [2/10] Fetching HDFCBANK...
2026-08-04 15:35:04,476 - INFO - Initializing NSE session...
2026-08-04 15:35:04,876 - WARNING -   ❌ HDFCBANK: Failed
2026-08-04 15:35:06,877 - INFO - [3/10] Fetching ICICIBANK...
2026-08-04 15:35:06,877 - INFO - Initializing NSE session...
2026-08-04 15:35:07,321 - WARNING -   ❌ ICICIBANK: Failed
2026-08-04 15:35:09,321 - INFO - [4/10] Fetching INFY...
2026-08-04 15:35:09,322 - INFO - Initializing NSE session...
2026-08-04 15:35:09,903 - WARNING -   ❌ INFY: Failed
2026-08-04 15:35:11,903 - INFO - [5/10] Fetching TCS...
2026-08-04 15:35:11,903 - INFO - Initializing NSE session...
2026-08-04 15:35:12,508 - WARNING -   ❌ TCS: Failed
2026-08-04 15:35:14,508 - INFO - [6/10] Fetching SBIN...
2026-08-04 15:35:14,508 - INFO - Initializing NSE session...
2026-08-04 15:35:15,190 - WARNING -   ❌ SBIN: Failed
2026-08-04 15:35:17,190 - INFO - [7/10] Fetching AXISBANK...
2026-08-04 15:35:17,190 - INFO - Initializing NSE session...
2026-08-04 15:35:17,636 - WARNING -   ❌ AXISBANK: Failed
2026-08-04 15:35:19,636 - INFO - [8/10] Fetching KOTAKBANK...
2026-08-04 15:35:19,636 - INFO - Initializing NSE session...
2026-08-04 15:35:20,562 - WARNING -   ❌ KOTAKBANK: Failed
2026-08-04 15:35:22,563 - INFO - [9/10] Fetching BAJFINANCE...
2026-08-04 15:35:22,563 - INFO - Initializing NSE session...
2026-08-04 15:35:22,875 - WARNING -   ❌ BAJFINANCE: Failed
2026-08-04 15:35:24,876 - INFO - [10/10] Fetching TATAMOTORS...
2026-08-04 15:35:24,876 - INFO - Initializing NSE session...
2026-08-04 15:35:25,136 - WARNING -   ❌ TATAMOTORS: Failed
2026-08-04 15:35:27,137 - INFO - Collected: 0, Failed: 10
2026-08-04 15:35:27,137 - INFO - ============================================================
2026-08-04 15:35:27,137 - INFO - STEP 2: Collecting Gainers/Losers
2026-08-04 15:35:27,137 - INFO - ============================================================
2026-08-04 15:35:27,137 - INFO - Initializing NSE session...
2026-08-04 15:35:28,436 - INFO - Initializing NSE session...
2026-08-04 15:35:28,726 - INFO -   Gainers: 0
2026-08-04 15:35:28,726 - INFO -   Losers: 0
2026-08-04 15:35:28,726 - INFO - ============================================================
2026-08-04 15:35:28,726 - INFO - STEP 3: Detecting OI Spurts
2026-08-04 15:35:28,726 - INFO - ============================================================
2026-08-04 15:35:28,727 - INFO -   Total Spurts: 0
2026-08-04 15:35:28,727 - INFO -   Long Buildups: 0
2026-08-04 15:35:28,727 - INFO -   Short Buildups: 0
2026-08-04 15:35:28,727 - INFO -   Market Sentiment: NEUTRAL
2026-08-04 15:35:28,727 - INFO - ============================================================
2026-08-04 15:35:28,727 - INFO - STEP 4: Generating Predictions
2026-08-04 15:35:28,727 - INFO - ============================================================
2026-08-04 15:35:28,728 - INFO -   Total Predictions: 0
2026-08-04 15:35:28,728 - INFO -   Top Bullish: []
2026-08-04 15:35:28,728 - INFO -   Top Bearish: []
2026-08-04 15:35:28,728 - INFO - ============================================================
2026-08-04 15:35:28,728 - INFO - STEP 5: Generating Daily Report
2026-08-04 15:35:28,728 - INFO - ============================================================
2026-08-04 15:35:28,729 - INFO -   Report generated successfully
2026-08-04 15:35:28,729 - INFO - ============================================================
2026-08-04 15:35:28,729 - INFO - ✅ ALL STEPS COMPLETED SUCCESSFULLY
2026-08-04 15:35:28,729 - INFO - 📁 Data saved to: stock_intelligence/2026-08-04/
2026-08-04 15:35:28,729 - INFO - ============================================================

📊 Collection Summary:
  • Option chains: 0 stocks
  • Gainers: 0
  • Losers: 0
  • OI Spurts: 0
  • Predictions: 0

📁 Data saved to: stock_intelligence/2026-08-04/
[2026-08-04 15:35:28] ==============================================
[2026-08-04 15:35:28] ✅ COLLECTION COMPLETED
[2026-08-04 15:35:28] ==============================================
