[2026-09-25 15:35:01] ==============================================
[2026-09-25 15:35:01] 🚀 STOCK INTELLIGENCE COLLECTOR
[2026-09-25 15:35:01] ==============================================
2026-09-25 15:35:01,473 - INFO - ============================================================
2026-09-25 15:35:01,473 - INFO - 🚀 STOCK INTELLIGENCE COLLECTOR
2026-09-25 15:35:01,473 - INFO - 📅 Date: 2026-09-25
2026-09-25 15:35:01,473 - INFO - ============================================================
2026-09-25 15:35:01,473 - INFO - ============================================================
2026-09-25 15:35:01,473 - INFO - STEP 1: Collecting Option Chains
2026-09-25 15:35:01,474 - INFO - ============================================================
2026-09-25 15:35:01,474 - INFO - [1/10] Fetching RELIANCE...
2026-09-25 15:35:01,474 - INFO - Initializing NSE session...
2026-09-25 15:35:03,552 - WARNING -   ❌ RELIANCE: Failed
2026-09-25 15:35:05,552 - INFO - [2/10] Fetching HDFCBANK...
2026-09-25 15:35:05,553 - INFO - Initializing NSE session...
2026-09-25 15:35:06,001 - WARNING -   ❌ HDFCBANK: Failed
2026-09-25 15:35:08,002 - INFO - [3/10] Fetching ICICIBANK...
2026-09-25 15:35:08,002 - INFO - Initializing NSE session...
2026-09-25 15:35:08,502 - WARNING -   ❌ ICICIBANK: Failed
2026-09-25 15:35:10,502 - INFO - [4/10] Fetching INFY...
2026-09-25 15:35:10,502 - INFO - Initializing NSE session...
2026-09-25 15:35:10,916 - WARNING -   ❌ INFY: Failed
2026-09-25 15:35:12,916 - INFO - [5/10] Fetching TCS...
2026-09-25 15:35:12,917 - INFO - Initializing NSE session...
2026-09-25 15:35:13,792 - WARNING -   ❌ TCS: Failed
2026-09-25 15:35:15,792 - INFO - [6/10] Fetching SBIN...
2026-09-25 15:35:15,793 - INFO - Initializing NSE session...
2026-09-25 15:35:16,168 - WARNING -   ❌ SBIN: Failed
2026-09-25 15:35:18,173 - INFO - [7/10] Fetching AXISBANK...
2026-09-25 15:35:18,173 - INFO - Initializing NSE session...
2026-09-25 15:35:18,777 - WARNING -   ❌ AXISBANK: Failed
2026-09-25 15:35:20,777 - INFO - [8/10] Fetching KOTAKBANK...
2026-09-25 15:35:20,778 - INFO - Initializing NSE session...
2026-09-25 15:35:21,185 - WARNING -   ❌ KOTAKBANK: Failed
2026-09-25 15:35:23,186 - INFO - [9/10] Fetching BAJFINANCE...
2026-09-25 15:35:23,186 - INFO - Initializing NSE session...
2026-09-25 15:35:23,565 - WARNING -   ❌ BAJFINANCE: Failed
2026-09-25 15:35:25,566 - INFO - [10/10] Fetching TATAMOTORS...
2026-09-25 15:35:25,566 - INFO - Initializing NSE session...
2026-09-25 15:35:26,043 - WARNING -   ❌ TATAMOTORS: Failed
2026-09-25 15:35:28,043 - INFO - Collected: 0, Failed: 10
2026-09-25 15:35:28,043 - INFO - ============================================================
2026-09-25 15:35:28,043 - INFO - STEP 2: Collecting Gainers/Losers
2026-09-25 15:35:28,043 - INFO - ============================================================
2026-09-25 15:35:28,043 - INFO - Initializing NSE session...
2026-09-25 15:35:29,850 - INFO - Initializing NSE session...
2026-09-25 15:35:30,531 - INFO -   Gainers: 0
2026-09-25 15:35:30,531 - INFO -   Losers: 0
2026-09-25 15:35:30,531 - INFO - ============================================================
2026-09-25 15:35:30,532 - INFO - STEP 3: Detecting OI Spurts
2026-09-25 15:35:30,532 - INFO - ============================================================
2026-09-25 15:35:30,533 - INFO -   Total Spurts: 0
2026-09-25 15:35:30,533 - INFO -   Long Buildups: 0
2026-09-25 15:35:30,533 - INFO -   Short Buildups: 0
2026-09-25 15:35:30,533 - INFO -   Market Sentiment: NEUTRAL
2026-09-25 15:35:30,533 - INFO - ============================================================
2026-09-25 15:35:30,533 - INFO - STEP 4: Generating Predictions
2026-09-25 15:35:30,533 - INFO - ============================================================
2026-09-25 15:35:30,534 - INFO -   Total Predictions: 0
2026-09-25 15:35:30,534 - INFO -   Top Bullish: []
2026-09-25 15:35:30,534 - INFO -   Top Bearish: []
2026-09-25 15:35:30,534 - INFO - ============================================================
2026-09-25 15:35:30,534 - INFO - STEP 5: Generating Daily Report
2026-09-25 15:35:30,534 - INFO - ============================================================
2026-09-25 15:35:30,535 - INFO -   Report generated successfully
2026-09-25 15:35:30,535 - INFO - ============================================================
2026-09-25 15:35:30,535 - INFO - ✅ ALL STEPS COMPLETED SUCCESSFULLY
2026-09-25 15:35:30,535 - INFO - 📁 Data saved to: stock_intelligence/2026-09-25/
2026-09-25 15:35:30,535 - INFO - ============================================================

📊 Collection Summary:
  • Option chains: 0 stocks
  • Gainers: 0
  • Losers: 0
  • OI Spurts: 0
  • Predictions: 0

📁 Data saved to: stock_intelligence/2026-09-25/
[2026-09-25 15:35:30] ==============================================
[2026-09-25 15:35:30] ✅ COLLECTION COMPLETED
[2026-09-25 15:35:30] ==============================================
