[2026-09-23 15:35:01] ==============================================
[2026-09-23 15:35:01] 🚀 STOCK INTELLIGENCE COLLECTOR
[2026-09-23 15:35:01] ==============================================
2026-09-23 15:35:01,855 - INFO - ============================================================
2026-09-23 15:35:01,857 - INFO - 🚀 STOCK INTELLIGENCE COLLECTOR
2026-09-23 15:35:01,858 - INFO - 📅 Date: 2026-09-23
2026-09-23 15:35:01,858 - INFO - ============================================================
2026-09-23 15:35:01,858 - INFO - ============================================================
2026-09-23 15:35:01,858 - INFO - STEP 1: Collecting Option Chains
2026-09-23 15:35:01,858 - INFO - ============================================================
2026-09-23 15:35:01,858 - INFO - [1/10] Fetching RELIANCE...
2026-09-23 15:35:01,858 - INFO - Initializing NSE session...
2026-09-23 15:35:02,111 - WARNING -   ❌ RELIANCE: Failed
2026-09-23 15:35:04,111 - INFO - [2/10] Fetching HDFCBANK...
2026-09-23 15:35:04,112 - INFO - Initializing NSE session...
2026-09-23 15:35:04,410 - WARNING -   ❌ HDFCBANK: Failed
2026-09-23 15:35:06,410 - INFO - [3/10] Fetching ICICIBANK...
2026-09-23 15:35:06,411 - INFO - Initializing NSE session...
2026-09-23 15:35:06,683 - WARNING -   ❌ ICICIBANK: Failed
2026-09-23 15:35:08,683 - INFO - [4/10] Fetching INFY...
2026-09-23 15:35:08,684 - INFO - Initializing NSE session...
2026-09-23 15:35:08,906 - WARNING -   ❌ INFY: Failed
2026-09-23 15:35:10,906 - INFO - [5/10] Fetching TCS...
2026-09-23 15:35:10,906 - INFO - Initializing NSE session...
2026-09-23 15:35:11,161 - WARNING -   ❌ TCS: Failed
2026-09-23 15:35:13,162 - INFO - [6/10] Fetching SBIN...
2026-09-23 15:35:13,162 - INFO - Initializing NSE session...
2026-09-23 15:35:13,373 - WARNING -   ❌ SBIN: Failed
2026-09-23 15:35:15,375 - INFO - [7/10] Fetching AXISBANK...
2026-09-23 15:35:15,376 - INFO - Initializing NSE session...
2026-09-23 15:35:15,652 - WARNING -   ❌ AXISBANK: Failed
2026-09-23 15:35:17,652 - INFO - [8/10] Fetching KOTAKBANK...
2026-09-23 15:35:17,652 - INFO - Initializing NSE session...
2026-09-23 15:35:17,907 - WARNING -   ❌ KOTAKBANK: Failed
2026-09-23 15:35:19,908 - INFO - [9/10] Fetching BAJFINANCE...
2026-09-23 15:35:19,908 - INFO - Initializing NSE session...
2026-09-23 15:35:20,151 - WARNING -   ❌ BAJFINANCE: Failed
2026-09-23 15:35:22,152 - INFO - [10/10] Fetching TATAMOTORS...
2026-09-23 15:35:22,153 - INFO - Initializing NSE session...
2026-09-23 15:35:22,471 - WARNING -   ❌ TATAMOTORS: Failed
2026-09-23 15:35:24,471 - INFO - Collected: 0, Failed: 10
2026-09-23 15:35:24,471 - INFO - ============================================================
2026-09-23 15:35:24,471 - INFO - STEP 2: Collecting Gainers/Losers
2026-09-23 15:35:24,471 - INFO - ============================================================
2026-09-23 15:35:24,471 - INFO - Initializing NSE session...
2026-09-23 15:35:25,780 - INFO - Initializing NSE session...
2026-09-23 15:35:26,095 - INFO -   Gainers: 0
2026-09-23 15:35:26,095 - INFO -   Losers: 0
2026-09-23 15:35:26,095 - INFO - ============================================================
2026-09-23 15:35:26,095 - INFO - STEP 3: Detecting OI Spurts
2026-09-23 15:35:26,096 - INFO - ============================================================
2026-09-23 15:35:26,097 - INFO -   Total Spurts: 0
2026-09-23 15:35:26,097 - INFO -   Long Buildups: 0
2026-09-23 15:35:26,097 - INFO -   Short Buildups: 0
2026-09-23 15:35:26,098 - INFO -   Market Sentiment: NEUTRAL
2026-09-23 15:35:26,098 - INFO - ============================================================
2026-09-23 15:35:26,098 - INFO - STEP 4: Generating Predictions
2026-09-23 15:35:26,098 - INFO - ============================================================
2026-09-23 15:35:26,099 - INFO -   Total Predictions: 0
2026-09-23 15:35:26,099 - INFO -   Top Bullish: []
2026-09-23 15:35:26,099 - INFO -   Top Bearish: []
2026-09-23 15:35:26,099 - INFO - ============================================================
2026-09-23 15:35:26,100 - INFO - STEP 5: Generating Daily Report
2026-09-23 15:35:26,100 - INFO - ============================================================
2026-09-23 15:35:26,101 - INFO -   Report generated successfully
2026-09-23 15:35:26,101 - INFO - ============================================================
2026-09-23 15:35:26,101 - INFO - ✅ ALL STEPS COMPLETED SUCCESSFULLY
2026-09-23 15:35:26,101 - INFO - 📁 Data saved to: stock_intelligence/2026-09-23/
2026-09-23 15:35:26,101 - INFO - ============================================================

📊 Collection Summary:
  • Option chains: 0 stocks
  • Gainers: 0
  • Losers: 0
  • OI Spurts: 0
  • Predictions: 0

📁 Data saved to: stock_intelligence/2026-09-23/
[2026-09-23 15:35:26] ==============================================
[2026-09-23 15:35:26] ✅ COLLECTION COMPLETED
[2026-09-23 15:35:26] ==============================================
