[2026-06-04 15:25:01] ==============================================
[2026-06-04 15:25:01] 🚀 STOCK INTELLIGENCE COLLECTOR
[2026-06-04 15:25:01] ==============================================
2026-06-04 15:25:02,291 - INFO - ============================================================
2026-06-04 15:25:02,292 - INFO - 🚀 STOCK INTELLIGENCE COLLECTOR
2026-06-04 15:25:02,292 - INFO - 📅 Date: 2026-06-04
2026-06-04 15:25:02,292 - INFO - ============================================================
2026-06-04 15:25:02,292 - INFO - ============================================================
2026-06-04 15:25:02,292 - INFO - STEP 1: Collecting Option Chains
2026-06-04 15:25:02,292 - INFO - ============================================================
2026-06-04 15:25:02,292 - INFO - [1/10] Fetching RELIANCE...
2026-06-04 15:25:02,292 - INFO - Initializing NSE session...
2026-06-04 15:25:02,296 - ERROR - Session init error: HTTPSConnectionPool(host='www.nseindia.com', port=443): Max retries exceeded with url: / (Caused by NameResolutionError("<urllib3.connection.HTTPSConnection object at 0x78fce6409160>: Failed to resolve 'www.nseindia.com' ([Errno -3] Temporary failure in name resolution)"))
2026-06-04 15:25:02,296 - WARNING -   ❌ RELIANCE: Failed
2026-06-04 15:25:04,296 - INFO - [2/10] Fetching HDFCBANK...
2026-06-04 15:25:04,297 - INFO - Initializing NSE session...
2026-06-04 15:25:04,298 - ERROR - Session init error: HTTPSConnectionPool(host='www.nseindia.com', port=443): Max retries exceeded with url: / (Caused by NameResolutionError("<urllib3.connection.HTTPSConnection object at 0x78fce6410f50>: Failed to resolve 'www.nseindia.com' ([Errno -3] Temporary failure in name resolution)"))
2026-06-04 15:25:04,299 - WARNING -   ❌ HDFCBANK: Failed
2026-06-04 15:25:06,299 - INFO - [3/10] Fetching ICICIBANK...
2026-06-04 15:25:06,299 - INFO - Initializing NSE session...
2026-06-04 15:25:06,302 - ERROR - Session init error: HTTPSConnectionPool(host='www.nseindia.com', port=443): Max retries exceeded with url: / (Caused by NameResolutionError("<urllib3.connection.HTTPSConnection object at 0x78fce6411590>: Failed to resolve 'www.nseindia.com' ([Errno -3] Temporary failure in name resolution)"))
2026-06-04 15:25:06,302 - WARNING -   ❌ ICICIBANK: Failed
2026-06-04 15:25:08,302 - INFO - [4/10] Fetching INFY...
2026-06-04 15:25:08,302 - INFO - Initializing NSE session...
2026-06-04 15:25:08,305 - ERROR - Session init error: HTTPSConnectionPool(host='www.nseindia.com', port=443): Max retries exceeded with url: / (Caused by NameResolutionError("<urllib3.connection.HTTPSConnection object at 0x78fce6411810>: Failed to resolve 'www.nseindia.com' ([Errno -3] Temporary failure in name resolution)"))
2026-06-04 15:25:08,306 - WARNING -   ❌ INFY: Failed
2026-06-04 15:25:10,306 - INFO - [5/10] Fetching TCS...
2026-06-04 15:25:10,306 - INFO - Initializing NSE session...
2026-06-04 15:25:10,310 - ERROR - Session init error: HTTPSConnectionPool(host='www.nseindia.com', port=443): Max retries exceeded with url: / (Caused by NameResolutionError("<urllib3.connection.HTTPSConnection object at 0x78fce6411d10>: Failed to resolve 'www.nseindia.com' ([Errno -3] Temporary failure in name resolution)"))
2026-06-04 15:25:10,310 - WARNING -   ❌ TCS: Failed
2026-06-04 15:25:12,311 - INFO - [6/10] Fetching SBIN...
2026-06-04 15:25:12,311 - INFO - Initializing NSE session...
2026-06-04 15:25:12,314 - ERROR - Session init error: HTTPSConnectionPool(host='www.nseindia.com', port=443): Max retries exceeded with url: / (Caused by NameResolutionError("<urllib3.connection.HTTPSConnection object at 0x78fce6411a90>: Failed to resolve 'www.nseindia.com' ([Errno -3] Temporary failure in name resolution)"))
2026-06-04 15:25:12,314 - WARNING -   ❌ SBIN: Failed
2026-06-04 15:25:14,314 - INFO - [7/10] Fetching AXISBANK...
2026-06-04 15:25:14,314 - INFO - Initializing NSE session...
2026-06-04 15:25:14,317 - ERROR - Session init error: HTTPSConnectionPool(host='www.nseindia.com', port=443): Max retries exceeded with url: / (Caused by NameResolutionError("<urllib3.connection.HTTPSConnection object at 0x78fce64111d0>: Failed to resolve 'www.nseindia.com' ([Errno -3] Temporary failure in name resolution)"))
2026-06-04 15:25:14,317 - WARNING -   ❌ AXISBANK: Failed
2026-06-04 15:25:16,318 - INFO - [8/10] Fetching KOTAKBANK...
2026-06-04 15:25:16,318 - INFO - Initializing NSE session...
2026-06-04 15:25:16,320 - ERROR - Session init error: HTTPSConnectionPool(host='www.nseindia.com', port=443): Max retries exceeded with url: / (Caused by NameResolutionError("<urllib3.connection.HTTPSConnection object at 0x78fce6411310>: Failed to resolve 'www.nseindia.com' ([Errno -3] Temporary failure in name resolution)"))
2026-06-04 15:25:16,320 - WARNING -   ❌ KOTAKBANK: Failed
2026-06-04 15:25:18,321 - INFO - [9/10] Fetching BAJFINANCE...
2026-06-04 15:25:18,321 - INFO - Initializing NSE session...
2026-06-04 15:25:18,324 - ERROR - Session init error: HTTPSConnectionPool(host='www.nseindia.com', port=443): Max retries exceeded with url: / (Caused by NameResolutionError("<urllib3.connection.HTTPSConnection object at 0x78fce6410f50>: Failed to resolve 'www.nseindia.com' ([Errno -3] Temporary failure in name resolution)"))
2026-06-04 15:25:18,324 - WARNING -   ❌ BAJFINANCE: Failed
2026-06-04 15:25:20,324 - INFO - [10/10] Fetching TATAMOTORS...
2026-06-04 15:25:20,324 - INFO - Initializing NSE session...
2026-06-04 15:25:20,327 - ERROR - Session init error: HTTPSConnectionPool(host='www.nseindia.com', port=443): Max retries exceeded with url: / (Caused by NameResolutionError("<urllib3.connection.HTTPSConnection object at 0x78fce6410550>: Failed to resolve 'www.nseindia.com' ([Errno -3] Temporary failure in name resolution)"))
2026-06-04 15:25:20,327 - WARNING -   ❌ TATAMOTORS: Failed
2026-06-04 15:25:22,327 - INFO - Collected: 0, Failed: 10
2026-06-04 15:25:22,328 - INFO - ============================================================
2026-06-04 15:25:22,328 - INFO - STEP 2: Collecting Gainers/Losers
2026-06-04 15:25:22,328 - INFO - ============================================================
2026-06-04 15:25:22,328 - INFO - Initializing NSE session...
2026-06-04 15:25:22,331 - ERROR - Session init error: HTTPSConnectionPool(host='www.nseindia.com', port=443): Max retries exceeded with url: / (Caused by NameResolutionError("<urllib3.connection.HTTPSConnection object at 0x78fce6410190>: Failed to resolve 'www.nseindia.com' ([Errno -3] Temporary failure in name resolution)"))
2026-06-04 15:25:23,331 - INFO - Initializing NSE session...
2026-06-04 15:25:23,334 - ERROR - Session init error: HTTPSConnectionPool(host='www.nseindia.com', port=443): Max retries exceeded with url: / (Caused by NameResolutionError("<urllib3.connection.HTTPSConnection object at 0x78fce6411e50>: Failed to resolve 'www.nseindia.com' ([Errno -3] Temporary failure in name resolution)"))
2026-06-04 15:25:23,334 - INFO -   Gainers: 0
2026-06-04 15:25:23,335 - INFO -   Losers: 0
2026-06-04 15:25:23,335 - INFO - ============================================================
2026-06-04 15:25:23,335 - INFO - STEP 3: Detecting OI Spurts
2026-06-04 15:25:23,335 - INFO - ============================================================
2026-06-04 15:25:23,336 - INFO -   Total Spurts: 0
2026-06-04 15:25:23,336 - INFO -   Long Buildups: 0
2026-06-04 15:25:23,337 - INFO -   Short Buildups: 0
2026-06-04 15:25:23,337 - INFO -   Market Sentiment: NEUTRAL
2026-06-04 15:25:23,337 - INFO - ============================================================
2026-06-04 15:25:23,337 - INFO - STEP 4: Generating Predictions
2026-06-04 15:25:23,337 - INFO - ============================================================
2026-06-04 15:25:23,338 - INFO -   Total Predictions: 0
2026-06-04 15:25:23,338 - INFO -   Top Bullish: []
2026-06-04 15:25:23,338 - INFO -   Top Bearish: []
2026-06-04 15:25:23,338 - INFO - ============================================================
2026-06-04 15:25:23,338 - INFO - STEP 5: Generating Daily Report
2026-06-04 15:25:23,338 - INFO - ============================================================
2026-06-04 15:25:23,340 - INFO -   Report generated successfully
2026-06-04 15:25:23,340 - INFO - ============================================================
2026-06-04 15:25:23,340 - INFO - ✅ ALL STEPS COMPLETED SUCCESSFULLY
2026-06-04 15:25:23,340 - INFO - 📁 Data saved to: stock_intelligence/2026-06-04/
2026-06-04 15:25:23,340 - INFO - ============================================================

📊 Collection Summary:
  • Option chains: 0 stocks
  • Gainers: 0
  • Losers: 0
  • OI Spurts: 0
  • Predictions: 0

📁 Data saved to: stock_intelligence/2026-06-04/
[2026-06-04 15:25:23] ==============================================
[2026-06-04 15:25:23] ✅ COLLECTION COMPLETED
[2026-06-04 15:25:23] ==============================================
