[2026-06-01 15:25:01] ==============================================
[2026-06-01 15:25:01] 🚀 STOCK INTELLIGENCE COLLECTOR
[2026-06-01 15:25:01] ==============================================
2026-06-01 15:25:01,419 - INFO - ============================================================
2026-06-01 15:25:01,419 - INFO - 🚀 STOCK INTELLIGENCE COLLECTOR
2026-06-01 15:25:01,419 - INFO - 📅 Date: 2026-06-01
2026-06-01 15:25:01,419 - INFO - ============================================================
2026-06-01 15:25:01,419 - INFO - ============================================================
2026-06-01 15:25:01,419 - INFO - STEP 1: Collecting Option Chains
2026-06-01 15:25:01,419 - INFO - ============================================================
2026-06-01 15:25:01,419 - INFO - [1/10] Fetching RELIANCE...
2026-06-01 15:25:01,419 - INFO - Initializing NSE session...
2026-06-01 15:25:07,044 - WARNING -   ❌ RELIANCE: Failed
2026-06-01 15:25:09,044 - INFO - [2/10] Fetching HDFCBANK...
2026-06-01 15:25:09,044 - INFO - Initializing NSE session...
2026-06-01 15:25:09,914 - WARNING -   ❌ HDFCBANK: Failed
2026-06-01 15:25:11,915 - INFO - [3/10] Fetching ICICIBANK...
2026-06-01 15:25:11,915 - INFO - Initializing NSE session...
2026-06-01 15:25:12,573 - WARNING -   ❌ ICICIBANK: Failed
2026-06-01 15:25:14,573 - INFO - [4/10] Fetching INFY...
2026-06-01 15:25:14,574 - INFO - Initializing NSE session...
2026-06-01 15:25:14,828 - WARNING -   ❌ INFY: Failed
2026-06-01 15:25:16,828 - INFO - [5/10] Fetching TCS...
2026-06-01 15:25:16,829 - INFO - Initializing NSE session...
2026-06-01 15:25:17,588 - WARNING -   ❌ TCS: Failed
2026-06-01 15:25:19,588 - INFO - [6/10] Fetching SBIN...
2026-06-01 15:25:19,588 - INFO - Initializing NSE session...
2026-06-01 15:25:20,355 - WARNING -   ❌ SBIN: Failed
2026-06-01 15:25:22,356 - INFO - [7/10] Fetching AXISBANK...
2026-06-01 15:25:22,356 - INFO - Initializing NSE session...
2026-06-01 15:25:23,022 - WARNING -   ❌ AXISBANK: Failed
2026-06-01 15:25:25,023 - INFO - [8/10] Fetching KOTAKBANK...
2026-06-01 15:25:25,023 - INFO - Initializing NSE session...
2026-06-01 15:25:25,885 - WARNING -   ❌ KOTAKBANK: Failed
2026-06-01 15:25:27,885 - INFO - [9/10] Fetching BAJFINANCE...
2026-06-01 15:25:27,885 - INFO - Initializing NSE session...
2026-06-01 15:25:28,754 - WARNING -   ❌ BAJFINANCE: Failed
2026-06-01 15:25:30,754 - INFO - [10/10] Fetching TATAMOTORS...
2026-06-01 15:25:30,755 - INFO - Initializing NSE session...
2026-06-01 15:25:31,420 - WARNING -   ❌ TATAMOTORS: Failed
2026-06-01 15:25:33,420 - INFO - Collected: 0, Failed: 10
2026-06-01 15:25:33,421 - INFO - ============================================================
2026-06-01 15:25:33,421 - INFO - STEP 2: Collecting Gainers/Losers
2026-06-01 15:25:33,421 - INFO - ============================================================
2026-06-01 15:25:33,421 - INFO - Initializing NSE session...
2026-06-01 15:25:35,287 - INFO - Initializing NSE session...
2026-06-01 15:25:35,535 - INFO -   Gainers: 0
2026-06-01 15:25:35,536 - INFO -   Losers: 0
2026-06-01 15:25:35,536 - INFO - ============================================================
2026-06-01 15:25:35,536 - INFO - STEP 3: Detecting OI Spurts
2026-06-01 15:25:35,536 - INFO - ============================================================
2026-06-01 15:25:35,537 - INFO -   Total Spurts: 0
2026-06-01 15:25:35,537 - INFO -   Long Buildups: 0
2026-06-01 15:25:35,537 - INFO -   Short Buildups: 0
2026-06-01 15:25:35,537 - INFO -   Market Sentiment: NEUTRAL
2026-06-01 15:25:35,537 - INFO - ============================================================
2026-06-01 15:25:35,537 - INFO - STEP 4: Generating Predictions
2026-06-01 15:25:35,538 - INFO - ============================================================
2026-06-01 15:25:35,539 - INFO -   Total Predictions: 0
2026-06-01 15:25:35,539 - INFO -   Top Bullish: []
2026-06-01 15:25:35,539 - INFO -   Top Bearish: []
2026-06-01 15:25:35,539 - INFO - ============================================================
2026-06-01 15:25:35,539 - INFO - STEP 5: Generating Daily Report
2026-06-01 15:25:35,539 - INFO - ============================================================
2026-06-01 15:25:35,540 - INFO -   Report generated successfully
2026-06-01 15:25:35,541 - INFO - ============================================================
2026-06-01 15:25:35,541 - INFO - ✅ ALL STEPS COMPLETED SUCCESSFULLY
2026-06-01 15:25:35,541 - INFO - 📁 Data saved to: stock_intelligence/2026-06-01/
2026-06-01 15:25:35,541 - INFO - ============================================================

📊 Collection Summary:
  • Option chains: 0 stocks
  • Gainers: 0
  • Losers: 0
  • OI Spurts: 0
  • Predictions: 0

📁 Data saved to: stock_intelligence/2026-06-01/
[2026-06-01 15:25:35] ==============================================
[2026-06-01 15:25:35] ✅ COLLECTION COMPLETED
[2026-06-01 15:25:35] ==============================================
