[2026-07-09 15:35:01] ==============================================
[2026-07-09 15:35:01] 🚀 STOCK INTELLIGENCE COLLECTOR
[2026-07-09 15:35:01] ==============================================
2026-07-09 15:35:01,285 - INFO - ============================================================
2026-07-09 15:35:01,286 - INFO - 🚀 STOCK INTELLIGENCE COLLECTOR
2026-07-09 15:35:01,286 - INFO - 📅 Date: 2026-07-09
2026-07-09 15:35:01,286 - INFO - ============================================================
2026-07-09 15:35:01,286 - INFO - ============================================================
2026-07-09 15:35:01,286 - INFO - STEP 1: Collecting Option Chains
2026-07-09 15:35:01,286 - INFO - ============================================================
2026-07-09 15:35:01,286 - INFO - [1/10] Fetching RELIANCE...
2026-07-09 15:35:01,286 - INFO - Initializing NSE session...
2026-07-09 15:35:01,289 - ERROR - Session init error: HTTPSConnectionPool(host='www.nseindia.com', port=443): Max retries exceeded with url: / (Caused by NameResolutionError("<urllib3.connection.HTTPSConnection object at 0x7fdd47e09160>: Failed to resolve 'www.nseindia.com' ([Errno -3] Temporary failure in name resolution)"))
2026-07-09 15:35:01,290 - WARNING -   ❌ RELIANCE: Failed
2026-07-09 15:35:03,290 - INFO - [2/10] Fetching HDFCBANK...
2026-07-09 15:35:03,290 - INFO - Initializing NSE session...
2026-07-09 15:35:03,293 - ERROR - Session init error: HTTPSConnectionPool(host='www.nseindia.com', port=443): Max retries exceeded with url: / (Caused by NameResolutionError("<urllib3.connection.HTTPSConnection object at 0x7fdd47e10f50>: Failed to resolve 'www.nseindia.com' ([Errno -3] Temporary failure in name resolution)"))
2026-07-09 15:35:03,293 - WARNING -   ❌ HDFCBANK: Failed
2026-07-09 15:35:05,293 - INFO - [3/10] Fetching ICICIBANK...
2026-07-09 15:35:05,294 - INFO - Initializing NSE session...
2026-07-09 15:35:05,297 - ERROR - Session init error: HTTPSConnectionPool(host='www.nseindia.com', port=443): Max retries exceeded with url: / (Caused by NameResolutionError("<urllib3.connection.HTTPSConnection object at 0x7fdd47e11590>: Failed to resolve 'www.nseindia.com' ([Errno -3] Temporary failure in name resolution)"))
2026-07-09 15:35:05,298 - WARNING -   ❌ ICICIBANK: Failed
2026-07-09 15:35:07,298 - INFO - [4/10] Fetching INFY...
2026-07-09 15:35:07,298 - INFO - Initializing NSE session...
2026-07-09 15:35:07,302 - ERROR - Session init error: HTTPSConnectionPool(host='www.nseindia.com', port=443): Max retries exceeded with url: / (Caused by NameResolutionError("<urllib3.connection.HTTPSConnection object at 0x7fdd47e11810>: Failed to resolve 'www.nseindia.com' ([Errno -3] Temporary failure in name resolution)"))
2026-07-09 15:35:07,302 - WARNING -   ❌ INFY: Failed
2026-07-09 15:35:09,302 - INFO - [5/10] Fetching TCS...
2026-07-09 15:35:09,302 - INFO - Initializing NSE session...
2026-07-09 15:35:09,306 - ERROR - Session init error: HTTPSConnectionPool(host='www.nseindia.com', port=443): Max retries exceeded with url: / (Caused by NameResolutionError("<urllib3.connection.HTTPSConnection object at 0x7fdd47e11d10>: Failed to resolve 'www.nseindia.com' ([Errno -3] Temporary failure in name resolution)"))
2026-07-09 15:35:09,306 - WARNING -   ❌ TCS: Failed
2026-07-09 15:35:11,307 - INFO - [6/10] Fetching SBIN...
2026-07-09 15:35:11,307 - INFO - Initializing NSE session...
2026-07-09 15:35:11,310 - ERROR - Session init error: HTTPSConnectionPool(host='www.nseindia.com', port=443): Max retries exceeded with url: / (Caused by NameResolutionError("<urllib3.connection.HTTPSConnection object at 0x7fdd47e11a90>: Failed to resolve 'www.nseindia.com' ([Errno -3] Temporary failure in name resolution)"))
2026-07-09 15:35:11,310 - WARNING -   ❌ SBIN: Failed
2026-07-09 15:35:13,311 - INFO - [7/10] Fetching AXISBANK...
2026-07-09 15:35:13,311 - INFO - Initializing NSE session...
2026-07-09 15:35:13,315 - ERROR - Session init error: HTTPSConnectionPool(host='www.nseindia.com', port=443): Max retries exceeded with url: / (Caused by NameResolutionError("<urllib3.connection.HTTPSConnection object at 0x7fdd47e111d0>: Failed to resolve 'www.nseindia.com' ([Errno -3] Temporary failure in name resolution)"))
2026-07-09 15:35:13,315 - WARNING -   ❌ AXISBANK: Failed
2026-07-09 15:35:15,315 - INFO - [8/10] Fetching KOTAKBANK...
2026-07-09 15:35:15,316 - INFO - Initializing NSE session...
2026-07-09 15:35:15,319 - ERROR - Session init error: HTTPSConnectionPool(host='www.nseindia.com', port=443): Max retries exceeded with url: / (Caused by NameResolutionError("<urllib3.connection.HTTPSConnection object at 0x7fdd47e11310>: Failed to resolve 'www.nseindia.com' ([Errno -3] Temporary failure in name resolution)"))
2026-07-09 15:35:15,319 - WARNING -   ❌ KOTAKBANK: Failed
2026-07-09 15:35:17,319 - INFO - [9/10] Fetching BAJFINANCE...
2026-07-09 15:35:17,319 - INFO - Initializing NSE session...
2026-07-09 15:35:17,322 - ERROR - Session init error: HTTPSConnectionPool(host='www.nseindia.com', port=443): Max retries exceeded with url: / (Caused by NameResolutionError("<urllib3.connection.HTTPSConnection object at 0x7fdd47e10f50>: Failed to resolve 'www.nseindia.com' ([Errno -3] Temporary failure in name resolution)"))
2026-07-09 15:35:17,322 - WARNING -   ❌ BAJFINANCE: Failed
2026-07-09 15:35:19,322 - INFO - [10/10] Fetching TATAMOTORS...
2026-07-09 15:35:19,323 - INFO - Initializing NSE session...
2026-07-09 15:35:19,326 - ERROR - Session init error: HTTPSConnectionPool(host='www.nseindia.com', port=443): Max retries exceeded with url: / (Caused by NameResolutionError("<urllib3.connection.HTTPSConnection object at 0x7fdd47e10550>: Failed to resolve 'www.nseindia.com' ([Errno -3] Temporary failure in name resolution)"))
2026-07-09 15:35:19,326 - WARNING -   ❌ TATAMOTORS: Failed
2026-07-09 15:35:21,326 - INFO - Collected: 0, Failed: 10
2026-07-09 15:35:21,326 - INFO - ============================================================
2026-07-09 15:35:21,326 - INFO - STEP 2: Collecting Gainers/Losers
2026-07-09 15:35:21,327 - INFO - ============================================================
2026-07-09 15:35:21,327 - INFO - Initializing NSE session...
2026-07-09 15:35:21,329 - ERROR - Session init error: HTTPSConnectionPool(host='www.nseindia.com', port=443): Max retries exceeded with url: / (Caused by NameResolutionError("<urllib3.connection.HTTPSConnection object at 0x7fdd47e10190>: Failed to resolve 'www.nseindia.com' ([Errno -3] Temporary failure in name resolution)"))
2026-07-09 15:35:22,330 - INFO - Initializing NSE session...
2026-07-09 15:35:22,333 - ERROR - Session init error: HTTPSConnectionPool(host='www.nseindia.com', port=443): Max retries exceeded with url: / (Caused by NameResolutionError("<urllib3.connection.HTTPSConnection object at 0x7fdd47e11e50>: Failed to resolve 'www.nseindia.com' ([Errno -3] Temporary failure in name resolution)"))
2026-07-09 15:35:22,334 - INFO -   Gainers: 0
2026-07-09 15:35:22,334 - INFO -   Losers: 0
2026-07-09 15:35:22,334 - INFO - ============================================================
2026-07-09 15:35:22,334 - INFO - STEP 3: Detecting OI Spurts
2026-07-09 15:35:22,334 - INFO - ============================================================
2026-07-09 15:35:22,335 - INFO -   Total Spurts: 0
2026-07-09 15:35:22,335 - INFO -   Long Buildups: 0
2026-07-09 15:35:22,335 - INFO -   Short Buildups: 0
2026-07-09 15:35:22,336 - INFO -   Market Sentiment: NEUTRAL
2026-07-09 15:35:22,336 - INFO - ============================================================
2026-07-09 15:35:22,336 - INFO - STEP 4: Generating Predictions
2026-07-09 15:35:22,336 - INFO - ============================================================
2026-07-09 15:35:22,337 - INFO -   Total Predictions: 0
2026-07-09 15:35:22,337 - INFO -   Top Bullish: []
2026-07-09 15:35:22,337 - INFO -   Top Bearish: []
2026-07-09 15:35:22,337 - INFO - ============================================================
2026-07-09 15:35:22,338 - INFO - STEP 5: Generating Daily Report
2026-07-09 15:35:22,338 - INFO - ============================================================
2026-07-09 15:35:22,339 - INFO -   Report generated successfully
2026-07-09 15:35:22,340 - INFO - ============================================================
2026-07-09 15:35:22,340 - INFO - ✅ ALL STEPS COMPLETED SUCCESSFULLY
2026-07-09 15:35:22,340 - INFO - 📁 Data saved to: stock_intelligence/2026-07-09/
2026-07-09 15:35:22,340 - INFO - ============================================================

📊 Collection Summary:
  • Option chains: 0 stocks
  • Gainers: 0
  • Losers: 0
  • OI Spurts: 0
  • Predictions: 0

📁 Data saved to: stock_intelligence/2026-07-09/
[2026-07-09 15:35:22] ==============================================
[2026-07-09 15:35:22] ✅ COLLECTION COMPLETED
[2026-07-09 15:35:22] ==============================================
