[2026-08-11 15:35:01] ==============================================
[2026-08-11 15:35:01] 🚀 STOCK INTELLIGENCE COLLECTOR
[2026-08-11 15:35:01] ==============================================
2026-08-11 15:35:01,523 - INFO - ============================================================
2026-08-11 15:35:01,523 - INFO - 🚀 STOCK INTELLIGENCE COLLECTOR
2026-08-11 15:35:01,523 - INFO - 📅 Date: 2026-08-11
2026-08-11 15:35:01,524 - INFO - ============================================================
2026-08-11 15:35:01,524 - INFO - ============================================================
2026-08-11 15:35:01,524 - INFO - STEP 1: Collecting Option Chains
2026-08-11 15:35:01,524 - INFO - ============================================================
2026-08-11 15:35:01,524 - INFO - [1/10] Fetching RELIANCE...
2026-08-11 15:35:01,524 - INFO - Initializing NSE session...
2026-08-11 15:35:02,590 - WARNING -   ❌ RELIANCE: Failed
2026-08-11 15:35:04,591 - INFO - [2/10] Fetching HDFCBANK...
2026-08-11 15:35:04,591 - INFO - Initializing NSE session...
2026-08-11 15:35:04,918 - WARNING -   ❌ HDFCBANK: Failed
2026-08-11 15:35:06,918 - INFO - [3/10] Fetching ICICIBANK...
2026-08-11 15:35:06,919 - INFO - Initializing NSE session...
2026-08-11 15:35:07,399 - WARNING -   ❌ ICICIBANK: Failed
2026-08-11 15:35:09,399 - INFO - [4/10] Fetching INFY...
2026-08-11 15:35:09,400 - INFO - Initializing NSE session...
2026-08-11 15:35:09,960 - WARNING -   ❌ INFY: Failed
2026-08-11 15:35:11,960 - INFO - [5/10] Fetching TCS...
2026-08-11 15:35:11,961 - INFO - Initializing NSE session...
2026-08-11 15:35:12,278 - WARNING -   ❌ TCS: Failed
2026-08-11 15:35:14,278 - INFO - [6/10] Fetching SBIN...
2026-08-11 15:35:14,278 - INFO - Initializing NSE session...
2026-08-11 15:35:14,573 - WARNING -   ❌ SBIN: Failed
2026-08-11 15:35:16,573 - INFO - [7/10] Fetching AXISBANK...
2026-08-11 15:35:16,573 - INFO - Initializing NSE session...
2026-08-11 15:35:16,851 - WARNING -   ❌ AXISBANK: Failed
2026-08-11 15:35:18,852 - INFO - [8/10] Fetching KOTAKBANK...
2026-08-11 15:35:18,852 - INFO - Initializing NSE session...
2026-08-11 15:35:19,254 - WARNING -   ❌ KOTAKBANK: Failed
2026-08-11 15:35:21,254 - INFO - [9/10] Fetching BAJFINANCE...
2026-08-11 15:35:21,255 - INFO - Initializing NSE session...
2026-08-11 15:35:21,548 - WARNING -   ❌ BAJFINANCE: Failed
2026-08-11 15:35:23,549 - INFO - [10/10] Fetching TATAMOTORS...
2026-08-11 15:35:23,549 - INFO - Initializing NSE session...
2026-08-11 15:35:23,793 - WARNING -   ❌ TATAMOTORS: Failed
2026-08-11 15:35:25,793 - INFO - Collected: 0, Failed: 10
2026-08-11 15:35:25,793 - INFO - ============================================================
2026-08-11 15:35:25,793 - INFO - STEP 2: Collecting Gainers/Losers
2026-08-11 15:35:25,793 - INFO - ============================================================
2026-08-11 15:35:25,793 - INFO - Initializing NSE session...
2026-08-11 15:35:27,135 - INFO - Initializing NSE session...
2026-08-11 15:35:27,375 - INFO -   Gainers: 0
2026-08-11 15:35:27,375 - INFO -   Losers: 0
2026-08-11 15:35:27,375 - INFO - ============================================================
2026-08-11 15:35:27,375 - INFO - STEP 3: Detecting OI Spurts
2026-08-11 15:35:27,375 - INFO - ============================================================
2026-08-11 15:35:27,376 - INFO -   Total Spurts: 0
2026-08-11 15:35:27,376 - INFO -   Long Buildups: 0
2026-08-11 15:35:27,376 - INFO -   Short Buildups: 0
2026-08-11 15:35:27,376 - INFO -   Market Sentiment: NEUTRAL
2026-08-11 15:35:27,376 - INFO - ============================================================
2026-08-11 15:35:27,376 - INFO - STEP 4: Generating Predictions
2026-08-11 15:35:27,376 - INFO - ============================================================
2026-08-11 15:35:27,377 - INFO -   Total Predictions: 0
2026-08-11 15:35:27,377 - INFO -   Top Bullish: []
2026-08-11 15:35:27,377 - INFO -   Top Bearish: []
2026-08-11 15:35:27,377 - INFO - ============================================================
2026-08-11 15:35:27,377 - INFO - STEP 5: Generating Daily Report
2026-08-11 15:35:27,377 - INFO - ============================================================
2026-08-11 15:35:27,378 - INFO -   Report generated successfully
2026-08-11 15:35:27,378 - INFO - ============================================================
2026-08-11 15:35:27,378 - INFO - ✅ ALL STEPS COMPLETED SUCCESSFULLY
2026-08-11 15:35:27,378 - INFO - 📁 Data saved to: stock_intelligence/2026-08-11/
2026-08-11 15:35:27,378 - INFO - ============================================================

📊 Collection Summary:
  • Option chains: 0 stocks
  • Gainers: 0
  • Losers: 0
  • OI Spurts: 0
  • Predictions: 0

📁 Data saved to: stock_intelligence/2026-08-11/
[2026-08-11 15:35:27] ==============================================
[2026-08-11 15:35:27] ✅ COLLECTION COMPLETED
[2026-08-11 15:35:27] ==============================================
