[2026-05-08 15:25:01] ==============================================
[2026-05-08 15:25:01] 🚀 STOCK INTELLIGENCE COLLECTOR
[2026-05-08 15:25:01] ==============================================
2026-05-08 15:25:02,280 - INFO - ============================================================
2026-05-08 15:25:02,280 - INFO - 🚀 STOCK INTELLIGENCE COLLECTOR
2026-05-08 15:25:02,280 - INFO - 📅 Date: 2026-05-08
2026-05-08 15:25:02,280 - INFO - ============================================================
2026-05-08 15:25:02,280 - INFO - ============================================================
2026-05-08 15:25:02,280 - INFO - STEP 1: Collecting Option Chains
2026-05-08 15:25:02,280 - INFO - ============================================================
2026-05-08 15:25:02,280 - INFO - [1/10] Fetching RELIANCE...
2026-05-08 15:25:02,280 - INFO - Initializing NSE session...
2026-05-08 15:25:02,919 - WARNING -   ❌ RELIANCE: Failed
2026-05-08 15:25:04,920 - INFO - [2/10] Fetching HDFCBANK...
2026-05-08 15:25:04,920 - INFO - Initializing NSE session...
2026-05-08 15:25:05,219 - WARNING -   ❌ HDFCBANK: Failed
2026-05-08 15:25:07,220 - INFO - [3/10] Fetching ICICIBANK...
2026-05-08 15:25:07,220 - INFO - Initializing NSE session...
2026-05-08 15:25:07,638 - WARNING -   ❌ ICICIBANK: Failed
2026-05-08 15:25:09,639 - INFO - [4/10] Fetching INFY...
2026-05-08 15:25:09,640 - INFO - Initializing NSE session...
2026-05-08 15:25:09,977 - WARNING -   ❌ INFY: Failed
2026-05-08 15:25:11,977 - INFO - [5/10] Fetching TCS...
2026-05-08 15:25:11,977 - INFO - Initializing NSE session...
2026-05-08 15:25:12,761 - WARNING -   ❌ TCS: Failed
2026-05-08 15:25:14,761 - INFO - [6/10] Fetching SBIN...
2026-05-08 15:25:14,761 - INFO - Initializing NSE session...
2026-05-08 15:25:15,189 - WARNING -   ❌ SBIN: Failed
2026-05-08 15:25:17,190 - INFO - [7/10] Fetching AXISBANK...
2026-05-08 15:25:17,190 - INFO - Initializing NSE session...
2026-05-08 15:25:18,556 - WARNING -   ❌ AXISBANK: Failed
2026-05-08 15:25:20,556 - INFO - [8/10] Fetching KOTAKBANK...
2026-05-08 15:25:20,557 - INFO - Initializing NSE session...
2026-05-08 15:25:21,076 - WARNING -   ❌ KOTAKBANK: Failed
2026-05-08 15:25:23,076 - INFO - [9/10] Fetching BAJFINANCE...
2026-05-08 15:25:23,076 - INFO - Initializing NSE session...
2026-05-08 15:25:23,819 - WARNING -   ❌ BAJFINANCE: Failed
2026-05-08 15:25:25,819 - INFO - [10/10] Fetching TATAMOTORS...
2026-05-08 15:25:25,820 - INFO - Initializing NSE session...
2026-05-08 15:25:26,790 - WARNING -   ❌ TATAMOTORS: Failed
2026-05-08 15:25:28,791 - INFO - Collected: 0, Failed: 10
2026-05-08 15:25:28,791 - INFO - ============================================================
2026-05-08 15:25:28,791 - INFO - STEP 2: Collecting Gainers/Losers
2026-05-08 15:25:28,791 - INFO - ============================================================
2026-05-08 15:25:28,791 - INFO - Initializing NSE session...
2026-05-08 15:25:30,198 - INFO - Initializing NSE session...
2026-05-08 15:25:31,644 - INFO -   Gainers: 0
2026-05-08 15:25:31,644 - INFO -   Losers: 0
2026-05-08 15:25:31,644 - INFO - ============================================================
2026-05-08 15:25:31,644 - INFO - STEP 3: Detecting OI Spurts
2026-05-08 15:25:31,644 - INFO - ============================================================
2026-05-08 15:25:31,645 - INFO -   Total Spurts: 0
2026-05-08 15:25:31,645 - INFO -   Long Buildups: 0
2026-05-08 15:25:31,645 - INFO -   Short Buildups: 0
2026-05-08 15:25:31,645 - INFO -   Market Sentiment: NEUTRAL
2026-05-08 15:25:31,645 - INFO - ============================================================
2026-05-08 15:25:31,645 - INFO - STEP 4: Generating Predictions
2026-05-08 15:25:31,645 - INFO - ============================================================
2026-05-08 15:25:31,646 - INFO -   Total Predictions: 0
2026-05-08 15:25:31,646 - INFO -   Top Bullish: []
2026-05-08 15:25:31,646 - INFO -   Top Bearish: []
2026-05-08 15:25:31,646 - INFO - ============================================================
2026-05-08 15:25:31,646 - INFO - STEP 5: Generating Daily Report
2026-05-08 15:25:31,646 - INFO - ============================================================
2026-05-08 15:25:31,647 - INFO -   Report generated successfully
2026-05-08 15:25:31,647 - INFO - ============================================================
2026-05-08 15:25:31,647 - INFO - ✅ ALL STEPS COMPLETED SUCCESSFULLY
2026-05-08 15:25:31,647 - INFO - 📁 Data saved to: stock_intelligence/2026-05-08/
2026-05-08 15:25:31,647 - INFO - ============================================================

📊 Collection Summary:
  • Option chains: 0 stocks
  • Gainers: 0
  • Losers: 0
  • OI Spurts: 0
  • Predictions: 0

📁 Data saved to: stock_intelligence/2026-05-08/
[2026-05-08 15:25:31] ==============================================
[2026-05-08 15:25:31] ✅ COLLECTION COMPLETED
[2026-05-08 15:25:31] ==============================================
