[2026-04-10 15:25:01] ==============================================
[2026-04-10 15:25:01] 🚀 STOCK INTELLIGENCE COLLECTOR
[2026-04-10 15:25:01] ==============================================
2026-04-10 15:25:02,798 - INFO - ============================================================
2026-04-10 15:25:02,798 - INFO - 🚀 STOCK INTELLIGENCE COLLECTOR
2026-04-10 15:25:02,798 - INFO - 📅 Date: 2026-04-10
2026-04-10 15:25:02,798 - INFO - ============================================================
2026-04-10 15:25:02,799 - INFO - ============================================================
2026-04-10 15:25:02,799 - INFO - STEP 1: Collecting Option Chains
2026-04-10 15:25:02,799 - INFO - ============================================================
2026-04-10 15:25:02,799 - INFO - [1/10] Fetching RELIANCE...
2026-04-10 15:25:02,799 - INFO - Initializing NSE session...
2026-04-10 15:25:03,130 - WARNING -   ❌ RELIANCE: Failed
2026-04-10 15:25:05,131 - INFO - [2/10] Fetching HDFCBANK...
2026-04-10 15:25:05,131 - INFO - Initializing NSE session...
2026-04-10 15:25:05,490 - WARNING -   ❌ HDFCBANK: Failed
2026-04-10 15:25:07,491 - INFO - [3/10] Fetching ICICIBANK...
2026-04-10 15:25:07,491 - INFO - Initializing NSE session...
2026-04-10 15:25:08,090 - WARNING -   ❌ ICICIBANK: Failed
2026-04-10 15:25:10,090 - INFO - [4/10] Fetching INFY...
2026-04-10 15:25:10,091 - INFO - Initializing NSE session...
2026-04-10 15:25:11,014 - WARNING -   ❌ INFY: Failed
2026-04-10 15:25:13,015 - INFO - [5/10] Fetching TCS...
2026-04-10 15:25:13,016 - INFO - Initializing NSE session...
2026-04-10 15:25:13,335 - WARNING -   ❌ TCS: Failed
2026-04-10 15:25:15,336 - INFO - [6/10] Fetching SBIN...
2026-04-10 15:25:15,336 - INFO - Initializing NSE session...
2026-04-10 15:25:16,129 - WARNING -   ❌ SBIN: Failed
2026-04-10 15:25:18,130 - INFO - [7/10] Fetching AXISBANK...
2026-04-10 15:25:18,130 - INFO - Initializing NSE session...
2026-04-10 15:25:18,798 - WARNING -   ❌ AXISBANK: Failed
2026-04-10 15:25:20,800 - INFO - [8/10] Fetching KOTAKBANK...
2026-04-10 15:25:20,800 - INFO - Initializing NSE session...
2026-04-10 15:25:21,663 - WARNING -   ❌ KOTAKBANK: Failed
2026-04-10 15:25:23,664 - INFO - [9/10] Fetching BAJFINANCE...
2026-04-10 15:25:23,664 - INFO - Initializing NSE session...
2026-04-10 15:25:24,527 - WARNING -   ❌ BAJFINANCE: Failed
2026-04-10 15:25:26,527 - INFO - [10/10] Fetching TATAMOTORS...
2026-04-10 15:25:26,528 - INFO - Initializing NSE session...
2026-04-10 15:25:27,294 - WARNING -   ❌ TATAMOTORS: Failed
2026-04-10 15:25:29,295 - INFO - Collected: 0, Failed: 10
2026-04-10 15:25:29,295 - INFO - ============================================================
2026-04-10 15:25:29,295 - INFO - STEP 2: Collecting Gainers/Losers
2026-04-10 15:25:29,296 - INFO - ============================================================
2026-04-10 15:25:29,296 - INFO - Initializing NSE session...
2026-04-10 15:25:31,266 - INFO - Initializing NSE session...
2026-04-10 15:25:31,569 - INFO -   Gainers: 0
2026-04-10 15:25:31,569 - INFO -   Losers: 0
2026-04-10 15:25:31,569 - INFO - ============================================================
2026-04-10 15:25:31,569 - INFO - STEP 3: Detecting OI Spurts
2026-04-10 15:25:31,569 - INFO - ============================================================
2026-04-10 15:25:31,571 - INFO -   Total Spurts: 0
2026-04-10 15:25:31,572 - INFO -   Long Buildups: 0
2026-04-10 15:25:31,572 - INFO -   Short Buildups: 0
2026-04-10 15:25:31,573 - INFO -   Market Sentiment: NEUTRAL
2026-04-10 15:25:31,573 - INFO - ============================================================
2026-04-10 15:25:31,573 - INFO - STEP 4: Generating Predictions
2026-04-10 15:25:31,573 - INFO - ============================================================
2026-04-10 15:25:31,574 - INFO -   Total Predictions: 0
2026-04-10 15:25:31,574 - INFO -   Top Bullish: []
2026-04-10 15:25:31,574 - INFO -   Top Bearish: []
2026-04-10 15:25:31,574 - INFO - ============================================================
2026-04-10 15:25:31,575 - INFO - STEP 5: Generating Daily Report
2026-04-10 15:25:31,575 - INFO - ============================================================
2026-04-10 15:25:31,576 - INFO -   Report generated successfully
2026-04-10 15:25:31,576 - INFO - ============================================================
2026-04-10 15:25:31,576 - INFO - ✅ ALL STEPS COMPLETED SUCCESSFULLY
2026-04-10 15:25:31,577 - INFO - 📁 Data saved to: stock_intelligence/2026-04-10/
2026-04-10 15:25:31,577 - INFO - ============================================================

📊 Collection Summary:
  • Option chains: 0 stocks
  • Gainers: 0
  • Losers: 0
  • OI Spurts: 0
  • Predictions: 0

📁 Data saved to: stock_intelligence/2026-04-10/
[2026-04-10 15:25:31] ==============================================
[2026-04-10 15:25:31] ✅ COLLECTION COMPLETED
[2026-04-10 15:25:31] ==============================================
