[2026-03-06 15:25:02] ==============================================
[2026-03-06 15:25:02] 🚀 STOCK INTELLIGENCE COLLECTOR
[2026-03-06 15:25:02] ==============================================
2026-03-06 15:25:03,052 - INFO - ============================================================
2026-03-06 15:25:03,053 - INFO - 🚀 STOCK INTELLIGENCE COLLECTOR
2026-03-06 15:25:03,053 - INFO - 📅 Date: 2026-03-06
2026-03-06 15:25:03,053 - INFO - ============================================================
2026-03-06 15:25:03,053 - INFO - ============================================================
2026-03-06 15:25:03,053 - INFO - STEP 1: Collecting Option Chains
2026-03-06 15:25:03,053 - INFO - ============================================================
2026-03-06 15:25:03,053 - INFO - [1/10] Fetching RELIANCE...
2026-03-06 15:25:03,053 - INFO - Initializing NSE session...
2026-03-06 15:25:04,066 - WARNING -   ❌ RELIANCE: Failed
2026-03-06 15:25:06,066 - INFO - [2/10] Fetching HDFCBANK...
2026-03-06 15:25:06,067 - INFO - Initializing NSE session...
2026-03-06 15:25:06,276 - WARNING -   ❌ HDFCBANK: Failed
2026-03-06 15:25:08,276 - INFO - [3/10] Fetching ICICIBANK...
2026-03-06 15:25:08,276 - INFO - Initializing NSE session...
2026-03-06 15:25:08,559 - WARNING -   ❌ ICICIBANK: Failed
2026-03-06 15:25:10,559 - INFO - [4/10] Fetching INFY...
2026-03-06 15:25:10,560 - INFO - Initializing NSE session...
2026-03-06 15:25:10,966 - WARNING -   ❌ INFY: Failed
2026-03-06 15:25:12,967 - INFO - [5/10] Fetching TCS...
2026-03-06 15:25:12,967 - INFO - Initializing NSE session...
2026-03-06 15:25:13,892 - WARNING -   ❌ TCS: Failed
2026-03-06 15:25:15,892 - INFO - [6/10] Fetching SBIN...
2026-03-06 15:25:15,892 - INFO - Initializing NSE session...
2026-03-06 15:25:16,760 - WARNING -   ❌ SBIN: Failed
2026-03-06 15:25:18,760 - INFO - [7/10] Fetching AXISBANK...
2026-03-06 15:25:18,760 - INFO - Initializing NSE session...
2026-03-06 15:25:19,628 - WARNING -   ❌ AXISBANK: Failed
2026-03-06 15:25:21,628 - INFO - [8/10] Fetching KOTAKBANK...
2026-03-06 15:25:21,629 - INFO - Initializing NSE session...
2026-03-06 15:25:22,083 - WARNING -   ❌ KOTAKBANK: Failed
2026-03-06 15:25:24,084 - INFO - [9/10] Fetching BAJFINANCE...
2026-03-06 15:25:24,084 - INFO - Initializing NSE session...
2026-03-06 15:25:24,642 - WARNING -   ❌ BAJFINANCE: Failed
2026-03-06 15:25:26,643 - INFO - [10/10] Fetching TATAMOTORS...
2026-03-06 15:25:26,643 - INFO - Initializing NSE session...
2026-03-06 15:25:27,121 - WARNING -   ❌ TATAMOTORS: Failed
2026-03-06 15:25:29,122 - INFO - Collected: 0, Failed: 10
2026-03-06 15:25:29,122 - INFO - ============================================================
2026-03-06 15:25:29,122 - INFO - STEP 2: Collecting Gainers/Losers
2026-03-06 15:25:29,122 - INFO - ============================================================
2026-03-06 15:25:29,123 - INFO - Initializing NSE session...
2026-03-06 15:25:30,741 - INFO - Initializing NSE session...
2026-03-06 15:25:31,117 - INFO -   Gainers: 0
2026-03-06 15:25:31,117 - INFO -   Losers: 0
2026-03-06 15:25:31,117 - INFO - ============================================================
2026-03-06 15:25:31,118 - INFO - STEP 3: Detecting OI Spurts
2026-03-06 15:25:31,118 - INFO - ============================================================
2026-03-06 15:25:31,120 - INFO -   Total Spurts: 0
2026-03-06 15:25:31,120 - INFO -   Long Buildups: 0
2026-03-06 15:25:31,120 - INFO -   Short Buildups: 0
2026-03-06 15:25:31,120 - INFO -   Market Sentiment: NEUTRAL
2026-03-06 15:25:31,120 - INFO - ============================================================
2026-03-06 15:25:31,120 - INFO - STEP 4: Generating Predictions
2026-03-06 15:25:31,120 - INFO - ============================================================
2026-03-06 15:25:31,121 - INFO -   Total Predictions: 0
2026-03-06 15:25:31,121 - INFO -   Top Bullish: []
2026-03-06 15:25:31,121 - INFO -   Top Bearish: []
2026-03-06 15:25:31,121 - INFO - ============================================================
2026-03-06 15:25:31,121 - INFO - STEP 5: Generating Daily Report
2026-03-06 15:25:31,121 - INFO - ============================================================
2026-03-06 15:25:31,122 - INFO -   Report generated successfully
2026-03-06 15:25:31,122 - INFO - ============================================================
2026-03-06 15:25:31,122 - INFO - ✅ ALL STEPS COMPLETED SUCCESSFULLY
2026-03-06 15:25:31,122 - INFO - 📁 Data saved to: stock_intelligence/2026-03-06/
2026-03-06 15:25:31,122 - INFO - ============================================================

📊 Collection Summary:
  • Option chains: 0 stocks
  • Gainers: 0
  • Losers: 0
  • OI Spurts: 0
  • Predictions: 0

📁 Data saved to: stock_intelligence/2026-03-06/
[2026-03-06 15:25:31] ==============================================
[2026-03-06 15:25:31] ✅ COLLECTION COMPLETED
[2026-03-06 15:25:31] ==============================================
