[2026-09-28 15:35:01] ==============================================
[2026-09-28 15:35:01] 🚀 STOCK INTELLIGENCE COLLECTOR
[2026-09-28 15:35:01] ==============================================
2026-09-28 15:35:02,275 - INFO - ============================================================
2026-09-28 15:35:02,276 - INFO - 🚀 STOCK INTELLIGENCE COLLECTOR
2026-09-28 15:35:02,276 - INFO - 📅 Date: 2026-09-28
2026-09-28 15:35:02,276 - INFO - ============================================================
2026-09-28 15:35:02,276 - INFO - ============================================================
2026-09-28 15:35:02,276 - INFO - STEP 1: Collecting Option Chains
2026-09-28 15:35:02,276 - INFO - ============================================================
2026-09-28 15:35:02,276 - INFO - [1/10] Fetching RELIANCE...
2026-09-28 15:35:02,276 - INFO - Initializing NSE session...
2026-09-28 15:35:02,661 - WARNING -   ❌ RELIANCE: Failed
2026-09-28 15:35:04,661 - INFO - [2/10] Fetching HDFCBANK...
2026-09-28 15:35:04,662 - INFO - Initializing NSE session...
2026-09-28 15:35:04,966 - WARNING -   ❌ HDFCBANK: Failed
2026-09-28 15:35:06,966 - INFO - [3/10] Fetching ICICIBANK...
2026-09-28 15:35:06,967 - INFO - Initializing NSE session...
2026-09-28 15:35:07,284 - WARNING -   ❌ ICICIBANK: Failed
2026-09-28 15:35:09,284 - INFO - [4/10] Fetching INFY...
2026-09-28 15:35:09,285 - INFO - Initializing NSE session...
2026-09-28 15:35:09,782 - WARNING -   ❌ INFY: Failed
2026-09-28 15:35:11,783 - INFO - [5/10] Fetching TCS...
2026-09-28 15:35:11,783 - INFO - Initializing NSE session...
2026-09-28 15:35:13,000 - WARNING -   ❌ TCS: Failed
2026-09-28 15:35:15,001 - INFO - [6/10] Fetching SBIN...
2026-09-28 15:35:15,001 - INFO - Initializing NSE session...
2026-09-28 15:35:15,406 - WARNING -   ❌ SBIN: Failed
2026-09-28 15:35:17,406 - INFO - [7/10] Fetching AXISBANK...
2026-09-28 15:35:17,407 - INFO - Initializing NSE session...
2026-09-28 15:35:17,756 - WARNING -   ❌ AXISBANK: Failed
2026-09-28 15:35:19,757 - INFO - [8/10] Fetching KOTAKBANK...
2026-09-28 15:35:19,757 - INFO - Initializing NSE session...
2026-09-28 15:35:20,005 - WARNING -   ❌ KOTAKBANK: Failed
2026-09-28 15:35:22,005 - INFO - [9/10] Fetching BAJFINANCE...
2026-09-28 15:35:22,005 - INFO - Initializing NSE session...
2026-09-28 15:35:22,264 - WARNING -   ❌ BAJFINANCE: Failed
2026-09-28 15:35:24,265 - INFO - [10/10] Fetching TATAMOTORS...
2026-09-28 15:35:24,265 - INFO - Initializing NSE session...
2026-09-28 15:35:25,071 - WARNING -   ❌ TATAMOTORS: Failed
2026-09-28 15:35:27,071 - INFO - Collected: 0, Failed: 10
2026-09-28 15:35:27,071 - INFO - ============================================================
2026-09-28 15:35:27,072 - INFO - STEP 2: Collecting Gainers/Losers
2026-09-28 15:35:27,072 - INFO - ============================================================
2026-09-28 15:35:27,072 - INFO - Initializing NSE session...
2026-09-28 15:35:28,425 - INFO - Initializing NSE session...
2026-09-28 15:35:28,745 - INFO -   Gainers: 0
2026-09-28 15:35:28,745 - INFO -   Losers: 0
2026-09-28 15:35:28,745 - INFO - ============================================================
2026-09-28 15:35:28,745 - INFO - STEP 3: Detecting OI Spurts
2026-09-28 15:35:28,745 - INFO - ============================================================
2026-09-28 15:35:28,747 - INFO -   Total Spurts: 0
2026-09-28 15:35:28,747 - INFO -   Long Buildups: 0
2026-09-28 15:35:28,747 - INFO -   Short Buildups: 0
2026-09-28 15:35:28,748 - INFO -   Market Sentiment: NEUTRAL
2026-09-28 15:35:28,748 - INFO - ============================================================
2026-09-28 15:35:28,748 - INFO - STEP 4: Generating Predictions
2026-09-28 15:35:28,748 - INFO - ============================================================
2026-09-28 15:35:28,749 - INFO -   Total Predictions: 0
2026-09-28 15:35:28,749 - INFO -   Top Bullish: []
2026-09-28 15:35:28,749 - INFO -   Top Bearish: []
2026-09-28 15:35:28,749 - INFO - ============================================================
2026-09-28 15:35:28,750 - INFO - STEP 5: Generating Daily Report
2026-09-28 15:35:28,750 - INFO - ============================================================
2026-09-28 15:35:28,751 - INFO -   Report generated successfully
2026-09-28 15:35:28,751 - INFO - ============================================================
2026-09-28 15:35:28,751 - INFO - ✅ ALL STEPS COMPLETED SUCCESSFULLY
2026-09-28 15:35:28,751 - INFO - 📁 Data saved to: stock_intelligence/2026-09-28/
2026-09-28 15:35:28,751 - INFO - ============================================================

📊 Collection Summary:
  • Option chains: 0 stocks
  • Gainers: 0
  • Losers: 0
  • OI Spurts: 0
  • Predictions: 0

📁 Data saved to: stock_intelligence/2026-09-28/
[2026-09-28 15:35:28] ==============================================
[2026-09-28 15:35:28] ✅ COLLECTION COMPLETED
[2026-09-28 15:35:28] ==============================================
