[2026-05-04 15:25:01] ==============================================
[2026-05-04 15:25:01] 🚀 STOCK INTELLIGENCE COLLECTOR
[2026-05-04 15:25:01] ==============================================
2026-05-04 15:25:01,897 - INFO - ============================================================
2026-05-04 15:25:01,897 - INFO - 🚀 STOCK INTELLIGENCE COLLECTOR
2026-05-04 15:25:01,897 - INFO - 📅 Date: 2026-05-04
2026-05-04 15:25:01,897 - INFO - ============================================================
2026-05-04 15:25:01,898 - INFO - ============================================================
2026-05-04 15:25:01,898 - INFO - STEP 1: Collecting Option Chains
2026-05-04 15:25:01,898 - INFO - ============================================================
2026-05-04 15:25:01,898 - INFO - [1/10] Fetching RELIANCE...
2026-05-04 15:25:01,898 - INFO - Initializing NSE session...
2026-05-04 15:25:07,676 - WARNING -   ❌ RELIANCE: Failed
2026-05-04 15:25:09,676 - INFO - [2/10] Fetching HDFCBANK...
2026-05-04 15:25:09,677 - INFO - Initializing NSE session...
2026-05-04 15:25:10,130 - WARNING -   ❌ HDFCBANK: Failed
2026-05-04 15:25:12,130 - INFO - [3/10] Fetching ICICIBANK...
2026-05-04 15:25:12,130 - INFO - Initializing NSE session...
2026-05-04 15:25:12,905 - WARNING -   ❌ ICICIBANK: Failed
2026-05-04 15:25:14,905 - INFO - [4/10] Fetching INFY...
2026-05-04 15:25:14,905 - INFO - Initializing NSE session...
2026-05-04 15:25:15,674 - WARNING -   ❌ INFY: Failed
2026-05-04 15:25:17,674 - INFO - [5/10] Fetching TCS...
2026-05-04 15:25:17,675 - INFO - Initializing NSE session...
2026-05-04 15:25:18,139 - WARNING -   ❌ TCS: Failed
2026-05-04 15:25:20,139 - INFO - [6/10] Fetching SBIN...
2026-05-04 15:25:20,139 - INFO - Initializing NSE session...
2026-05-04 15:25:20,889 - WARNING -   ❌ SBIN: Failed
2026-05-04 15:25:22,889 - INFO - [7/10] Fetching AXISBANK...
2026-05-04 15:25:22,890 - INFO - Initializing NSE session...
2026-05-04 15:25:23,274 - WARNING -   ❌ AXISBANK: Failed
2026-05-04 15:25:25,274 - INFO - [8/10] Fetching KOTAKBANK...
2026-05-04 15:25:25,275 - INFO - Initializing NSE session...
2026-05-04 15:25:25,804 - WARNING -   ❌ KOTAKBANK: Failed
2026-05-04 15:25:27,804 - INFO - [9/10] Fetching BAJFINANCE...
2026-05-04 15:25:27,805 - INFO - Initializing NSE session...
2026-05-04 15:25:28,676 - WARNING -   ❌ BAJFINANCE: Failed
2026-05-04 15:25:30,676 - INFO - [10/10] Fetching TATAMOTORS...
2026-05-04 15:25:30,677 - INFO - Initializing NSE session...
2026-05-04 15:25:30,851 - WARNING -   ❌ TATAMOTORS: Failed
2026-05-04 15:25:32,851 - INFO - Collected: 0, Failed: 10
2026-05-04 15:25:32,852 - INFO - ============================================================
2026-05-04 15:25:32,852 - INFO - STEP 2: Collecting Gainers/Losers
2026-05-04 15:25:32,852 - INFO - ============================================================
2026-05-04 15:25:32,852 - INFO - Initializing NSE session...
2026-05-04 15:25:34,592 - INFO - Initializing NSE session...
2026-05-04 15:25:35,226 - INFO -   Gainers: 0
2026-05-04 15:25:35,226 - INFO -   Losers: 0
2026-05-04 15:25:35,226 - INFO - ============================================================
2026-05-04 15:25:35,226 - INFO - STEP 3: Detecting OI Spurts
2026-05-04 15:25:35,227 - INFO - ============================================================
2026-05-04 15:25:35,228 - INFO -   Total Spurts: 0
2026-05-04 15:25:35,228 - INFO -   Long Buildups: 0
2026-05-04 15:25:35,228 - INFO -   Short Buildups: 0
2026-05-04 15:25:35,229 - INFO -   Market Sentiment: NEUTRAL
2026-05-04 15:25:35,229 - INFO - ============================================================
2026-05-04 15:25:35,229 - INFO - STEP 4: Generating Predictions
2026-05-04 15:25:35,229 - INFO - ============================================================
2026-05-04 15:25:35,230 - INFO -   Total Predictions: 0
2026-05-04 15:25:35,230 - INFO -   Top Bullish: []
2026-05-04 15:25:35,230 - INFO -   Top Bearish: []
2026-05-04 15:25:35,230 - INFO - ============================================================
2026-05-04 15:25:35,230 - INFO - STEP 5: Generating Daily Report
2026-05-04 15:25:35,230 - INFO - ============================================================
2026-05-04 15:25:35,232 - INFO -   Report generated successfully
2026-05-04 15:25:35,232 - INFO - ============================================================
2026-05-04 15:25:35,232 - INFO - ✅ ALL STEPS COMPLETED SUCCESSFULLY
2026-05-04 15:25:35,232 - INFO - 📁 Data saved to: stock_intelligence/2026-05-04/
2026-05-04 15:25:35,232 - INFO - ============================================================

📊 Collection Summary:
  • Option chains: 0 stocks
  • Gainers: 0
  • Losers: 0
  • OI Spurts: 0
  • Predictions: 0

📁 Data saved to: stock_intelligence/2026-05-04/
[2026-05-04 15:25:35] ==============================================
[2026-05-04 15:25:35] ✅ COLLECTION COMPLETED
[2026-05-04 15:25:35] ==============================================
