[2026-04-13 15:25:01] ==============================================
[2026-04-13 15:25:01] 🚀 STOCK INTELLIGENCE COLLECTOR
[2026-04-13 15:25:01] ==============================================
2026-04-13 15:25:01,935 - INFO - ============================================================
2026-04-13 15:25:01,935 - INFO - 🚀 STOCK INTELLIGENCE COLLECTOR
2026-04-13 15:25:01,935 - INFO - 📅 Date: 2026-04-13
2026-04-13 15:25:01,935 - INFO - ============================================================
2026-04-13 15:25:01,935 - INFO - ============================================================
2026-04-13 15:25:01,935 - INFO - STEP 1: Collecting Option Chains
2026-04-13 15:25:01,935 - INFO - ============================================================
2026-04-13 15:25:01,936 - INFO - [1/10] Fetching RELIANCE...
2026-04-13 15:25:01,936 - INFO - Initializing NSE session...
2026-04-13 15:25:02,774 - WARNING -   ❌ RELIANCE: Failed
2026-04-13 15:25:04,774 - INFO - [2/10] Fetching HDFCBANK...
2026-04-13 15:25:04,775 - INFO - Initializing NSE session...
2026-04-13 15:25:05,643 - WARNING -   ❌ HDFCBANK: Failed
2026-04-13 15:25:07,643 - INFO - [3/10] Fetching ICICIBANK...
2026-04-13 15:25:07,643 - INFO - Initializing NSE session...
2026-04-13 15:25:07,964 - WARNING -   ❌ ICICIBANK: Failed
2026-04-13 15:25:09,964 - INFO - [4/10] Fetching INFY...
2026-04-13 15:25:09,965 - INFO - Initializing NSE session...
2026-04-13 15:25:10,656 - WARNING -   ❌ INFY: Failed
2026-04-13 15:25:12,657 - INFO - [5/10] Fetching TCS...
2026-04-13 15:25:12,657 - INFO - Initializing NSE session...
2026-04-13 15:25:13,630 - WARNING -   ❌ TCS: Failed
2026-04-13 15:25:15,631 - INFO - [6/10] Fetching SBIN...
2026-04-13 15:25:15,631 - INFO - Initializing NSE session...
2026-04-13 15:25:16,292 - WARNING -   ❌ SBIN: Failed
2026-04-13 15:25:18,293 - INFO - [7/10] Fetching AXISBANK...
2026-04-13 15:25:18,293 - INFO - Initializing NSE session...
2026-04-13 15:25:19,159 - WARNING -   ❌ AXISBANK: Failed
2026-04-13 15:25:21,160 - INFO - [8/10] Fetching KOTAKBANK...
2026-04-13 15:25:21,160 - INFO - Initializing NSE session...
2026-04-13 15:25:22,026 - WARNING -   ❌ KOTAKBANK: Failed
2026-04-13 15:25:24,027 - INFO - [9/10] Fetching BAJFINANCE...
2026-04-13 15:25:24,027 - INFO - Initializing NSE session...
2026-04-13 15:25:24,721 - WARNING -   ❌ BAJFINANCE: Failed
2026-04-13 15:25:26,722 - INFO - [10/10] Fetching TATAMOTORS...
2026-04-13 15:25:26,722 - INFO - Initializing NSE session...
2026-04-13 15:25:27,556 - WARNING -   ❌ TATAMOTORS: Failed
2026-04-13 15:25:29,556 - INFO - Collected: 0, Failed: 10
2026-04-13 15:25:29,557 - INFO - ============================================================
2026-04-13 15:25:29,557 - INFO - STEP 2: Collecting Gainers/Losers
2026-04-13 15:25:29,557 - INFO - ============================================================
2026-04-13 15:25:29,557 - INFO - Initializing NSE session...
2026-04-13 15:25:31,829 - INFO - Initializing NSE session...
2026-04-13 15:25:32,880 - INFO -   Gainers: 0
2026-04-13 15:25:32,880 - INFO -   Losers: 0
2026-04-13 15:25:32,880 - INFO - ============================================================
2026-04-13 15:25:32,881 - INFO - STEP 3: Detecting OI Spurts
2026-04-13 15:25:32,881 - INFO - ============================================================
2026-04-13 15:25:32,882 - INFO -   Total Spurts: 0
2026-04-13 15:25:32,883 - INFO -   Long Buildups: 0
2026-04-13 15:25:32,883 - INFO -   Short Buildups: 0
2026-04-13 15:25:32,883 - INFO -   Market Sentiment: NEUTRAL
2026-04-13 15:25:32,883 - INFO - ============================================================
2026-04-13 15:25:32,883 - INFO - STEP 4: Generating Predictions
2026-04-13 15:25:32,883 - INFO - ============================================================
2026-04-13 15:25:32,885 - INFO -   Total Predictions: 0
2026-04-13 15:25:32,885 - INFO -   Top Bullish: []
2026-04-13 15:25:32,885 - INFO -   Top Bearish: []
2026-04-13 15:25:32,885 - INFO - ============================================================
2026-04-13 15:25:32,885 - INFO - STEP 5: Generating Daily Report
2026-04-13 15:25:32,886 - INFO - ============================================================
2026-04-13 15:25:32,887 - INFO -   Report generated successfully
2026-04-13 15:25:32,888 - INFO - ============================================================
2026-04-13 15:25:32,888 - INFO - ✅ ALL STEPS COMPLETED SUCCESSFULLY
2026-04-13 15:25:32,888 - INFO - 📁 Data saved to: stock_intelligence/2026-04-13/
2026-04-13 15:25:32,888 - INFO - ============================================================

📊 Collection Summary:
  • Option chains: 0 stocks
  • Gainers: 0
  • Losers: 0
  • OI Spurts: 0
  • Predictions: 0

📁 Data saved to: stock_intelligence/2026-04-13/
[2026-04-13 15:25:32] ==============================================
[2026-04-13 15:25:32] ✅ COLLECTION COMPLETED
[2026-04-13 15:25:32] ==============================================
