[2026-10-02 15:35:01] ==============================================
[2026-10-02 15:35:01] 🚀 STOCK INTELLIGENCE COLLECTOR
[2026-10-02 15:35:01] ==============================================
2026-10-02 15:35:01,830 - INFO - ============================================================
2026-10-02 15:35:01,830 - INFO - 🚀 STOCK INTELLIGENCE COLLECTOR
2026-10-02 15:35:01,830 - INFO - 📅 Date: 2026-10-02
2026-10-02 15:35:01,830 - INFO - ============================================================
2026-10-02 15:35:01,830 - INFO - ============================================================
2026-10-02 15:35:01,830 - INFO - STEP 1: Collecting Option Chains
2026-10-02 15:35:01,830 - INFO - ============================================================
2026-10-02 15:35:01,830 - INFO - [1/10] Fetching RELIANCE...
2026-10-02 15:35:01,831 - INFO - Initializing NSE session...
2026-10-02 15:35:01,834 - ERROR - Session init error: HTTPSConnectionPool(host='www.nseindia.com', port=443): Max retries exceeded with url: / (Caused by NameResolutionError("<urllib3.connection.HTTPSConnection object at 0x7abc17799160>: Failed to resolve 'www.nseindia.com' ([Errno -3] Temporary failure in name resolution)"))
2026-10-02 15:35:01,834 - WARNING -   ❌ RELIANCE: Failed
2026-10-02 15:35:03,835 - INFO - [2/10] Fetching HDFCBANK...
2026-10-02 15:35:03,835 - INFO - Initializing NSE session...
2026-10-02 15:35:03,838 - ERROR - Session init error: HTTPSConnectionPool(host='www.nseindia.com', port=443): Max retries exceeded with url: / (Caused by NameResolutionError("<urllib3.connection.HTTPSConnection object at 0x7abc177a0f50>: Failed to resolve 'www.nseindia.com' ([Errno -3] Temporary failure in name resolution)"))
2026-10-02 15:35:03,838 - WARNING -   ❌ HDFCBANK: Failed
2026-10-02 15:35:05,838 - INFO - [3/10] Fetching ICICIBANK...
2026-10-02 15:35:05,838 - INFO - Initializing NSE session...
2026-10-02 15:35:05,841 - ERROR - Session init error: HTTPSConnectionPool(host='www.nseindia.com', port=443): Max retries exceeded with url: / (Caused by NameResolutionError("<urllib3.connection.HTTPSConnection object at 0x7abc177a1590>: Failed to resolve 'www.nseindia.com' ([Errno -3] Temporary failure in name resolution)"))
2026-10-02 15:35:05,841 - WARNING -   ❌ ICICIBANK: Failed
2026-10-02 15:35:07,842 - INFO - [4/10] Fetching INFY...
2026-10-02 15:35:07,842 - INFO - Initializing NSE session...
2026-10-02 15:35:07,845 - ERROR - Session init error: HTTPSConnectionPool(host='www.nseindia.com', port=443): Max retries exceeded with url: / (Caused by NameResolutionError("<urllib3.connection.HTTPSConnection object at 0x7abc177a1810>: Failed to resolve 'www.nseindia.com' ([Errno -3] Temporary failure in name resolution)"))
2026-10-02 15:35:07,845 - WARNING -   ❌ INFY: Failed
2026-10-02 15:35:09,845 - INFO - [5/10] Fetching TCS...
2026-10-02 15:35:09,846 - INFO - Initializing NSE session...
2026-10-02 15:35:09,849 - ERROR - Session init error: HTTPSConnectionPool(host='www.nseindia.com', port=443): Max retries exceeded with url: / (Caused by NameResolutionError("<urllib3.connection.HTTPSConnection object at 0x7abc177a1d10>: Failed to resolve 'www.nseindia.com' ([Errno -3] Temporary failure in name resolution)"))
2026-10-02 15:35:09,849 - WARNING -   ❌ TCS: Failed
2026-10-02 15:35:11,850 - INFO - [6/10] Fetching SBIN...
2026-10-02 15:35:11,850 - INFO - Initializing NSE session...
2026-10-02 15:35:11,853 - ERROR - Session init error: HTTPSConnectionPool(host='www.nseindia.com', port=443): Max retries exceeded with url: / (Caused by NameResolutionError("<urllib3.connection.HTTPSConnection object at 0x7abc177a1a90>: Failed to resolve 'www.nseindia.com' ([Errno -3] Temporary failure in name resolution)"))
2026-10-02 15:35:11,853 - WARNING -   ❌ SBIN: Failed
2026-10-02 15:35:13,854 - INFO - [7/10] Fetching AXISBANK...
2026-10-02 15:35:13,854 - INFO - Initializing NSE session...
2026-10-02 15:35:13,857 - ERROR - Session init error: HTTPSConnectionPool(host='www.nseindia.com', port=443): Max retries exceeded with url: / (Caused by NameResolutionError("<urllib3.connection.HTTPSConnection object at 0x7abc177a11d0>: Failed to resolve 'www.nseindia.com' ([Errno -3] Temporary failure in name resolution)"))
2026-10-02 15:35:13,857 - WARNING -   ❌ AXISBANK: Failed
2026-10-02 15:35:15,857 - INFO - [8/10] Fetching KOTAKBANK...
2026-10-02 15:35:15,858 - INFO - Initializing NSE session...
2026-10-02 15:35:15,860 - ERROR - Session init error: HTTPSConnectionPool(host='www.nseindia.com', port=443): Max retries exceeded with url: / (Caused by NameResolutionError("<urllib3.connection.HTTPSConnection object at 0x7abc177a1310>: Failed to resolve 'www.nseindia.com' ([Errno -3] Temporary failure in name resolution)"))
2026-10-02 15:35:15,861 - WARNING -   ❌ KOTAKBANK: Failed
2026-10-02 15:35:17,861 - INFO - [9/10] Fetching BAJFINANCE...
2026-10-02 15:35:17,861 - INFO - Initializing NSE session...
2026-10-02 15:35:17,864 - ERROR - Session init error: HTTPSConnectionPool(host='www.nseindia.com', port=443): Max retries exceeded with url: / (Caused by NameResolutionError("<urllib3.connection.HTTPSConnection object at 0x7abc177a0f50>: Failed to resolve 'www.nseindia.com' ([Errno -3] Temporary failure in name resolution)"))
2026-10-02 15:35:17,864 - WARNING -   ❌ BAJFINANCE: Failed
2026-10-02 15:35:19,864 - INFO - [10/10] Fetching TATAMOTORS...
2026-10-02 15:35:19,865 - INFO - Initializing NSE session...
2026-10-02 15:35:19,867 - ERROR - Session init error: HTTPSConnectionPool(host='www.nseindia.com', port=443): Max retries exceeded with url: / (Caused by NameResolutionError("<urllib3.connection.HTTPSConnection object at 0x7abc177a0550>: Failed to resolve 'www.nseindia.com' ([Errno -3] Temporary failure in name resolution)"))
2026-10-02 15:35:19,867 - WARNING -   ❌ TATAMOTORS: Failed
2026-10-02 15:35:21,868 - INFO - Collected: 0, Failed: 10
2026-10-02 15:35:21,868 - INFO - ============================================================
2026-10-02 15:35:21,868 - INFO - STEP 2: Collecting Gainers/Losers
2026-10-02 15:35:21,868 - INFO - ============================================================
2026-10-02 15:35:21,868 - INFO - Initializing NSE session...
2026-10-02 15:35:21,871 - ERROR - Session init error: HTTPSConnectionPool(host='www.nseindia.com', port=443): Max retries exceeded with url: / (Caused by NameResolutionError("<urllib3.connection.HTTPSConnection object at 0x7abc177a0190>: Failed to resolve 'www.nseindia.com' ([Errno -3] Temporary failure in name resolution)"))
2026-10-02 15:35:22,871 - INFO - Initializing NSE session...
2026-10-02 15:35:22,874 - ERROR - Session init error: HTTPSConnectionPool(host='www.nseindia.com', port=443): Max retries exceeded with url: / (Caused by NameResolutionError("<urllib3.connection.HTTPSConnection object at 0x7abc177a1e50>: Failed to resolve 'www.nseindia.com' ([Errno -3] Temporary failure in name resolution)"))
2026-10-02 15:35:22,875 - INFO -   Gainers: 0
2026-10-02 15:35:22,875 - INFO -   Losers: 0
2026-10-02 15:35:22,875 - INFO - ============================================================
2026-10-02 15:35:22,875 - INFO - STEP 3: Detecting OI Spurts
2026-10-02 15:35:22,875 - INFO - ============================================================
2026-10-02 15:35:22,876 - INFO -   Total Spurts: 0
2026-10-02 15:35:22,876 - INFO -   Long Buildups: 0
2026-10-02 15:35:22,877 - INFO -   Short Buildups: 0
2026-10-02 15:35:22,877 - INFO -   Market Sentiment: NEUTRAL
2026-10-02 15:35:22,877 - INFO - ============================================================
2026-10-02 15:35:22,877 - INFO - STEP 4: Generating Predictions
2026-10-02 15:35:22,877 - INFO - ============================================================
2026-10-02 15:35:22,878 - INFO -   Total Predictions: 0
2026-10-02 15:35:22,879 - INFO -   Top Bullish: []
2026-10-02 15:35:22,879 - INFO -   Top Bearish: []
2026-10-02 15:35:22,879 - INFO - ============================================================
2026-10-02 15:35:22,879 - INFO - STEP 5: Generating Daily Report
2026-10-02 15:35:22,879 - INFO - ============================================================
2026-10-02 15:35:22,881 - INFO -   Report generated successfully
2026-10-02 15:35:22,881 - INFO - ============================================================
2026-10-02 15:35:22,881 - INFO - ✅ ALL STEPS COMPLETED SUCCESSFULLY
2026-10-02 15:35:22,881 - INFO - 📁 Data saved to: stock_intelligence/2026-10-02/
2026-10-02 15:35:22,881 - INFO - ============================================================

📊 Collection Summary:
  • Option chains: 0 stocks
  • Gainers: 0
  • Losers: 0
  • OI Spurts: 0
  • Predictions: 0

📁 Data saved to: stock_intelligence/2026-10-02/
[2026-10-02 15:35:22] ==============================================
[2026-10-02 15:35:22] ✅ COLLECTION COMPLETED
[2026-10-02 15:35:22] ==============================================
