[2026-02-25 15:25:01] ==============================================
[2026-02-25 15:25:01] 🚀 STOCK INTELLIGENCE COLLECTOR
[2026-02-25 15:25:01] ==============================================
2026-02-25 15:25:02,178 - INFO - ============================================================
2026-02-25 15:25:02,179 - INFO - 🚀 STOCK INTELLIGENCE COLLECTOR
2026-02-25 15:25:02,179 - INFO - 📅 Date: 2026-02-25
2026-02-25 15:25:02,179 - INFO - ============================================================
2026-02-25 15:25:02,179 - INFO - ============================================================
2026-02-25 15:25:02,179 - INFO - STEP 1: Collecting Option Chains
2026-02-25 15:25:02,179 - INFO - ============================================================
2026-02-25 15:25:02,179 - INFO - [1/10] Fetching RELIANCE...
2026-02-25 15:25:02,179 - INFO - Initializing NSE session...
2026-02-25 15:25:02,920 - WARNING -   ❌ RELIANCE: Failed
2026-02-25 15:25:04,921 - INFO - [2/10] Fetching HDFCBANK...
2026-02-25 15:25:04,921 - INFO - Initializing NSE session...
2026-02-25 15:25:05,786 - WARNING -   ❌ HDFCBANK: Failed
2026-02-25 15:25:07,786 - INFO - [3/10] Fetching ICICIBANK...
2026-02-25 15:25:07,788 - INFO - Initializing NSE session...
2026-02-25 15:25:08,659 - WARNING -   ❌ ICICIBANK: Failed
2026-02-25 15:25:10,660 - INFO - [4/10] Fetching INFY...
2026-02-25 15:25:10,661 - INFO - Initializing NSE session...
2026-02-25 15:25:11,526 - WARNING -   ❌ INFY: Failed
2026-02-25 15:25:13,526 - INFO - [5/10] Fetching TCS...
2026-02-25 15:25:13,527 - INFO - Initializing NSE session...
2026-02-25 15:25:14,394 - WARNING -   ❌ TCS: Failed
2026-02-25 15:25:16,395 - INFO - [6/10] Fetching SBIN...
2026-02-25 15:25:16,395 - INFO - Initializing NSE session...
2026-02-25 15:25:17,050 - WARNING -   ❌ SBIN: Failed
2026-02-25 15:25:19,050 - INFO - [7/10] Fetching AXISBANK...
2026-02-25 15:25:19,050 - INFO - Initializing NSE session...
2026-02-25 15:25:19,924 - WARNING -   ❌ AXISBANK: Failed
2026-02-25 15:25:21,924 - INFO - [8/10] Fetching KOTAKBANK...
2026-02-25 15:25:21,925 - INFO - Initializing NSE session...
2026-02-25 15:25:22,995 - WARNING -   ❌ KOTAKBANK: Failed
2026-02-25 15:25:24,996 - INFO - [9/10] Fetching BAJFINANCE...
2026-02-25 15:25:24,996 - INFO - Initializing NSE session...
2026-02-25 15:25:25,652 - WARNING -   ❌ BAJFINANCE: Failed
2026-02-25 15:25:27,652 - INFO - [10/10] Fetching TATAMOTORS...
2026-02-25 15:25:27,652 - INFO - Initializing NSE session...
2026-02-25 15:25:28,214 - WARNING -   ❌ TATAMOTORS: Failed
2026-02-25 15:25:30,215 - INFO - Collected: 0, Failed: 10
2026-02-25 15:25:30,215 - INFO - ============================================================
2026-02-25 15:25:30,215 - INFO - STEP 2: Collecting Gainers/Losers
2026-02-25 15:25:30,215 - INFO - ============================================================
2026-02-25 15:25:30,216 - INFO - Initializing NSE session...
2026-02-25 15:25:31,984 - INFO - Initializing NSE session...
2026-02-25 15:25:32,827 - INFO -   Gainers: 0
2026-02-25 15:25:32,827 - INFO -   Losers: 0
2026-02-25 15:25:32,828 - INFO - ============================================================
2026-02-25 15:25:32,828 - INFO - STEP 3: Detecting OI Spurts
2026-02-25 15:25:32,828 - INFO - ============================================================
2026-02-25 15:25:32,830 - INFO -   Total Spurts: 0
2026-02-25 15:25:32,831 - INFO -   Long Buildups: 0
2026-02-25 15:25:32,831 - INFO -   Short Buildups: 0
2026-02-25 15:25:32,831 - INFO -   Market Sentiment: NEUTRAL
2026-02-25 15:25:32,831 - INFO - ============================================================
2026-02-25 15:25:32,832 - INFO - STEP 4: Generating Predictions
2026-02-25 15:25:32,832 - INFO - ============================================================
2026-02-25 15:25:32,834 - INFO -   Total Predictions: 0
2026-02-25 15:25:32,834 - INFO -   Top Bullish: []
2026-02-25 15:25:32,834 - INFO -   Top Bearish: []
2026-02-25 15:25:32,835 - INFO - ============================================================
2026-02-25 15:25:32,835 - INFO - STEP 5: Generating Daily Report
2026-02-25 15:25:32,835 - INFO - ============================================================
2026-02-25 15:25:32,837 - INFO -   Report generated successfully
2026-02-25 15:25:32,838 - INFO - ============================================================
2026-02-25 15:25:32,838 - INFO - ✅ ALL STEPS COMPLETED SUCCESSFULLY
2026-02-25 15:25:32,838 - INFO - 📁 Data saved to: stock_intelligence/2026-02-25/
2026-02-25 15:25:32,838 - INFO - ============================================================

📊 Collection Summary:
  • Option chains: 0 stocks
  • Gainers: 0
  • Losers: 0
  • OI Spurts: 0
  • Predictions: 0

📁 Data saved to: stock_intelligence/2026-02-25/
[2026-02-25 15:25:32] ==============================================
[2026-02-25 15:25:32] ✅ COLLECTION COMPLETED
[2026-02-25 15:25:32] ==============================================
