[2026-04-27 15:25:01] ==============================================
[2026-04-27 15:25:01] 🚀 STOCK INTELLIGENCE COLLECTOR
[2026-04-27 15:25:01] ==============================================
2026-04-27 15:25:01,594 - INFO - ============================================================
2026-04-27 15:25:01,594 - INFO - 🚀 STOCK INTELLIGENCE COLLECTOR
2026-04-27 15:25:01,594 - INFO - 📅 Date: 2026-04-27
2026-04-27 15:25:01,595 - INFO - ============================================================
2026-04-27 15:25:01,595 - INFO - ============================================================
2026-04-27 15:25:01,595 - INFO - STEP 1: Collecting Option Chains
2026-04-27 15:25:01,595 - INFO - ============================================================
2026-04-27 15:25:01,595 - INFO - [1/10] Fetching RELIANCE...
2026-04-27 15:25:01,595 - INFO - Initializing NSE session...
2026-04-27 15:25:01,599 - ERROR - Session init error: HTTPSConnectionPool(host='www.nseindia.com', port=443): Max retries exceeded with url: / (Caused by NameResolutionError("<urllib3.connection.HTTPSConnection object at 0x7e236baa9160>: Failed to resolve 'www.nseindia.com' ([Errno -3] Temporary failure in name resolution)"))
2026-04-27 15:25:01,599 - WARNING -   ❌ RELIANCE: Failed
2026-04-27 15:25:03,600 - INFO - [2/10] Fetching HDFCBANK...
2026-04-27 15:25:03,600 - INFO - Initializing NSE session...
2026-04-27 15:25:03,603 - ERROR - Session init error: HTTPSConnectionPool(host='www.nseindia.com', port=443): Max retries exceeded with url: / (Caused by NameResolutionError("<urllib3.connection.HTTPSConnection object at 0x7e236bab0f50>: Failed to resolve 'www.nseindia.com' ([Errno -3] Temporary failure in name resolution)"))
2026-04-27 15:25:03,603 - WARNING -   ❌ HDFCBANK: Failed
2026-04-27 15:25:05,604 - INFO - [3/10] Fetching ICICIBANK...
2026-04-27 15:25:05,604 - INFO - Initializing NSE session...
2026-04-27 15:25:05,607 - ERROR - Session init error: HTTPSConnectionPool(host='www.nseindia.com', port=443): Max retries exceeded with url: / (Caused by NameResolutionError("<urllib3.connection.HTTPSConnection object at 0x7e236bab1590>: Failed to resolve 'www.nseindia.com' ([Errno -3] Temporary failure in name resolution)"))
2026-04-27 15:25:05,607 - WARNING -   ❌ ICICIBANK: Failed
2026-04-27 15:25:07,608 - INFO - [4/10] Fetching INFY...
2026-04-27 15:25:07,608 - INFO - Initializing NSE session...
2026-04-27 15:25:07,611 - ERROR - Session init error: HTTPSConnectionPool(host='www.nseindia.com', port=443): Max retries exceeded with url: / (Caused by NameResolutionError("<urllib3.connection.HTTPSConnection object at 0x7e236bab1810>: Failed to resolve 'www.nseindia.com' ([Errno -3] Temporary failure in name resolution)"))
2026-04-27 15:25:07,611 - WARNING -   ❌ INFY: Failed
2026-04-27 15:25:09,612 - INFO - [5/10] Fetching TCS...
2026-04-27 15:25:09,612 - INFO - Initializing NSE session...
2026-04-27 15:25:09,615 - ERROR - Session init error: HTTPSConnectionPool(host='www.nseindia.com', port=443): Max retries exceeded with url: / (Caused by NameResolutionError("<urllib3.connection.HTTPSConnection object at 0x7e236bab1d10>: Failed to resolve 'www.nseindia.com' ([Errno -3] Temporary failure in name resolution)"))
2026-04-27 15:25:09,615 - WARNING -   ❌ TCS: Failed
2026-04-27 15:25:11,616 - INFO - [6/10] Fetching SBIN...
2026-04-27 15:25:11,616 - INFO - Initializing NSE session...
2026-04-27 15:25:11,619 - ERROR - Session init error: HTTPSConnectionPool(host='www.nseindia.com', port=443): Max retries exceeded with url: / (Caused by NameResolutionError("<urllib3.connection.HTTPSConnection object at 0x7e236bab1a90>: Failed to resolve 'www.nseindia.com' ([Errno -3] Temporary failure in name resolution)"))
2026-04-27 15:25:11,619 - WARNING -   ❌ SBIN: Failed
2026-04-27 15:25:13,620 - INFO - [7/10] Fetching AXISBANK...
2026-04-27 15:25:13,620 - INFO - Initializing NSE session...
2026-04-27 15:25:13,623 - ERROR - Session init error: HTTPSConnectionPool(host='www.nseindia.com', port=443): Max retries exceeded with url: / (Caused by NameResolutionError("<urllib3.connection.HTTPSConnection object at 0x7e236bab11d0>: Failed to resolve 'www.nseindia.com' ([Errno -3] Temporary failure in name resolution)"))
2026-04-27 15:25:13,623 - WARNING -   ❌ AXISBANK: Failed
2026-04-27 15:25:15,623 - INFO - [8/10] Fetching KOTAKBANK...
2026-04-27 15:25:15,623 - INFO - Initializing NSE session...
2026-04-27 15:25:15,626 - ERROR - Session init error: HTTPSConnectionPool(host='www.nseindia.com', port=443): Max retries exceeded with url: / (Caused by NameResolutionError("<urllib3.connection.HTTPSConnection object at 0x7e236bab1310>: Failed to resolve 'www.nseindia.com' ([Errno -3] Temporary failure in name resolution)"))
2026-04-27 15:25:15,626 - WARNING -   ❌ KOTAKBANK: Failed
2026-04-27 15:25:17,627 - INFO - [9/10] Fetching BAJFINANCE...
2026-04-27 15:25:17,627 - INFO - Initializing NSE session...
2026-04-27 15:25:17,630 - ERROR - Session init error: HTTPSConnectionPool(host='www.nseindia.com', port=443): Max retries exceeded with url: / (Caused by NameResolutionError("<urllib3.connection.HTTPSConnection object at 0x7e236bab0f50>: Failed to resolve 'www.nseindia.com' ([Errno -3] Temporary failure in name resolution)"))
2026-04-27 15:25:17,630 - WARNING -   ❌ BAJFINANCE: Failed
2026-04-27 15:25:19,631 - INFO - [10/10] Fetching TATAMOTORS...
2026-04-27 15:25:19,631 - INFO - Initializing NSE session...
2026-04-27 15:25:19,634 - ERROR - Session init error: HTTPSConnectionPool(host='www.nseindia.com', port=443): Max retries exceeded with url: / (Caused by NameResolutionError("<urllib3.connection.HTTPSConnection object at 0x7e236bab0550>: Failed to resolve 'www.nseindia.com' ([Errno -3] Temporary failure in name resolution)"))
2026-04-27 15:25:19,634 - WARNING -   ❌ TATAMOTORS: Failed
2026-04-27 15:25:21,634 - INFO - Collected: 0, Failed: 10
2026-04-27 15:25:21,634 - INFO - ============================================================
2026-04-27 15:25:21,635 - INFO - STEP 2: Collecting Gainers/Losers
2026-04-27 15:25:21,635 - INFO - ============================================================
2026-04-27 15:25:21,635 - INFO - Initializing NSE session...
2026-04-27 15:25:21,638 - ERROR - Session init error: HTTPSConnectionPool(host='www.nseindia.com', port=443): Max retries exceeded with url: / (Caused by NameResolutionError("<urllib3.connection.HTTPSConnection object at 0x7e236bab0190>: Failed to resolve 'www.nseindia.com' ([Errno -3] Temporary failure in name resolution)"))
2026-04-27 15:25:22,639 - INFO - Initializing NSE session...
2026-04-27 15:25:22,642 - ERROR - Session init error: HTTPSConnectionPool(host='www.nseindia.com', port=443): Max retries exceeded with url: / (Caused by NameResolutionError("<urllib3.connection.HTTPSConnection object at 0x7e236bab1e50>: Failed to resolve 'www.nseindia.com' ([Errno -3] Temporary failure in name resolution)"))
2026-04-27 15:25:22,642 - INFO -   Gainers: 0
2026-04-27 15:25:22,643 - INFO -   Losers: 0
2026-04-27 15:25:22,643 - INFO - ============================================================
2026-04-27 15:25:22,643 - INFO - STEP 3: Detecting OI Spurts
2026-04-27 15:25:22,643 - INFO - ============================================================
2026-04-27 15:25:22,644 - INFO -   Total Spurts: 0
2026-04-27 15:25:22,645 - INFO -   Long Buildups: 0
2026-04-27 15:25:22,645 - INFO -   Short Buildups: 0
2026-04-27 15:25:22,645 - INFO -   Market Sentiment: NEUTRAL
2026-04-27 15:25:22,645 - INFO - ============================================================
2026-04-27 15:25:22,645 - INFO - STEP 4: Generating Predictions
2026-04-27 15:25:22,645 - INFO - ============================================================
2026-04-27 15:25:22,646 - INFO -   Total Predictions: 0
2026-04-27 15:25:22,647 - INFO -   Top Bullish: []
2026-04-27 15:25:22,647 - INFO -   Top Bearish: []
2026-04-27 15:25:22,647 - INFO - ============================================================
2026-04-27 15:25:22,647 - INFO - STEP 5: Generating Daily Report
2026-04-27 15:25:22,647 - INFO - ============================================================
2026-04-27 15:25:22,649 - INFO -   Report generated successfully
2026-04-27 15:25:22,649 - INFO - ============================================================
2026-04-27 15:25:22,649 - INFO - ✅ ALL STEPS COMPLETED SUCCESSFULLY
2026-04-27 15:25:22,649 - INFO - 📁 Data saved to: stock_intelligence/2026-04-27/
2026-04-27 15:25:22,649 - INFO - ============================================================

📊 Collection Summary:
  • Option chains: 0 stocks
  • Gainers: 0
  • Losers: 0
  • OI Spurts: 0
  • Predictions: 0

📁 Data saved to: stock_intelligence/2026-04-27/
[2026-04-27 15:25:22] ==============================================
[2026-04-27 15:25:22] ✅ COLLECTION COMPLETED
[2026-04-27 15:25:22] ==============================================
