[2026-08-12 15:35:01] ==============================================
[2026-08-12 15:35:01] 🚀 STOCK INTELLIGENCE COLLECTOR
[2026-08-12 15:35:01] ==============================================
2026-08-12 15:35:01,642 - INFO - ============================================================
2026-08-12 15:35:01,642 - INFO - 🚀 STOCK INTELLIGENCE COLLECTOR
2026-08-12 15:35:01,642 - INFO - 📅 Date: 2026-08-12
2026-08-12 15:35:01,642 - INFO - ============================================================
2026-08-12 15:35:01,642 - INFO - ============================================================
2026-08-12 15:35:01,642 - INFO - STEP 1: Collecting Option Chains
2026-08-12 15:35:01,642 - INFO - ============================================================
2026-08-12 15:35:01,642 - INFO - [1/10] Fetching RELIANCE...
2026-08-12 15:35:01,643 - INFO - Initializing NSE session...
2026-08-12 15:35:01,880 - WARNING -   ❌ RELIANCE: Failed
2026-08-12 15:35:03,881 - INFO - [2/10] Fetching HDFCBANK...
2026-08-12 15:35:03,881 - INFO - Initializing NSE session...
2026-08-12 15:35:04,050 - WARNING -   ❌ HDFCBANK: Failed
2026-08-12 15:35:06,050 - INFO - [3/10] Fetching ICICIBANK...
2026-08-12 15:35:06,051 - INFO - Initializing NSE session...
2026-08-12 15:35:06,306 - WARNING -   ❌ ICICIBANK: Failed
2026-08-12 15:35:08,306 - INFO - [4/10] Fetching INFY...
2026-08-12 15:35:08,306 - INFO - Initializing NSE session...
2026-08-12 15:35:08,781 - WARNING -   ❌ INFY: Failed
2026-08-12 15:35:10,782 - INFO - [5/10] Fetching TCS...
2026-08-12 15:35:10,782 - INFO - Initializing NSE session...
2026-08-12 15:35:11,447 - WARNING -   ❌ TCS: Failed
2026-08-12 15:35:13,448 - INFO - [6/10] Fetching SBIN...
2026-08-12 15:35:13,448 - INFO - Initializing NSE session...
2026-08-12 15:35:13,594 - WARNING -   ❌ SBIN: Failed
2026-08-12 15:35:15,595 - INFO - [7/10] Fetching AXISBANK...
2026-08-12 15:35:15,595 - INFO - Initializing NSE session...
2026-08-12 15:35:15,820 - WARNING -   ❌ AXISBANK: Failed
2026-08-12 15:35:17,820 - INFO - [8/10] Fetching KOTAKBANK...
2026-08-12 15:35:17,820 - INFO - Initializing NSE session...
2026-08-12 15:35:18,035 - WARNING -   ❌ KOTAKBANK: Failed
2026-08-12 15:35:20,035 - INFO - [9/10] Fetching BAJFINANCE...
2026-08-12 15:35:20,036 - INFO - Initializing NSE session...
2026-08-12 15:35:20,239 - WARNING -   ❌ BAJFINANCE: Failed
2026-08-12 15:35:22,239 - INFO - [10/10] Fetching TATAMOTORS...
2026-08-12 15:35:22,239 - INFO - Initializing NSE session...
2026-08-12 15:35:22,401 - WARNING -   ❌ TATAMOTORS: Failed
2026-08-12 15:35:24,402 - INFO - Collected: 0, Failed: 10
2026-08-12 15:35:24,402 - INFO - ============================================================
2026-08-12 15:35:24,402 - INFO - STEP 2: Collecting Gainers/Losers
2026-08-12 15:35:24,402 - INFO - ============================================================
2026-08-12 15:35:24,402 - INFO - Initializing NSE session...
2026-08-12 15:35:25,599 - INFO - Initializing NSE session...
2026-08-12 15:35:25,812 - INFO -   Gainers: 0
2026-08-12 15:35:25,812 - INFO -   Losers: 0
2026-08-12 15:35:25,812 - INFO - ============================================================
2026-08-12 15:35:25,813 - INFO - STEP 3: Detecting OI Spurts
2026-08-12 15:35:25,813 - INFO - ============================================================
2026-08-12 15:35:25,815 - INFO -   Total Spurts: 0
2026-08-12 15:35:25,815 - INFO -   Long Buildups: 0
2026-08-12 15:35:25,815 - INFO -   Short Buildups: 0
2026-08-12 15:35:25,815 - INFO -   Market Sentiment: NEUTRAL
2026-08-12 15:35:25,815 - INFO - ============================================================
2026-08-12 15:35:25,816 - INFO - STEP 4: Generating Predictions
2026-08-12 15:35:25,816 - INFO - ============================================================
2026-08-12 15:35:25,817 - INFO -   Total Predictions: 0
2026-08-12 15:35:25,817 - INFO -   Top Bullish: []
2026-08-12 15:35:25,817 - INFO -   Top Bearish: []
2026-08-12 15:35:25,817 - INFO - ============================================================
2026-08-12 15:35:25,817 - INFO - STEP 5: Generating Daily Report
2026-08-12 15:35:25,817 - INFO - ============================================================
2026-08-12 15:35:25,818 - INFO -   Report generated successfully
2026-08-12 15:35:25,818 - INFO - ============================================================
2026-08-12 15:35:25,819 - INFO - ✅ ALL STEPS COMPLETED SUCCESSFULLY
2026-08-12 15:35:25,819 - INFO - 📁 Data saved to: stock_intelligence/2026-08-12/
2026-08-12 15:35:25,819 - INFO - ============================================================

📊 Collection Summary:
  • Option chains: 0 stocks
  • Gainers: 0
  • Losers: 0
  • OI Spurts: 0
  • Predictions: 0

📁 Data saved to: stock_intelligence/2026-08-12/
[2026-08-12 15:35:25] ==============================================
[2026-08-12 15:35:25] ✅ COLLECTION COMPLETED
[2026-08-12 15:35:25] ==============================================
