[2026-03-18 15:25:01] ==============================================
[2026-03-18 15:25:02] 🚀 STOCK INTELLIGENCE COLLECTOR
[2026-03-18 15:25:02] ==============================================
2026-03-18 15:25:02,250 - INFO - ============================================================
2026-03-18 15:25:02,250 - INFO - 🚀 STOCK INTELLIGENCE COLLECTOR
2026-03-18 15:25:02,250 - INFO - 📅 Date: 2026-03-18
2026-03-18 15:25:02,250 - INFO - ============================================================
2026-03-18 15:25:02,250 - INFO - ============================================================
2026-03-18 15:25:02,250 - INFO - STEP 1: Collecting Option Chains
2026-03-18 15:25:02,250 - INFO - ============================================================
2026-03-18 15:25:02,250 - INFO - [1/10] Fetching RELIANCE...
2026-03-18 15:25:02,250 - INFO - Initializing NSE session...
2026-03-18 15:25:03,176 - WARNING -   ❌ RELIANCE: Failed
2026-03-18 15:25:05,176 - INFO - [2/10] Fetching HDFCBANK...
2026-03-18 15:25:05,177 - INFO - Initializing NSE session...
2026-03-18 15:25:06,248 - WARNING -   ❌ HDFCBANK: Failed
2026-03-18 15:25:08,249 - INFO - [3/10] Fetching ICICIBANK...
2026-03-18 15:25:08,249 - INFO - Initializing NSE session...
2026-03-18 15:25:08,917 - WARNING -   ❌ ICICIBANK: Failed
2026-03-18 15:25:10,918 - INFO - [4/10] Fetching INFY...
2026-03-18 15:25:10,918 - INFO - Initializing NSE session...
2026-03-18 15:25:11,579 - WARNING -   ❌ INFY: Failed
2026-03-18 15:25:13,580 - INFO - [5/10] Fetching TCS...
2026-03-18 15:25:13,580 - INFO - Initializing NSE session...
2026-03-18 15:25:14,446 - WARNING -   ❌ TCS: Failed
2026-03-18 15:25:16,446 - INFO - [6/10] Fetching SBIN...
2026-03-18 15:25:16,447 - INFO - Initializing NSE session...
2026-03-18 15:25:17,205 - WARNING -   ❌ SBIN: Failed
2026-03-18 15:25:19,205 - INFO - [7/10] Fetching AXISBANK...
2026-03-18 15:25:19,206 - INFO - Initializing NSE session...
2026-03-18 15:25:19,976 - WARNING -   ❌ AXISBANK: Failed
2026-03-18 15:25:21,976 - INFO - [8/10] Fetching KOTAKBANK...
2026-03-18 15:25:21,976 - INFO - Initializing NSE session...
2026-03-18 15:25:23,246 - WARNING -   ❌ KOTAKBANK: Failed
2026-03-18 15:25:25,247 - INFO - [9/10] Fetching BAJFINANCE...
2026-03-18 15:25:25,247 - INFO - Initializing NSE session...
2026-03-18 15:25:26,529 - WARNING -   ❌ BAJFINANCE: Failed
2026-03-18 15:25:28,530 - INFO - [10/10] Fetching TATAMOTORS...
2026-03-18 15:25:28,530 - INFO - Initializing NSE session...
2026-03-18 15:25:29,395 - WARNING -   ❌ TATAMOTORS: Failed
2026-03-18 15:25:31,396 - INFO - Collected: 0, Failed: 10
2026-03-18 15:25:31,396 - INFO - ============================================================
2026-03-18 15:25:31,397 - INFO - STEP 2: Collecting Gainers/Losers
2026-03-18 15:25:31,397 - INFO - ============================================================
2026-03-18 15:25:31,397 - INFO - Initializing NSE session...
2026-03-18 15:25:33,263 - INFO - Initializing NSE session...
2026-03-18 15:25:34,107 - INFO -   Gainers: 0
2026-03-18 15:25:34,107 - INFO -   Losers: 0
2026-03-18 15:25:34,107 - INFO - ============================================================
2026-03-18 15:25:34,107 - INFO - STEP 3: Detecting OI Spurts
2026-03-18 15:25:34,108 - INFO - ============================================================
2026-03-18 15:25:34,109 - INFO -   Total Spurts: 0
2026-03-18 15:25:34,109 - INFO -   Long Buildups: 0
2026-03-18 15:25:34,109 - INFO -   Short Buildups: 0
2026-03-18 15:25:34,109 - INFO -   Market Sentiment: NEUTRAL
2026-03-18 15:25:34,109 - INFO - ============================================================
2026-03-18 15:25:34,110 - INFO - STEP 4: Generating Predictions
2026-03-18 15:25:34,110 - INFO - ============================================================
2026-03-18 15:25:34,110 - INFO -   Total Predictions: 0
2026-03-18 15:25:34,111 - INFO -   Top Bullish: []
2026-03-18 15:25:34,111 - INFO -   Top Bearish: []
2026-03-18 15:25:34,111 - INFO - ============================================================
2026-03-18 15:25:34,111 - INFO - STEP 5: Generating Daily Report
2026-03-18 15:25:34,111 - INFO - ============================================================
2026-03-18 15:25:34,113 - INFO -   Report generated successfully
2026-03-18 15:25:34,113 - INFO - ============================================================
2026-03-18 15:25:34,113 - INFO - ✅ ALL STEPS COMPLETED SUCCESSFULLY
2026-03-18 15:25:34,113 - INFO - 📁 Data saved to: stock_intelligence/2026-03-18/
2026-03-18 15:25:34,113 - INFO - ============================================================

📊 Collection Summary:
  • Option chains: 0 stocks
  • Gainers: 0
  • Losers: 0
  • OI Spurts: 0
  • Predictions: 0

📁 Data saved to: stock_intelligence/2026-03-18/
[2026-03-18 15:25:34] ==============================================
[2026-03-18 15:25:34] ✅ COLLECTION COMPLETED
[2026-03-18 15:25:34] ==============================================
