[2026-03-25 15:25:01] ==============================================
[2026-03-25 15:25:01] 🚀 STOCK INTELLIGENCE COLLECTOR
[2026-03-25 15:25:01] ==============================================
2026-03-25 15:25:01,481 - INFO - ============================================================
2026-03-25 15:25:01,481 - INFO - 🚀 STOCK INTELLIGENCE COLLECTOR
2026-03-25 15:25:01,481 - INFO - 📅 Date: 2026-03-25
2026-03-25 15:25:01,482 - INFO - ============================================================
2026-03-25 15:25:01,482 - INFO - ============================================================
2026-03-25 15:25:01,482 - INFO - STEP 1: Collecting Option Chains
2026-03-25 15:25:01,482 - INFO - ============================================================
2026-03-25 15:25:01,482 - INFO - [1/10] Fetching RELIANCE...
2026-03-25 15:25:01,482 - INFO - Initializing NSE session...
2026-03-25 15:25:01,487 - ERROR - Session init error: HTTPSConnectionPool(host='www.nseindia.com', port=443): Max retries exceeded with url: / (Caused by NameResolutionError("<urllib3.connection.HTTPSConnection object at 0x72dcb2b09160>: Failed to resolve 'www.nseindia.com' ([Errno -3] Temporary failure in name resolution)"))
2026-03-25 15:25:01,487 - WARNING -   ❌ RELIANCE: Failed
2026-03-25 15:25:03,488 - INFO - [2/10] Fetching HDFCBANK...
2026-03-25 15:25:03,488 - INFO - Initializing NSE session...
2026-03-25 15:25:03,490 - ERROR - Session init error: HTTPSConnectionPool(host='www.nseindia.com', port=443): Max retries exceeded with url: / (Caused by NameResolutionError("<urllib3.connection.HTTPSConnection object at 0x72dcb2b0ce10>: Failed to resolve 'www.nseindia.com' ([Errno -3] Temporary failure in name resolution)"))
2026-03-25 15:25:03,490 - WARNING -   ❌ HDFCBANK: Failed
2026-03-25 15:25:05,490 - INFO - [3/10] Fetching ICICIBANK...
2026-03-25 15:25:05,490 - INFO - Initializing NSE session...
2026-03-25 15:25:05,493 - ERROR - Session init error: HTTPSConnectionPool(host='www.nseindia.com', port=443): Max retries exceeded with url: / (Caused by NameResolutionError("<urllib3.connection.HTTPSConnection object at 0x72dcb2b0d450>: Failed to resolve 'www.nseindia.com' ([Errno -3] Temporary failure in name resolution)"))
2026-03-25 15:25:05,493 - WARNING -   ❌ ICICIBANK: Failed
2026-03-25 15:25:07,493 - INFO - [4/10] Fetching INFY...
2026-03-25 15:25:07,494 - INFO - Initializing NSE session...
2026-03-25 15:25:07,496 - ERROR - Session init error: HTTPSConnectionPool(host='www.nseindia.com', port=443): Max retries exceeded with url: / (Caused by NameResolutionError("<urllib3.connection.HTTPSConnection object at 0x72dcb2b0d6d0>: Failed to resolve 'www.nseindia.com' ([Errno -3] Temporary failure in name resolution)"))
2026-03-25 15:25:07,496 - WARNING -   ❌ INFY: Failed
2026-03-25 15:25:09,497 - INFO - [5/10] Fetching TCS...
2026-03-25 15:25:09,497 - INFO - Initializing NSE session...
2026-03-25 15:25:09,502 - ERROR - Session init error: HTTPSConnectionPool(host='www.nseindia.com', port=443): Max retries exceeded with url: / (Caused by NameResolutionError("<urllib3.connection.HTTPSConnection object at 0x72dcb2dc7ed0>: Failed to resolve 'www.nseindia.com' ([Errno -3] Temporary failure in name resolution)"))
2026-03-25 15:25:09,502 - WARNING -   ❌ TCS: Failed
2026-03-25 15:25:11,503 - INFO - [6/10] Fetching SBIN...
2026-03-25 15:25:11,503 - INFO - Initializing NSE session...
2026-03-25 15:25:11,506 - ERROR - Session init error: HTTPSConnectionPool(host='www.nseindia.com', port=443): Max retries exceeded with url: / (Caused by NameResolutionError("<urllib3.connection.HTTPSConnection object at 0x72dcb2b0d6d0>: Failed to resolve 'www.nseindia.com' ([Errno -3] Temporary failure in name resolution)"))
2026-03-25 15:25:11,506 - WARNING -   ❌ SBIN: Failed
2026-03-25 15:25:13,506 - INFO - [7/10] Fetching AXISBANK...
2026-03-25 15:25:13,506 - INFO - Initializing NSE session...
2026-03-25 15:25:13,509 - ERROR - Session init error: HTTPSConnectionPool(host='www.nseindia.com', port=443): Max retries exceeded with url: / (Caused by NameResolutionError("<urllib3.connection.HTTPSConnection object at 0x72dcb2b0d310>: Failed to resolve 'www.nseindia.com' ([Errno -3] Temporary failure in name resolution)"))
2026-03-25 15:25:13,509 - WARNING -   ❌ AXISBANK: Failed
2026-03-25 15:25:15,509 - INFO - [8/10] Fetching KOTAKBANK...
2026-03-25 15:25:15,510 - INFO - Initializing NSE session...
2026-03-25 15:25:15,514 - ERROR - Session init error: HTTPSConnectionPool(host='www.nseindia.com', port=443): Max retries exceeded with url: / (Caused by NameResolutionError("<urllib3.connection.HTTPSConnection object at 0x72dcb2b0d590>: Failed to resolve 'www.nseindia.com' ([Errno -3] Temporary failure in name resolution)"))
2026-03-25 15:25:15,514 - WARNING -   ❌ KOTAKBANK: Failed
2026-03-25 15:25:17,514 - INFO - [9/10] Fetching BAJFINANCE...
2026-03-25 15:25:17,514 - INFO - Initializing NSE session...
2026-03-25 15:25:17,517 - ERROR - Session init error: HTTPSConnectionPool(host='www.nseindia.com', port=443): Max retries exceeded with url: / (Caused by NameResolutionError("<urllib3.connection.HTTPSConnection object at 0x72dcb2b0ca50>: Failed to resolve 'www.nseindia.com' ([Errno -3] Temporary failure in name resolution)"))
2026-03-25 15:25:17,517 - WARNING -   ❌ BAJFINANCE: Failed
2026-03-25 15:25:19,518 - INFO - [10/10] Fetching TATAMOTORS...
2026-03-25 15:25:19,518 - INFO - Initializing NSE session...
2026-03-25 15:25:19,520 - ERROR - Session init error: HTTPSConnectionPool(host='www.nseindia.com', port=443): Max retries exceeded with url: / (Caused by NameResolutionError("<urllib3.connection.HTTPSConnection object at 0x72dcb2b0cb90>: Failed to resolve 'www.nseindia.com' ([Errno -3] Temporary failure in name resolution)"))
2026-03-25 15:25:19,521 - WARNING -   ❌ TATAMOTORS: Failed
2026-03-25 15:25:21,521 - INFO - Collected: 0, Failed: 10
2026-03-25 15:25:21,522 - INFO - ============================================================
2026-03-25 15:25:21,522 - INFO - STEP 2: Collecting Gainers/Losers
2026-03-25 15:25:21,522 - INFO - ============================================================
2026-03-25 15:25:21,522 - INFO - Initializing NSE session...
2026-03-25 15:25:21,524 - ERROR - Session init error: HTTPSConnectionPool(host='www.nseindia.com', port=443): Max retries exceeded with url: / (Caused by NameResolutionError("<urllib3.connection.HTTPSConnection object at 0x72dcb2b0c050>: Failed to resolve 'www.nseindia.com' ([Errno -3] Temporary failure in name resolution)"))
2026-03-25 15:25:22,524 - INFO - Initializing NSE session...
2026-03-25 15:25:22,528 - ERROR - Session init error: HTTPSConnectionPool(host='www.nseindia.com', port=443): Max retries exceeded with url: / (Caused by NameResolutionError("<urllib3.connection.HTTPSConnection object at 0x72dcb2b0dd10>: Failed to resolve 'www.nseindia.com' ([Errno -3] Temporary failure in name resolution)"))
2026-03-25 15:25:22,529 - INFO -   Gainers: 0
2026-03-25 15:25:22,529 - INFO -   Losers: 0
2026-03-25 15:25:22,529 - INFO - ============================================================
2026-03-25 15:25:22,529 - INFO - STEP 3: Detecting OI Spurts
2026-03-25 15:25:22,529 - INFO - ============================================================
2026-03-25 15:25:22,531 - INFO -   Total Spurts: 0
2026-03-25 15:25:22,531 - INFO -   Long Buildups: 0
2026-03-25 15:25:22,531 - INFO -   Short Buildups: 0
2026-03-25 15:25:22,531 - INFO -   Market Sentiment: NEUTRAL
2026-03-25 15:25:22,531 - INFO - ============================================================
2026-03-25 15:25:22,532 - INFO - STEP 4: Generating Predictions
2026-03-25 15:25:22,532 - INFO - ============================================================
2026-03-25 15:25:22,533 - INFO -   Total Predictions: 0
2026-03-25 15:25:22,533 - INFO -   Top Bullish: []
2026-03-25 15:25:22,533 - INFO -   Top Bearish: []
2026-03-25 15:25:22,533 - INFO - ============================================================
2026-03-25 15:25:22,533 - INFO - STEP 5: Generating Daily Report
2026-03-25 15:25:22,534 - INFO - ============================================================
2026-03-25 15:25:22,535 - INFO -   Report generated successfully
2026-03-25 15:25:22,535 - INFO - ============================================================
2026-03-25 15:25:22,535 - INFO - ✅ ALL STEPS COMPLETED SUCCESSFULLY
2026-03-25 15:25:22,535 - INFO - 📁 Data saved to: stock_intelligence/2026-03-25/
2026-03-25 15:25:22,536 - INFO - ============================================================

📊 Collection Summary:
  • Option chains: 0 stocks
  • Gainers: 0
  • Losers: 0
  • OI Spurts: 0
  • Predictions: 0

📁 Data saved to: stock_intelligence/2026-03-25/
[2026-03-25 15:25:22] ==============================================
[2026-03-25 15:25:22] ✅ COLLECTION COMPLETED
[2026-03-25 15:25:22] ==============================================
