[2026-08-25 15:35:01] ==============================================
[2026-08-25 15:35:01] 🚀 STOCK INTELLIGENCE COLLECTOR
[2026-08-25 15:35:01] ==============================================
2026-08-25 15:35:02,119 - INFO - ============================================================
2026-08-25 15:35:02,119 - INFO - 🚀 STOCK INTELLIGENCE COLLECTOR
2026-08-25 15:35:02,119 - INFO - 📅 Date: 2026-08-25
2026-08-25 15:35:02,119 - INFO - ============================================================
2026-08-25 15:35:02,119 - INFO - ============================================================
2026-08-25 15:35:02,119 - INFO - STEP 1: Collecting Option Chains
2026-08-25 15:35:02,120 - INFO - ============================================================
2026-08-25 15:35:02,120 - INFO - [1/10] Fetching RELIANCE...
2026-08-25 15:35:02,120 - INFO - Initializing NSE session...
2026-08-25 15:35:03,002 - WARNING -   ❌ RELIANCE: Failed
2026-08-25 15:35:05,003 - INFO - [2/10] Fetching HDFCBANK...
2026-08-25 15:35:05,003 - INFO - Initializing NSE session...
2026-08-25 15:35:05,428 - WARNING -   ❌ HDFCBANK: Failed
2026-08-25 15:35:07,429 - INFO - [3/10] Fetching ICICIBANK...
2026-08-25 15:35:07,429 - INFO - Initializing NSE session...
2026-08-25 15:35:08,184 - WARNING -   ❌ ICICIBANK: Failed
2026-08-25 15:35:10,184 - INFO - [4/10] Fetching INFY...
2026-08-25 15:35:10,184 - INFO - Initializing NSE session...
2026-08-25 15:35:11,149 - WARNING -   ❌ INFY: Failed
2026-08-25 15:35:13,150 - INFO - [5/10] Fetching TCS...
2026-08-25 15:35:13,150 - INFO - Initializing NSE session...
2026-08-25 15:35:14,374 - WARNING -   ❌ TCS: Failed
2026-08-25 15:35:16,374 - INFO - [6/10] Fetching SBIN...
2026-08-25 15:35:16,375 - INFO - Initializing NSE session...
2026-08-25 15:35:17,167 - WARNING -   ❌ SBIN: Failed
2026-08-25 15:35:19,167 - INFO - [7/10] Fetching AXISBANK...
2026-08-25 15:35:19,167 - INFO - Initializing NSE session...
2026-08-25 15:35:19,504 - WARNING -   ❌ AXISBANK: Failed
2026-08-25 15:35:21,504 - INFO - [8/10] Fetching KOTAKBANK...
2026-08-25 15:35:21,504 - INFO - Initializing NSE session...
2026-08-25 15:35:22,002 - WARNING -   ❌ KOTAKBANK: Failed
2026-08-25 15:35:24,002 - INFO - [9/10] Fetching BAJFINANCE...
2026-08-25 15:35:24,002 - INFO - Initializing NSE session...
2026-08-25 15:35:24,352 - WARNING -   ❌ BAJFINANCE: Failed
2026-08-25 15:35:26,353 - INFO - [10/10] Fetching TATAMOTORS...
2026-08-25 15:35:26,353 - INFO - Initializing NSE session...
2026-08-25 15:35:26,746 - WARNING -   ❌ TATAMOTORS: Failed
2026-08-25 15:35:28,746 - INFO - Collected: 0, Failed: 10
2026-08-25 15:35:28,746 - INFO - ============================================================
2026-08-25 15:35:28,746 - INFO - STEP 2: Collecting Gainers/Losers
2026-08-25 15:35:28,747 - INFO - ============================================================
2026-08-25 15:35:28,747 - INFO - Initializing NSE session...
2026-08-25 15:35:30,182 - INFO - Initializing NSE session...
2026-08-25 15:35:30,575 - INFO -   Gainers: 0
2026-08-25 15:35:30,575 - INFO -   Losers: 0
2026-08-25 15:35:30,575 - INFO - ============================================================
2026-08-25 15:35:30,575 - INFO - STEP 3: Detecting OI Spurts
2026-08-25 15:35:30,575 - INFO - ============================================================
2026-08-25 15:35:30,576 - INFO -   Total Spurts: 0
2026-08-25 15:35:30,576 - INFO -   Long Buildups: 0
2026-08-25 15:35:30,576 - INFO -   Short Buildups: 0
2026-08-25 15:35:30,577 - INFO -   Market Sentiment: NEUTRAL
2026-08-25 15:35:30,577 - INFO - ============================================================
2026-08-25 15:35:30,577 - INFO - STEP 4: Generating Predictions
2026-08-25 15:35:30,577 - INFO - ============================================================
2026-08-25 15:35:30,578 - INFO -   Total Predictions: 0
2026-08-25 15:35:30,578 - INFO -   Top Bullish: []
2026-08-25 15:35:30,578 - INFO -   Top Bearish: []
2026-08-25 15:35:30,578 - INFO - ============================================================
2026-08-25 15:35:30,578 - INFO - STEP 5: Generating Daily Report
2026-08-25 15:35:30,578 - INFO - ============================================================
2026-08-25 15:35:30,580 - INFO -   Report generated successfully
2026-08-25 15:35:30,580 - INFO - ============================================================
2026-08-25 15:35:30,580 - INFO - ✅ ALL STEPS COMPLETED SUCCESSFULLY
2026-08-25 15:35:30,580 - INFO - 📁 Data saved to: stock_intelligence/2026-08-25/
2026-08-25 15:35:30,580 - INFO - ============================================================

📊 Collection Summary:
  • Option chains: 0 stocks
  • Gainers: 0
  • Losers: 0
  • OI Spurts: 0
  • Predictions: 0

📁 Data saved to: stock_intelligence/2026-08-25/
[2026-08-25 15:35:30] ==============================================
[2026-08-25 15:35:30] ✅ COLLECTION COMPLETED
[2026-08-25 15:35:30] ==============================================
