[2026-07-03 15:35:01] ==============================================
[2026-07-03 15:35:01] 🚀 STOCK INTELLIGENCE COLLECTOR
[2026-07-03 15:35:01] ==============================================
2026-07-03 15:35:01,339 - INFO - ============================================================
2026-07-03 15:35:01,339 - INFO - 🚀 STOCK INTELLIGENCE COLLECTOR
2026-07-03 15:35:01,339 - INFO - 📅 Date: 2026-07-03
2026-07-03 15:35:01,339 - INFO - ============================================================
2026-07-03 15:35:01,339 - INFO - ============================================================
2026-07-03 15:35:01,339 - INFO - STEP 1: Collecting Option Chains
2026-07-03 15:35:01,339 - INFO - ============================================================
2026-07-03 15:35:01,339 - INFO - [1/10] Fetching RELIANCE...
2026-07-03 15:35:01,339 - INFO - Initializing NSE session...
2026-07-03 15:35:04,469 - WARNING -   ❌ RELIANCE: Failed
2026-07-03 15:35:06,469 - INFO - [2/10] Fetching HDFCBANK...
2026-07-03 15:35:06,469 - INFO - Initializing NSE session...
2026-07-03 15:35:08,497 - WARNING -   ❌ HDFCBANK: Failed
2026-07-03 15:35:10,498 - INFO - [3/10] Fetching ICICIBANK...
2026-07-03 15:35:10,498 - INFO - Initializing NSE session...
2026-07-03 15:35:13,411 - WARNING -   ❌ ICICIBANK: Failed
2026-07-03 15:35:15,411 - INFO - [4/10] Fetching INFY...
2026-07-03 15:35:15,411 - INFO - Initializing NSE session...
2026-07-03 15:35:22,867 - WARNING -   ❌ INFY: Failed
2026-07-03 15:35:24,867 - INFO - [5/10] Fetching TCS...
2026-07-03 15:35:24,868 - INFO - Initializing NSE session...
2026-07-03 15:35:28,123 - WARNING -   ❌ TCS: Failed
2026-07-03 15:35:30,123 - INFO - [6/10] Fetching SBIN...
2026-07-03 15:35:30,123 - INFO - Initializing NSE session...
2026-07-03 15:35:41,350 - WARNING -   ❌ SBIN: Failed
2026-07-03 15:35:43,350 - INFO - [7/10] Fetching AXISBANK...
2026-07-03 15:35:43,350 - INFO - Initializing NSE session...
2026-07-03 15:35:44,134 - WARNING -   ❌ AXISBANK: Failed
2026-07-03 15:35:46,135 - INFO - [8/10] Fetching KOTAKBANK...
2026-07-03 15:35:46,135 - INFO - Initializing NSE session...
2026-07-03 15:35:46,889 - WARNING -   ❌ KOTAKBANK: Failed
2026-07-03 15:35:48,889 - INFO - [9/10] Fetching BAJFINANCE...
2026-07-03 15:35:48,889 - INFO - Initializing NSE session...
2026-07-03 15:35:49,618 - WARNING -   ❌ BAJFINANCE: Failed
2026-07-03 15:35:51,618 - INFO - [10/10] Fetching TATAMOTORS...
2026-07-03 15:35:51,618 - INFO - Initializing NSE session...
2026-07-03 15:35:52,233 - WARNING -   ❌ TATAMOTORS: Failed
2026-07-03 15:35:54,233 - INFO - Collected: 0, Failed: 10
2026-07-03 15:35:54,233 - INFO - ============================================================
2026-07-03 15:35:54,233 - INFO - STEP 2: Collecting Gainers/Losers
2026-07-03 15:35:54,233 - INFO - ============================================================
2026-07-03 15:35:54,233 - INFO - Initializing NSE session...
2026-07-03 15:35:56,166 - INFO - Initializing NSE session...
2026-07-03 15:35:57,218 - INFO -   Gainers: 0
2026-07-03 15:35:57,218 - INFO -   Losers: 0
2026-07-03 15:35:57,219 - INFO - ============================================================
2026-07-03 15:35:57,219 - INFO - STEP 3: Detecting OI Spurts
2026-07-03 15:35:57,219 - INFO - ============================================================
2026-07-03 15:35:57,220 - INFO -   Total Spurts: 0
2026-07-03 15:35:57,220 - INFO -   Long Buildups: 0
2026-07-03 15:35:57,220 - INFO -   Short Buildups: 0
2026-07-03 15:35:57,220 - INFO -   Market Sentiment: NEUTRAL
2026-07-03 15:35:57,221 - INFO - ============================================================
2026-07-03 15:35:57,221 - INFO - STEP 4: Generating Predictions
2026-07-03 15:35:57,221 - INFO - ============================================================
2026-07-03 15:35:57,222 - INFO -   Total Predictions: 0
2026-07-03 15:35:57,222 - INFO -   Top Bullish: []
2026-07-03 15:35:57,222 - INFO -   Top Bearish: []
2026-07-03 15:35:57,222 - INFO - ============================================================
2026-07-03 15:35:57,222 - INFO - STEP 5: Generating Daily Report
2026-07-03 15:35:57,222 - INFO - ============================================================
2026-07-03 15:35:57,223 - INFO -   Report generated successfully
2026-07-03 15:35:57,224 - INFO - ============================================================
2026-07-03 15:35:57,224 - INFO - ✅ ALL STEPS COMPLETED SUCCESSFULLY
2026-07-03 15:35:57,224 - INFO - 📁 Data saved to: stock_intelligence/2026-07-03/
2026-07-03 15:35:57,224 - INFO - ============================================================

📊 Collection Summary:
  • Option chains: 0 stocks
  • Gainers: 0
  • Losers: 0
  • OI Spurts: 0
  • Predictions: 0

📁 Data saved to: stock_intelligence/2026-07-03/
[2026-07-03 15:35:57] ==============================================
[2026-07-03 15:35:57] ✅ COLLECTION COMPLETED
[2026-07-03 15:35:57] ==============================================
