[2026-03-11 15:25:01] ==============================================
[2026-03-11 15:25:01] 🚀 STOCK INTELLIGENCE COLLECTOR
[2026-03-11 15:25:01] ==============================================
2026-03-11 15:25:01,790 - INFO - ============================================================
2026-03-11 15:25:01,790 - INFO - 🚀 STOCK INTELLIGENCE COLLECTOR
2026-03-11 15:25:01,790 - INFO - 📅 Date: 2026-03-11
2026-03-11 15:25:01,790 - INFO - ============================================================
2026-03-11 15:25:01,790 - INFO - ============================================================
2026-03-11 15:25:01,790 - INFO - STEP 1: Collecting Option Chains
2026-03-11 15:25:01,790 - INFO - ============================================================
2026-03-11 15:25:01,790 - INFO - [1/10] Fetching RELIANCE...
2026-03-11 15:25:01,790 - INFO - Initializing NSE session...
2026-03-11 15:25:02,422 - WARNING -   ❌ RELIANCE: Failed
2026-03-11 15:25:04,423 - INFO - [2/10] Fetching HDFCBANK...
2026-03-11 15:25:04,423 - INFO - Initializing NSE session...
2026-03-11 15:25:04,802 - WARNING -   ❌ HDFCBANK: Failed
2026-03-11 15:25:06,803 - INFO - [3/10] Fetching ICICIBANK...
2026-03-11 15:25:06,803 - INFO - Initializing NSE session...
2026-03-11 15:25:07,795 - WARNING -   ❌ ICICIBANK: Failed
2026-03-11 15:25:09,795 - INFO - [4/10] Fetching INFY...
2026-03-11 15:25:09,796 - INFO - Initializing NSE session...
2026-03-11 15:25:10,867 - WARNING -   ❌ INFY: Failed
2026-03-11 15:25:12,867 - INFO - [5/10] Fetching TCS...
2026-03-11 15:25:12,867 - INFO - Initializing NSE session...
2026-03-11 15:25:13,836 - WARNING -   ❌ TCS: Failed
2026-03-11 15:25:15,837 - INFO - [6/10] Fetching SBIN...
2026-03-11 15:25:15,837 - INFO - Initializing NSE session...
2026-03-11 15:25:16,607 - WARNING -   ❌ SBIN: Failed
2026-03-11 15:25:18,607 - INFO - [7/10] Fetching AXISBANK...
2026-03-11 15:25:18,608 - INFO - Initializing NSE session...
2026-03-11 15:25:19,475 - WARNING -   ❌ AXISBANK: Failed
2026-03-11 15:25:21,475 - INFO - [8/10] Fetching KOTAKBANK...
2026-03-11 15:25:21,476 - INFO - Initializing NSE session...
2026-03-11 15:25:22,341 - WARNING -   ❌ KOTAKBANK: Failed
2026-03-11 15:25:24,342 - INFO - [9/10] Fetching BAJFINANCE...
2026-03-11 15:25:24,342 - INFO - Initializing NSE session...
2026-03-11 15:25:25,208 - WARNING -   ❌ BAJFINANCE: Failed
2026-03-11 15:25:27,209 - INFO - [10/10] Fetching TATAMOTORS...
2026-03-11 15:25:27,209 - INFO - Initializing NSE session...
2026-03-11 15:25:28,077 - WARNING -   ❌ TATAMOTORS: Failed
2026-03-11 15:25:30,078 - INFO - Collected: 0, Failed: 10
2026-03-11 15:25:30,078 - INFO - ============================================================
2026-03-11 15:25:30,078 - INFO - STEP 2: Collecting Gainers/Losers
2026-03-11 15:25:30,079 - INFO - ============================================================
2026-03-11 15:25:30,079 - INFO - Initializing NSE session...
2026-03-11 15:25:32,149 - INFO - Initializing NSE session...
2026-03-11 15:25:32,995 - INFO -   Gainers: 0
2026-03-11 15:25:32,995 - INFO -   Losers: 0
2026-03-11 15:25:32,995 - INFO - ============================================================
2026-03-11 15:25:32,995 - INFO - STEP 3: Detecting OI Spurts
2026-03-11 15:25:32,995 - INFO - ============================================================
2026-03-11 15:25:32,996 - INFO -   Total Spurts: 0
2026-03-11 15:25:32,996 - INFO -   Long Buildups: 0
2026-03-11 15:25:32,997 - INFO -   Short Buildups: 0
2026-03-11 15:25:32,997 - INFO -   Market Sentiment: NEUTRAL
2026-03-11 15:25:32,997 - INFO - ============================================================
2026-03-11 15:25:32,997 - INFO - STEP 4: Generating Predictions
2026-03-11 15:25:32,997 - INFO - ============================================================
2026-03-11 15:25:32,999 - INFO -   Total Predictions: 0
2026-03-11 15:25:32,999 - INFO -   Top Bullish: []
2026-03-11 15:25:32,999 - INFO -   Top Bearish: []
2026-03-11 15:25:32,999 - INFO - ============================================================
2026-03-11 15:25:32,999 - INFO - STEP 5: Generating Daily Report
2026-03-11 15:25:32,999 - INFO - ============================================================
2026-03-11 15:25:33,000 - INFO -   Report generated successfully
2026-03-11 15:25:33,000 - INFO - ============================================================
2026-03-11 15:25:33,000 - INFO - ✅ ALL STEPS COMPLETED SUCCESSFULLY
2026-03-11 15:25:33,001 - INFO - 📁 Data saved to: stock_intelligence/2026-03-11/
2026-03-11 15:25:33,001 - INFO - ============================================================

📊 Collection Summary:
  • Option chains: 0 stocks
  • Gainers: 0
  • Losers: 0
  • OI Spurts: 0
  • Predictions: 0

📁 Data saved to: stock_intelligence/2026-03-11/
[2026-03-11 15:25:33] ==============================================
[2026-03-11 15:25:33] ✅ COLLECTION COMPLETED
[2026-03-11 15:25:33] ==============================================
