[2026-04-14 15:25:01] ==============================================
[2026-04-14 15:25:01] 🚀 STOCK INTELLIGENCE COLLECTOR
[2026-04-14 15:25:01] ==============================================
2026-04-14 15:25:01,710 - INFO - ============================================================
2026-04-14 15:25:01,711 - INFO - 🚀 STOCK INTELLIGENCE COLLECTOR
2026-04-14 15:25:01,711 - INFO - 📅 Date: 2026-04-14
2026-04-14 15:25:01,711 - INFO - ============================================================
2026-04-14 15:25:01,711 - INFO - ============================================================
2026-04-14 15:25:01,711 - INFO - STEP 1: Collecting Option Chains
2026-04-14 15:25:01,711 - INFO - ============================================================
2026-04-14 15:25:01,712 - INFO - [1/10] Fetching RELIANCE...
2026-04-14 15:25:01,712 - INFO - Initializing NSE session...
2026-04-14 15:25:01,963 - WARNING -   ❌ RELIANCE: Failed
2026-04-14 15:25:03,964 - INFO - [2/10] Fetching HDFCBANK...
2026-04-14 15:25:03,964 - INFO - Initializing NSE session...
2026-04-14 15:25:04,483 - WARNING -   ❌ HDFCBANK: Failed
2026-04-14 15:25:06,484 - INFO - [3/10] Fetching ICICIBANK...
2026-04-14 15:25:06,484 - INFO - Initializing NSE session...
2026-04-14 15:25:07,231 - WARNING -   ❌ ICICIBANK: Failed
2026-04-14 15:25:09,232 - INFO - [4/10] Fetching INFY...
2026-04-14 15:25:09,232 - INFO - Initializing NSE session...
2026-04-14 15:25:10,099 - WARNING -   ❌ INFY: Failed
2026-04-14 15:25:12,099 - INFO - [5/10] Fetching TCS...
2026-04-14 15:25:12,099 - INFO - Initializing NSE session...
2026-04-14 15:25:12,490 - WARNING -   ❌ TCS: Failed
2026-04-14 15:25:14,490 - INFO - [6/10] Fetching SBIN...
2026-04-14 15:25:14,491 - INFO - Initializing NSE session...
2026-04-14 15:25:14,684 - WARNING -   ❌ SBIN: Failed
2026-04-14 15:25:16,684 - INFO - [7/10] Fetching AXISBANK...
2026-04-14 15:25:16,685 - INFO - Initializing NSE session...
2026-04-14 15:25:16,889 - WARNING -   ❌ AXISBANK: Failed
2026-04-14 15:25:18,889 - INFO - [8/10] Fetching KOTAKBANK...
2026-04-14 15:25:18,889 - INFO - Initializing NSE session...
2026-04-14 15:25:19,145 - WARNING -   ❌ KOTAKBANK: Failed
2026-04-14 15:25:21,146 - INFO - [9/10] Fetching BAJFINANCE...
2026-04-14 15:25:21,146 - INFO - Initializing NSE session...
2026-04-14 15:25:21,519 - WARNING -   ❌ BAJFINANCE: Failed
2026-04-14 15:25:23,520 - INFO - [10/10] Fetching TATAMOTORS...
2026-04-14 15:25:23,520 - INFO - Initializing NSE session...
2026-04-14 15:25:23,768 - WARNING -   ❌ TATAMOTORS: Failed
2026-04-14 15:25:25,768 - INFO - Collected: 0, Failed: 10
2026-04-14 15:25:25,768 - INFO - ============================================================
2026-04-14 15:25:25,768 - INFO - STEP 2: Collecting Gainers/Losers
2026-04-14 15:25:25,768 - INFO - ============================================================
2026-04-14 15:25:25,769 - INFO - Initializing NSE session...
2026-04-14 15:25:27,438 - INFO - Initializing NSE session...
2026-04-14 15:25:27,889 - INFO -   Gainers: 0
2026-04-14 15:25:27,889 - INFO -   Losers: 0
2026-04-14 15:25:27,889 - INFO - ============================================================
2026-04-14 15:25:27,890 - INFO - STEP 3: Detecting OI Spurts
2026-04-14 15:25:27,890 - INFO - ============================================================
2026-04-14 15:25:27,891 - INFO -   Total Spurts: 0
2026-04-14 15:25:27,891 - INFO -   Long Buildups: 0
2026-04-14 15:25:27,892 - INFO -   Short Buildups: 0
2026-04-14 15:25:27,892 - INFO -   Market Sentiment: NEUTRAL
2026-04-14 15:25:27,892 - INFO - ============================================================
2026-04-14 15:25:27,892 - INFO - STEP 4: Generating Predictions
2026-04-14 15:25:27,892 - INFO - ============================================================
2026-04-14 15:25:27,893 - INFO -   Total Predictions: 0
2026-04-14 15:25:27,893 - INFO -   Top Bullish: []
2026-04-14 15:25:27,894 - INFO -   Top Bearish: []
2026-04-14 15:25:27,894 - INFO - ============================================================
2026-04-14 15:25:27,894 - INFO - STEP 5: Generating Daily Report
2026-04-14 15:25:27,894 - INFO - ============================================================
2026-04-14 15:25:27,896 - INFO -   Report generated successfully
2026-04-14 15:25:27,896 - INFO - ============================================================
2026-04-14 15:25:27,896 - INFO - ✅ ALL STEPS COMPLETED SUCCESSFULLY
2026-04-14 15:25:27,896 - INFO - 📁 Data saved to: stock_intelligence/2026-04-14/
2026-04-14 15:25:27,896 - INFO - ============================================================

📊 Collection Summary:
  • Option chains: 0 stocks
  • Gainers: 0
  • Losers: 0
  • OI Spurts: 0
  • Predictions: 0

📁 Data saved to: stock_intelligence/2026-04-14/
[2026-04-14 15:25:27] ==============================================
[2026-04-14 15:25:27] ✅ COLLECTION COMPLETED
[2026-04-14 15:25:27] ==============================================
