[2026-09-04 15:35:01] ==============================================
[2026-09-04 15:35:01] 🚀 STOCK INTELLIGENCE COLLECTOR
[2026-09-04 15:35:01] ==============================================
2026-09-04 15:35:01,984 - INFO - ============================================================
2026-09-04 15:35:01,984 - INFO - 🚀 STOCK INTELLIGENCE COLLECTOR
2026-09-04 15:35:01,984 - INFO - 📅 Date: 2026-09-04
2026-09-04 15:35:01,984 - INFO - ============================================================
2026-09-04 15:35:01,984 - INFO - ============================================================
2026-09-04 15:35:01,984 - INFO - STEP 1: Collecting Option Chains
2026-09-04 15:35:01,985 - INFO - ============================================================
2026-09-04 15:35:01,985 - INFO - [1/10] Fetching RELIANCE...
2026-09-04 15:35:01,985 - INFO - Initializing NSE session...
2026-09-04 15:35:02,719 - WARNING -   ❌ RELIANCE: Failed
2026-09-04 15:35:04,719 - INFO - [2/10] Fetching HDFCBANK...
2026-09-04 15:35:04,720 - INFO - Initializing NSE session...
2026-09-04 15:35:04,928 - WARNING -   ❌ HDFCBANK: Failed
2026-09-04 15:35:06,928 - INFO - [3/10] Fetching ICICIBANK...
2026-09-04 15:35:06,929 - INFO - Initializing NSE session...
2026-09-04 15:35:07,422 - WARNING -   ❌ ICICIBANK: Failed
2026-09-04 15:35:09,422 - INFO - [4/10] Fetching INFY...
2026-09-04 15:35:09,423 - INFO - Initializing NSE session...
2026-09-04 15:35:09,855 - WARNING -   ❌ INFY: Failed
2026-09-04 15:35:11,855 - INFO - [5/10] Fetching TCS...
2026-09-04 15:35:11,856 - INFO - Initializing NSE session...
2026-09-04 15:35:12,193 - WARNING -   ❌ TCS: Failed
2026-09-04 15:35:14,193 - INFO - [6/10] Fetching SBIN...
2026-09-04 15:35:14,193 - INFO - Initializing NSE session...
2026-09-04 15:35:14,709 - WARNING -   ❌ SBIN: Failed
2026-09-04 15:35:16,709 - INFO - [7/10] Fetching AXISBANK...
2026-09-04 15:35:16,709 - INFO - Initializing NSE session...
2026-09-04 15:35:16,892 - WARNING -   ❌ AXISBANK: Failed
2026-09-04 15:35:18,892 - INFO - [8/10] Fetching KOTAKBANK...
2026-09-04 15:35:18,892 - INFO - Initializing NSE session...
2026-09-04 15:35:19,066 - WARNING -   ❌ KOTAKBANK: Failed
2026-09-04 15:35:21,066 - INFO - [9/10] Fetching BAJFINANCE...
2026-09-04 15:35:21,066 - INFO - Initializing NSE session...
2026-09-04 15:35:21,246 - WARNING -   ❌ BAJFINANCE: Failed
2026-09-04 15:35:23,246 - INFO - [10/10] Fetching TATAMOTORS...
2026-09-04 15:35:23,247 - INFO - Initializing NSE session...
2026-09-04 15:35:23,881 - WARNING -   ❌ TATAMOTORS: Failed
2026-09-04 15:35:25,882 - INFO - Collected: 0, Failed: 10
2026-09-04 15:35:25,882 - INFO - ============================================================
2026-09-04 15:35:25,882 - INFO - STEP 2: Collecting Gainers/Losers
2026-09-04 15:35:25,882 - INFO - ============================================================
2026-09-04 15:35:25,883 - INFO - Initializing NSE session...
2026-09-04 15:35:27,064 - INFO - Initializing NSE session...
2026-09-04 15:35:27,271 - INFO -   Gainers: 0
2026-09-04 15:35:27,271 - INFO -   Losers: 0
2026-09-04 15:35:27,272 - INFO - ============================================================
2026-09-04 15:35:27,272 - INFO - STEP 3: Detecting OI Spurts
2026-09-04 15:35:27,272 - INFO - ============================================================
2026-09-04 15:35:27,278 - INFO -   Total Spurts: 0
2026-09-04 15:35:27,278 - INFO -   Long Buildups: 0
2026-09-04 15:35:27,278 - INFO -   Short Buildups: 0
2026-09-04 15:35:27,278 - INFO -   Market Sentiment: NEUTRAL
2026-09-04 15:35:27,279 - INFO - ============================================================
2026-09-04 15:35:27,279 - INFO - STEP 4: Generating Predictions
2026-09-04 15:35:27,279 - INFO - ============================================================
2026-09-04 15:35:27,281 - INFO -   Total Predictions: 0
2026-09-04 15:35:27,281 - INFO -   Top Bullish: []
2026-09-04 15:35:27,281 - INFO -   Top Bearish: []
2026-09-04 15:35:27,281 - INFO - ============================================================
2026-09-04 15:35:27,282 - INFO - STEP 5: Generating Daily Report
2026-09-04 15:35:27,282 - INFO - ============================================================
2026-09-04 15:35:27,283 - INFO -   Report generated successfully
2026-09-04 15:35:27,283 - INFO - ============================================================
2026-09-04 15:35:27,283 - INFO - ✅ ALL STEPS COMPLETED SUCCESSFULLY
2026-09-04 15:35:27,283 - INFO - 📁 Data saved to: stock_intelligence/2026-09-04/
2026-09-04 15:35:27,283 - INFO - ============================================================

📊 Collection Summary:
  • Option chains: 0 stocks
  • Gainers: 0
  • Losers: 0
  • OI Spurts: 0
  • Predictions: 0

📁 Data saved to: stock_intelligence/2026-09-04/
[2026-09-04 15:35:27] ==============================================
[2026-09-04 15:35:27] ✅ COLLECTION COMPLETED
[2026-09-04 15:35:27] ==============================================
