[2026-07-28 15:35:01] ==============================================
[2026-07-28 15:35:01] 🚀 STOCK INTELLIGENCE COLLECTOR
[2026-07-28 15:35:01] ==============================================
2026-07-28 15:35:01,865 - INFO - ============================================================
2026-07-28 15:35:01,865 - INFO - 🚀 STOCK INTELLIGENCE COLLECTOR
2026-07-28 15:35:01,865 - INFO - 📅 Date: 2026-07-28
2026-07-28 15:35:01,865 - INFO - ============================================================
2026-07-28 15:35:01,865 - INFO - ============================================================
2026-07-28 15:35:01,865 - INFO - STEP 1: Collecting Option Chains
2026-07-28 15:35:01,865 - INFO - ============================================================
2026-07-28 15:35:01,865 - INFO - [1/10] Fetching RELIANCE...
2026-07-28 15:35:01,866 - INFO - Initializing NSE session...
2026-07-28 15:35:02,928 - WARNING -   ❌ RELIANCE: Failed
2026-07-28 15:35:04,928 - INFO - [2/10] Fetching HDFCBANK...
2026-07-28 15:35:04,928 - INFO - Initializing NSE session...
2026-07-28 15:35:10,458 - WARNING -   ❌ HDFCBANK: Failed
2026-07-28 15:35:12,458 - INFO - [3/10] Fetching ICICIBANK...
2026-07-28 15:35:12,458 - INFO - Initializing NSE session...
2026-07-28 15:35:12,836 - WARNING -   ❌ ICICIBANK: Failed
2026-07-28 15:35:14,836 - INFO - [4/10] Fetching INFY...
2026-07-28 15:35:14,837 - INFO - Initializing NSE session...
2026-07-28 15:35:15,178 - WARNING -   ❌ INFY: Failed
2026-07-28 15:35:17,178 - INFO - [5/10] Fetching TCS...
2026-07-28 15:35:17,179 - INFO - Initializing NSE session...
2026-07-28 15:35:17,362 - WARNING -   ❌ TCS: Failed
2026-07-28 15:35:19,362 - INFO - [6/10] Fetching SBIN...
2026-07-28 15:35:19,363 - INFO - Initializing NSE session...
2026-07-28 15:35:19,541 - WARNING -   ❌ SBIN: Failed
2026-07-28 15:35:21,541 - INFO - [7/10] Fetching AXISBANK...
2026-07-28 15:35:21,541 - INFO - Initializing NSE session...
2026-07-28 15:35:21,706 - WARNING -   ❌ AXISBANK: Failed
2026-07-28 15:35:23,707 - INFO - [8/10] Fetching KOTAKBANK...
2026-07-28 15:35:23,707 - INFO - Initializing NSE session...
2026-07-28 15:35:23,937 - WARNING -   ❌ KOTAKBANK: Failed
2026-07-28 15:35:25,937 - INFO - [9/10] Fetching BAJFINANCE...
2026-07-28 15:35:25,937 - INFO - Initializing NSE session...
2026-07-28 15:35:26,125 - WARNING -   ❌ BAJFINANCE: Failed
2026-07-28 15:35:28,125 - INFO - [10/10] Fetching TATAMOTORS...
2026-07-28 15:35:28,125 - INFO - Initializing NSE session...
2026-07-28 15:35:28,531 - WARNING -   ❌ TATAMOTORS: Failed
2026-07-28 15:35:30,531 - INFO - Collected: 0, Failed: 10
2026-07-28 15:35:30,531 - INFO - ============================================================
2026-07-28 15:35:30,531 - INFO - STEP 2: Collecting Gainers/Losers
2026-07-28 15:35:30,531 - INFO - ============================================================
2026-07-28 15:35:30,531 - INFO - Initializing NSE session...
2026-07-28 15:35:31,715 - INFO - Initializing NSE session...
2026-07-28 15:35:31,903 - INFO -   Gainers: 0
2026-07-28 15:35:31,903 - INFO -   Losers: 0
2026-07-28 15:35:31,904 - INFO - ============================================================
2026-07-28 15:35:31,904 - INFO - STEP 3: Detecting OI Spurts
2026-07-28 15:35:31,904 - INFO - ============================================================
2026-07-28 15:35:31,905 - INFO -   Total Spurts: 0
2026-07-28 15:35:31,905 - INFO -   Long Buildups: 0
2026-07-28 15:35:31,906 - INFO -   Short Buildups: 0
2026-07-28 15:35:31,906 - INFO -   Market Sentiment: NEUTRAL
2026-07-28 15:35:31,906 - INFO - ============================================================
2026-07-28 15:35:31,906 - INFO - STEP 4: Generating Predictions
2026-07-28 15:35:31,906 - INFO - ============================================================
2026-07-28 15:35:31,908 - INFO -   Total Predictions: 0
2026-07-28 15:35:31,908 - INFO -   Top Bullish: []
2026-07-28 15:35:31,908 - INFO -   Top Bearish: []
2026-07-28 15:35:31,908 - INFO - ============================================================
2026-07-28 15:35:31,908 - INFO - STEP 5: Generating Daily Report
2026-07-28 15:35:31,908 - INFO - ============================================================
2026-07-28 15:35:31,910 - INFO -   Report generated successfully
2026-07-28 15:35:31,910 - INFO - ============================================================
2026-07-28 15:35:31,911 - INFO - ✅ ALL STEPS COMPLETED SUCCESSFULLY
2026-07-28 15:35:31,911 - INFO - 📁 Data saved to: stock_intelligence/2026-07-28/
2026-07-28 15:35:31,911 - INFO - ============================================================

📊 Collection Summary:
  • Option chains: 0 stocks
  • Gainers: 0
  • Losers: 0
  • OI Spurts: 0
  • Predictions: 0

📁 Data saved to: stock_intelligence/2026-07-28/
[2026-07-28 15:35:31] ==============================================
[2026-07-28 15:35:31] ✅ COLLECTION COMPLETED
[2026-07-28 15:35:31] ==============================================
