[2026-07-31 15:35:01] ==============================================
[2026-07-31 15:35:01] 🚀 STOCK INTELLIGENCE COLLECTOR
[2026-07-31 15:35:01] ==============================================
2026-07-31 15:35:01,555 - INFO - ============================================================
2026-07-31 15:35:01,556 - INFO - 🚀 STOCK INTELLIGENCE COLLECTOR
2026-07-31 15:35:01,556 - INFO - 📅 Date: 2026-07-31
2026-07-31 15:35:01,556 - INFO - ============================================================
2026-07-31 15:35:01,556 - INFO - ============================================================
2026-07-31 15:35:01,556 - INFO - STEP 1: Collecting Option Chains
2026-07-31 15:35:01,556 - INFO - ============================================================
2026-07-31 15:35:01,556 - INFO - [1/10] Fetching RELIANCE...
2026-07-31 15:35:01,556 - INFO - Initializing NSE session...
2026-07-31 15:35:02,425 - WARNING -   ❌ RELIANCE: Failed
2026-07-31 15:35:04,425 - INFO - [2/10] Fetching HDFCBANK...
2026-07-31 15:35:04,426 - INFO - Initializing NSE session...
2026-07-31 15:35:05,020 - WARNING -   ❌ HDFCBANK: Failed
2026-07-31 15:35:07,021 - INFO - [3/10] Fetching ICICIBANK...
2026-07-31 15:35:07,021 - INFO - Initializing NSE session...
2026-07-31 15:35:07,369 - WARNING -   ❌ ICICIBANK: Failed
2026-07-31 15:35:09,370 - INFO - [4/10] Fetching INFY...
2026-07-31 15:35:09,370 - INFO - Initializing NSE session...
2026-07-31 15:35:09,809 - WARNING -   ❌ INFY: Failed
2026-07-31 15:35:11,809 - INFO - [5/10] Fetching TCS...
2026-07-31 15:35:11,809 - INFO - Initializing NSE session...
2026-07-31 15:35:13,041 - WARNING -   ❌ TCS: Failed
2026-07-31 15:35:15,042 - INFO - [6/10] Fetching SBIN...
2026-07-31 15:35:15,042 - INFO - Initializing NSE session...
2026-07-31 15:35:15,765 - WARNING -   ❌ SBIN: Failed
2026-07-31 15:35:17,765 - INFO - [7/10] Fetching AXISBANK...
2026-07-31 15:35:17,766 - INFO - Initializing NSE session...
2026-07-31 15:35:18,162 - WARNING -   ❌ AXISBANK: Failed
2026-07-31 15:35:20,162 - INFO - [8/10] Fetching KOTAKBANK...
2026-07-31 15:35:20,163 - INFO - Initializing NSE session...
2026-07-31 15:35:20,764 - WARNING -   ❌ KOTAKBANK: Failed
2026-07-31 15:35:22,764 - INFO - [9/10] Fetching BAJFINANCE...
2026-07-31 15:35:22,764 - INFO - Initializing NSE session...
2026-07-31 15:35:23,649 - WARNING -   ❌ BAJFINANCE: Failed
2026-07-31 15:35:25,649 - INFO - [10/10] Fetching TATAMOTORS...
2026-07-31 15:35:25,650 - INFO - Initializing NSE session...
2026-07-31 15:35:26,452 - WARNING -   ❌ TATAMOTORS: Failed
2026-07-31 15:35:28,452 - INFO - Collected: 0, Failed: 10
2026-07-31 15:35:28,452 - INFO - ============================================================
2026-07-31 15:35:28,452 - INFO - STEP 2: Collecting Gainers/Losers
2026-07-31 15:35:28,453 - INFO - ============================================================
2026-07-31 15:35:28,453 - INFO - Initializing NSE session...
2026-07-31 15:35:30,124 - INFO - Initializing NSE session...
2026-07-31 15:35:30,510 - INFO -   Gainers: 0
2026-07-31 15:35:30,510 - INFO -   Losers: 0
2026-07-31 15:35:30,510 - INFO - ============================================================
2026-07-31 15:35:30,510 - INFO - STEP 3: Detecting OI Spurts
2026-07-31 15:35:30,510 - INFO - ============================================================
2026-07-31 15:35:30,511 - INFO -   Total Spurts: 0
2026-07-31 15:35:30,512 - INFO -   Long Buildups: 0
2026-07-31 15:35:30,512 - INFO -   Short Buildups: 0
2026-07-31 15:35:30,513 - INFO -   Market Sentiment: NEUTRAL
2026-07-31 15:35:30,513 - INFO - ============================================================
2026-07-31 15:35:30,513 - INFO - STEP 4: Generating Predictions
2026-07-31 15:35:30,513 - INFO - ============================================================
2026-07-31 15:35:30,514 - INFO -   Total Predictions: 0
2026-07-31 15:35:30,514 - INFO -   Top Bullish: []
2026-07-31 15:35:30,514 - INFO -   Top Bearish: []
2026-07-31 15:35:30,514 - INFO - ============================================================
2026-07-31 15:35:30,514 - INFO - STEP 5: Generating Daily Report
2026-07-31 15:35:30,514 - INFO - ============================================================
2026-07-31 15:35:30,515 - INFO -   Report generated successfully
2026-07-31 15:35:30,515 - INFO - ============================================================
2026-07-31 15:35:30,516 - INFO - ✅ ALL STEPS COMPLETED SUCCESSFULLY
2026-07-31 15:35:30,516 - INFO - 📁 Data saved to: stock_intelligence/2026-07-31/
2026-07-31 15:35:30,516 - INFO - ============================================================

📊 Collection Summary:
  • Option chains: 0 stocks
  • Gainers: 0
  • Losers: 0
  • OI Spurts: 0
  • Predictions: 0

📁 Data saved to: stock_intelligence/2026-07-31/
[2026-07-31 15:35:30] ==============================================
[2026-07-31 15:35:30] ✅ COLLECTION COMPLETED
[2026-07-31 15:35:30] ==============================================
