[2026-03-09 15:25:01] ==============================================
[2026-03-09 15:25:01] 🚀 STOCK INTELLIGENCE COLLECTOR
[2026-03-09 15:25:01] ==============================================
2026-03-09 15:25:02,150 - INFO - ============================================================
2026-03-09 15:25:02,150 - INFO - 🚀 STOCK INTELLIGENCE COLLECTOR
2026-03-09 15:25:02,150 - INFO - 📅 Date: 2026-03-09
2026-03-09 15:25:02,150 - INFO - ============================================================
2026-03-09 15:25:02,150 - INFO - ============================================================
2026-03-09 15:25:02,150 - INFO - STEP 1: Collecting Option Chains
2026-03-09 15:25:02,150 - INFO - ============================================================
2026-03-09 15:25:02,150 - INFO - [1/10] Fetching RELIANCE...
2026-03-09 15:25:02,150 - INFO - Initializing NSE session...
2026-03-09 15:25:02,780 - WARNING -   ❌ RELIANCE: Failed
2026-03-09 15:25:04,781 - INFO - [2/10] Fetching HDFCBANK...
2026-03-09 15:25:04,781 - INFO - Initializing NSE session...
2026-03-09 15:25:05,049 - WARNING -   ❌ HDFCBANK: Failed
2026-03-09 15:25:07,051 - INFO - [3/10] Fetching ICICIBANK...
2026-03-09 15:25:07,051 - INFO - Initializing NSE session...
2026-03-09 15:25:07,432 - WARNING -   ❌ ICICIBANK: Failed
2026-03-09 15:25:09,433 - INFO - [4/10] Fetching INFY...
2026-03-09 15:25:09,433 - INFO - Initializing NSE session...
2026-03-09 15:25:09,708 - WARNING -   ❌ INFY: Failed
2026-03-09 15:25:11,709 - INFO - [5/10] Fetching TCS...
2026-03-09 15:25:11,709 - INFO - Initializing NSE session...
2026-03-09 15:25:11,972 - WARNING -   ❌ TCS: Failed
2026-03-09 15:25:13,973 - INFO - [6/10] Fetching SBIN...
2026-03-09 15:25:13,974 - INFO - Initializing NSE session...
2026-03-09 15:25:14,879 - WARNING -   ❌ SBIN: Failed
2026-03-09 15:25:16,880 - INFO - [7/10] Fetching AXISBANK...
2026-03-09 15:25:16,880 - INFO - Initializing NSE session...
2026-03-09 15:25:17,473 - WARNING -   ❌ AXISBANK: Failed
2026-03-09 15:25:19,473 - INFO - [8/10] Fetching KOTAKBANK...
2026-03-09 15:25:19,474 - INFO - Initializing NSE session...
2026-03-09 15:25:20,034 - WARNING -   ❌ KOTAKBANK: Failed
2026-03-09 15:25:22,034 - INFO - [9/10] Fetching BAJFINANCE...
2026-03-09 15:25:22,034 - INFO - Initializing NSE session...
2026-03-09 15:25:22,560 - WARNING -   ❌ BAJFINANCE: Failed
2026-03-09 15:25:24,560 - INFO - [10/10] Fetching TATAMOTORS...
2026-03-09 15:25:24,560 - INFO - Initializing NSE session...
2026-03-09 15:25:24,928 - WARNING -   ❌ TATAMOTORS: Failed
2026-03-09 15:25:26,928 - INFO - Collected: 0, Failed: 10
2026-03-09 15:25:26,929 - INFO - ============================================================
2026-03-09 15:25:26,929 - INFO - STEP 2: Collecting Gainers/Losers
2026-03-09 15:25:26,929 - INFO - ============================================================
2026-03-09 15:25:26,929 - INFO - Initializing NSE session...
2026-03-09 15:25:28,267 - INFO - Initializing NSE session...
2026-03-09 15:25:28,794 - INFO -   Gainers: 0
2026-03-09 15:25:28,794 - INFO -   Losers: 0
2026-03-09 15:25:28,794 - INFO - ============================================================
2026-03-09 15:25:28,794 - INFO - STEP 3: Detecting OI Spurts
2026-03-09 15:25:28,794 - INFO - ============================================================
2026-03-09 15:25:28,795 - INFO -   Total Spurts: 0
2026-03-09 15:25:28,796 - INFO -   Long Buildups: 0
2026-03-09 15:25:28,796 - INFO -   Short Buildups: 0
2026-03-09 15:25:28,796 - INFO -   Market Sentiment: NEUTRAL
2026-03-09 15:25:28,796 - INFO - ============================================================
2026-03-09 15:25:28,796 - INFO - STEP 4: Generating Predictions
2026-03-09 15:25:28,796 - INFO - ============================================================
2026-03-09 15:25:28,797 - INFO -   Total Predictions: 0
2026-03-09 15:25:28,798 - INFO -   Top Bullish: []
2026-03-09 15:25:28,798 - INFO -   Top Bearish: []
2026-03-09 15:25:28,798 - INFO - ============================================================
2026-03-09 15:25:28,798 - INFO - STEP 5: Generating Daily Report
2026-03-09 15:25:28,798 - INFO - ============================================================
2026-03-09 15:25:28,800 - INFO -   Report generated successfully
2026-03-09 15:25:28,800 - INFO - ============================================================
2026-03-09 15:25:28,800 - INFO - ✅ ALL STEPS COMPLETED SUCCESSFULLY
2026-03-09 15:25:28,801 - INFO - 📁 Data saved to: stock_intelligence/2026-03-09/
2026-03-09 15:25:28,801 - INFO - ============================================================

📊 Collection Summary:
  • Option chains: 0 stocks
  • Gainers: 0
  • Losers: 0
  • OI Spurts: 0
  • Predictions: 0

📁 Data saved to: stock_intelligence/2026-03-09/
[2026-03-09 15:25:28] ==============================================
[2026-03-09 15:25:28] ✅ COLLECTION COMPLETED
[2026-03-09 15:25:28] ==============================================
