[2026-03-19 15:25:01] ==============================================
[2026-03-19 15:25:01] 🚀 STOCK INTELLIGENCE COLLECTOR
[2026-03-19 15:25:01] ==============================================
2026-03-19 15:25:01,766 - INFO - ============================================================
2026-03-19 15:25:01,767 - INFO - 🚀 STOCK INTELLIGENCE COLLECTOR
2026-03-19 15:25:01,767 - INFO - 📅 Date: 2026-03-19
2026-03-19 15:25:01,767 - INFO - ============================================================
2026-03-19 15:25:01,767 - INFO - ============================================================
2026-03-19 15:25:01,767 - INFO - STEP 1: Collecting Option Chains
2026-03-19 15:25:01,767 - INFO - ============================================================
2026-03-19 15:25:01,767 - INFO - [1/10] Fetching RELIANCE...
2026-03-19 15:25:01,767 - INFO - Initializing NSE session...
2026-03-19 15:25:02,538 - WARNING -   ❌ RELIANCE: Failed
2026-03-19 15:25:04,538 - INFO - [2/10] Fetching HDFCBANK...
2026-03-19 15:25:04,539 - INFO - Initializing NSE session...
2026-03-19 15:25:05,469 - WARNING -   ❌ HDFCBANK: Failed
2026-03-19 15:25:07,470 - INFO - [3/10] Fetching ICICIBANK...
2026-03-19 15:25:07,470 - INFO - Initializing NSE session...
2026-03-19 15:25:08,131 - WARNING -   ❌ ICICIBANK: Failed
2026-03-19 15:25:10,132 - INFO - [4/10] Fetching INFY...
2026-03-19 15:25:10,132 - INFO - Initializing NSE session...
2026-03-19 15:25:10,794 - WARNING -   ❌ INFY: Failed
2026-03-19 15:25:12,794 - INFO - [5/10] Fetching TCS...
2026-03-19 15:25:12,795 - INFO - Initializing NSE session...
2026-03-19 15:25:13,457 - WARNING -   ❌ TCS: Failed
2026-03-19 15:25:15,458 - INFO - [6/10] Fetching SBIN...
2026-03-19 15:25:15,458 - INFO - Initializing NSE session...
2026-03-19 15:25:16,208 - WARNING -   ❌ SBIN: Failed
2026-03-19 15:25:18,209 - INFO - [7/10] Fetching AXISBANK...
2026-03-19 15:25:18,209 - INFO - Initializing NSE session...
2026-03-19 15:25:18,986 - WARNING -   ❌ AXISBANK: Failed
2026-03-19 15:25:20,987 - INFO - [8/10] Fetching KOTAKBANK...
2026-03-19 15:25:20,987 - INFO - Initializing NSE session...
2026-03-19 15:25:21,762 - WARNING -   ❌ KOTAKBANK: Failed
2026-03-19 15:25:23,762 - INFO - [9/10] Fetching BAJFINANCE...
2026-03-19 15:25:23,763 - INFO - Initializing NSE session...
2026-03-19 15:25:24,312 - WARNING -   ❌ BAJFINANCE: Failed
2026-03-19 15:25:26,313 - INFO - [10/10] Fetching TATAMOTORS...
2026-03-19 15:25:26,313 - INFO - Initializing NSE session...
2026-03-19 15:25:26,884 - WARNING -   ❌ TATAMOTORS: Failed
2026-03-19 15:25:28,884 - INFO - Collected: 0, Failed: 10
2026-03-19 15:25:28,884 - INFO - ============================================================
2026-03-19 15:25:28,884 - INFO - STEP 2: Collecting Gainers/Losers
2026-03-19 15:25:28,885 - INFO - ============================================================
2026-03-19 15:25:28,885 - INFO - Initializing NSE session...
2026-03-19 15:25:30,427 - INFO - Initializing NSE session...
2026-03-19 15:25:31,070 - INFO -   Gainers: 0
2026-03-19 15:25:31,070 - INFO -   Losers: 0
2026-03-19 15:25:31,070 - INFO - ============================================================
2026-03-19 15:25:31,070 - INFO - STEP 3: Detecting OI Spurts
2026-03-19 15:25:31,071 - INFO - ============================================================
2026-03-19 15:25:31,072 - INFO -   Total Spurts: 0
2026-03-19 15:25:31,073 - INFO -   Long Buildups: 0
2026-03-19 15:25:31,073 - INFO -   Short Buildups: 0
2026-03-19 15:25:31,073 - INFO -   Market Sentiment: NEUTRAL
2026-03-19 15:25:31,073 - INFO - ============================================================
2026-03-19 15:25:31,073 - INFO - STEP 4: Generating Predictions
2026-03-19 15:25:31,074 - INFO - ============================================================
2026-03-19 15:25:31,075 - INFO -   Total Predictions: 0
2026-03-19 15:25:31,076 - INFO -   Top Bullish: []
2026-03-19 15:25:31,076 - INFO -   Top Bearish: []
2026-03-19 15:25:31,076 - INFO - ============================================================
2026-03-19 15:25:31,076 - INFO - STEP 5: Generating Daily Report
2026-03-19 15:25:31,076 - INFO - ============================================================
2026-03-19 15:25:31,078 - INFO -   Report generated successfully
2026-03-19 15:25:31,078 - INFO - ============================================================
2026-03-19 15:25:31,078 - INFO - ✅ ALL STEPS COMPLETED SUCCESSFULLY
2026-03-19 15:25:31,078 - INFO - 📁 Data saved to: stock_intelligence/2026-03-19/
2026-03-19 15:25:31,078 - INFO - ============================================================

📊 Collection Summary:
  • Option chains: 0 stocks
  • Gainers: 0
  • Losers: 0
  • OI Spurts: 0
  • Predictions: 0

📁 Data saved to: stock_intelligence/2026-03-19/
[2026-03-19 15:25:31] ==============================================
[2026-03-19 15:25:31] ✅ COLLECTION COMPLETED
[2026-03-19 15:25:31] ==============================================
