[2026-06-16 15:25:01] ==============================================
[2026-06-16 15:25:01] 🚀 STOCK INTELLIGENCE COLLECTOR
[2026-06-16 15:25:01] ==============================================
2026-06-16 15:25:01,781 - INFO - ============================================================
2026-06-16 15:25:01,782 - INFO - 🚀 STOCK INTELLIGENCE COLLECTOR
2026-06-16 15:25:01,782 - INFO - 📅 Date: 2026-06-16
2026-06-16 15:25:01,782 - INFO - ============================================================
2026-06-16 15:25:01,782 - INFO - ============================================================
2026-06-16 15:25:01,782 - INFO - STEP 1: Collecting Option Chains
2026-06-16 15:25:01,782 - INFO - ============================================================
2026-06-16 15:25:01,782 - INFO - [1/10] Fetching RELIANCE...
2026-06-16 15:25:01,782 - INFO - Initializing NSE session...
2026-06-16 15:25:01,787 - ERROR - Session init error: HTTPSConnectionPool(host='www.nseindia.com', port=443): Max retries exceeded with url: / (Caused by NameResolutionError("<urllib3.connection.HTTPSConnection object at 0x720706679160>: Failed to resolve 'www.nseindia.com' ([Errno -3] Temporary failure in name resolution)"))
2026-06-16 15:25:01,788 - WARNING -   ❌ RELIANCE: Failed
2026-06-16 15:25:03,788 - INFO - [2/10] Fetching HDFCBANK...
2026-06-16 15:25:03,788 - INFO - Initializing NSE session...
2026-06-16 15:25:03,791 - ERROR - Session init error: HTTPSConnectionPool(host='www.nseindia.com', port=443): Max retries exceeded with url: / (Caused by NameResolutionError("<urllib3.connection.HTTPSConnection object at 0x720706680f50>: Failed to resolve 'www.nseindia.com' ([Errno -3] Temporary failure in name resolution)"))
2026-06-16 15:25:03,791 - WARNING -   ❌ HDFCBANK: Failed
2026-06-16 15:25:05,791 - INFO - [3/10] Fetching ICICIBANK...
2026-06-16 15:25:05,791 - INFO - Initializing NSE session...
2026-06-16 15:25:05,794 - ERROR - Session init error: HTTPSConnectionPool(host='www.nseindia.com', port=443): Max retries exceeded with url: / (Caused by NameResolutionError("<urllib3.connection.HTTPSConnection object at 0x720706681590>: Failed to resolve 'www.nseindia.com' ([Errno -3] Temporary failure in name resolution)"))
2026-06-16 15:25:05,794 - WARNING -   ❌ ICICIBANK: Failed
2026-06-16 15:25:07,794 - INFO - [4/10] Fetching INFY...
2026-06-16 15:25:07,795 - INFO - Initializing NSE session...
2026-06-16 15:25:07,798 - ERROR - Session init error: HTTPSConnectionPool(host='www.nseindia.com', port=443): Max retries exceeded with url: / (Caused by NameResolutionError("<urllib3.connection.HTTPSConnection object at 0x720706681810>: Failed to resolve 'www.nseindia.com' ([Errno -3] Temporary failure in name resolution)"))
2026-06-16 15:25:07,798 - WARNING -   ❌ INFY: Failed
2026-06-16 15:25:09,800 - INFO - [5/10] Fetching TCS...
2026-06-16 15:25:09,800 - INFO - Initializing NSE session...
2026-06-16 15:25:09,803 - ERROR - Session init error: HTTPSConnectionPool(host='www.nseindia.com', port=443): Max retries exceeded with url: / (Caused by NameResolutionError("<urllib3.connection.HTTPSConnection object at 0x720706681d10>: Failed to resolve 'www.nseindia.com' ([Errno -3] Temporary failure in name resolution)"))
2026-06-16 15:25:09,803 - WARNING -   ❌ TCS: Failed
2026-06-16 15:25:11,804 - INFO - [6/10] Fetching SBIN...
2026-06-16 15:25:11,804 - INFO - Initializing NSE session...
2026-06-16 15:25:11,807 - ERROR - Session init error: HTTPSConnectionPool(host='www.nseindia.com', port=443): Max retries exceeded with url: / (Caused by NameResolutionError("<urllib3.connection.HTTPSConnection object at 0x720706681a90>: Failed to resolve 'www.nseindia.com' ([Errno -3] Temporary failure in name resolution)"))
2026-06-16 15:25:11,807 - WARNING -   ❌ SBIN: Failed
2026-06-16 15:25:13,807 - INFO - [7/10] Fetching AXISBANK...
2026-06-16 15:25:13,807 - INFO - Initializing NSE session...
2026-06-16 15:25:13,810 - ERROR - Session init error: HTTPSConnectionPool(host='www.nseindia.com', port=443): Max retries exceeded with url: / (Caused by NameResolutionError("<urllib3.connection.HTTPSConnection object at 0x7207066811d0>: Failed to resolve 'www.nseindia.com' ([Errno -3] Temporary failure in name resolution)"))
2026-06-16 15:25:13,810 - WARNING -   ❌ AXISBANK: Failed
2026-06-16 15:25:15,810 - INFO - [8/10] Fetching KOTAKBANK...
2026-06-16 15:25:15,811 - INFO - Initializing NSE session...
2026-06-16 15:25:15,813 - ERROR - Session init error: HTTPSConnectionPool(host='www.nseindia.com', port=443): Max retries exceeded with url: / (Caused by NameResolutionError("<urllib3.connection.HTTPSConnection object at 0x720706681310>: Failed to resolve 'www.nseindia.com' ([Errno -3] Temporary failure in name resolution)"))
2026-06-16 15:25:15,814 - WARNING -   ❌ KOTAKBANK: Failed
2026-06-16 15:25:17,814 - INFO - [9/10] Fetching BAJFINANCE...
2026-06-16 15:25:17,814 - INFO - Initializing NSE session...
2026-06-16 15:25:17,817 - ERROR - Session init error: HTTPSConnectionPool(host='www.nseindia.com', port=443): Max retries exceeded with url: / (Caused by NameResolutionError("<urllib3.connection.HTTPSConnection object at 0x720706680f50>: Failed to resolve 'www.nseindia.com' ([Errno -3] Temporary failure in name resolution)"))
2026-06-16 15:25:17,817 - WARNING -   ❌ BAJFINANCE: Failed
2026-06-16 15:25:19,817 - INFO - [10/10] Fetching TATAMOTORS...
2026-06-16 15:25:19,818 - INFO - Initializing NSE session...
2026-06-16 15:25:19,820 - ERROR - Session init error: HTTPSConnectionPool(host='www.nseindia.com', port=443): Max retries exceeded with url: / (Caused by NameResolutionError("<urllib3.connection.HTTPSConnection object at 0x720706680550>: Failed to resolve 'www.nseindia.com' ([Errno -3] Temporary failure in name resolution)"))
2026-06-16 15:25:19,821 - WARNING -   ❌ TATAMOTORS: Failed
2026-06-16 15:25:21,821 - INFO - Collected: 0, Failed: 10
2026-06-16 15:25:21,821 - INFO - ============================================================
2026-06-16 15:25:21,821 - INFO - STEP 2: Collecting Gainers/Losers
2026-06-16 15:25:21,821 - INFO - ============================================================
2026-06-16 15:25:21,821 - INFO - Initializing NSE session...
2026-06-16 15:25:21,824 - ERROR - Session init error: HTTPSConnectionPool(host='www.nseindia.com', port=443): Max retries exceeded with url: / (Caused by NameResolutionError("<urllib3.connection.HTTPSConnection object at 0x720706680190>: Failed to resolve 'www.nseindia.com' ([Errno -3] Temporary failure in name resolution)"))
2026-06-16 15:25:22,825 - INFO - Initializing NSE session...
2026-06-16 15:25:22,828 - ERROR - Session init error: HTTPSConnectionPool(host='www.nseindia.com', port=443): Max retries exceeded with url: / (Caused by NameResolutionError("<urllib3.connection.HTTPSConnection object at 0x720706681e50>: Failed to resolve 'www.nseindia.com' ([Errno -3] Temporary failure in name resolution)"))
2026-06-16 15:25:22,833 - INFO -   Gainers: 0
2026-06-16 15:25:22,833 - INFO -   Losers: 0
2026-06-16 15:25:22,833 - INFO - ============================================================
2026-06-16 15:25:22,833 - INFO - STEP 3: Detecting OI Spurts
2026-06-16 15:25:22,833 - INFO - ============================================================
2026-06-16 15:25:22,834 - INFO -   Total Spurts: 0
2026-06-16 15:25:22,834 - INFO -   Long Buildups: 0
2026-06-16 15:25:22,834 - INFO -   Short Buildups: 0
2026-06-16 15:25:22,834 - INFO -   Market Sentiment: NEUTRAL
2026-06-16 15:25:22,834 - INFO - ============================================================
2026-06-16 15:25:22,834 - INFO - STEP 4: Generating Predictions
2026-06-16 15:25:22,834 - INFO - ============================================================
2026-06-16 15:25:22,835 - INFO -   Total Predictions: 0
2026-06-16 15:25:22,835 - INFO -   Top Bullish: []
2026-06-16 15:25:22,835 - INFO -   Top Bearish: []
2026-06-16 15:25:22,836 - INFO - ============================================================
2026-06-16 15:25:22,836 - INFO - STEP 5: Generating Daily Report
2026-06-16 15:25:22,836 - INFO - ============================================================
2026-06-16 15:25:22,837 - INFO -   Report generated successfully
2026-06-16 15:25:22,837 - INFO - ============================================================
2026-06-16 15:25:22,837 - INFO - ✅ ALL STEPS COMPLETED SUCCESSFULLY
2026-06-16 15:25:22,837 - INFO - 📁 Data saved to: stock_intelligence/2026-06-16/
2026-06-16 15:25:22,837 - INFO - ============================================================

📊 Collection Summary:
  • Option chains: 0 stocks
  • Gainers: 0
  • Losers: 0
  • OI Spurts: 0
  • Predictions: 0

📁 Data saved to: stock_intelligence/2026-06-16/
[2026-06-16 15:25:22] ==============================================
[2026-06-16 15:25:22] ✅ COLLECTION COMPLETED
[2026-06-16 15:25:22] ==============================================
