[2026-02-24 15:25:01] ==============================================
[2026-02-24 15:25:01] 🚀 STOCK INTELLIGENCE COLLECTOR
[2026-02-24 15:25:01] ==============================================
2026-02-24 15:25:01,714 - INFO - ============================================================
2026-02-24 15:25:01,714 - INFO - 🚀 STOCK INTELLIGENCE COLLECTOR
2026-02-24 15:25:01,715 - INFO - 📅 Date: 2026-02-24
2026-02-24 15:25:01,715 - INFO - ============================================================
2026-02-24 15:25:01,715 - INFO - ============================================================
2026-02-24 15:25:01,715 - INFO - STEP 1: Collecting Option Chains
2026-02-24 15:25:01,715 - INFO - ============================================================
2026-02-24 15:25:01,715 - INFO - [1/10] Fetching RELIANCE...
2026-02-24 15:25:01,715 - INFO - Initializing NSE session...
2026-02-24 15:25:02,773 - WARNING -   ❌ RELIANCE: Failed
2026-02-24 15:25:04,773 - INFO - [2/10] Fetching HDFCBANK...
2026-02-24 15:25:04,773 - INFO - Initializing NSE session...
2026-02-24 15:25:05,036 - WARNING -   ❌ HDFCBANK: Failed
2026-02-24 15:25:07,037 - INFO - [3/10] Fetching ICICIBANK...
2026-02-24 15:25:07,037 - INFO - Initializing NSE session...
2026-02-24 15:25:07,893 - WARNING -   ❌ ICICIBANK: Failed
2026-02-24 15:25:09,893 - INFO - [4/10] Fetching INFY...
2026-02-24 15:25:09,893 - INFO - Initializing NSE session...
2026-02-24 15:25:10,971 - WARNING -   ❌ INFY: Failed
2026-02-24 15:25:12,971 - INFO - [5/10] Fetching TCS...
2026-02-24 15:25:12,972 - INFO - Initializing NSE session...
2026-02-24 15:25:13,622 - WARNING -   ❌ TCS: Failed
2026-02-24 15:25:15,623 - INFO - [6/10] Fetching SBIN...
2026-02-24 15:25:15,623 - INFO - Initializing NSE session...
2026-02-24 15:25:15,979 - WARNING -   ❌ SBIN: Failed
2026-02-24 15:25:17,980 - INFO - [7/10] Fetching AXISBANK...
2026-02-24 15:25:17,980 - INFO - Initializing NSE session...
2026-02-24 15:25:18,331 - WARNING -   ❌ AXISBANK: Failed
2026-02-24 15:25:20,332 - INFO - [8/10] Fetching KOTAKBANK...
2026-02-24 15:25:20,332 - INFO - Initializing NSE session...
2026-02-24 15:25:21,094 - WARNING -   ❌ KOTAKBANK: Failed
2026-02-24 15:25:23,094 - INFO - [9/10] Fetching BAJFINANCE...
2026-02-24 15:25:23,094 - INFO - Initializing NSE session...
2026-02-24 15:25:23,863 - WARNING -   ❌ BAJFINANCE: Failed
2026-02-24 15:25:25,864 - INFO - [10/10] Fetching TATAMOTORS...
2026-02-24 15:25:25,864 - INFO - Initializing NSE session...
2026-02-24 15:25:26,168 - WARNING -   ❌ TATAMOTORS: Failed
2026-02-24 15:25:28,169 - INFO - Collected: 0, Failed: 10
2026-02-24 15:25:28,169 - INFO - ============================================================
2026-02-24 15:25:28,169 - INFO - STEP 2: Collecting Gainers/Losers
2026-02-24 15:25:28,169 - INFO - ============================================================
2026-02-24 15:25:28,169 - INFO - Initializing NSE session...
2026-02-24 15:25:29,776 - INFO - Initializing NSE session...
2026-02-24 15:25:31,028 - INFO -   Gainers: 0
2026-02-24 15:25:31,029 - INFO -   Losers: 0
2026-02-24 15:25:31,029 - INFO - ============================================================
2026-02-24 15:25:31,029 - INFO - STEP 3: Detecting OI Spurts
2026-02-24 15:25:31,029 - INFO - ============================================================
2026-02-24 15:25:31,031 - INFO -   Total Spurts: 0
2026-02-24 15:25:31,031 - INFO -   Long Buildups: 0
2026-02-24 15:25:31,031 - INFO -   Short Buildups: 0
2026-02-24 15:25:31,031 - INFO -   Market Sentiment: NEUTRAL
2026-02-24 15:25:31,031 - INFO - ============================================================
2026-02-24 15:25:31,032 - INFO - STEP 4: Generating Predictions
2026-02-24 15:25:31,032 - INFO - ============================================================
2026-02-24 15:25:31,033 - INFO -   Total Predictions: 0
2026-02-24 15:25:31,033 - INFO -   Top Bullish: []
2026-02-24 15:25:31,033 - INFO -   Top Bearish: []
2026-02-24 15:25:31,034 - INFO - ============================================================
2026-02-24 15:25:31,034 - INFO - STEP 5: Generating Daily Report
2026-02-24 15:25:31,034 - INFO - ============================================================
2026-02-24 15:25:31,036 - INFO -   Report generated successfully
2026-02-24 15:25:31,036 - INFO - ============================================================
2026-02-24 15:25:31,036 - INFO - ✅ ALL STEPS COMPLETED SUCCESSFULLY
2026-02-24 15:25:31,036 - INFO - 📁 Data saved to: stock_intelligence/2026-02-24/
2026-02-24 15:25:31,036 - INFO - ============================================================

📊 Collection Summary:
  • Option chains: 0 stocks
  • Gainers: 0
  • Losers: 0
  • OI Spurts: 0
  • Predictions: 0

📁 Data saved to: stock_intelligence/2026-02-24/
[2026-02-24 15:25:31] ==============================================
[2026-02-24 15:25:31] ✅ COLLECTION COMPLETED
[2026-02-24 15:25:31] ==============================================
