[2026-04-07 17:24:02] ==============================================
[2026-04-07 17:24:02] 🚀 STOCK INTELLIGENCE COLLECTOR
[2026-04-07 17:24:02] ==============================================
2026-04-07 17:24:02,415 - INFO - ============================================================
2026-04-07 17:24:02,415 - INFO - 🚀 STOCK INTELLIGENCE COLLECTOR
2026-04-07 17:24:02,415 - INFO - 📅 Date: 2026-04-07
2026-04-07 17:24:02,415 - INFO - ============================================================
2026-04-07 17:24:02,415 - INFO - ============================================================
2026-04-07 17:24:02,416 - INFO - STEP 1: Collecting Option Chains
2026-04-07 17:24:02,416 - INFO - ============================================================
2026-04-07 17:24:02,416 - INFO - [1/10] Fetching RELIANCE...
2026-04-07 17:24:02,416 - INFO - Initializing NSE session...
2026-04-07 17:24:02,597 - WARNING -   ❌ RELIANCE: Failed
2026-04-07 17:24:04,597 - INFO - [2/10] Fetching HDFCBANK...
2026-04-07 17:24:04,597 - INFO - Initializing NSE session...
2026-04-07 17:24:04,804 - WARNING -   ❌ HDFCBANK: Failed
2026-04-07 17:24:06,804 - INFO - [3/10] Fetching ICICIBANK...
2026-04-07 17:24:06,804 - INFO - Initializing NSE session...
2026-04-07 17:24:06,960 - WARNING -   ❌ ICICIBANK: Failed
2026-04-07 17:24:08,960 - INFO - [4/10] Fetching INFY...
2026-04-07 17:24:08,960 - INFO - Initializing NSE session...
2026-04-07 17:24:09,098 - WARNING -   ❌ INFY: Failed
2026-04-07 17:24:11,098 - INFO - [5/10] Fetching TCS...
2026-04-07 17:24:11,099 - INFO - Initializing NSE session...
2026-04-07 17:24:11,239 - WARNING -   ❌ TCS: Failed
2026-04-07 17:24:13,240 - INFO - [6/10] Fetching SBIN...
2026-04-07 17:24:13,240 - INFO - Initializing NSE session...
2026-04-07 17:24:13,385 - WARNING -   ❌ SBIN: Failed
2026-04-07 17:24:15,385 - INFO - [7/10] Fetching AXISBANK...
2026-04-07 17:24:15,386 - INFO - Initializing NSE session...
2026-04-07 17:24:15,520 - WARNING -   ❌ AXISBANK: Failed
2026-04-07 17:24:17,520 - INFO - [8/10] Fetching KOTAKBANK...
2026-04-07 17:24:17,521 - INFO - Initializing NSE session...
2026-04-07 17:24:17,735 - WARNING -   ❌ KOTAKBANK: Failed
2026-04-07 17:24:19,736 - INFO - [9/10] Fetching BAJFINANCE...
2026-04-07 17:24:19,736 - INFO - Initializing NSE session...
2026-04-07 17:24:19,869 - WARNING -   ❌ BAJFINANCE: Failed
2026-04-07 17:24:21,869 - INFO - [10/10] Fetching TATAMOTORS...
2026-04-07 17:24:21,869 - INFO - Initializing NSE session...
2026-04-07 17:24:22,007 - WARNING -   ❌ TATAMOTORS: Failed
2026-04-07 17:24:24,007 - INFO - Collected: 0, Failed: 10
2026-04-07 17:24:24,007 - INFO - ============================================================
2026-04-07 17:24:24,007 - INFO - STEP 2: Collecting Gainers/Losers
2026-04-07 17:24:24,007 - INFO - ============================================================
2026-04-07 17:24:24,008 - INFO - Initializing NSE session...
2026-04-07 17:24:25,155 - INFO - Initializing NSE session...
2026-04-07 17:24:25,390 - INFO -   Gainers: 0
2026-04-07 17:24:25,391 - INFO -   Losers: 0
2026-04-07 17:24:25,391 - INFO - ============================================================
2026-04-07 17:24:25,391 - INFO - STEP 3: Detecting OI Spurts
2026-04-07 17:24:25,391 - INFO - ============================================================
2026-04-07 17:24:25,392 - INFO -   Total Spurts: 0
2026-04-07 17:24:25,392 - INFO -   Long Buildups: 0
2026-04-07 17:24:25,392 - INFO -   Short Buildups: 0
2026-04-07 17:24:25,392 - INFO -   Market Sentiment: NEUTRAL
2026-04-07 17:24:25,392 - INFO - ============================================================
2026-04-07 17:24:25,392 - INFO - STEP 4: Generating Predictions
2026-04-07 17:24:25,392 - INFO - ============================================================
2026-04-07 17:24:25,393 - INFO -   Total Predictions: 0
2026-04-07 17:24:25,393 - INFO -   Top Bullish: []
2026-04-07 17:24:25,393 - INFO -   Top Bearish: []
2026-04-07 17:24:25,393 - INFO - ============================================================
2026-04-07 17:24:25,393 - INFO - STEP 5: Generating Daily Report
2026-04-07 17:24:25,393 - INFO - ============================================================
2026-04-07 17:24:25,394 - INFO -   Report generated successfully
2026-04-07 17:24:25,394 - INFO - ============================================================
2026-04-07 17:24:25,394 - INFO - ✅ ALL STEPS COMPLETED SUCCESSFULLY
2026-04-07 17:24:25,394 - INFO - 📁 Data saved to: stock_intelligence/2026-04-07/
2026-04-07 17:24:25,394 - INFO - ============================================================

📊 Collection Summary:
  • Option chains: 0 stocks
  • Gainers: 0
  • Losers: 0
  • OI Spurts: 0
  • Predictions: 0

📁 Data saved to: stock_intelligence/2026-04-07/
[2026-04-07 17:24:25] ==============================================
[2026-04-07 17:24:25] ✅ COLLECTION COMPLETED
[2026-04-07 17:24:25] ==============================================
