[2026-06-25 15:25:01] ==============================================
[2026-06-25 15:25:01] 🚀 STOCK INTELLIGENCE COLLECTOR
[2026-06-25 15:25:01] ==============================================
2026-06-25 15:25:02,452 - INFO - ============================================================
2026-06-25 15:25:02,452 - INFO - 🚀 STOCK INTELLIGENCE COLLECTOR
2026-06-25 15:25:02,452 - INFO - 📅 Date: 2026-06-25
2026-06-25 15:25:02,452 - INFO - ============================================================
2026-06-25 15:25:02,452 - INFO - ============================================================
2026-06-25 15:25:02,452 - INFO - STEP 1: Collecting Option Chains
2026-06-25 15:25:02,452 - INFO - ============================================================
2026-06-25 15:25:02,452 - INFO - [1/10] Fetching RELIANCE...
2026-06-25 15:25:02,452 - INFO - Initializing NSE session...
2026-06-25 15:25:03,478 - WARNING -   ❌ RELIANCE: Failed
2026-06-25 15:25:05,479 - INFO - [2/10] Fetching HDFCBANK...
2026-06-25 15:25:05,479 - INFO - Initializing NSE session...
2026-06-25 15:25:06,243 - WARNING -   ❌ HDFCBANK: Failed
2026-06-25 15:25:08,243 - INFO - [3/10] Fetching ICICIBANK...
2026-06-25 15:25:08,243 - INFO - Initializing NSE session...
2026-06-25 15:25:09,111 - WARNING -   ❌ ICICIBANK: Failed
2026-06-25 15:25:11,111 - INFO - [4/10] Fetching INFY...
2026-06-25 15:25:11,112 - INFO - Initializing NSE session...
2026-06-25 15:25:11,990 - WARNING -   ❌ INFY: Failed
2026-06-25 15:25:13,991 - INFO - [5/10] Fetching TCS...
2026-06-25 15:25:13,991 - INFO - Initializing NSE session...
2026-06-25 15:25:14,429 - WARNING -   ❌ TCS: Failed
2026-06-25 15:25:16,429 - INFO - [6/10] Fetching SBIN...
2026-06-25 15:25:16,430 - INFO - Initializing NSE session...
2026-06-25 15:25:17,303 - WARNING -   ❌ SBIN: Failed
2026-06-25 15:25:19,304 - INFO - [7/10] Fetching AXISBANK...
2026-06-25 15:25:19,304 - INFO - Initializing NSE session...
2026-06-25 15:25:19,726 - WARNING -   ❌ AXISBANK: Failed
2026-06-25 15:25:21,726 - INFO - [8/10] Fetching KOTAKBANK...
2026-06-25 15:25:21,726 - INFO - Initializing NSE session...
2026-06-25 15:25:22,628 - WARNING -   ❌ KOTAKBANK: Failed
2026-06-25 15:25:24,628 - INFO - [9/10] Fetching BAJFINANCE...
2026-06-25 15:25:24,628 - INFO - Initializing NSE session...
2026-06-25 15:25:25,494 - WARNING -   ❌ BAJFINANCE: Failed
2026-06-25 15:25:27,494 - INFO - [10/10] Fetching TATAMOTORS...
2026-06-25 15:25:27,494 - INFO - Initializing NSE session...
2026-06-25 15:25:28,138 - WARNING -   ❌ TATAMOTORS: Failed
2026-06-25 15:25:30,139 - INFO - Collected: 0, Failed: 10
2026-06-25 15:25:30,139 - INFO - ============================================================
2026-06-25 15:25:30,139 - INFO - STEP 2: Collecting Gainers/Losers
2026-06-25 15:25:30,139 - INFO - ============================================================
2026-06-25 15:25:30,139 - INFO - Initializing NSE session...
2026-06-25 15:25:32,025 - INFO - Initializing NSE session...
2026-06-25 15:25:32,444 - INFO -   Gainers: 0
2026-06-25 15:25:32,444 - INFO -   Losers: 0
2026-06-25 15:25:32,444 - INFO - ============================================================
2026-06-25 15:25:32,444 - INFO - STEP 3: Detecting OI Spurts
2026-06-25 15:25:32,444 - INFO - ============================================================
2026-06-25 15:25:32,445 - INFO -   Total Spurts: 0
2026-06-25 15:25:32,445 - INFO -   Long Buildups: 0
2026-06-25 15:25:32,445 - INFO -   Short Buildups: 0
2026-06-25 15:25:32,445 - INFO -   Market Sentiment: NEUTRAL
2026-06-25 15:25:32,445 - INFO - ============================================================
2026-06-25 15:25:32,445 - INFO - STEP 4: Generating Predictions
2026-06-25 15:25:32,446 - INFO - ============================================================
2026-06-25 15:25:32,446 - INFO -   Total Predictions: 0
2026-06-25 15:25:32,446 - INFO -   Top Bullish: []
2026-06-25 15:25:32,446 - INFO -   Top Bearish: []
2026-06-25 15:25:32,446 - INFO - ============================================================
2026-06-25 15:25:32,446 - INFO - STEP 5: Generating Daily Report
2026-06-25 15:25:32,446 - INFO - ============================================================
2026-06-25 15:25:32,447 - INFO -   Report generated successfully
2026-06-25 15:25:32,447 - INFO - ============================================================
2026-06-25 15:25:32,447 - INFO - ✅ ALL STEPS COMPLETED SUCCESSFULLY
2026-06-25 15:25:32,447 - INFO - 📁 Data saved to: stock_intelligence/2026-06-25/
2026-06-25 15:25:32,447 - INFO - ============================================================

📊 Collection Summary:
  • Option chains: 0 stocks
  • Gainers: 0
  • Losers: 0
  • OI Spurts: 0
  • Predictions: 0

📁 Data saved to: stock_intelligence/2026-06-25/
[2026-06-25 15:25:32] ==============================================
[2026-06-25 15:25:32] ✅ COLLECTION COMPLETED
[2026-06-25 15:25:32] ==============================================
