[2026-05-07 15:25:01] ==============================================
[2026-05-07 15:25:01] 🚀 STOCK INTELLIGENCE COLLECTOR
[2026-05-07 15:25:01] ==============================================
2026-05-07 15:25:01,821 - INFO - ============================================================
2026-05-07 15:25:01,821 - INFO - 🚀 STOCK INTELLIGENCE COLLECTOR
2026-05-07 15:25:01,821 - INFO - 📅 Date: 2026-05-07
2026-05-07 15:25:01,821 - INFO - ============================================================
2026-05-07 15:25:01,821 - INFO - ============================================================
2026-05-07 15:25:01,821 - INFO - STEP 1: Collecting Option Chains
2026-05-07 15:25:01,821 - INFO - ============================================================
2026-05-07 15:25:01,822 - INFO - [1/10] Fetching RELIANCE...
2026-05-07 15:25:01,822 - INFO - Initializing NSE session...
2026-05-07 15:25:01,913 - ERROR - Session init error: HTTPSConnectionPool(host='www.nseindia.com', port=443): Max retries exceeded with url: / (Caused by NameResolutionError("<urllib3.connection.HTTPSConnection object at 0x788890899160>: Failed to resolve 'www.nseindia.com' ([Errno -3] Temporary failure in name resolution)"))
2026-05-07 15:25:01,913 - WARNING -   ❌ RELIANCE: Failed
2026-05-07 15:25:03,914 - INFO - [2/10] Fetching HDFCBANK...
2026-05-07 15:25:03,914 - INFO - Initializing NSE session...
2026-05-07 15:25:04,179 - ERROR - Session init error: HTTPSConnectionPool(host='www.nseindia.com', port=443): Max retries exceeded with url: / (Caused by NameResolutionError("<urllib3.connection.HTTPSConnection object at 0x7888908a0f50>: Failed to resolve 'www.nseindia.com' ([Errno -3] Temporary failure in name resolution)"))
2026-05-07 15:25:04,179 - WARNING -   ❌ HDFCBANK: Failed
2026-05-07 15:25:06,179 - INFO - [3/10] Fetching ICICIBANK...
2026-05-07 15:25:06,180 - INFO - Initializing NSE session...
2026-05-07 15:25:06,201 - ERROR - Session init error: HTTPSConnectionPool(host='www.nseindia.com', port=443): Max retries exceeded with url: / (Caused by NameResolutionError("<urllib3.connection.HTTPSConnection object at 0x7888908a1590>: Failed to resolve 'www.nseindia.com' ([Errno -3] Temporary failure in name resolution)"))
2026-05-07 15:25:06,201 - WARNING -   ❌ ICICIBANK: Failed
2026-05-07 15:25:08,201 - INFO - [4/10] Fetching INFY...
2026-05-07 15:25:08,201 - INFO - Initializing NSE session...
2026-05-07 15:25:08,221 - ERROR - Session init error: HTTPSConnectionPool(host='www.nseindia.com', port=443): Max retries exceeded with url: / (Caused by NameResolutionError("<urllib3.connection.HTTPSConnection object at 0x7888908a1810>: Failed to resolve 'www.nseindia.com' ([Errno -3] Temporary failure in name resolution)"))
2026-05-07 15:25:08,221 - WARNING -   ❌ INFY: Failed
2026-05-07 15:25:10,221 - INFO - [5/10] Fetching TCS...
2026-05-07 15:25:10,222 - INFO - Initializing NSE session...
2026-05-07 15:25:10,255 - ERROR - Session init error: HTTPSConnectionPool(host='www.nseindia.com', port=443): Max retries exceeded with url: / (Caused by NameResolutionError("<urllib3.connection.HTTPSConnection object at 0x7888908a1d10>: Failed to resolve 'www.nseindia.com' ([Errno -3] Temporary failure in name resolution)"))
2026-05-07 15:25:10,255 - WARNING -   ❌ TCS: Failed
2026-05-07 15:25:12,256 - INFO - [6/10] Fetching SBIN...
2026-05-07 15:25:12,256 - INFO - Initializing NSE session...
2026-05-07 15:25:12,292 - ERROR - Session init error: HTTPSConnectionPool(host='www.nseindia.com', port=443): Max retries exceeded with url: / (Caused by NameResolutionError("<urllib3.connection.HTTPSConnection object at 0x7888908a1a90>: Failed to resolve 'www.nseindia.com' ([Errno -3] Temporary failure in name resolution)"))
2026-05-07 15:25:12,293 - WARNING -   ❌ SBIN: Failed
2026-05-07 15:25:14,293 - INFO - [7/10] Fetching AXISBANK...
2026-05-07 15:25:14,293 - INFO - Initializing NSE session...
2026-05-07 15:25:14,349 - ERROR - Session init error: HTTPSConnectionPool(host='www.nseindia.com', port=443): Max retries exceeded with url: / (Caused by NameResolutionError("<urllib3.connection.HTTPSConnection object at 0x7888908a11d0>: Failed to resolve 'www.nseindia.com' ([Errno -3] Temporary failure in name resolution)"))
2026-05-07 15:25:14,349 - WARNING -   ❌ AXISBANK: Failed
2026-05-07 15:25:16,349 - INFO - [8/10] Fetching KOTAKBANK...
2026-05-07 15:25:16,349 - INFO - Initializing NSE session...
2026-05-07 15:25:16,375 - ERROR - Session init error: HTTPSConnectionPool(host='www.nseindia.com', port=443): Max retries exceeded with url: / (Caused by NameResolutionError("<urllib3.connection.HTTPSConnection object at 0x7888908a1310>: Failed to resolve 'www.nseindia.com' ([Errno -3] Temporary failure in name resolution)"))
2026-05-07 15:25:16,376 - WARNING -   ❌ KOTAKBANK: Failed
2026-05-07 15:25:18,376 - INFO - [9/10] Fetching BAJFINANCE...
2026-05-07 15:25:18,376 - INFO - Initializing NSE session...
2026-05-07 15:25:18,391 - ERROR - Session init error: HTTPSConnectionPool(host='www.nseindia.com', port=443): Max retries exceeded with url: / (Caused by NameResolutionError("<urllib3.connection.HTTPSConnection object at 0x7888908a0f50>: Failed to resolve 'www.nseindia.com' ([Errno -3] Temporary failure in name resolution)"))
2026-05-07 15:25:18,391 - WARNING -   ❌ BAJFINANCE: Failed
2026-05-07 15:25:20,392 - INFO - [10/10] Fetching TATAMOTORS...
2026-05-07 15:25:20,392 - INFO - Initializing NSE session...
2026-05-07 15:25:20,413 - ERROR - Session init error: HTTPSConnectionPool(host='www.nseindia.com', port=443): Max retries exceeded with url: / (Caused by NameResolutionError("<urllib3.connection.HTTPSConnection object at 0x7888908a0550>: Failed to resolve 'www.nseindia.com' ([Errno -3] Temporary failure in name resolution)"))
2026-05-07 15:25:20,414 - WARNING -   ❌ TATAMOTORS: Failed
2026-05-07 15:25:22,415 - INFO - Collected: 0, Failed: 10
2026-05-07 15:25:22,415 - INFO - ============================================================
2026-05-07 15:25:22,415 - INFO - STEP 2: Collecting Gainers/Losers
2026-05-07 15:25:22,415 - INFO - ============================================================
2026-05-07 15:25:22,415 - INFO - Initializing NSE session...
2026-05-07 15:25:22,441 - ERROR - Session init error: HTTPSConnectionPool(host='www.nseindia.com', port=443): Max retries exceeded with url: / (Caused by NameResolutionError("<urllib3.connection.HTTPSConnection object at 0x7888908a0190>: Failed to resolve 'www.nseindia.com' ([Errno -3] Temporary failure in name resolution)"))
2026-05-07 15:25:23,442 - INFO - Initializing NSE session...
2026-05-07 15:25:23,475 - ERROR - Session init error: HTTPSConnectionPool(host='www.nseindia.com', port=443): Max retries exceeded with url: / (Caused by NameResolutionError("<urllib3.connection.HTTPSConnection object at 0x7888908a1e50>: Failed to resolve 'www.nseindia.com' ([Errno -3] Temporary failure in name resolution)"))
2026-05-07 15:25:23,476 - INFO -   Gainers: 0
2026-05-07 15:25:23,476 - INFO -   Losers: 0
2026-05-07 15:25:23,476 - INFO - ============================================================
2026-05-07 15:25:23,476 - INFO - STEP 3: Detecting OI Spurts
2026-05-07 15:25:23,476 - INFO - ============================================================
2026-05-07 15:25:23,477 - INFO -   Total Spurts: 0
2026-05-07 15:25:23,478 - INFO -   Long Buildups: 0
2026-05-07 15:25:23,478 - INFO -   Short Buildups: 0
2026-05-07 15:25:23,478 - INFO -   Market Sentiment: NEUTRAL
2026-05-07 15:25:23,478 - INFO - ============================================================
2026-05-07 15:25:23,478 - INFO - STEP 4: Generating Predictions
2026-05-07 15:25:23,478 - INFO - ============================================================
2026-05-07 15:25:23,479 - INFO -   Total Predictions: 0
2026-05-07 15:25:23,480 - INFO -   Top Bullish: []
2026-05-07 15:25:23,480 - INFO -   Top Bearish: []
2026-05-07 15:25:23,480 - INFO - ============================================================
2026-05-07 15:25:23,480 - INFO - STEP 5: Generating Daily Report
2026-05-07 15:25:23,480 - INFO - ============================================================
2026-05-07 15:25:23,481 - INFO -   Report generated successfully
2026-05-07 15:25:23,482 - INFO - ============================================================
2026-05-07 15:25:23,482 - INFO - ✅ ALL STEPS COMPLETED SUCCESSFULLY
2026-05-07 15:25:23,482 - INFO - 📁 Data saved to: stock_intelligence/2026-05-07/
2026-05-07 15:25:23,482 - INFO - ============================================================

📊 Collection Summary:
  • Option chains: 0 stocks
  • Gainers: 0
  • Losers: 0
  • OI Spurts: 0
  • Predictions: 0

📁 Data saved to: stock_intelligence/2026-05-07/
[2026-05-07 15:25:23] ==============================================
[2026-05-07 15:25:23] ✅ COLLECTION COMPLETED
[2026-05-07 15:25:23] ==============================================
