[2026-03-17 15:25:01] ==============================================
[2026-03-17 15:25:01] 🚀 STOCK INTELLIGENCE COLLECTOR
[2026-03-17 15:25:01] ==============================================
2026-03-17 15:25:01,653 - INFO - ============================================================
2026-03-17 15:25:01,653 - INFO - 🚀 STOCK INTELLIGENCE COLLECTOR
2026-03-17 15:25:01,654 - INFO - 📅 Date: 2026-03-17
2026-03-17 15:25:01,654 - INFO - ============================================================
2026-03-17 15:25:01,654 - INFO - ============================================================
2026-03-17 15:25:01,654 - INFO - STEP 1: Collecting Option Chains
2026-03-17 15:25:01,654 - INFO - ============================================================
2026-03-17 15:25:01,654 - INFO - [1/10] Fetching RELIANCE...
2026-03-17 15:25:01,654 - INFO - Initializing NSE session...
2026-03-17 15:25:02,415 - WARNING -   ❌ RELIANCE: Failed
2026-03-17 15:25:04,415 - INFO - [2/10] Fetching HDFCBANK...
2026-03-17 15:25:04,415 - INFO - Initializing NSE session...
2026-03-17 15:25:05,285 - WARNING -   ❌ HDFCBANK: Failed
2026-03-17 15:25:07,287 - INFO - [3/10] Fetching ICICIBANK...
2026-03-17 15:25:07,287 - INFO - Initializing NSE session...
2026-03-17 15:25:08,154 - WARNING -   ❌ ICICIBANK: Failed
2026-03-17 15:25:10,154 - INFO - [4/10] Fetching INFY...
2026-03-17 15:25:10,154 - INFO - Initializing NSE session...
2026-03-17 15:25:10,814 - WARNING -   ❌ INFY: Failed
2026-03-17 15:25:12,814 - INFO - [5/10] Fetching TCS...
2026-03-17 15:25:12,815 - INFO - Initializing NSE session...
2026-03-17 15:25:13,681 - WARNING -   ❌ TCS: Failed
2026-03-17 15:25:15,682 - INFO - [6/10] Fetching SBIN...
2026-03-17 15:25:15,682 - INFO - Initializing NSE session...
2026-03-17 15:25:16,547 - WARNING -   ❌ SBIN: Failed
2026-03-17 15:25:18,547 - INFO - [7/10] Fetching AXISBANK...
2026-03-17 15:25:18,548 - INFO - Initializing NSE session...
2026-03-17 15:25:19,415 - WARNING -   ❌ AXISBANK: Failed
2026-03-17 15:25:21,415 - INFO - [8/10] Fetching KOTAKBANK...
2026-03-17 15:25:21,416 - INFO - Initializing NSE session...
2026-03-17 15:25:22,479 - WARNING -   ❌ KOTAKBANK: Failed
2026-03-17 15:25:24,479 - INFO - [9/10] Fetching BAJFINANCE...
2026-03-17 15:25:24,479 - INFO - Initializing NSE session...
2026-03-17 15:25:25,140 - WARNING -   ❌ BAJFINANCE: Failed
2026-03-17 15:25:27,141 - INFO - [10/10] Fetching TATAMOTORS...
2026-03-17 15:25:27,141 - INFO - Initializing NSE session...
2026-03-17 15:25:28,216 - WARNING -   ❌ TATAMOTORS: Failed
2026-03-17 15:25:30,217 - INFO - Collected: 0, Failed: 10
2026-03-17 15:25:30,217 - INFO - ============================================================
2026-03-17 15:25:30,217 - INFO - STEP 2: Collecting Gainers/Losers
2026-03-17 15:25:30,217 - INFO - ============================================================
2026-03-17 15:25:30,217 - INFO - Initializing NSE session...
2026-03-17 15:25:31,878 - INFO - Initializing NSE session...
2026-03-17 15:25:32,927 - INFO -   Gainers: 0
2026-03-17 15:25:32,928 - INFO -   Losers: 0
2026-03-17 15:25:32,928 - INFO - ============================================================
2026-03-17 15:25:32,928 - INFO - STEP 3: Detecting OI Spurts
2026-03-17 15:25:32,928 - INFO - ============================================================
2026-03-17 15:25:32,930 - INFO -   Total Spurts: 0
2026-03-17 15:25:32,930 - INFO -   Long Buildups: 0
2026-03-17 15:25:32,930 - INFO -   Short Buildups: 0
2026-03-17 15:25:32,930 - INFO -   Market Sentiment: NEUTRAL
2026-03-17 15:25:32,930 - INFO - ============================================================
2026-03-17 15:25:32,931 - INFO - STEP 4: Generating Predictions
2026-03-17 15:25:32,931 - INFO - ============================================================
2026-03-17 15:25:32,932 - INFO -   Total Predictions: 0
2026-03-17 15:25:32,932 - INFO -   Top Bullish: []
2026-03-17 15:25:32,932 - INFO -   Top Bearish: []
2026-03-17 15:25:32,933 - INFO - ============================================================
2026-03-17 15:25:32,933 - INFO - STEP 5: Generating Daily Report
2026-03-17 15:25:32,933 - INFO - ============================================================
2026-03-17 15:25:32,934 - INFO -   Report generated successfully
2026-03-17 15:25:32,934 - INFO - ============================================================
2026-03-17 15:25:32,934 - INFO - ✅ ALL STEPS COMPLETED SUCCESSFULLY
2026-03-17 15:25:32,934 - INFO - 📁 Data saved to: stock_intelligence/2026-03-17/
2026-03-17 15:25:32,935 - INFO - ============================================================

📊 Collection Summary:
  • Option chains: 0 stocks
  • Gainers: 0
  • Losers: 0
  • OI Spurts: 0
  • Predictions: 0

📁 Data saved to: stock_intelligence/2026-03-17/
[2026-03-17 15:25:32] ==============================================
[2026-03-17 15:25:32] ✅ COLLECTION COMPLETED
[2026-03-17 15:25:32] ==============================================
