[2026-08-10 15:35:01] ==============================================
[2026-08-10 15:35:01] 🚀 STOCK INTELLIGENCE COLLECTOR
[2026-08-10 15:35:01] ==============================================
2026-08-10 15:35:02,055 - INFO - ============================================================
2026-08-10 15:35:02,055 - INFO - 🚀 STOCK INTELLIGENCE COLLECTOR
2026-08-10 15:35:02,055 - INFO - 📅 Date: 2026-08-10
2026-08-10 15:35:02,055 - INFO - ============================================================
2026-08-10 15:35:02,055 - INFO - ============================================================
2026-08-10 15:35:02,055 - INFO - STEP 1: Collecting Option Chains
2026-08-10 15:35:02,055 - INFO - ============================================================
2026-08-10 15:35:02,055 - INFO - [1/10] Fetching RELIANCE...
2026-08-10 15:35:02,055 - INFO - Initializing NSE session...
2026-08-10 15:35:02,477 - WARNING -   ❌ RELIANCE: Failed
2026-08-10 15:35:04,478 - INFO - [2/10] Fetching HDFCBANK...
2026-08-10 15:35:04,478 - INFO - Initializing NSE session...
2026-08-10 15:35:07,863 - WARNING -   ❌ HDFCBANK: Failed
2026-08-10 15:35:09,863 - INFO - [3/10] Fetching ICICIBANK...
2026-08-10 15:35:09,864 - INFO - Initializing NSE session...
2026-08-10 15:35:11,294 - WARNING -   ❌ ICICIBANK: Failed
2026-08-10 15:35:13,294 - INFO - [4/10] Fetching INFY...
2026-08-10 15:35:13,294 - INFO - Initializing NSE session...
2026-08-10 15:35:15,366 - WARNING -   ❌ INFY: Failed
2026-08-10 15:35:17,366 - INFO - [5/10] Fetching TCS...
2026-08-10 15:35:17,366 - INFO - Initializing NSE session...
2026-08-10 15:35:17,678 - WARNING -   ❌ TCS: Failed
2026-08-10 15:35:19,679 - INFO - [6/10] Fetching SBIN...
2026-08-10 15:35:19,679 - INFO - Initializing NSE session...
2026-08-10 15:35:20,539 - WARNING -   ❌ SBIN: Failed
2026-08-10 15:35:22,540 - INFO - [7/10] Fetching AXISBANK...
2026-08-10 15:35:22,540 - INFO - Initializing NSE session...
2026-08-10 15:35:23,399 - WARNING -   ❌ AXISBANK: Failed
2026-08-10 15:35:25,399 - INFO - [8/10] Fetching KOTAKBANK...
2026-08-10 15:35:25,399 - INFO - Initializing NSE session...
2026-08-10 15:35:25,678 - WARNING -   ❌ KOTAKBANK: Failed
2026-08-10 15:35:27,679 - INFO - [9/10] Fetching BAJFINANCE...
2026-08-10 15:35:27,679 - INFO - Initializing NSE session...
2026-08-10 15:35:27,931 - WARNING -   ❌ BAJFINANCE: Failed
2026-08-10 15:35:29,931 - INFO - [10/10] Fetching TATAMOTORS...
2026-08-10 15:35:29,932 - INFO - Initializing NSE session...
2026-08-10 15:35:30,594 - WARNING -   ❌ TATAMOTORS: Failed
2026-08-10 15:35:32,594 - INFO - Collected: 0, Failed: 10
2026-08-10 15:35:32,595 - INFO - ============================================================
2026-08-10 15:35:32,595 - INFO - STEP 2: Collecting Gainers/Losers
2026-08-10 15:35:32,595 - INFO - ============================================================
2026-08-10 15:35:32,595 - INFO - Initializing NSE session...
2026-08-10 15:35:34,048 - INFO - Initializing NSE session...
2026-08-10 15:35:34,295 - INFO -   Gainers: 0
2026-08-10 15:35:34,296 - INFO -   Losers: 0
2026-08-10 15:35:34,296 - INFO - ============================================================
2026-08-10 15:35:34,296 - INFO - STEP 3: Detecting OI Spurts
2026-08-10 15:35:34,296 - INFO - ============================================================
2026-08-10 15:35:34,296 - INFO -   Total Spurts: 0
2026-08-10 15:35:34,296 - INFO -   Long Buildups: 0
2026-08-10 15:35:34,297 - INFO -   Short Buildups: 0
2026-08-10 15:35:34,297 - INFO -   Market Sentiment: NEUTRAL
2026-08-10 15:35:34,297 - INFO - ============================================================
2026-08-10 15:35:34,297 - INFO - STEP 4: Generating Predictions
2026-08-10 15:35:34,297 - INFO - ============================================================
2026-08-10 15:35:34,297 - INFO -   Total Predictions: 0
2026-08-10 15:35:34,297 - INFO -   Top Bullish: []
2026-08-10 15:35:34,297 - INFO -   Top Bearish: []
2026-08-10 15:35:34,297 - INFO - ============================================================
2026-08-10 15:35:34,298 - INFO - STEP 5: Generating Daily Report
2026-08-10 15:35:34,298 - INFO - ============================================================
2026-08-10 15:35:34,298 - INFO -   Report generated successfully
2026-08-10 15:35:34,298 - INFO - ============================================================
2026-08-10 15:35:34,298 - INFO - ✅ ALL STEPS COMPLETED SUCCESSFULLY
2026-08-10 15:35:34,299 - INFO - 📁 Data saved to: stock_intelligence/2026-08-10/
2026-08-10 15:35:34,299 - INFO - ============================================================

📊 Collection Summary:
  • Option chains: 0 stocks
  • Gainers: 0
  • Losers: 0
  • OI Spurts: 0
  • Predictions: 0

📁 Data saved to: stock_intelligence/2026-08-10/
[2026-08-10 15:35:34] ==============================================
[2026-08-10 15:35:34] ✅ COLLECTION COMPLETED
[2026-08-10 15:35:34] ==============================================
