[2026-05-01 15:25:01] ==============================================
[2026-05-01 15:25:01] 🚀 STOCK INTELLIGENCE COLLECTOR
[2026-05-01 15:25:01] ==============================================
2026-05-01 15:25:01,806 - INFO - ============================================================
2026-05-01 15:25:01,806 - INFO - 🚀 STOCK INTELLIGENCE COLLECTOR
2026-05-01 15:25:01,807 - INFO - 📅 Date: 2026-05-01
2026-05-01 15:25:01,807 - INFO - ============================================================
2026-05-01 15:25:01,807 - INFO - ============================================================
2026-05-01 15:25:01,807 - INFO - STEP 1: Collecting Option Chains
2026-05-01 15:25:01,807 - INFO - ============================================================
2026-05-01 15:25:01,807 - INFO - [1/10] Fetching RELIANCE...
2026-05-01 15:25:01,807 - INFO - Initializing NSE session...
2026-05-01 15:25:02,789 - WARNING -   ❌ RELIANCE: Failed
2026-05-01 15:25:04,790 - INFO - [2/10] Fetching HDFCBANK...
2026-05-01 15:25:04,790 - INFO - Initializing NSE session...
2026-05-01 15:25:05,037 - WARNING -   ❌ HDFCBANK: Failed
2026-05-01 15:25:07,037 - INFO - [3/10] Fetching ICICIBANK...
2026-05-01 15:25:07,038 - INFO - Initializing NSE session...
2026-05-01 15:25:07,700 - WARNING -   ❌ ICICIBANK: Failed
2026-05-01 15:25:09,701 - INFO - [4/10] Fetching INFY...
2026-05-01 15:25:09,701 - INFO - Initializing NSE session...
2026-05-01 15:25:10,438 - WARNING -   ❌ INFY: Failed
2026-05-01 15:25:12,439 - INFO - [5/10] Fetching TCS...
2026-05-01 15:25:12,439 - INFO - Initializing NSE session...
2026-05-01 15:25:12,931 - WARNING -   ❌ TCS: Failed
2026-05-01 15:25:14,932 - INFO - [6/10] Fetching SBIN...
2026-05-01 15:25:14,932 - INFO - Initializing NSE session...
2026-05-01 15:25:15,586 - WARNING -   ❌ SBIN: Failed
2026-05-01 15:25:17,586 - INFO - [7/10] Fetching AXISBANK...
2026-05-01 15:25:17,587 - INFO - Initializing NSE session...
2026-05-01 15:25:18,555 - WARNING -   ❌ AXISBANK: Failed
2026-05-01 15:25:20,556 - INFO - [8/10] Fetching KOTAKBANK...
2026-05-01 15:25:20,556 - INFO - Initializing NSE session...
2026-05-01 15:25:21,058 - WARNING -   ❌ KOTAKBANK: Failed
2026-05-01 15:25:23,059 - INFO - [9/10] Fetching BAJFINANCE...
2026-05-01 15:25:23,059 - INFO - Initializing NSE session...
2026-05-01 15:25:23,397 - WARNING -   ❌ BAJFINANCE: Failed
2026-05-01 15:25:25,397 - INFO - [10/10] Fetching TATAMOTORS...
2026-05-01 15:25:25,398 - INFO - Initializing NSE session...
2026-05-01 15:25:25,884 - WARNING -   ❌ TATAMOTORS: Failed
2026-05-01 15:25:27,884 - INFO - Collected: 0, Failed: 10
2026-05-01 15:25:27,885 - INFO - ============================================================
2026-05-01 15:25:27,885 - INFO - STEP 2: Collecting Gainers/Losers
2026-05-01 15:25:27,885 - INFO - ============================================================
2026-05-01 15:25:27,885 - INFO - Initializing NSE session...
2026-05-01 15:25:29,219 - INFO - Initializing NSE session...
2026-05-01 15:25:29,608 - INFO -   Gainers: 0
2026-05-01 15:25:29,608 - INFO -   Losers: 0
2026-05-01 15:25:29,608 - INFO - ============================================================
2026-05-01 15:25:29,608 - INFO - STEP 3: Detecting OI Spurts
2026-05-01 15:25:29,608 - INFO - ============================================================
2026-05-01 15:25:29,609 - INFO -   Total Spurts: 0
2026-05-01 15:25:29,610 - INFO -   Long Buildups: 0
2026-05-01 15:25:29,610 - INFO -   Short Buildups: 0
2026-05-01 15:25:29,610 - INFO -   Market Sentiment: NEUTRAL
2026-05-01 15:25:29,610 - INFO - ============================================================
2026-05-01 15:25:29,610 - INFO - STEP 4: Generating Predictions
2026-05-01 15:25:29,610 - INFO - ============================================================
2026-05-01 15:25:29,611 - INFO -   Total Predictions: 0
2026-05-01 15:25:29,611 - INFO -   Top Bullish: []
2026-05-01 15:25:29,611 - INFO -   Top Bearish: []
2026-05-01 15:25:29,612 - INFO - ============================================================
2026-05-01 15:25:29,612 - INFO - STEP 5: Generating Daily Report
2026-05-01 15:25:29,612 - INFO - ============================================================
2026-05-01 15:25:29,613 - INFO -   Report generated successfully
2026-05-01 15:25:29,613 - INFO - ============================================================
2026-05-01 15:25:29,613 - INFO - ✅ ALL STEPS COMPLETED SUCCESSFULLY
2026-05-01 15:25:29,613 - INFO - 📁 Data saved to: stock_intelligence/2026-05-01/
2026-05-01 15:25:29,613 - INFO - ============================================================

📊 Collection Summary:
  • Option chains: 0 stocks
  • Gainers: 0
  • Losers: 0
  • OI Spurts: 0
  • Predictions: 0

📁 Data saved to: stock_intelligence/2026-05-01/
[2026-05-01 15:25:29] ==============================================
[2026-05-01 15:25:29] ✅ COLLECTION COMPLETED
[2026-05-01 15:25:29] ==============================================
